Copyright 1986-2022 Xilinx, Inc. All Rights Reserved. Copyright 2022-2026 Advanced Micro Devices, Inc. All Rights Reserved.
---------------------------------------------------------------------------------------------------------------------------------------------
| Tool Version : Vivado v.2026.1 (lin64) Build 6511674 Tue Jun 16 11:01:26 MDT 2026
| Date         : Sun Sep 13 18:02:55 2026
| Host         : Nix-Los running 64-bit unknown
| Command      : report_timing_summary -max_paths 10 -file ./reports_fp64_d5_run03/timing_summary.rpt
| Design       : FPMul
| Device       : 7z020-clg400
| Speed File   : -1  PRODUCTION 1.12 2019-11-22
| Design State : Routed
---------------------------------------------------------------------------------------------------------------------------------------------

Timing Summary Report

------------------------------------------------------------------------------------------------
| Timer Settings
| --------------
------------------------------------------------------------------------------------------------

  Enable Multi Corner Analysis               :  Yes
  Enable Pessimism Removal                   :  Yes
  Pessimism Removal Resolution               :  Nearest Common Node
  Enable Input Delay Default Clock           :  No
  Enable Preset / Clear Arcs                 :  No
  Disable Flight Delays                      :  No
  Ignore I/O Paths                           :  No
  Timing Early Launch at Borrowing Latches   :  No
  Borrow Time for Max Delay Exceptions       :  Yes
  Merge Timing Exceptions                    :  Yes
  Inter-SLR Compensation                     :  Conservative

  Corner  Analyze    Analyze    
  Name    Max Paths  Min Paths  
  ------  ---------  ---------  
  Slow    Yes        Yes        
  Fast    Yes        Yes        


------------------------------------------------------------------------------------------------
| Report Methodology
| ------------------
------------------------------------------------------------------------------------------------

No report available as report_methodology has not been run prior. Run report_methodology on the current design for the summary of methodology violations.



check_timing report

Table of Contents
-----------------
1. checking no_clock (0)
2. checking constant_clock (0)
3. checking pulse_width_clock (0)
4. checking unconstrained_internal_endpoints (0)
5. checking no_input_delay (128)
6. checking no_output_delay (64)
7. checking multiple_clock (0)
8. checking generated_clocks (0)
9. checking loops (0)
10. checking partial_input_delay (0)
11. checking partial_output_delay (0)
12. checking latch_loops (0)

1. checking no_clock (0)
------------------------
 There are 0 register/latch pins with no clock.


2. checking constant_clock (0)
------------------------------
 There are 0 register/latch pins with constant_clock.


3. checking pulse_width_clock (0)
---------------------------------
 There are 0 register/latch pins which need pulse_width check


4. checking unconstrained_internal_endpoints (0)
------------------------------------------------
 There are 0 pins that are not constrained for maximum delay.

 There are 0 pins that are not constrained for maximum delay due to constant clock.


5. checking no_input_delay (128)
--------------------------------
 There are 128 input ports with no input delay specified. (HIGH)

 There are 0 input ports with no input delay but user has a false path constraint.


6. checking no_output_delay (64)
--------------------------------
 There are 64 ports with no output delay specified. (HIGH)

 There are 0 ports with no output delay but user has a false path constraint

 There are 0 ports with no output delay but with a timing clock defined on it or propagating through it


7. checking multiple_clock (0)
------------------------------
 There are 0 register/latch pins with multiple clocks.


8. checking generated_clocks (0)
--------------------------------
 There are 0 generated clocks that are not connected to a clock source.


9. checking loops (0)
---------------------
 There are 0 combinational loops in the design.


10. checking partial_input_delay (0)
------------------------------------
 There are 0 input ports with partial input delay specified.


11. checking partial_output_delay (0)
-------------------------------------
 There are 0 ports with partial output delay specified.


12. checking latch_loops (0)
----------------------------
 There are 0 combinational latch loops in the design through latch input



------------------------------------------------------------------------------------------------
| Design Timing Summary
| ---------------------
------------------------------------------------------------------------------------------------

    WNS(ns)      TNS(ns)  TNS Failing Endpoints  TNS Total Endpoints      WHS(ns)      THS(ns)  THS Failing Endpoints  THS Total Endpoints     WPWS(ns)     TPWS(ns)  TPWS Failing Endpoints  TPWS Total Endpoints  
    -------      -------  ---------------------  -------------------      -------      -------  ---------------------  -------------------     --------     --------  ----------------------  --------------------  
      0.085        0.000                      0                  775        0.086        0.000                      0                  775        1.520        0.000                       0                   512  


All user specified timing constraints are met.


------------------------------------------------------------------------------------------------
| Clock Summary
| -------------
------------------------------------------------------------------------------------------------

Clock    Waveform(ns)         Period(ns)      Frequency(MHz)
-----    ------------         ----------      --------------
sys_clk  {0.000 2.500}        5.000           200.000         


------------------------------------------------------------------------------------------------
| Intra Clock Table
| -----------------
------------------------------------------------------------------------------------------------

Clock             WNS(ns)      TNS(ns)  TNS Failing Endpoints  TNS Total Endpoints      WHS(ns)      THS(ns)  THS Failing Endpoints  THS Total Endpoints     WPWS(ns)     TPWS(ns)  TPWS Failing Endpoints  TPWS Total Endpoints  
-----             -------      -------  ---------------------  -------------------      -------      -------  ---------------------  -------------------     --------     --------  ----------------------  --------------------  
sys_clk             0.085        0.000                      0                  775        0.086        0.000                      0                  775        1.520        0.000                       0                   512  


------------------------------------------------------------------------------------------------
| Inter Clock Table
| -----------------
------------------------------------------------------------------------------------------------

From Clock    To Clock          WNS(ns)      TNS(ns)  TNS Failing Endpoints  TNS Total Endpoints      WHS(ns)      THS(ns)  THS Failing Endpoints  THS Total Endpoints  
----------    --------          -------      -------  ---------------------  -------------------      -------      -------  ---------------------  -------------------  


------------------------------------------------------------------------------------------------
| Other Path Groups Table
| -----------------------
------------------------------------------------------------------------------------------------

Path Group    From Clock    To Clock          WNS(ns)      TNS(ns)  TNS Failing Endpoints  TNS Total Endpoints      WHS(ns)      THS(ns)  THS Failing Endpoints  THS Total Endpoints  
----------    ----------    --------          -------      -------  ---------------------  -------------------      -------      -------  ---------------------  -------------------  


------------------------------------------------------------------------------------------------
| Timing Details
| --------------
------------------------------------------------------------------------------------------------


---------------------------------------------------------------------------------------------------
From Clock:  sys_clk
  To Clock:  sys_clk

Setup :            0  Failing Endpoints,  Worst Slack        0.085ns,  Total Violation        0.000ns
Hold  :            0  Failing Endpoints,  Worst Slack        0.086ns,  Total Violation        0.000ns
PW    :            0  Failing Endpoints,  Worst Slack        1.520ns,  Total Violation        0.000ns
---------------------------------------------------------------------------------------------------


Max Delay Paths
--------------------------------------------------------------------------------------
Slack (MET) :             0.085ns  (required time - arrival time)
  Source:                 sB_sig_reg[49]/C
                            (rising edge-triggered cell FDRE clocked by sys_clk  {rise@0.000ns fall@2.500ns period=5.000ns})
  Destination:            outReg_reg[48]/R
                            (rising edge-triggered cell FDRE clocked by sys_clk  {rise@0.000ns fall@2.500ns period=5.000ns})
  Path Group:             sys_clk
  Path Type:              Setup (Max at Slow Process Corner)
  Requirement:            5.000ns  (sys_clk rise@5.000ns - sys_clk rise@0.000ns)
  Data Path Delay:        4.402ns  (logic 1.090ns (24.759%)  route 3.312ns (75.241%))
  Logic Levels:           4  (LUT4=1 LUT5=2 LUT6=1)
  Clock Path Skew:        -0.049ns (DCD - SCD + CPR)
    Destination Clock Delay (DCD):    0.924ns = ( 5.924 - 5.000 ) 
    Source Clock Delay      (SCD):    0.973ns
    Clock Pessimism Removal (CPR):    0.000ns
  Clock Uncertainty:      0.035ns  ((TSJ^2 + TIJ^2)^1/2 + DJ) / 2 + PE
    Total System Jitter     (TSJ):    0.071ns
    Total Input Jitter      (TIJ):    0.000ns
    Discrete Jitter          (DJ):    0.000ns
    Phase Error              (PE):    0.000ns

    Location             Delay type                Incr(ns)  Path(ns)    Netlist Resource(s)
  -------------------------------------------------------------------    -------------------
                         (clock sys_clk rise edge)    0.000     0.000 r  <hidden>
                                                      0.000     0.000 r  clock
                         net (fo=511, unset)          0.973     0.973    clock
    SLICE_X29Y61         FDRE                                         r  sB_sig_reg[49]/C
  -------------------------------------------------------------------    -------------------
    SLICE_X29Y61         FDRE (Prop_fdre_C_Q)         0.419     1.392 r  sB_sig_reg[49]/Q
                         net (fo=2, routed)           0.587     1.979    sB_sig_reg_n_0_[49]
    SLICE_X31Y61         LUT4 (Prop_lut4_I1_O)        0.299     2.278 r  outReg[62]_i_17/O
                         net (fo=1, routed)           0.291     2.569    outReg[62]_i_17_n_0
    SLICE_X31Y61         LUT5 (Prop_lut5_I4_O)        0.124     2.693 f  outReg[62]_i_10/O
                         net (fo=1, routed)           1.024     3.717    outReg[62]_i_10_n_0
    SLICE_X32Y59         LUT6 (Prop_lut6_I3_O)        0.124     3.841 r  outReg[62]_i_4/O
                         net (fo=4, routed)           0.410     4.251    p_0_in3_out
    SLICE_X31Y59         LUT5 (Prop_lut5_I2_O)        0.124     4.375 r  outReg[50]_i_1/O
                         net (fo=51, routed)          1.001     5.375    outReg[50]_i_1_n_0
    SLICE_X33Y67         FDRE                                         r  outReg_reg[48]/R
  -------------------------------------------------------------------    -------------------

                         (clock sys_clk rise edge)    5.000     5.000 r  <hidden>
                                                      0.000     5.000 r  clock
                         net (fo=511, unset)          0.924     5.924    clock
    SLICE_X33Y67         FDRE                                         r  outReg_reg[48]/C
                         clock pessimism              0.000     5.924    <hidden>
                         clock uncertainty           -0.035     5.889    <hidden>
    SLICE_X33Y67         FDRE (Setup_fdre_C_R)       -0.429     5.460    outReg_reg[48]
  -------------------------------------------------------------------
                         required time                          5.460    <hidden>
                         arrival time                          -5.375    <hidden>
  -------------------------------------------------------------------
                         slack                                  0.085    <hidden>

Slack (MET) :             0.085ns  (required time - arrival time)
  Source:                 sB_sig_reg[49]/C
                            (rising edge-triggered cell FDRE clocked by sys_clk  {rise@0.000ns fall@2.500ns period=5.000ns})
  Destination:            outReg_reg[49]/R
                            (rising edge-triggered cell FDRE clocked by sys_clk  {rise@0.000ns fall@2.500ns period=5.000ns})
  Path Group:             sys_clk
  Path Type:              Setup (Max at Slow Process Corner)
  Requirement:            5.000ns  (sys_clk rise@5.000ns - sys_clk rise@0.000ns)
  Data Path Delay:        4.402ns  (logic 1.090ns (24.759%)  route 3.312ns (75.241%))
  Logic Levels:           4  (LUT4=1 LUT5=2 LUT6=1)
  Clock Path Skew:        -0.049ns (DCD - SCD + CPR)
    Destination Clock Delay (DCD):    0.924ns = ( 5.924 - 5.000 ) 
    Source Clock Delay      (SCD):    0.973ns
    Clock Pessimism Removal (CPR):    0.000ns
  Clock Uncertainty:      0.035ns  ((TSJ^2 + TIJ^2)^1/2 + DJ) / 2 + PE
    Total System Jitter     (TSJ):    0.071ns
    Total Input Jitter      (TIJ):    0.000ns
    Discrete Jitter          (DJ):    0.000ns
    Phase Error              (PE):    0.000ns

    Location             Delay type                Incr(ns)  Path(ns)    Netlist Resource(s)
  -------------------------------------------------------------------    -------------------
                         (clock sys_clk rise edge)    0.000     0.000 r  <hidden>
                                                      0.000     0.000 r  clock
                         net (fo=511, unset)          0.973     0.973    clock
    SLICE_X29Y61         FDRE                                         r  sB_sig_reg[49]/C
  -------------------------------------------------------------------    -------------------
    SLICE_X29Y61         FDRE (Prop_fdre_C_Q)         0.419     1.392 r  sB_sig_reg[49]/Q
                         net (fo=2, routed)           0.587     1.979    sB_sig_reg_n_0_[49]
    SLICE_X31Y61         LUT4 (Prop_lut4_I1_O)        0.299     2.278 r  outReg[62]_i_17/O
                         net (fo=1, routed)           0.291     2.569    outReg[62]_i_17_n_0
    SLICE_X31Y61         LUT5 (Prop_lut5_I4_O)        0.124     2.693 f  outReg[62]_i_10/O
                         net (fo=1, routed)           1.024     3.717    outReg[62]_i_10_n_0
    SLICE_X32Y59         LUT6 (Prop_lut6_I3_O)        0.124     3.841 r  outReg[62]_i_4/O
                         net (fo=4, routed)           0.410     4.251    p_0_in3_out
    SLICE_X31Y59         LUT5 (Prop_lut5_I2_O)        0.124     4.375 r  outReg[50]_i_1/O
                         net (fo=51, routed)          1.001     5.375    outReg[50]_i_1_n_0
    SLICE_X33Y67         FDRE                                         r  outReg_reg[49]/R
  -------------------------------------------------------------------    -------------------

                         (clock sys_clk rise edge)    5.000     5.000 r  <hidden>
                                                      0.000     5.000 r  clock
                         net (fo=511, unset)          0.924     5.924    clock
    SLICE_X33Y67         FDRE                                         r  outReg_reg[49]/C
                         clock pessimism              0.000     5.924    <hidden>
                         clock uncertainty           -0.035     5.889    <hidden>
    SLICE_X33Y67         FDRE (Setup_fdre_C_R)       -0.429     5.460    outReg_reg[49]
  -------------------------------------------------------------------
                         required time                          5.460    <hidden>
                         arrival time                          -5.375    <hidden>
  -------------------------------------------------------------------
                         slack                                  0.085    <hidden>

Slack (MET) :             0.085ns  (required time - arrival time)
  Source:                 sB_sig_reg[49]/C
                            (rising edge-triggered cell FDRE clocked by sys_clk  {rise@0.000ns fall@2.500ns period=5.000ns})
  Destination:            outReg_reg[50]/R
                            (rising edge-triggered cell FDRE clocked by sys_clk  {rise@0.000ns fall@2.500ns period=5.000ns})
  Path Group:             sys_clk
  Path Type:              Setup (Max at Slow Process Corner)
  Requirement:            5.000ns  (sys_clk rise@5.000ns - sys_clk rise@0.000ns)
  Data Path Delay:        4.402ns  (logic 1.090ns (24.759%)  route 3.312ns (75.241%))
  Logic Levels:           4  (LUT4=1 LUT5=2 LUT6=1)
  Clock Path Skew:        -0.049ns (DCD - SCD + CPR)
    Destination Clock Delay (DCD):    0.924ns = ( 5.924 - 5.000 ) 
    Source Clock Delay      (SCD):    0.973ns
    Clock Pessimism Removal (CPR):    0.000ns
  Clock Uncertainty:      0.035ns  ((TSJ^2 + TIJ^2)^1/2 + DJ) / 2 + PE
    Total System Jitter     (TSJ):    0.071ns
    Total Input Jitter      (TIJ):    0.000ns
    Discrete Jitter          (DJ):    0.000ns
    Phase Error              (PE):    0.000ns

    Location             Delay type                Incr(ns)  Path(ns)    Netlist Resource(s)
  -------------------------------------------------------------------    -------------------
                         (clock sys_clk rise edge)    0.000     0.000 r  <hidden>
                                                      0.000     0.000 r  clock
                         net (fo=511, unset)          0.973     0.973    clock
    SLICE_X29Y61         FDRE                                         r  sB_sig_reg[49]/C
  -------------------------------------------------------------------    -------------------
    SLICE_X29Y61         FDRE (Prop_fdre_C_Q)         0.419     1.392 r  sB_sig_reg[49]/Q
                         net (fo=2, routed)           0.587     1.979    sB_sig_reg_n_0_[49]
    SLICE_X31Y61         LUT4 (Prop_lut4_I1_O)        0.299     2.278 r  outReg[62]_i_17/O
                         net (fo=1, routed)           0.291     2.569    outReg[62]_i_17_n_0
    SLICE_X31Y61         LUT5 (Prop_lut5_I4_O)        0.124     2.693 f  outReg[62]_i_10/O
                         net (fo=1, routed)           1.024     3.717    outReg[62]_i_10_n_0
    SLICE_X32Y59         LUT6 (Prop_lut6_I3_O)        0.124     3.841 r  outReg[62]_i_4/O
                         net (fo=4, routed)           0.410     4.251    p_0_in3_out
    SLICE_X31Y59         LUT5 (Prop_lut5_I2_O)        0.124     4.375 r  outReg[50]_i_1/O
                         net (fo=51, routed)          1.001     5.375    outReg[50]_i_1_n_0
    SLICE_X33Y67         FDRE                                         r  outReg_reg[50]/R
  -------------------------------------------------------------------    -------------------

                         (clock sys_clk rise edge)    5.000     5.000 r  <hidden>
                                                      0.000     5.000 r  clock
                         net (fo=511, unset)          0.924     5.924    clock
    SLICE_X33Y67         FDRE                                         r  outReg_reg[50]/C
                         clock pessimism              0.000     5.924    <hidden>
                         clock uncertainty           -0.035     5.889    <hidden>
    SLICE_X33Y67         FDRE (Setup_fdre_C_R)       -0.429     5.460    outReg_reg[50]
  -------------------------------------------------------------------
                         required time                          5.460    <hidden>
                         arrival time                          -5.375    <hidden>
  -------------------------------------------------------------------
                         slack                                  0.085    <hidden>

Slack (MET) :             0.089ns  (required time - arrival time)
  Source:                 sB_sig_reg[49]/C
                            (rising edge-triggered cell FDRE clocked by sys_clk  {rise@0.000ns fall@2.500ns period=5.000ns})
  Destination:            outReg_reg[59]/D
                            (rising edge-triggered cell FDSE clocked by sys_clk  {rise@0.000ns fall@2.500ns period=5.000ns})
  Path Group:             sys_clk
  Path Type:              Setup (Max at Slow Process Corner)
  Requirement:            5.000ns  (sys_clk rise@5.000ns - sys_clk rise@0.000ns)
  Data Path Delay:        4.908ns  (logic 2.225ns (45.337%)  route 2.683ns (54.663%))
  Logic Levels:           7  (CARRY4=2 LUT2=2 LUT4=1 LUT5=1 LUT6=1)
  Clock Path Skew:        -0.049ns (DCD - SCD + CPR)
    Destination Clock Delay (DCD):    0.924ns = ( 5.924 - 5.000 ) 
    Source Clock Delay      (SCD):    0.973ns
    Clock Pessimism Removal (CPR):    0.000ns
  Clock Uncertainty:      0.035ns  ((TSJ^2 + TIJ^2)^1/2 + DJ) / 2 + PE
    Total System Jitter     (TSJ):    0.071ns
    Total Input Jitter      (TIJ):    0.000ns
    Discrete Jitter          (DJ):    0.000ns
    Phase Error              (PE):    0.000ns

    Location             Delay type                Incr(ns)  Path(ns)    Netlist Resource(s)
  -------------------------------------------------------------------    -------------------
                         (clock sys_clk rise edge)    0.000     0.000 r  <hidden>
                                                      0.000     0.000 r  clock
                         net (fo=511, unset)          0.973     0.973    clock
    SLICE_X29Y61         FDRE                                         r  sB_sig_reg[49]/C
  -------------------------------------------------------------------    -------------------
    SLICE_X29Y61         FDRE (Prop_fdre_C_Q)         0.419     1.392 r  sB_sig_reg[49]/Q
                         net (fo=2, routed)           0.587     1.979    sB_sig_reg_n_0_[49]
    SLICE_X31Y61         LUT4 (Prop_lut4_I1_O)        0.299     2.278 r  outReg[62]_i_17/O
                         net (fo=1, routed)           0.291     2.569    outReg[62]_i_17_n_0
    SLICE_X31Y61         LUT5 (Prop_lut5_I4_O)        0.124     2.693 f  outReg[62]_i_10/O
                         net (fo=1, routed)           1.024     3.717    outReg[62]_i_10_n_0
    SLICE_X32Y59         LUT6 (Prop_lut6_I3_O)        0.124     3.841 r  outReg[62]_i_4/O
                         net (fo=4, routed)           0.330     4.171    p_0_in3_out
    SLICE_X32Y60         LUT2 (Prop_lut2_I1_O)        0.124     4.295 r  outReg[55]_i_6/O
                         net (fo=1, routed)           0.000     4.295    outReg[55]_i_6_n_0
    SLICE_X32Y60         CARRY4 (Prop_carry4_S[0]_CO[3])
                                                      0.513     4.808 r  outReg_reg[55]_i_2/CO[3]
                         net (fo=1, routed)           0.000     4.808    outReg_reg[55]_i_2_n_0
    SLICE_X32Y61         CARRY4 (Prop_carry4_CI_O[3])
                                                      0.315     5.123 r  outReg_reg[59]_i_2/O[3]
                         net (fo=1, routed)           0.451     5.574    outReg_reg[59]_i_2_n_4
    SLICE_X32Y58         LUT2 (Prop_lut2_I0_O)        0.307     5.881 r  outReg[59]_i_1/O
                         net (fo=1, routed)           0.000     5.881    outReg[59]_i_1_n_0
    SLICE_X32Y58         FDSE                                         r  outReg_reg[59]/D
  -------------------------------------------------------------------    -------------------

                         (clock sys_clk rise edge)    5.000     5.000 r  <hidden>
                                                      0.000     5.000 r  clock
                         net (fo=511, unset)          0.924     5.924    clock
    SLICE_X32Y58         FDSE                                         r  outReg_reg[59]/C
                         clock pessimism              0.000     5.924    <hidden>
                         clock uncertainty           -0.035     5.889    <hidden>
    SLICE_X32Y58         FDSE (Setup_fdse_C_D)        0.081     5.970    outReg_reg[59]
  -------------------------------------------------------------------
                         required time                          5.970    <hidden>
                         arrival time                          -5.881    <hidden>
  -------------------------------------------------------------------
                         slack                                  0.089    <hidden>

Slack (MET) :             0.104ns  (required time - arrival time)
  Source:                 sB_sig_reg[49]/C
                            (rising edge-triggered cell FDRE clocked by sys_clk  {rise@0.000ns fall@2.500ns period=5.000ns})
  Destination:            outReg_reg[61]/D
                            (rising edge-triggered cell FDSE clocked by sys_clk  {rise@0.000ns fall@2.500ns period=5.000ns})
  Path Group:             sys_clk
  Path Type:              Setup (Max at Slow Process Corner)
  Requirement:            5.000ns  (sys_clk rise@5.000ns - sys_clk rise@0.000ns)
  Data Path Delay:        4.891ns  (logic 2.349ns (48.028%)  route 2.542ns (51.972%))
  Logic Levels:           8  (CARRY4=3 LUT2=2 LUT4=1 LUT5=1 LUT6=1)
  Clock Path Skew:        -0.049ns (DCD - SCD + CPR)
    Destination Clock Delay (DCD):    0.924ns = ( 5.924 - 5.000 ) 
    Source Clock Delay      (SCD):    0.973ns
    Clock Pessimism Removal (CPR):    0.000ns
  Clock Uncertainty:      0.035ns  ((TSJ^2 + TIJ^2)^1/2 + DJ) / 2 + PE
    Total System Jitter     (TSJ):    0.071ns
    Total Input Jitter      (TIJ):    0.000ns
    Discrete Jitter          (DJ):    0.000ns
    Phase Error              (PE):    0.000ns

    Location             Delay type                Incr(ns)  Path(ns)    Netlist Resource(s)
  -------------------------------------------------------------------    -------------------
                         (clock sys_clk rise edge)    0.000     0.000 r  <hidden>
                                                      0.000     0.000 r  clock
                         net (fo=511, unset)          0.973     0.973    clock
    SLICE_X29Y61         FDRE                                         r  sB_sig_reg[49]/C
  -------------------------------------------------------------------    -------------------
    SLICE_X29Y61         FDRE (Prop_fdre_C_Q)         0.419     1.392 r  sB_sig_reg[49]/Q
                         net (fo=2, routed)           0.587     1.979    sB_sig_reg_n_0_[49]
    SLICE_X31Y61         LUT4 (Prop_lut4_I1_O)        0.299     2.278 r  outReg[62]_i_17/O
                         net (fo=1, routed)           0.291     2.569    outReg[62]_i_17_n_0
    SLICE_X31Y61         LUT5 (Prop_lut5_I4_O)        0.124     2.693 f  outReg[62]_i_10/O
                         net (fo=1, routed)           1.024     3.717    outReg[62]_i_10_n_0
    SLICE_X32Y59         LUT6 (Prop_lut6_I3_O)        0.124     3.841 r  outReg[62]_i_4/O
                         net (fo=4, routed)           0.330     4.171    p_0_in3_out
    SLICE_X32Y60         LUT2 (Prop_lut2_I1_O)        0.124     4.295 r  outReg[55]_i_6/O
                         net (fo=1, routed)           0.000     4.295    outReg[55]_i_6_n_0
    SLICE_X32Y60         CARRY4 (Prop_carry4_S[0]_CO[3])
                                                      0.513     4.808 r  outReg_reg[55]_i_2/CO[3]
                         net (fo=1, routed)           0.000     4.808    outReg_reg[55]_i_2_n_0
    SLICE_X32Y61         CARRY4 (Prop_carry4_CI_CO[3])
                                                      0.117     4.925 r  outReg_reg[59]_i_2/CO[3]
                         net (fo=1, routed)           0.000     4.925    outReg_reg[59]_i_2_n_0
    SLICE_X32Y62         CARRY4 (Prop_carry4_CI_O[1])
                                                      0.323     5.248 r  outReg_reg[62]_i_5/O[1]
                         net (fo=1, routed)           0.310     5.558    outReg_reg[62]_i_5_n_6
    SLICE_X34Y62         LUT2 (Prop_lut2_I0_O)        0.306     5.864 r  outReg[61]_i_1/O
                         net (fo=1, routed)           0.000     5.864    outReg[61]_i_1_n_0
    SLICE_X34Y62         FDSE                                         r  outReg_reg[61]/D
  -------------------------------------------------------------------    -------------------

                         (clock sys_clk rise edge)    5.000     5.000 r  <hidden>
                                                      0.000     5.000 r  clock
                         net (fo=511, unset)          0.924     5.924    clock
    SLICE_X34Y62         FDSE                                         r  outReg_reg[61]/C
                         clock pessimism              0.000     5.924    <hidden>
                         clock uncertainty           -0.035     5.889    <hidden>
    SLICE_X34Y62         FDSE (Setup_fdse_C_D)        0.079     5.968    outReg_reg[61]
  -------------------------------------------------------------------
                         required time                          5.968    <hidden>
                         arrival time                          -5.864    <hidden>
  -------------------------------------------------------------------
                         slack                                  0.104    <hidden>

Slack (MET) :             0.144ns  (required time - arrival time)
  Source:                 sB_sig_reg[49]/C
                            (rising edge-triggered cell FDRE clocked by sys_clk  {rise@0.000ns fall@2.500ns period=5.000ns})
  Destination:            outReg_reg[53]/D
                            (rising edge-triggered cell FDSE clocked by sys_clk  {rise@0.000ns fall@2.500ns period=5.000ns})
  Path Group:             sys_clk
  Path Type:              Setup (Max at Slow Process Corner)
  Requirement:            5.000ns  (sys_clk rise@5.000ns - sys_clk rise@0.000ns)
  Data Path Delay:        4.890ns  (logic 1.847ns (37.771%)  route 3.043ns (62.229%))
  Logic Levels:           6  (CARRY4=1 LUT2=2 LUT4=1 LUT5=1 LUT6=1)
  Clock Path Skew:        -0.049ns (DCD - SCD + CPR)
    Destination Clock Delay (DCD):    0.924ns = ( 5.924 - 5.000 ) 
    Source Clock Delay      (SCD):    0.973ns
    Clock Pessimism Removal (CPR):    0.000ns
  Clock Uncertainty:      0.035ns  ((TSJ^2 + TIJ^2)^1/2 + DJ) / 2 + PE
    Total System Jitter     (TSJ):    0.071ns
    Total Input Jitter      (TIJ):    0.000ns
    Discrete Jitter          (DJ):    0.000ns
    Phase Error              (PE):    0.000ns

    Location             Delay type                Incr(ns)  Path(ns)    Netlist Resource(s)
  -------------------------------------------------------------------    -------------------
                         (clock sys_clk rise edge)    0.000     0.000 r  <hidden>
                                                      0.000     0.000 r  clock
                         net (fo=511, unset)          0.973     0.973    clock
    SLICE_X29Y61         FDRE                                         r  sB_sig_reg[49]/C
  -------------------------------------------------------------------    -------------------
    SLICE_X29Y61         FDRE (Prop_fdre_C_Q)         0.419     1.392 r  sB_sig_reg[49]/Q
                         net (fo=2, routed)           0.587     1.979    sB_sig_reg_n_0_[49]
    SLICE_X31Y61         LUT4 (Prop_lut4_I1_O)        0.299     2.278 r  outReg[62]_i_17/O
                         net (fo=1, routed)           0.291     2.569    outReg[62]_i_17_n_0
    SLICE_X31Y61         LUT5 (Prop_lut5_I4_O)        0.124     2.693 f  outReg[62]_i_10/O
                         net (fo=1, routed)           1.024     3.717    outReg[62]_i_10_n_0
    SLICE_X32Y59         LUT6 (Prop_lut6_I3_O)        0.124     3.841 r  outReg[62]_i_4/O
                         net (fo=4, routed)           0.330     4.171    p_0_in3_out
    SLICE_X32Y60         LUT2 (Prop_lut2_I1_O)        0.124     4.295 r  outReg[55]_i_6/O
                         net (fo=1, routed)           0.000     4.295    outReg[55]_i_6_n_0
    SLICE_X32Y60         CARRY4 (Prop_carry4_S[0]_O[1])
                                                      0.427     4.722 r  outReg_reg[55]_i_2/O[1]
                         net (fo=1, routed)           0.811     5.533    outReg_reg[55]_i_2_n_6
    SLICE_X32Y58         LUT2 (Prop_lut2_I0_O)        0.330     5.863 r  outReg[53]_i_1/O
                         net (fo=1, routed)           0.000     5.863    outReg[53]_i_1_n_0
    SLICE_X32Y58         FDSE                                         r  outReg_reg[53]/D
  -------------------------------------------------------------------    -------------------

                         (clock sys_clk rise edge)    5.000     5.000 r  <hidden>
                                                      0.000     5.000 r  clock
                         net (fo=511, unset)          0.924     5.924    clock
    SLICE_X32Y58         FDSE                                         r  outReg_reg[53]/C
                         clock pessimism              0.000     5.924    <hidden>
                         clock uncertainty           -0.035     5.889    <hidden>
    SLICE_X32Y58         FDSE (Setup_fdse_C_D)        0.118     6.007    outReg_reg[53]
  -------------------------------------------------------------------
                         required time                          6.007    <hidden>
                         arrival time                          -5.863    <hidden>
  -------------------------------------------------------------------
                         slack                                  0.144    <hidden>

Slack (MET) :             0.145ns  (required time - arrival time)
  Source:                 sB_sig_reg[49]/C
                            (rising edge-triggered cell FDRE clocked by sys_clk  {rise@0.000ns fall@2.500ns period=5.000ns})
  Destination:            outReg_reg[28]/R
                            (rising edge-triggered cell FDRE clocked by sys_clk  {rise@0.000ns fall@2.500ns period=5.000ns})
  Path Group:             sys_clk
  Path Type:              Setup (Max at Slow Process Corner)
  Requirement:            5.000ns  (sys_clk rise@5.000ns - sys_clk rise@0.000ns)
  Data Path Delay:        4.342ns  (logic 1.090ns (25.102%)  route 3.252ns (74.898%))
  Logic Levels:           4  (LUT4=1 LUT5=2 LUT6=1)
  Clock Path Skew:        -0.049ns (DCD - SCD + CPR)
    Destination Clock Delay (DCD):    0.924ns = ( 5.924 - 5.000 ) 
    Source Clock Delay      (SCD):    0.973ns
    Clock Pessimism Removal (CPR):    0.000ns
  Clock Uncertainty:      0.035ns  ((TSJ^2 + TIJ^2)^1/2 + DJ) / 2 + PE
    Total System Jitter     (TSJ):    0.071ns
    Total Input Jitter      (TIJ):    0.000ns
    Discrete Jitter          (DJ):    0.000ns
    Phase Error              (PE):    0.000ns

    Location             Delay type                Incr(ns)  Path(ns)    Netlist Resource(s)
  -------------------------------------------------------------------    -------------------
                         (clock sys_clk rise edge)    0.000     0.000 r  <hidden>
                                                      0.000     0.000 r  clock
                         net (fo=511, unset)          0.973     0.973    clock
    SLICE_X29Y61         FDRE                                         r  sB_sig_reg[49]/C
  -------------------------------------------------------------------    -------------------
    SLICE_X29Y61         FDRE (Prop_fdre_C_Q)         0.419     1.392 r  sB_sig_reg[49]/Q
                         net (fo=2, routed)           0.587     1.979    sB_sig_reg_n_0_[49]
    SLICE_X31Y61         LUT4 (Prop_lut4_I1_O)        0.299     2.278 r  outReg[62]_i_17/O
                         net (fo=1, routed)           0.291     2.569    outReg[62]_i_17_n_0
    SLICE_X31Y61         LUT5 (Prop_lut5_I4_O)        0.124     2.693 f  outReg[62]_i_10/O
                         net (fo=1, routed)           1.024     3.717    outReg[62]_i_10_n_0
    SLICE_X32Y59         LUT6 (Prop_lut6_I3_O)        0.124     3.841 r  outReg[62]_i_4/O
                         net (fo=4, routed)           0.410     4.251    p_0_in3_out
    SLICE_X31Y59         LUT5 (Prop_lut5_I2_O)        0.124     4.375 r  outReg[50]_i_1/O
                         net (fo=51, routed)          0.940     5.315    outReg[50]_i_1_n_0
    SLICE_X33Y62         FDRE                                         r  outReg_reg[28]/R
  -------------------------------------------------------------------    -------------------

                         (clock sys_clk rise edge)    5.000     5.000 r  <hidden>
                                                      0.000     5.000 r  clock
                         net (fo=511, unset)          0.924     5.924    clock
    SLICE_X33Y62         FDRE                                         r  outReg_reg[28]/C
                         clock pessimism              0.000     5.924    <hidden>
                         clock uncertainty           -0.035     5.889    <hidden>
    SLICE_X33Y62         FDRE (Setup_fdre_C_R)       -0.429     5.460    outReg_reg[28]
  -------------------------------------------------------------------
                         required time                          5.460    <hidden>
                         arrival time                          -5.315    <hidden>
  -------------------------------------------------------------------
                         slack                                  0.145    <hidden>

Slack (MET) :             0.145ns  (required time - arrival time)
  Source:                 sB_sig_reg[49]/C
                            (rising edge-triggered cell FDRE clocked by sys_clk  {rise@0.000ns fall@2.500ns period=5.000ns})
  Destination:            outReg_reg[29]/R
                            (rising edge-triggered cell FDRE clocked by sys_clk  {rise@0.000ns fall@2.500ns period=5.000ns})
  Path Group:             sys_clk
  Path Type:              Setup (Max at Slow Process Corner)
  Requirement:            5.000ns  (sys_clk rise@5.000ns - sys_clk rise@0.000ns)
  Data Path Delay:        4.342ns  (logic 1.090ns (25.102%)  route 3.252ns (74.898%))
  Logic Levels:           4  (LUT4=1 LUT5=2 LUT6=1)
  Clock Path Skew:        -0.049ns (DCD - SCD + CPR)
    Destination Clock Delay (DCD):    0.924ns = ( 5.924 - 5.000 ) 
    Source Clock Delay      (SCD):    0.973ns
    Clock Pessimism Removal (CPR):    0.000ns
  Clock Uncertainty:      0.035ns  ((TSJ^2 + TIJ^2)^1/2 + DJ) / 2 + PE
    Total System Jitter     (TSJ):    0.071ns
    Total Input Jitter      (TIJ):    0.000ns
    Discrete Jitter          (DJ):    0.000ns
    Phase Error              (PE):    0.000ns

    Location             Delay type                Incr(ns)  Path(ns)    Netlist Resource(s)
  -------------------------------------------------------------------    -------------------
                         (clock sys_clk rise edge)    0.000     0.000 r  <hidden>
                                                      0.000     0.000 r  clock
                         net (fo=511, unset)          0.973     0.973    clock
    SLICE_X29Y61         FDRE                                         r  sB_sig_reg[49]/C
  -------------------------------------------------------------------    -------------------
    SLICE_X29Y61         FDRE (Prop_fdre_C_Q)         0.419     1.392 r  sB_sig_reg[49]/Q
                         net (fo=2, routed)           0.587     1.979    sB_sig_reg_n_0_[49]
    SLICE_X31Y61         LUT4 (Prop_lut4_I1_O)        0.299     2.278 r  outReg[62]_i_17/O
                         net (fo=1, routed)           0.291     2.569    outReg[62]_i_17_n_0
    SLICE_X31Y61         LUT5 (Prop_lut5_I4_O)        0.124     2.693 f  outReg[62]_i_10/O
                         net (fo=1, routed)           1.024     3.717    outReg[62]_i_10_n_0
    SLICE_X32Y59         LUT6 (Prop_lut6_I3_O)        0.124     3.841 r  outReg[62]_i_4/O
                         net (fo=4, routed)           0.410     4.251    p_0_in3_out
    SLICE_X31Y59         LUT5 (Prop_lut5_I2_O)        0.124     4.375 r  outReg[50]_i_1/O
                         net (fo=51, routed)          0.940     5.315    outReg[50]_i_1_n_0
    SLICE_X33Y62         FDRE                                         r  outReg_reg[29]/R
  -------------------------------------------------------------------    -------------------

                         (clock sys_clk rise edge)    5.000     5.000 r  <hidden>
                                                      0.000     5.000 r  clock
                         net (fo=511, unset)          0.924     5.924    clock
    SLICE_X33Y62         FDRE                                         r  outReg_reg[29]/C
                         clock pessimism              0.000     5.924    <hidden>
                         clock uncertainty           -0.035     5.889    <hidden>
    SLICE_X33Y62         FDRE (Setup_fdre_C_R)       -0.429     5.460    outReg_reg[29]
  -------------------------------------------------------------------
                         required time                          5.460    <hidden>
                         arrival time                          -5.315    <hidden>
  -------------------------------------------------------------------
                         slack                                  0.145    <hidden>

Slack (MET) :             0.145ns  (required time - arrival time)
  Source:                 sB_sig_reg[49]/C
                            (rising edge-triggered cell FDRE clocked by sys_clk  {rise@0.000ns fall@2.500ns period=5.000ns})
  Destination:            outReg_reg[30]/R
                            (rising edge-triggered cell FDRE clocked by sys_clk  {rise@0.000ns fall@2.500ns period=5.000ns})
  Path Group:             sys_clk
  Path Type:              Setup (Max at Slow Process Corner)
  Requirement:            5.000ns  (sys_clk rise@5.000ns - sys_clk rise@0.000ns)
  Data Path Delay:        4.342ns  (logic 1.090ns (25.102%)  route 3.252ns (74.898%))
  Logic Levels:           4  (LUT4=1 LUT5=2 LUT6=1)
  Clock Path Skew:        -0.049ns (DCD - SCD + CPR)
    Destination Clock Delay (DCD):    0.924ns = ( 5.924 - 5.000 ) 
    Source Clock Delay      (SCD):    0.973ns
    Clock Pessimism Removal (CPR):    0.000ns
  Clock Uncertainty:      0.035ns  ((TSJ^2 + TIJ^2)^1/2 + DJ) / 2 + PE
    Total System Jitter     (TSJ):    0.071ns
    Total Input Jitter      (TIJ):    0.000ns
    Discrete Jitter          (DJ):    0.000ns
    Phase Error              (PE):    0.000ns

    Location             Delay type                Incr(ns)  Path(ns)    Netlist Resource(s)
  -------------------------------------------------------------------    -------------------
                         (clock sys_clk rise edge)    0.000     0.000 r  <hidden>
                                                      0.000     0.000 r  clock
                         net (fo=511, unset)          0.973     0.973    clock
    SLICE_X29Y61         FDRE                                         r  sB_sig_reg[49]/C
  -------------------------------------------------------------------    -------------------
    SLICE_X29Y61         FDRE (Prop_fdre_C_Q)         0.419     1.392 r  sB_sig_reg[49]/Q
                         net (fo=2, routed)           0.587     1.979    sB_sig_reg_n_0_[49]
    SLICE_X31Y61         LUT4 (Prop_lut4_I1_O)        0.299     2.278 r  outReg[62]_i_17/O
                         net (fo=1, routed)           0.291     2.569    outReg[62]_i_17_n_0
    SLICE_X31Y61         LUT5 (Prop_lut5_I4_O)        0.124     2.693 f  outReg[62]_i_10/O
                         net (fo=1, routed)           1.024     3.717    outReg[62]_i_10_n_0
    SLICE_X32Y59         LUT6 (Prop_lut6_I3_O)        0.124     3.841 r  outReg[62]_i_4/O
                         net (fo=4, routed)           0.410     4.251    p_0_in3_out
    SLICE_X31Y59         LUT5 (Prop_lut5_I2_O)        0.124     4.375 r  outReg[50]_i_1/O
                         net (fo=51, routed)          0.940     5.315    outReg[50]_i_1_n_0
    SLICE_X33Y62         FDRE                                         r  outReg_reg[30]/R
  -------------------------------------------------------------------    -------------------

                         (clock sys_clk rise edge)    5.000     5.000 r  <hidden>
                                                      0.000     5.000 r  clock
                         net (fo=511, unset)          0.924     5.924    clock
    SLICE_X33Y62         FDRE                                         r  outReg_reg[30]/C
                         clock pessimism              0.000     5.924    <hidden>
                         clock uncertainty           -0.035     5.889    <hidden>
    SLICE_X33Y62         FDRE (Setup_fdre_C_R)       -0.429     5.460    outReg_reg[30]
  -------------------------------------------------------------------
                         required time                          5.460    <hidden>
                         arrival time                          -5.315    <hidden>
  -------------------------------------------------------------------
                         slack                                  0.145    <hidden>

Slack (MET) :             0.145ns  (required time - arrival time)
  Source:                 sB_sig_reg[49]/C
                            (rising edge-triggered cell FDRE clocked by sys_clk  {rise@0.000ns fall@2.500ns period=5.000ns})
  Destination:            outReg_reg[31]/R
                            (rising edge-triggered cell FDRE clocked by sys_clk  {rise@0.000ns fall@2.500ns period=5.000ns})
  Path Group:             sys_clk
  Path Type:              Setup (Max at Slow Process Corner)
  Requirement:            5.000ns  (sys_clk rise@5.000ns - sys_clk rise@0.000ns)
  Data Path Delay:        4.342ns  (logic 1.090ns (25.102%)  route 3.252ns (74.898%))
  Logic Levels:           4  (LUT4=1 LUT5=2 LUT6=1)
  Clock Path Skew:        -0.049ns (DCD - SCD + CPR)
    Destination Clock Delay (DCD):    0.924ns = ( 5.924 - 5.000 ) 
    Source Clock Delay      (SCD):    0.973ns
    Clock Pessimism Removal (CPR):    0.000ns
  Clock Uncertainty:      0.035ns  ((TSJ^2 + TIJ^2)^1/2 + DJ) / 2 + PE
    Total System Jitter     (TSJ):    0.071ns
    Total Input Jitter      (TIJ):    0.000ns
    Discrete Jitter          (DJ):    0.000ns
    Phase Error              (PE):    0.000ns

    Location             Delay type                Incr(ns)  Path(ns)    Netlist Resource(s)
  -------------------------------------------------------------------    -------------------
                         (clock sys_clk rise edge)    0.000     0.000 r  <hidden>
                                                      0.000     0.000 r  clock
                         net (fo=511, unset)          0.973     0.973    clock
    SLICE_X29Y61         FDRE                                         r  sB_sig_reg[49]/C
  -------------------------------------------------------------------    -------------------
    SLICE_X29Y61         FDRE (Prop_fdre_C_Q)         0.419     1.392 r  sB_sig_reg[49]/Q
                         net (fo=2, routed)           0.587     1.979    sB_sig_reg_n_0_[49]
    SLICE_X31Y61         LUT4 (Prop_lut4_I1_O)        0.299     2.278 r  outReg[62]_i_17/O
                         net (fo=1, routed)           0.291     2.569    outReg[62]_i_17_n_0
    SLICE_X31Y61         LUT5 (Prop_lut5_I4_O)        0.124     2.693 f  outReg[62]_i_10/O
                         net (fo=1, routed)           1.024     3.717    outReg[62]_i_10_n_0
    SLICE_X32Y59         LUT6 (Prop_lut6_I3_O)        0.124     3.841 r  outReg[62]_i_4/O
                         net (fo=4, routed)           0.410     4.251    p_0_in3_out
    SLICE_X31Y59         LUT5 (Prop_lut5_I2_O)        0.124     4.375 r  outReg[50]_i_1/O
                         net (fo=51, routed)          0.940     5.315    outReg[50]_i_1_n_0
    SLICE_X33Y62         FDRE                                         r  outReg_reg[31]/R
  -------------------------------------------------------------------    -------------------

                         (clock sys_clk rise edge)    5.000     5.000 r  <hidden>
                                                      0.000     5.000 r  clock
                         net (fo=511, unset)          0.924     5.924    clock
    SLICE_X33Y62         FDRE                                         r  outReg_reg[31]/C
                         clock pessimism              0.000     5.924    <hidden>
                         clock uncertainty           -0.035     5.889    <hidden>
    SLICE_X33Y62         FDRE (Setup_fdre_C_R)       -0.429     5.460    outReg_reg[31]
  -------------------------------------------------------------------
                         required time                          5.460    <hidden>
                         arrival time                          -5.315    <hidden>
  -------------------------------------------------------------------
                         slack                                  0.145    <hidden>





Min Delay Paths
--------------------------------------------------------------------------------------
Slack (MET) :             0.086ns  (arrival time - required time)
  Source:                 sA_tempSig_r_reg/CLK
                            (rising edge-triggered cell DSP48E1 clocked by sys_clk  {rise@0.000ns fall@2.500ns period=5.000ns})
  Destination:            sA_tempSig_r_4_reg[16]_srl4/D
                            (rising edge-triggered cell SRL16E clocked by sys_clk  {rise@0.000ns fall@2.500ns period=5.000ns})
  Path Group:             sys_clk
  Path Type:              Hold (Min at Fast Process Corner)
  Requirement:            0.000ns  (sys_clk rise@0.000ns - sys_clk rise@0.000ns)
  Data Path Delay:        0.290ns  (logic 0.126ns (43.387%)  route 0.164ns (56.613%))
  Logic Levels:           0  
  Clock Path Skew:        0.022ns (DCD - SCD - CPR)
    Destination Clock Delay (DCD):    0.432ns
    Source Clock Delay      (SCD):    0.410ns
    Clock Pessimism Removal (CPR):    -0.000ns

    Location             Delay type                Incr(ns)  Path(ns)    Netlist Resource(s)
  -------------------------------------------------------------------    -------------------
                         (clock sys_clk rise edge)    0.000     0.000 r  <hidden>
                                                      0.000     0.000 r  clock
                         net (fo=511, unset)          0.410     0.410    clock
    DSP48_X2Y17          DSP48E1                                      r  sA_tempSig_r_reg/CLK
  -------------------------------------------------------------------    -------------------
    DSP48_X2Y17          DSP48E1 (Prop_dsp48e1_CLK_P[16])
                                                      0.126     0.536 r  sA_tempSig_r_reg/P[16]
                         net (fo=1, routed)           0.164     0.701    sA_tempSig_r_reg_n_89
    SLICE_X34Y43         SRL16E                                       r  sA_tempSig_r_4_reg[16]_srl4/D
  -------------------------------------------------------------------    -------------------

                         (clock sys_clk rise edge)    0.000     0.000 r  <hidden>
                                                      0.000     0.000 r  clock
                         net (fo=511, unset)          0.432     0.432    clock
    SLICE_X34Y43         SRL16E                                       r  sA_tempSig_r_4_reg[16]_srl4/CLK
                         clock pessimism              0.000     0.432    <hidden>
    SLICE_X34Y43         SRL16E (Hold_srl16e_CLK_D)
                                                      0.183     0.615    sA_tempSig_r_4_reg[16]_srl4
  -------------------------------------------------------------------
                         required time                         -0.615    <hidden>
                         arrival time                           0.701    <hidden>
  -------------------------------------------------------------------
                         slack                                  0.086    <hidden>

Slack (MET) :             0.086ns  (arrival time - required time)
  Source:                 sA_tempSig_r_reg/CLK
                            (rising edge-triggered cell DSP48E1 clocked by sys_clk  {rise@0.000ns fall@2.500ns period=5.000ns})
  Destination:            sA_tempSig_r_4_reg[3]_srl4/D
                            (rising edge-triggered cell SRL16E clocked by sys_clk  {rise@0.000ns fall@2.500ns period=5.000ns})
  Path Group:             sys_clk
  Path Type:              Hold (Min at Fast Process Corner)
  Requirement:            0.000ns  (sys_clk rise@0.000ns - sys_clk rise@0.000ns)
  Data Path Delay:        0.290ns  (logic 0.126ns (43.387%)  route 0.164ns (56.613%))
  Logic Levels:           0  
  Clock Path Skew:        0.022ns (DCD - SCD - CPR)
    Destination Clock Delay (DCD):    0.432ns
    Source Clock Delay      (SCD):    0.410ns
    Clock Pessimism Removal (CPR):    -0.000ns

    Location             Delay type                Incr(ns)  Path(ns)    Netlist Resource(s)
  -------------------------------------------------------------------    -------------------
                         (clock sys_clk rise edge)    0.000     0.000 r  <hidden>
                                                      0.000     0.000 r  clock
                         net (fo=511, unset)          0.410     0.410    clock
    DSP48_X2Y17          DSP48E1                                      r  sA_tempSig_r_reg/CLK
  -------------------------------------------------------------------    -------------------
    DSP48_X2Y17          DSP48E1 (Prop_dsp48e1_CLK_P[3])
                                                      0.126     0.536 r  sA_tempSig_r_reg/P[3]
                         net (fo=1, routed)           0.164     0.701    sA_tempSig_r_reg_n_102
    SLICE_X34Y40         SRL16E                                       r  sA_tempSig_r_4_reg[3]_srl4/D
  -------------------------------------------------------------------    -------------------

                         (clock sys_clk rise edge)    0.000     0.000 r  <hidden>
                                                      0.000     0.000 r  clock
                         net (fo=511, unset)          0.432     0.432    clock
    SLICE_X34Y40         SRL16E                                       r  sA_tempSig_r_4_reg[3]_srl4/CLK
                         clock pessimism              0.000     0.432    <hidden>
    SLICE_X34Y40         SRL16E (Hold_srl16e_CLK_D)
                                                      0.183     0.615    sA_tempSig_r_4_reg[3]_srl4
  -------------------------------------------------------------------
                         required time                         -0.615    <hidden>
                         arrival time                           0.701    <hidden>
  -------------------------------------------------------------------
                         slack                                  0.086    <hidden>

Slack (MET) :             0.086ns  (arrival time - required time)
  Source:                 sA_tempSig_r_reg/CLK
                            (rising edge-triggered cell DSP48E1 clocked by sys_clk  {rise@0.000ns fall@2.500ns period=5.000ns})
  Destination:            sA_tempSig_r_4_reg[8]_srl4/D
                            (rising edge-triggered cell SRL16E clocked by sys_clk  {rise@0.000ns fall@2.500ns period=5.000ns})
  Path Group:             sys_clk
  Path Type:              Hold (Min at Fast Process Corner)
  Requirement:            0.000ns  (sys_clk rise@0.000ns - sys_clk rise@0.000ns)
  Data Path Delay:        0.290ns  (logic 0.126ns (43.387%)  route 0.164ns (56.613%))
  Logic Levels:           0  
  Clock Path Skew:        0.022ns (DCD - SCD - CPR)
    Destination Clock Delay (DCD):    0.432ns
    Source Clock Delay      (SCD):    0.410ns
    Clock Pessimism Removal (CPR):    -0.000ns

    Location             Delay type                Incr(ns)  Path(ns)    Netlist Resource(s)
  -------------------------------------------------------------------    -------------------
                         (clock sys_clk rise edge)    0.000     0.000 r  <hidden>
                                                      0.000     0.000 r  clock
                         net (fo=511, unset)          0.410     0.410    clock
    DSP48_X2Y17          DSP48E1                                      r  sA_tempSig_r_reg/CLK
  -------------------------------------------------------------------    -------------------
    DSP48_X2Y17          DSP48E1 (Prop_dsp48e1_CLK_P[8])
                                                      0.126     0.536 r  sA_tempSig_r_reg/P[8]
                         net (fo=1, routed)           0.164     0.701    sA_tempSig_r_reg_n_97
    SLICE_X34Y41         SRL16E                                       r  sA_tempSig_r_4_reg[8]_srl4/D
  -------------------------------------------------------------------    -------------------

                         (clock sys_clk rise edge)    0.000     0.000 r  <hidden>
                                                      0.000     0.000 r  clock
                         net (fo=511, unset)          0.432     0.432    clock
    SLICE_X34Y41         SRL16E                                       r  sA_tempSig_r_4_reg[8]_srl4/CLK
                         clock pessimism              0.000     0.432    <hidden>
    SLICE_X34Y41         SRL16E (Hold_srl16e_CLK_D)
                                                      0.183     0.615    sA_tempSig_r_4_reg[8]_srl4
  -------------------------------------------------------------------
                         required time                         -0.615    <hidden>
                         arrival time                           0.701    <hidden>
  -------------------------------------------------------------------
                         slack                                  0.086    <hidden>

Slack (MET) :             0.097ns  (arrival time - required time)
  Source:                 sA_tempSig_r_2_reg[5]__1/C
                            (rising edge-triggered cell FDRE clocked by sys_clk  {rise@0.000ns fall@2.500ns period=5.000ns})
  Destination:            sA_tempSig_r_3_reg[5]__1/D
                            (rising edge-triggered cell FDRE clocked by sys_clk  {rise@0.000ns fall@2.500ns period=5.000ns})
  Path Group:             sys_clk
  Path Type:              Hold (Min at Fast Process Corner)
  Requirement:            0.000ns  (sys_clk rise@0.000ns - sys_clk rise@0.000ns)
  Data Path Delay:        0.197ns  (logic 0.141ns (71.611%)  route 0.056ns (28.389%))
  Logic Levels:           0  
  Clock Path Skew:        0.022ns (DCD - SCD - CPR)
    Destination Clock Delay (DCD):    0.432ns
    Source Clock Delay      (SCD):    0.410ns
    Clock Pessimism Removal (CPR):    -0.000ns

    Location             Delay type                Incr(ns)  Path(ns)    Netlist Resource(s)
  -------------------------------------------------------------------    -------------------
                         (clock sys_clk rise edge)    0.000     0.000 r  <hidden>
                                                      0.000     0.000 r  clock
                         net (fo=511, unset)          0.410     0.410    clock
    SLICE_X27Y60         FDRE                                         r  sA_tempSig_r_2_reg[5]__1/C
  -------------------------------------------------------------------    -------------------
    SLICE_X27Y60         FDRE (Prop_fdre_C_Q)         0.141     0.551 r  sA_tempSig_r_2_reg[5]__1/Q
                         net (fo=1, routed)           0.056     0.607    sA_tempSig_r_2_reg__0[5]
    SLICE_X27Y60         FDRE                                         r  sA_tempSig_r_3_reg[5]__1/D
  -------------------------------------------------------------------    -------------------

                         (clock sys_clk rise edge)    0.000     0.000 r  <hidden>
                                                      0.000     0.000 r  clock
                         net (fo=511, unset)          0.432     0.432    clock
    SLICE_X27Y60         FDRE                                         r  sA_tempSig_r_3_reg[5]__1/C
                         clock pessimism              0.000     0.432    <hidden>
    SLICE_X27Y60         FDRE (Hold_fdre_C_D)         0.078     0.510    sA_tempSig_r_3_reg[5]__1
  -------------------------------------------------------------------
                         required time                         -0.510    <hidden>
                         arrival time                           0.607    <hidden>
  -------------------------------------------------------------------
                         slack                                  0.097    <hidden>

Slack (MET) :             0.100ns  (arrival time - required time)
  Source:                 sA_tempSig_r_2_reg[0]__1/C
                            (rising edge-triggered cell FDRE clocked by sys_clk  {rise@0.000ns fall@2.500ns period=5.000ns})
  Destination:            sA_tempSig_r_3_reg[0]__1/D
                            (rising edge-triggered cell FDRE clocked by sys_clk  {rise@0.000ns fall@2.500ns period=5.000ns})
  Path Group:             sys_clk
  Path Type:              Hold (Min at Fast Process Corner)
  Requirement:            0.000ns  (sys_clk rise@0.000ns - sys_clk rise@0.000ns)
  Data Path Delay:        0.197ns  (logic 0.141ns (71.611%)  route 0.056ns (28.389%))
  Logic Levels:           0  
  Clock Path Skew:        0.022ns (DCD - SCD - CPR)
    Destination Clock Delay (DCD):    0.432ns
    Source Clock Delay      (SCD):    0.410ns
    Clock Pessimism Removal (CPR):    -0.000ns

    Location             Delay type                Incr(ns)  Path(ns)    Netlist Resource(s)
  -------------------------------------------------------------------    -------------------
                         (clock sys_clk rise edge)    0.000     0.000 r  <hidden>
                                                      0.000     0.000 r  clock
                         net (fo=511, unset)          0.410     0.410    clock
    SLICE_X27Y60         FDRE                                         r  sA_tempSig_r_2_reg[0]__1/C
  -------------------------------------------------------------------    -------------------
    SLICE_X27Y60         FDRE (Prop_fdre_C_Q)         0.141     0.551 r  sA_tempSig_r_2_reg[0]__1/Q
                         net (fo=1, routed)           0.056     0.607    sA_tempSig_r_2_reg__0[0]
    SLICE_X27Y60         FDRE                                         r  sA_tempSig_r_3_reg[0]__1/D
  -------------------------------------------------------------------    -------------------

                         (clock sys_clk rise edge)    0.000     0.000 r  <hidden>
                                                      0.000     0.000 r  clock
                         net (fo=511, unset)          0.432     0.432    clock
    SLICE_X27Y60         FDRE                                         r  sA_tempSig_r_3_reg[0]__1/C
                         clock pessimism              0.000     0.432    <hidden>
    SLICE_X27Y60         FDRE (Hold_fdre_C_D)         0.075     0.507    sA_tempSig_r_3_reg[0]__1
  -------------------------------------------------------------------
                         required time                         -0.507    <hidden>
                         arrival time                           0.607    <hidden>
  -------------------------------------------------------------------
                         slack                                  0.100    <hidden>

Slack (MET) :             0.100ns  (arrival time - required time)
  Source:                 sA_tempSig_r_4_reg[15]__1/C
                            (rising edge-triggered cell FDRE clocked by sys_clk  {rise@0.000ns fall@2.500ns period=5.000ns})
  Destination:            sA_tempSig_reg[15]__1/D
                            (rising edge-triggered cell FDRE clocked by sys_clk  {rise@0.000ns fall@2.500ns period=5.000ns})
  Path Group:             sys_clk
  Path Type:              Hold (Min at Fast Process Corner)
  Requirement:            0.000ns  (sys_clk rise@0.000ns - sys_clk rise@0.000ns)
  Data Path Delay:        0.197ns  (logic 0.141ns (71.611%)  route 0.056ns (28.389%))
  Logic Levels:           0  
  Clock Path Skew:        0.022ns (DCD - SCD - CPR)
    Destination Clock Delay (DCD):    0.432ns
    Source Clock Delay      (SCD):    0.410ns
    Clock Pessimism Removal (CPR):    -0.000ns

    Location             Delay type                Incr(ns)  Path(ns)    Netlist Resource(s)
  -------------------------------------------------------------------    -------------------
                         (clock sys_clk rise edge)    0.000     0.000 r  <hidden>
                                                      0.000     0.000 r  clock
                         net (fo=511, unset)          0.410     0.410    clock
    SLICE_X35Y54         FDRE                                         r  sA_tempSig_r_4_reg[15]__1/C
  -------------------------------------------------------------------    -------------------
    SLICE_X35Y54         FDRE (Prop_fdre_C_Q)         0.141     0.551 r  sA_tempSig_r_4_reg[15]__1/Q
                         net (fo=1, routed)           0.056     0.607    sA_tempSig_r_4_reg[15]__1_n_0
    SLICE_X35Y54         FDRE                                         r  sA_tempSig_reg[15]__1/D
  -------------------------------------------------------------------    -------------------

                         (clock sys_clk rise edge)    0.000     0.000 r  <hidden>
                                                      0.000     0.000 r  clock
                         net (fo=511, unset)          0.432     0.432    clock
    SLICE_X35Y54         FDRE                                         r  sA_tempSig_reg[15]__1/C
                         clock pessimism              0.000     0.432    <hidden>
    SLICE_X35Y54         FDRE (Hold_fdre_C_D)         0.075     0.507    sA_tempSig_reg[15]__1
  -------------------------------------------------------------------
                         required time                         -0.507    <hidden>
                         arrival time                           0.607    <hidden>
  -------------------------------------------------------------------
                         slack                                  0.100    <hidden>

Slack (MET) :             0.104ns  (arrival time - required time)
  Source:                 sA_tempSig_r_2_reg[2]__1/C
                            (rising edge-triggered cell FDRE clocked by sys_clk  {rise@0.000ns fall@2.500ns period=5.000ns})
  Destination:            sA_tempSig_r_3_reg[2]__1/D
                            (rising edge-triggered cell FDRE clocked by sys_clk  {rise@0.000ns fall@2.500ns period=5.000ns})
  Path Group:             sys_clk
  Path Type:              Hold (Min at Fast Process Corner)
  Requirement:            0.000ns  (sys_clk rise@0.000ns - sys_clk rise@0.000ns)
  Data Path Delay:        0.197ns  (logic 0.141ns (71.611%)  route 0.056ns (28.389%))
  Logic Levels:           0  
  Clock Path Skew:        0.022ns (DCD - SCD - CPR)
    Destination Clock Delay (DCD):    0.432ns
    Source Clock Delay      (SCD):    0.410ns
    Clock Pessimism Removal (CPR):    -0.000ns

    Location             Delay type                Incr(ns)  Path(ns)    Netlist Resource(s)
  -------------------------------------------------------------------    -------------------
                         (clock sys_clk rise edge)    0.000     0.000 r  <hidden>
                                                      0.000     0.000 r  clock
                         net (fo=511, unset)          0.410     0.410    clock
    SLICE_X27Y60         FDRE                                         r  sA_tempSig_r_2_reg[2]__1/C
  -------------------------------------------------------------------    -------------------
    SLICE_X27Y60         FDRE (Prop_fdre_C_Q)         0.141     0.551 r  sA_tempSig_r_2_reg[2]__1/Q
                         net (fo=1, routed)           0.056     0.607    sA_tempSig_r_2_reg__0[2]
    SLICE_X27Y60         FDRE                                         r  sA_tempSig_r_3_reg[2]__1/D
  -------------------------------------------------------------------    -------------------

                         (clock sys_clk rise edge)    0.000     0.000 r  <hidden>
                                                      0.000     0.000 r  clock
                         net (fo=511, unset)          0.432     0.432    clock
    SLICE_X27Y60         FDRE                                         r  sA_tempSig_r_3_reg[2]__1/C
                         clock pessimism              0.000     0.432    <hidden>
    SLICE_X27Y60         FDRE (Hold_fdre_C_D)         0.071     0.503    sA_tempSig_r_3_reg[2]__1
  -------------------------------------------------------------------
                         required time                         -0.503    <hidden>
                         arrival time                           0.607    <hidden>
  -------------------------------------------------------------------
                         slack                                  0.104    <hidden>

Slack (MET) :             0.104ns  (arrival time - required time)
  Source:                 sA_tempSig_r_4_reg[16]__1/C
                            (rising edge-triggered cell FDRE clocked by sys_clk  {rise@0.000ns fall@2.500ns period=5.000ns})
  Destination:            sA_tempSig_reg[16]__1/D
                            (rising edge-triggered cell FDRE clocked by sys_clk  {rise@0.000ns fall@2.500ns period=5.000ns})
  Path Group:             sys_clk
  Path Type:              Hold (Min at Fast Process Corner)
  Requirement:            0.000ns  (sys_clk rise@0.000ns - sys_clk rise@0.000ns)
  Data Path Delay:        0.197ns  (logic 0.141ns (71.611%)  route 0.056ns (28.389%))
  Logic Levels:           0  
  Clock Path Skew:        0.022ns (DCD - SCD - CPR)
    Destination Clock Delay (DCD):    0.432ns
    Source Clock Delay      (SCD):    0.410ns
    Clock Pessimism Removal (CPR):    -0.000ns

    Location             Delay type                Incr(ns)  Path(ns)    Netlist Resource(s)
  -------------------------------------------------------------------    -------------------
                         (clock sys_clk rise edge)    0.000     0.000 r  <hidden>
                                                      0.000     0.000 r  clock
                         net (fo=511, unset)          0.410     0.410    clock
    SLICE_X35Y54         FDRE                                         r  sA_tempSig_r_4_reg[16]__1/C
  -------------------------------------------------------------------    -------------------
    SLICE_X35Y54         FDRE (Prop_fdre_C_Q)         0.141     0.551 r  sA_tempSig_r_4_reg[16]__1/Q
                         net (fo=1, routed)           0.056     0.607    sA_tempSig_r_4_reg[16]__1_n_0
    SLICE_X35Y54         FDRE                                         r  sA_tempSig_reg[16]__1/D
  -------------------------------------------------------------------    -------------------

                         (clock sys_clk rise edge)    0.000     0.000 r  <hidden>
                                                      0.000     0.000 r  clock
                         net (fo=511, unset)          0.432     0.432    clock
    SLICE_X35Y54         FDRE                                         r  sA_tempSig_reg[16]__1/C
                         clock pessimism              0.000     0.432    <hidden>
    SLICE_X35Y54         FDRE (Hold_fdre_C_D)         0.071     0.503    sA_tempSig_reg[16]__1
  -------------------------------------------------------------------
                         required time                         -0.503    <hidden>
                         arrival time                           0.607    <hidden>
  -------------------------------------------------------------------
                         slack                                  0.104    <hidden>

Slack (MET) :             0.113ns  (arrival time - required time)
  Source:                 sA_tempSig_r_reg[8]__1/C
                            (rising edge-triggered cell FDRE clocked by sys_clk  {rise@0.000ns fall@2.500ns period=5.000ns})
  Destination:            sA_tempSig_r_1_reg[8]__1/D
                            (rising edge-triggered cell FDRE clocked by sys_clk  {rise@0.000ns fall@2.500ns period=5.000ns})
  Path Group:             sys_clk
  Path Type:              Hold (Min at Fast Process Corner)
  Requirement:            0.000ns  (sys_clk rise@0.000ns - sys_clk rise@0.000ns)
  Data Path Delay:        0.209ns  (logic 0.141ns (67.387%)  route 0.068ns (32.613%))
  Logic Levels:           0  
  Clock Path Skew:        0.022ns (DCD - SCD - CPR)
    Destination Clock Delay (DCD):    0.432ns
    Source Clock Delay      (SCD):    0.410ns
    Clock Pessimism Removal (CPR):    -0.000ns

    Location             Delay type                Incr(ns)  Path(ns)    Netlist Resource(s)
  -------------------------------------------------------------------    -------------------
                         (clock sys_clk rise edge)    0.000     0.000 r  <hidden>
                                                      0.000     0.000 r  clock
                         net (fo=511, unset)          0.410     0.410    clock
    SLICE_X37Y62         FDRE                                         r  sA_tempSig_r_reg[8]__1/C
  -------------------------------------------------------------------    -------------------
    SLICE_X37Y62         FDRE (Prop_fdre_C_Q)         0.141     0.551 r  sA_tempSig_r_reg[8]__1/Q
                         net (fo=2, routed)           0.068     0.619    sA_tempSig_r_reg[8]__1_n_0
    SLICE_X36Y62         FDRE                                         r  sA_tempSig_r_1_reg[8]__1/D
  -------------------------------------------------------------------    -------------------

                         (clock sys_clk rise edge)    0.000     0.000 r  <hidden>
                                                      0.000     0.000 r  clock
                         net (fo=511, unset)          0.432     0.432    clock
    SLICE_X36Y62         FDRE                                         r  sA_tempSig_r_1_reg[8]__1/C
                         clock pessimism              0.000     0.432    <hidden>
    SLICE_X36Y62         FDRE (Hold_fdre_C_D)         0.075     0.507    sA_tempSig_r_1_reg[8]__1
  -------------------------------------------------------------------
                         required time                         -0.507    <hidden>
                         arrival time                           0.619    <hidden>
  -------------------------------------------------------------------
                         slack                                  0.113    <hidden>

Slack (MET) :             0.137ns  (arrival time - required time)
  Source:                 sA_tempExp_r_reg[12]/C
                            (rising edge-triggered cell FDRE clocked by sys_clk  {rise@0.000ns fall@2.500ns period=5.000ns})
  Destination:            sA_tempExp_r_4_reg[12]_srl4/D
                            (rising edge-triggered cell SRL16E clocked by sys_clk  {rise@0.000ns fall@2.500ns period=5.000ns})
  Path Group:             sys_clk
  Path Type:              Hold (Min at Fast Process Corner)
  Requirement:            0.000ns  (sys_clk rise@0.000ns - sys_clk rise@0.000ns)
  Data Path Delay:        0.276ns  (logic 0.164ns (59.419%)  route 0.112ns (40.581%))
  Logic Levels:           0  
  Clock Path Skew:        0.022ns (DCD - SCD - CPR)
    Destination Clock Delay (DCD):    0.432ns
    Source Clock Delay      (SCD):    0.410ns
    Clock Pessimism Removal (CPR):    -0.000ns

    Location             Delay type                Incr(ns)  Path(ns)    Netlist Resource(s)
  -------------------------------------------------------------------    -------------------
                         (clock sys_clk rise edge)    0.000     0.000 r  <hidden>
                                                      0.000     0.000 r  clock
                         net (fo=511, unset)          0.410     0.410    clock
    SLICE_X30Y67         FDRE                                         r  sA_tempExp_r_reg[12]/C
  -------------------------------------------------------------------    -------------------
    SLICE_X30Y67         FDRE (Prop_fdre_C_Q)         0.164     0.574 r  sA_tempExp_r_reg[12]/Q
                         net (fo=1, routed)           0.112     0.686    sA_tempExp_r_reg_n_0_[12]
    SLICE_X30Y68         SRL16E                                       r  sA_tempExp_r_4_reg[12]_srl4/D
  -------------------------------------------------------------------    -------------------

                         (clock sys_clk rise edge)    0.000     0.000 r  <hidden>
                                                      0.000     0.000 r  clock
                         net (fo=511, unset)          0.432     0.432    clock
    SLICE_X30Y68         SRL16E                                       r  sA_tempExp_r_4_reg[12]_srl4/CLK
                         clock pessimism              0.000     0.432    <hidden>
    SLICE_X30Y68         SRL16E (Hold_srl16e_CLK_D)
                                                      0.117     0.549    sA_tempExp_r_4_reg[12]_srl4
  -------------------------------------------------------------------
                         required time                         -0.549    <hidden>
                         arrival time                           0.686    <hidden>
  -------------------------------------------------------------------
                         slack                                  0.137    <hidden>





Pulse Width Checks
--------------------------------------------------------------------------------------
Clock Name:         sys_clk
Waveform(ns):       { 0.000 2.500 }
Period(ns):         5.000
Sources:            { clock }

Check Type        Corner  Lib Pin      Reference Pin  Required(ns)  Actual(ns)  Slack(ns)  Location      Pin
Min Period        n/a     DSP48E1/CLK  n/a            2.154         5.000       2.846      DSP48_X2Y19   sA_tempSig_r0/CLK
Min Period        n/a     DSP48E1/CLK  n/a            2.154         5.000       2.846      DSP48_X2Y21   sA_tempSig_r0__0/CLK
Min Period        n/a     DSP48E1/CLK  n/a            2.154         5.000       2.846      DSP48_X2Y23   sA_tempSig_r0__1/CLK
Min Period        n/a     DSP48E1/CLK  n/a            2.154         5.000       2.846      DSP48_X2Y25   sA_tempSig_r0__2/CLK
Min Period        n/a     DSP48E1/CLK  n/a            2.154         5.000       2.846      DSP48_X2Y18   sA_tempSig_r_1_reg/CLK
Min Period        n/a     DSP48E1/CLK  n/a            2.154         5.000       2.846      DSP48_X2Y20   sA_tempSig_r_2_reg/CLK
Min Period        n/a     DSP48E1/CLK  n/a            2.154         5.000       2.846      DSP48_X2Y22   sA_tempSig_r_3_reg/CLK
Min Period        n/a     DSP48E1/CLK  n/a            2.154         5.000       2.846      DSP48_X2Y24   sA_tempSig_r_4_reg/CLK
Min Period        n/a     DSP48E1/CLK  n/a            2.154         5.000       2.846      DSP48_X2Y17   sA_tempSig_r_reg/CLK
Min Period        n/a     FDRE/C       n/a            1.000         5.000       4.000      SLICE_X33Y55  outReg_reg[0]/C
Low Pulse Width   Slow    SRL16E/CLK   n/a            0.980         2.500       1.520      SLICE_X38Y58  sA_infInput_r_4_reg_srl5/CLK
Low Pulse Width   Fast    SRL16E/CLK   n/a            0.980         2.500       1.520      SLICE_X38Y58  sA_infInput_r_4_reg_srl5/CLK
Low Pulse Width   Slow    SRL16E/CLK   n/a            0.980         2.500       1.520      SLICE_X38Y58  sA_isNaN_r_4_reg_srl5/CLK
Low Pulse Width   Fast    SRL16E/CLK   n/a            0.980         2.500       1.520      SLICE_X38Y58  sA_isNaN_r_4_reg_srl5/CLK
Low Pulse Width   Slow    SRL16E/CLK   n/a            0.980         2.500       1.520      SLICE_X38Y58  sA_sign_reg_srl6/CLK
Low Pulse Width   Fast    SRL16E/CLK   n/a            0.980         2.500       1.520      SLICE_X38Y58  sA_sign_reg_srl6/CLK
Low Pulse Width   Slow    SRL16E/CLK   n/a            0.980         2.500       1.520      SLICE_X30Y63  sA_tempExp_r_4_reg[0]_srl4/CLK
Low Pulse Width   Fast    SRL16E/CLK   n/a            0.980         2.500       1.520      SLICE_X30Y63  sA_tempExp_r_4_reg[0]_srl4/CLK
Low Pulse Width   Slow    SRL16E/CLK   n/a            0.980         2.500       1.520      SLICE_X30Y68  sA_tempExp_r_4_reg[10]_srl4/CLK
Low Pulse Width   Fast    SRL16E/CLK   n/a            0.980         2.500       1.520      SLICE_X30Y68  sA_tempExp_r_4_reg[10]_srl4/CLK
High Pulse Width  Slow    SRL16E/CLK   n/a            0.980         2.500       1.520      SLICE_X38Y58  sA_infInput_r_4_reg_srl5/CLK
High Pulse Width  Fast    SRL16E/CLK   n/a            0.980         2.500       1.520      SLICE_X38Y58  sA_infInput_r_4_reg_srl5/CLK
High Pulse Width  Slow    SRL16E/CLK   n/a            0.980         2.500       1.520      SLICE_X38Y58  sA_isNaN_r_4_reg_srl5/CLK
High Pulse Width  Fast    SRL16E/CLK   n/a            0.980         2.500       1.520      SLICE_X38Y58  sA_isNaN_r_4_reg_srl5/CLK
High Pulse Width  Slow    SRL16E/CLK   n/a            0.980         2.500       1.520      SLICE_X38Y58  sA_sign_reg_srl6/CLK
High Pulse Width  Fast    SRL16E/CLK   n/a            0.980         2.500       1.520      SLICE_X38Y58  sA_sign_reg_srl6/CLK
High Pulse Width  Slow    SRL16E/CLK   n/a            0.980         2.500       1.520      SLICE_X30Y63  sA_tempExp_r_4_reg[0]_srl4/CLK
High Pulse Width  Fast    SRL16E/CLK   n/a            0.980         2.500       1.520      SLICE_X30Y63  sA_tempExp_r_4_reg[0]_srl4/CLK
High Pulse Width  Slow    SRL16E/CLK   n/a            0.980         2.500       1.520      SLICE_X30Y68  sA_tempExp_r_4_reg[10]_srl4/CLK
High Pulse Width  Fast    SRL16E/CLK   n/a            0.980         2.500       1.520      SLICE_X30Y68  sA_tempExp_r_4_reg[10]_srl4/CLK



