Copyright 1986-2022 Xilinx, Inc. All Rights Reserved. Copyright 2022-2026 Advanced Micro Devices, Inc. All Rights Reserved.
---------------------------------------------------------------------------------------------------------------------------------------------
| Tool Version : Vivado v.2026.1 (lin64) Build 6511674 Tue Jun 16 11:01:26 MDT 2026
| Date         : Sun Sep 13 17:31:42 2026
| Host         : Nix-Los running 64-bit unknown
| Command      : report_timing_summary -max_paths 10 -file ./reports_fp32_d5_run03/timing_summary.rpt
| Design       : FPMul
| Device       : 7z020-clg400
| Speed File   : -1  PRODUCTION 1.12 2019-11-22
| Design State : Routed
---------------------------------------------------------------------------------------------------------------------------------------------

Timing Summary Report

------------------------------------------------------------------------------------------------
| Timer Settings
| --------------
------------------------------------------------------------------------------------------------

  Enable Multi Corner Analysis               :  Yes
  Enable Pessimism Removal                   :  Yes
  Pessimism Removal Resolution               :  Nearest Common Node
  Enable Input Delay Default Clock           :  No
  Enable Preset / Clear Arcs                 :  No
  Disable Flight Delays                      :  No
  Ignore I/O Paths                           :  No
  Timing Early Launch at Borrowing Latches   :  No
  Borrow Time for Max Delay Exceptions       :  Yes
  Merge Timing Exceptions                    :  Yes
  Inter-SLR Compensation                     :  Conservative

  Corner  Analyze    Analyze    
  Name    Max Paths  Min Paths  
  ------  ---------  ---------  
  Slow    Yes        Yes        
  Fast    Yes        Yes        


------------------------------------------------------------------------------------------------
| Report Methodology
| ------------------
------------------------------------------------------------------------------------------------

No report available as report_methodology has not been run prior. Run report_methodology on the current design for the summary of methodology violations.



check_timing report

Table of Contents
-----------------
1. checking no_clock (0)
2. checking constant_clock (0)
3. checking pulse_width_clock (0)
4. checking unconstrained_internal_endpoints (0)
5. checking no_input_delay (64)
6. checking no_output_delay (32)
7. checking multiple_clock (0)
8. checking generated_clocks (0)
9. checking loops (0)
10. checking partial_input_delay (0)
11. checking partial_output_delay (0)
12. checking latch_loops (0)

1. checking no_clock (0)
------------------------
 There are 0 register/latch pins with no clock.


2. checking constant_clock (0)
------------------------------
 There are 0 register/latch pins with constant_clock.


3. checking pulse_width_clock (0)
---------------------------------
 There are 0 register/latch pins which need pulse_width check


4. checking unconstrained_internal_endpoints (0)
------------------------------------------------
 There are 0 pins that are not constrained for maximum delay.

 There are 0 pins that are not constrained for maximum delay due to constant clock.


5. checking no_input_delay (64)
-------------------------------
 There are 64 input ports with no input delay specified. (HIGH)

 There are 0 input ports with no input delay but user has a false path constraint.


6. checking no_output_delay (32)
--------------------------------
 There are 32 ports with no output delay specified. (HIGH)

 There are 0 ports with no output delay but user has a false path constraint

 There are 0 ports with no output delay but with a timing clock defined on it or propagating through it


7. checking multiple_clock (0)
------------------------------
 There are 0 register/latch pins with multiple clocks.


8. checking generated_clocks (0)
--------------------------------
 There are 0 generated clocks that are not connected to a clock source.


9. checking loops (0)
---------------------
 There are 0 combinational loops in the design.


10. checking partial_input_delay (0)
------------------------------------
 There are 0 input ports with partial input delay specified.


11. checking partial_output_delay (0)
-------------------------------------
 There are 0 ports with partial output delay specified.


12. checking latch_loops (0)
----------------------------
 There are 0 combinational latch loops in the design through latch input



------------------------------------------------------------------------------------------------
| Design Timing Summary
| ---------------------
------------------------------------------------------------------------------------------------

    WNS(ns)      TNS(ns)  TNS Failing Endpoints  TNS Total Endpoints      WHS(ns)      THS(ns)  THS Failing Endpoints  THS Total Endpoints     WPWS(ns)     TPWS(ns)  TPWS Failing Endpoints  TPWS Total Endpoints  
    -------      -------  ---------------------  -------------------      -------      -------  ---------------------  -------------------     --------     --------  ----------------------  --------------------  
      0.463        0.000                      0                  367        0.058        0.000                      0                  367        1.520        0.000                       0                   205  


All user specified timing constraints are met.


------------------------------------------------------------------------------------------------
| Clock Summary
| -------------
------------------------------------------------------------------------------------------------

Clock    Waveform(ns)         Period(ns)      Frequency(MHz)
-----    ------------         ----------      --------------
sys_clk  {0.000 2.500}        5.000           200.000         


------------------------------------------------------------------------------------------------
| Intra Clock Table
| -----------------
------------------------------------------------------------------------------------------------

Clock             WNS(ns)      TNS(ns)  TNS Failing Endpoints  TNS Total Endpoints      WHS(ns)      THS(ns)  THS Failing Endpoints  THS Total Endpoints     WPWS(ns)     TPWS(ns)  TPWS Failing Endpoints  TPWS Total Endpoints  
-----             -------      -------  ---------------------  -------------------      -------      -------  ---------------------  -------------------     --------     --------  ----------------------  --------------------  
sys_clk             0.463        0.000                      0                  367        0.058        0.000                      0                  367        1.520        0.000                       0                   205  


------------------------------------------------------------------------------------------------
| Inter Clock Table
| -----------------
------------------------------------------------------------------------------------------------

From Clock    To Clock          WNS(ns)      TNS(ns)  TNS Failing Endpoints  TNS Total Endpoints      WHS(ns)      THS(ns)  THS Failing Endpoints  THS Total Endpoints  
----------    --------          -------      -------  ---------------------  -------------------      -------      -------  ---------------------  -------------------  


------------------------------------------------------------------------------------------------
| Other Path Groups Table
| -----------------------
------------------------------------------------------------------------------------------------

Path Group    From Clock    To Clock          WNS(ns)      TNS(ns)  TNS Failing Endpoints  TNS Total Endpoints      WHS(ns)      THS(ns)  THS Failing Endpoints  THS Total Endpoints  
----------    ----------    --------          -------      -------  ---------------------  -------------------      -------      -------  ---------------------  -------------------  


------------------------------------------------------------------------------------------------
| Timing Details
| --------------
------------------------------------------------------------------------------------------------


---------------------------------------------------------------------------------------------------
From Clock:  sys_clk
  To Clock:  sys_clk

Setup :            0  Failing Endpoints,  Worst Slack        0.463ns,  Total Violation        0.000ns
Hold  :            0  Failing Endpoints,  Worst Slack        0.058ns,  Total Violation        0.000ns
PW    :            0  Failing Endpoints,  Worst Slack        1.520ns,  Total Violation        0.000ns
---------------------------------------------------------------------------------------------------


Max Delay Paths
--------------------------------------------------------------------------------------
Slack (MET) :             0.463ns  (required time - arrival time)
  Source:                 sB_sig_reg[12]/C
                            (rising edge-triggered cell FDRE clocked by sys_clk  {rise@0.000ns fall@2.500ns period=5.000ns})
  Destination:            outReg_reg[20]/R
                            (rising edge-triggered cell FDRE clocked by sys_clk  {rise@0.000ns fall@2.500ns period=5.000ns})
  Path Group:             sys_clk
  Path Type:              Setup (Max at Slow Process Corner)
  Requirement:            5.000ns  (sys_clk rise@5.000ns - sys_clk rise@0.000ns)
  Data Path Delay:        4.024ns  (logic 1.014ns (25.197%)  route 3.010ns (74.803%))
  Logic Levels:           4  (LUT2=1 LUT4=1 LUT6=2)
  Clock Path Skew:        -0.049ns (DCD - SCD + CPR)
    Destination Clock Delay (DCD):    0.924ns = ( 5.924 - 5.000 ) 
    Source Clock Delay      (SCD):    0.973ns
    Clock Pessimism Removal (CPR):    0.000ns
  Clock Uncertainty:      0.035ns  ((TSJ^2 + TIJ^2)^1/2 + DJ) / 2 + PE
    Total System Jitter     (TSJ):    0.071ns
    Total Input Jitter      (TIJ):    0.000ns
    Discrete Jitter          (DJ):    0.000ns
    Phase Error              (PE):    0.000ns

    Location             Delay type                Incr(ns)  Path(ns)    Netlist Resource(s)
  -------------------------------------------------------------------    -------------------
                         (clock sys_clk rise edge)    0.000     0.000 r  <hidden>
                                                      0.000     0.000 r  clock
                         net (fo=204, unset)          0.973     0.973    clock
    SLICE_X34Y70         FDRE                                         r  sB_sig_reg[12]/C
  -------------------------------------------------------------------    -------------------
    SLICE_X34Y70         FDRE (Prop_fdre_C_Q)         0.518     1.491 r  sB_sig_reg[12]/Q
                         net (fo=2, routed)           0.857     2.348    sB_sig_reg_n_0_[12]
    SLICE_X34Y70         LUT4 (Prop_lut4_I1_O)        0.124     2.472 f  outReg[30]_i_12/O
                         net (fo=1, routed)           0.957     3.428    outReg[30]_i_12_n_0
    SLICE_X37Y70         LUT6 (Prop_lut6_I3_O)        0.124     3.552 f  outReg[30]_i_7/O
                         net (fo=9, routed)           0.178     3.730    outReg[30]_i_7_n_0
    SLICE_X37Y70         LUT2 (Prop_lut2_I1_O)        0.124     3.854 r  outReg[30]_i_3/O
                         net (fo=3, routed)           0.321     4.175    outReg[30]_i_3_n_0
    SLICE_X36Y71         LUT6 (Prop_lut6_I2_O)        0.124     4.299 r  outReg[21]_i_1/O
                         net (fo=22, routed)          0.698     4.997    outReg[21]_i_1_n_0
    SLICE_X35Y74         FDRE                                         r  outReg_reg[20]/R
  -------------------------------------------------------------------    -------------------

                         (clock sys_clk rise edge)    5.000     5.000 r  <hidden>
                                                      0.000     5.000 r  clock
                         net (fo=204, unset)          0.924     5.924    clock
    SLICE_X35Y74         FDRE                                         r  outReg_reg[20]/C
                         clock pessimism              0.000     5.924    <hidden>
                         clock uncertainty           -0.035     5.889    <hidden>
    SLICE_X35Y74         FDRE (Setup_fdre_C_R)       -0.429     5.460    outReg_reg[20]
  -------------------------------------------------------------------
                         required time                          5.460    <hidden>
                         arrival time                          -4.997    <hidden>
  -------------------------------------------------------------------
                         slack                                  0.463    <hidden>

Slack (MET) :             0.463ns  (required time - arrival time)
  Source:                 sB_sig_reg[12]/C
                            (rising edge-triggered cell FDRE clocked by sys_clk  {rise@0.000ns fall@2.500ns period=5.000ns})
  Destination:            outReg_reg[21]/R
                            (rising edge-triggered cell FDRE clocked by sys_clk  {rise@0.000ns fall@2.500ns period=5.000ns})
  Path Group:             sys_clk
  Path Type:              Setup (Max at Slow Process Corner)
  Requirement:            5.000ns  (sys_clk rise@5.000ns - sys_clk rise@0.000ns)
  Data Path Delay:        4.024ns  (logic 1.014ns (25.197%)  route 3.010ns (74.803%))
  Logic Levels:           4  (LUT2=1 LUT4=1 LUT6=2)
  Clock Path Skew:        -0.049ns (DCD - SCD + CPR)
    Destination Clock Delay (DCD):    0.924ns = ( 5.924 - 5.000 ) 
    Source Clock Delay      (SCD):    0.973ns
    Clock Pessimism Removal (CPR):    0.000ns
  Clock Uncertainty:      0.035ns  ((TSJ^2 + TIJ^2)^1/2 + DJ) / 2 + PE
    Total System Jitter     (TSJ):    0.071ns
    Total Input Jitter      (TIJ):    0.000ns
    Discrete Jitter          (DJ):    0.000ns
    Phase Error              (PE):    0.000ns

    Location             Delay type                Incr(ns)  Path(ns)    Netlist Resource(s)
  -------------------------------------------------------------------    -------------------
                         (clock sys_clk rise edge)    0.000     0.000 r  <hidden>
                                                      0.000     0.000 r  clock
                         net (fo=204, unset)          0.973     0.973    clock
    SLICE_X34Y70         FDRE                                         r  sB_sig_reg[12]/C
  -------------------------------------------------------------------    -------------------
    SLICE_X34Y70         FDRE (Prop_fdre_C_Q)         0.518     1.491 r  sB_sig_reg[12]/Q
                         net (fo=2, routed)           0.857     2.348    sB_sig_reg_n_0_[12]
    SLICE_X34Y70         LUT4 (Prop_lut4_I1_O)        0.124     2.472 f  outReg[30]_i_12/O
                         net (fo=1, routed)           0.957     3.428    outReg[30]_i_12_n_0
    SLICE_X37Y70         LUT6 (Prop_lut6_I3_O)        0.124     3.552 f  outReg[30]_i_7/O
                         net (fo=9, routed)           0.178     3.730    outReg[30]_i_7_n_0
    SLICE_X37Y70         LUT2 (Prop_lut2_I1_O)        0.124     3.854 r  outReg[30]_i_3/O
                         net (fo=3, routed)           0.321     4.175    outReg[30]_i_3_n_0
    SLICE_X36Y71         LUT6 (Prop_lut6_I2_O)        0.124     4.299 r  outReg[21]_i_1/O
                         net (fo=22, routed)          0.698     4.997    outReg[21]_i_1_n_0
    SLICE_X35Y74         FDRE                                         r  outReg_reg[21]/R
  -------------------------------------------------------------------    -------------------

                         (clock sys_clk rise edge)    5.000     5.000 r  <hidden>
                                                      0.000     5.000 r  clock
                         net (fo=204, unset)          0.924     5.924    clock
    SLICE_X35Y74         FDRE                                         r  outReg_reg[21]/C
                         clock pessimism              0.000     5.924    <hidden>
                         clock uncertainty           -0.035     5.889    <hidden>
    SLICE_X35Y74         FDRE (Setup_fdre_C_R)       -0.429     5.460    outReg_reg[21]
  -------------------------------------------------------------------
                         required time                          5.460    <hidden>
                         arrival time                          -4.997    <hidden>
  -------------------------------------------------------------------
                         slack                                  0.463    <hidden>

Slack (MET) :             0.479ns  (required time - arrival time)
  Source:                 sB_sig_reg[12]/C
                            (rising edge-triggered cell FDRE clocked by sys_clk  {rise@0.000ns fall@2.500ns period=5.000ns})
  Destination:            outReg_reg[0]/R
                            (rising edge-triggered cell FDRE clocked by sys_clk  {rise@0.000ns fall@2.500ns period=5.000ns})
  Path Group:             sys_clk
  Path Type:              Setup (Max at Slow Process Corner)
  Requirement:            5.000ns  (sys_clk rise@5.000ns - sys_clk rise@0.000ns)
  Data Path Delay:        4.008ns  (logic 1.014ns (25.302%)  route 2.994ns (74.698%))
  Logic Levels:           4  (LUT2=1 LUT4=1 LUT6=2)
  Clock Path Skew:        -0.049ns (DCD - SCD + CPR)
    Destination Clock Delay (DCD):    0.924ns = ( 5.924 - 5.000 ) 
    Source Clock Delay      (SCD):    0.973ns
    Clock Pessimism Removal (CPR):    0.000ns
  Clock Uncertainty:      0.035ns  ((TSJ^2 + TIJ^2)^1/2 + DJ) / 2 + PE
    Total System Jitter     (TSJ):    0.071ns
    Total Input Jitter      (TIJ):    0.000ns
    Discrete Jitter          (DJ):    0.000ns
    Phase Error              (PE):    0.000ns

    Location             Delay type                Incr(ns)  Path(ns)    Netlist Resource(s)
  -------------------------------------------------------------------    -------------------
                         (clock sys_clk rise edge)    0.000     0.000 r  <hidden>
                                                      0.000     0.000 r  clock
                         net (fo=204, unset)          0.973     0.973    clock
    SLICE_X34Y70         FDRE                                         r  sB_sig_reg[12]/C
  -------------------------------------------------------------------    -------------------
    SLICE_X34Y70         FDRE (Prop_fdre_C_Q)         0.518     1.491 r  sB_sig_reg[12]/Q
                         net (fo=2, routed)           0.857     2.348    sB_sig_reg_n_0_[12]
    SLICE_X34Y70         LUT4 (Prop_lut4_I1_O)        0.124     2.472 f  outReg[30]_i_12/O
                         net (fo=1, routed)           0.957     3.428    outReg[30]_i_12_n_0
    SLICE_X37Y70         LUT6 (Prop_lut6_I3_O)        0.124     3.552 f  outReg[30]_i_7/O
                         net (fo=9, routed)           0.178     3.730    outReg[30]_i_7_n_0
    SLICE_X37Y70         LUT2 (Prop_lut2_I1_O)        0.124     3.854 r  outReg[30]_i_3/O
                         net (fo=3, routed)           0.321     4.175    outReg[30]_i_3_n_0
    SLICE_X36Y71         LUT6 (Prop_lut6_I2_O)        0.124     4.299 r  outReg[21]_i_1/O
                         net (fo=22, routed)          0.681     4.981    outReg[21]_i_1_n_0
    SLICE_X35Y69         FDRE                                         r  outReg_reg[0]/R
  -------------------------------------------------------------------    -------------------

                         (clock sys_clk rise edge)    5.000     5.000 r  <hidden>
                                                      0.000     5.000 r  clock
                         net (fo=204, unset)          0.924     5.924    clock
    SLICE_X35Y69         FDRE                                         r  outReg_reg[0]/C
                         clock pessimism              0.000     5.924    <hidden>
                         clock uncertainty           -0.035     5.889    <hidden>
    SLICE_X35Y69         FDRE (Setup_fdre_C_R)       -0.429     5.460    outReg_reg[0]
  -------------------------------------------------------------------
                         required time                          5.460    <hidden>
                         arrival time                          -4.981    <hidden>
  -------------------------------------------------------------------
                         slack                                  0.479    <hidden>

Slack (MET) :             0.479ns  (required time - arrival time)
  Source:                 sB_sig_reg[12]/C
                            (rising edge-triggered cell FDRE clocked by sys_clk  {rise@0.000ns fall@2.500ns period=5.000ns})
  Destination:            outReg_reg[1]/R
                            (rising edge-triggered cell FDRE clocked by sys_clk  {rise@0.000ns fall@2.500ns period=5.000ns})
  Path Group:             sys_clk
  Path Type:              Setup (Max at Slow Process Corner)
  Requirement:            5.000ns  (sys_clk rise@5.000ns - sys_clk rise@0.000ns)
  Data Path Delay:        4.008ns  (logic 1.014ns (25.302%)  route 2.994ns (74.698%))
  Logic Levels:           4  (LUT2=1 LUT4=1 LUT6=2)
  Clock Path Skew:        -0.049ns (DCD - SCD + CPR)
    Destination Clock Delay (DCD):    0.924ns = ( 5.924 - 5.000 ) 
    Source Clock Delay      (SCD):    0.973ns
    Clock Pessimism Removal (CPR):    0.000ns
  Clock Uncertainty:      0.035ns  ((TSJ^2 + TIJ^2)^1/2 + DJ) / 2 + PE
    Total System Jitter     (TSJ):    0.071ns
    Total Input Jitter      (TIJ):    0.000ns
    Discrete Jitter          (DJ):    0.000ns
    Phase Error              (PE):    0.000ns

    Location             Delay type                Incr(ns)  Path(ns)    Netlist Resource(s)
  -------------------------------------------------------------------    -------------------
                         (clock sys_clk rise edge)    0.000     0.000 r  <hidden>
                                                      0.000     0.000 r  clock
                         net (fo=204, unset)          0.973     0.973    clock
    SLICE_X34Y70         FDRE                                         r  sB_sig_reg[12]/C
  -------------------------------------------------------------------    -------------------
    SLICE_X34Y70         FDRE (Prop_fdre_C_Q)         0.518     1.491 r  sB_sig_reg[12]/Q
                         net (fo=2, routed)           0.857     2.348    sB_sig_reg_n_0_[12]
    SLICE_X34Y70         LUT4 (Prop_lut4_I1_O)        0.124     2.472 f  outReg[30]_i_12/O
                         net (fo=1, routed)           0.957     3.428    outReg[30]_i_12_n_0
    SLICE_X37Y70         LUT6 (Prop_lut6_I3_O)        0.124     3.552 f  outReg[30]_i_7/O
                         net (fo=9, routed)           0.178     3.730    outReg[30]_i_7_n_0
    SLICE_X37Y70         LUT2 (Prop_lut2_I1_O)        0.124     3.854 r  outReg[30]_i_3/O
                         net (fo=3, routed)           0.321     4.175    outReg[30]_i_3_n_0
    SLICE_X36Y71         LUT6 (Prop_lut6_I2_O)        0.124     4.299 r  outReg[21]_i_1/O
                         net (fo=22, routed)          0.681     4.981    outReg[21]_i_1_n_0
    SLICE_X35Y69         FDRE                                         r  outReg_reg[1]/R
  -------------------------------------------------------------------    -------------------

                         (clock sys_clk rise edge)    5.000     5.000 r  <hidden>
                                                      0.000     5.000 r  clock
                         net (fo=204, unset)          0.924     5.924    clock
    SLICE_X35Y69         FDRE                                         r  outReg_reg[1]/C
                         clock pessimism              0.000     5.924    <hidden>
                         clock uncertainty           -0.035     5.889    <hidden>
    SLICE_X35Y69         FDRE (Setup_fdre_C_R)       -0.429     5.460    outReg_reg[1]
  -------------------------------------------------------------------
                         required time                          5.460    <hidden>
                         arrival time                          -4.981    <hidden>
  -------------------------------------------------------------------
                         slack                                  0.479    <hidden>

Slack (MET) :             0.479ns  (required time - arrival time)
  Source:                 sB_sig_reg[12]/C
                            (rising edge-triggered cell FDRE clocked by sys_clk  {rise@0.000ns fall@2.500ns period=5.000ns})
  Destination:            outReg_reg[2]/R
                            (rising edge-triggered cell FDRE clocked by sys_clk  {rise@0.000ns fall@2.500ns period=5.000ns})
  Path Group:             sys_clk
  Path Type:              Setup (Max at Slow Process Corner)
  Requirement:            5.000ns  (sys_clk rise@5.000ns - sys_clk rise@0.000ns)
  Data Path Delay:        4.008ns  (logic 1.014ns (25.302%)  route 2.994ns (74.698%))
  Logic Levels:           4  (LUT2=1 LUT4=1 LUT6=2)
  Clock Path Skew:        -0.049ns (DCD - SCD + CPR)
    Destination Clock Delay (DCD):    0.924ns = ( 5.924 - 5.000 ) 
    Source Clock Delay      (SCD):    0.973ns
    Clock Pessimism Removal (CPR):    0.000ns
  Clock Uncertainty:      0.035ns  ((TSJ^2 + TIJ^2)^1/2 + DJ) / 2 + PE
    Total System Jitter     (TSJ):    0.071ns
    Total Input Jitter      (TIJ):    0.000ns
    Discrete Jitter          (DJ):    0.000ns
    Phase Error              (PE):    0.000ns

    Location             Delay type                Incr(ns)  Path(ns)    Netlist Resource(s)
  -------------------------------------------------------------------    -------------------
                         (clock sys_clk rise edge)    0.000     0.000 r  <hidden>
                                                      0.000     0.000 r  clock
                         net (fo=204, unset)          0.973     0.973    clock
    SLICE_X34Y70         FDRE                                         r  sB_sig_reg[12]/C
  -------------------------------------------------------------------    -------------------
    SLICE_X34Y70         FDRE (Prop_fdre_C_Q)         0.518     1.491 r  sB_sig_reg[12]/Q
                         net (fo=2, routed)           0.857     2.348    sB_sig_reg_n_0_[12]
    SLICE_X34Y70         LUT4 (Prop_lut4_I1_O)        0.124     2.472 f  outReg[30]_i_12/O
                         net (fo=1, routed)           0.957     3.428    outReg[30]_i_12_n_0
    SLICE_X37Y70         LUT6 (Prop_lut6_I3_O)        0.124     3.552 f  outReg[30]_i_7/O
                         net (fo=9, routed)           0.178     3.730    outReg[30]_i_7_n_0
    SLICE_X37Y70         LUT2 (Prop_lut2_I1_O)        0.124     3.854 r  outReg[30]_i_3/O
                         net (fo=3, routed)           0.321     4.175    outReg[30]_i_3_n_0
    SLICE_X36Y71         LUT6 (Prop_lut6_I2_O)        0.124     4.299 r  outReg[21]_i_1/O
                         net (fo=22, routed)          0.681     4.981    outReg[21]_i_1_n_0
    SLICE_X35Y69         FDRE                                         r  outReg_reg[2]/R
  -------------------------------------------------------------------    -------------------

                         (clock sys_clk rise edge)    5.000     5.000 r  <hidden>
                                                      0.000     5.000 r  clock
                         net (fo=204, unset)          0.924     5.924    clock
    SLICE_X35Y69         FDRE                                         r  outReg_reg[2]/C
                         clock pessimism              0.000     5.924    <hidden>
                         clock uncertainty           -0.035     5.889    <hidden>
    SLICE_X35Y69         FDRE (Setup_fdre_C_R)       -0.429     5.460    outReg_reg[2]
  -------------------------------------------------------------------
                         required time                          5.460    <hidden>
                         arrival time                          -4.981    <hidden>
  -------------------------------------------------------------------
                         slack                                  0.479    <hidden>

Slack (MET) :             0.479ns  (required time - arrival time)
  Source:                 sB_sig_reg[12]/C
                            (rising edge-triggered cell FDRE clocked by sys_clk  {rise@0.000ns fall@2.500ns period=5.000ns})
  Destination:            outReg_reg[3]/R
                            (rising edge-triggered cell FDRE clocked by sys_clk  {rise@0.000ns fall@2.500ns period=5.000ns})
  Path Group:             sys_clk
  Path Type:              Setup (Max at Slow Process Corner)
  Requirement:            5.000ns  (sys_clk rise@5.000ns - sys_clk rise@0.000ns)
  Data Path Delay:        4.008ns  (logic 1.014ns (25.302%)  route 2.994ns (74.698%))
  Logic Levels:           4  (LUT2=1 LUT4=1 LUT6=2)
  Clock Path Skew:        -0.049ns (DCD - SCD + CPR)
    Destination Clock Delay (DCD):    0.924ns = ( 5.924 - 5.000 ) 
    Source Clock Delay      (SCD):    0.973ns
    Clock Pessimism Removal (CPR):    0.000ns
  Clock Uncertainty:      0.035ns  ((TSJ^2 + TIJ^2)^1/2 + DJ) / 2 + PE
    Total System Jitter     (TSJ):    0.071ns
    Total Input Jitter      (TIJ):    0.000ns
    Discrete Jitter          (DJ):    0.000ns
    Phase Error              (PE):    0.000ns

    Location             Delay type                Incr(ns)  Path(ns)    Netlist Resource(s)
  -------------------------------------------------------------------    -------------------
                         (clock sys_clk rise edge)    0.000     0.000 r  <hidden>
                                                      0.000     0.000 r  clock
                         net (fo=204, unset)          0.973     0.973    clock
    SLICE_X34Y70         FDRE                                         r  sB_sig_reg[12]/C
  -------------------------------------------------------------------    -------------------
    SLICE_X34Y70         FDRE (Prop_fdre_C_Q)         0.518     1.491 r  sB_sig_reg[12]/Q
                         net (fo=2, routed)           0.857     2.348    sB_sig_reg_n_0_[12]
    SLICE_X34Y70         LUT4 (Prop_lut4_I1_O)        0.124     2.472 f  outReg[30]_i_12/O
                         net (fo=1, routed)           0.957     3.428    outReg[30]_i_12_n_0
    SLICE_X37Y70         LUT6 (Prop_lut6_I3_O)        0.124     3.552 f  outReg[30]_i_7/O
                         net (fo=9, routed)           0.178     3.730    outReg[30]_i_7_n_0
    SLICE_X37Y70         LUT2 (Prop_lut2_I1_O)        0.124     3.854 r  outReg[30]_i_3/O
                         net (fo=3, routed)           0.321     4.175    outReg[30]_i_3_n_0
    SLICE_X36Y71         LUT6 (Prop_lut6_I2_O)        0.124     4.299 r  outReg[21]_i_1/O
                         net (fo=22, routed)          0.681     4.981    outReg[21]_i_1_n_0
    SLICE_X35Y69         FDRE                                         r  outReg_reg[3]/R
  -------------------------------------------------------------------    -------------------

                         (clock sys_clk rise edge)    5.000     5.000 r  <hidden>
                                                      0.000     5.000 r  clock
                         net (fo=204, unset)          0.924     5.924    clock
    SLICE_X35Y69         FDRE                                         r  outReg_reg[3]/C
                         clock pessimism              0.000     5.924    <hidden>
                         clock uncertainty           -0.035     5.889    <hidden>
    SLICE_X35Y69         FDRE (Setup_fdre_C_R)       -0.429     5.460    outReg_reg[3]
  -------------------------------------------------------------------
                         required time                          5.460    <hidden>
                         arrival time                          -4.981    <hidden>
  -------------------------------------------------------------------
                         slack                                  0.479    <hidden>

Slack (MET) :             0.559ns  (required time - arrival time)
  Source:                 sB_sig_reg[12]/C
                            (rising edge-triggered cell FDRE clocked by sys_clk  {rise@0.000ns fall@2.500ns period=5.000ns})
  Destination:            outReg_reg[16]/R
                            (rising edge-triggered cell FDRE clocked by sys_clk  {rise@0.000ns fall@2.500ns period=5.000ns})
  Path Group:             sys_clk
  Path Type:              Setup (Max at Slow Process Corner)
  Requirement:            5.000ns  (sys_clk rise@5.000ns - sys_clk rise@0.000ns)
  Data Path Delay:        3.928ns  (logic 1.014ns (25.812%)  route 2.914ns (74.188%))
  Logic Levels:           4  (LUT2=1 LUT4=1 LUT6=2)
  Clock Path Skew:        -0.049ns (DCD - SCD + CPR)
    Destination Clock Delay (DCD):    0.924ns = ( 5.924 - 5.000 ) 
    Source Clock Delay      (SCD):    0.973ns
    Clock Pessimism Removal (CPR):    0.000ns
  Clock Uncertainty:      0.035ns  ((TSJ^2 + TIJ^2)^1/2 + DJ) / 2 + PE
    Total System Jitter     (TSJ):    0.071ns
    Total Input Jitter      (TIJ):    0.000ns
    Discrete Jitter          (DJ):    0.000ns
    Phase Error              (PE):    0.000ns

    Location             Delay type                Incr(ns)  Path(ns)    Netlist Resource(s)
  -------------------------------------------------------------------    -------------------
                         (clock sys_clk rise edge)    0.000     0.000 r  <hidden>
                                                      0.000     0.000 r  clock
                         net (fo=204, unset)          0.973     0.973    clock
    SLICE_X34Y70         FDRE                                         r  sB_sig_reg[12]/C
  -------------------------------------------------------------------    -------------------
    SLICE_X34Y70         FDRE (Prop_fdre_C_Q)         0.518     1.491 r  sB_sig_reg[12]/Q
                         net (fo=2, routed)           0.857     2.348    sB_sig_reg_n_0_[12]
    SLICE_X34Y70         LUT4 (Prop_lut4_I1_O)        0.124     2.472 f  outReg[30]_i_12/O
                         net (fo=1, routed)           0.957     3.428    outReg[30]_i_12_n_0
    SLICE_X37Y70         LUT6 (Prop_lut6_I3_O)        0.124     3.552 f  outReg[30]_i_7/O
                         net (fo=9, routed)           0.178     3.730    outReg[30]_i_7_n_0
    SLICE_X37Y70         LUT2 (Prop_lut2_I1_O)        0.124     3.854 r  outReg[30]_i_3/O
                         net (fo=3, routed)           0.321     4.175    outReg[30]_i_3_n_0
    SLICE_X36Y71         LUT6 (Prop_lut6_I2_O)        0.124     4.299 r  outReg[21]_i_1/O
                         net (fo=22, routed)          0.602     4.901    outReg[21]_i_1_n_0
    SLICE_X35Y73         FDRE                                         r  outReg_reg[16]/R
  -------------------------------------------------------------------    -------------------

                         (clock sys_clk rise edge)    5.000     5.000 r  <hidden>
                                                      0.000     5.000 r  clock
                         net (fo=204, unset)          0.924     5.924    clock
    SLICE_X35Y73         FDRE                                         r  outReg_reg[16]/C
                         clock pessimism              0.000     5.924    <hidden>
                         clock uncertainty           -0.035     5.889    <hidden>
    SLICE_X35Y73         FDRE (Setup_fdre_C_R)       -0.429     5.460    outReg_reg[16]
  -------------------------------------------------------------------
                         required time                          5.460    <hidden>
                         arrival time                          -4.901    <hidden>
  -------------------------------------------------------------------
                         slack                                  0.559    <hidden>

Slack (MET) :             0.559ns  (required time - arrival time)
  Source:                 sB_sig_reg[12]/C
                            (rising edge-triggered cell FDRE clocked by sys_clk  {rise@0.000ns fall@2.500ns period=5.000ns})
  Destination:            outReg_reg[17]/R
                            (rising edge-triggered cell FDRE clocked by sys_clk  {rise@0.000ns fall@2.500ns period=5.000ns})
  Path Group:             sys_clk
  Path Type:              Setup (Max at Slow Process Corner)
  Requirement:            5.000ns  (sys_clk rise@5.000ns - sys_clk rise@0.000ns)
  Data Path Delay:        3.928ns  (logic 1.014ns (25.812%)  route 2.914ns (74.188%))
  Logic Levels:           4  (LUT2=1 LUT4=1 LUT6=2)
  Clock Path Skew:        -0.049ns (DCD - SCD + CPR)
    Destination Clock Delay (DCD):    0.924ns = ( 5.924 - 5.000 ) 
    Source Clock Delay      (SCD):    0.973ns
    Clock Pessimism Removal (CPR):    0.000ns
  Clock Uncertainty:      0.035ns  ((TSJ^2 + TIJ^2)^1/2 + DJ) / 2 + PE
    Total System Jitter     (TSJ):    0.071ns
    Total Input Jitter      (TIJ):    0.000ns
    Discrete Jitter          (DJ):    0.000ns
    Phase Error              (PE):    0.000ns

    Location             Delay type                Incr(ns)  Path(ns)    Netlist Resource(s)
  -------------------------------------------------------------------    -------------------
                         (clock sys_clk rise edge)    0.000     0.000 r  <hidden>
                                                      0.000     0.000 r  clock
                         net (fo=204, unset)          0.973     0.973    clock
    SLICE_X34Y70         FDRE                                         r  sB_sig_reg[12]/C
  -------------------------------------------------------------------    -------------------
    SLICE_X34Y70         FDRE (Prop_fdre_C_Q)         0.518     1.491 r  sB_sig_reg[12]/Q
                         net (fo=2, routed)           0.857     2.348    sB_sig_reg_n_0_[12]
    SLICE_X34Y70         LUT4 (Prop_lut4_I1_O)        0.124     2.472 f  outReg[30]_i_12/O
                         net (fo=1, routed)           0.957     3.428    outReg[30]_i_12_n_0
    SLICE_X37Y70         LUT6 (Prop_lut6_I3_O)        0.124     3.552 f  outReg[30]_i_7/O
                         net (fo=9, routed)           0.178     3.730    outReg[30]_i_7_n_0
    SLICE_X37Y70         LUT2 (Prop_lut2_I1_O)        0.124     3.854 r  outReg[30]_i_3/O
                         net (fo=3, routed)           0.321     4.175    outReg[30]_i_3_n_0
    SLICE_X36Y71         LUT6 (Prop_lut6_I2_O)        0.124     4.299 r  outReg[21]_i_1/O
                         net (fo=22, routed)          0.602     4.901    outReg[21]_i_1_n_0
    SLICE_X35Y73         FDRE                                         r  outReg_reg[17]/R
  -------------------------------------------------------------------    -------------------

                         (clock sys_clk rise edge)    5.000     5.000 r  <hidden>
                                                      0.000     5.000 r  clock
                         net (fo=204, unset)          0.924     5.924    clock
    SLICE_X35Y73         FDRE                                         r  outReg_reg[17]/C
                         clock pessimism              0.000     5.924    <hidden>
                         clock uncertainty           -0.035     5.889    <hidden>
    SLICE_X35Y73         FDRE (Setup_fdre_C_R)       -0.429     5.460    outReg_reg[17]
  -------------------------------------------------------------------
                         required time                          5.460    <hidden>
                         arrival time                          -4.901    <hidden>
  -------------------------------------------------------------------
                         slack                                  0.559    <hidden>

Slack (MET) :             0.559ns  (required time - arrival time)
  Source:                 sB_sig_reg[12]/C
                            (rising edge-triggered cell FDRE clocked by sys_clk  {rise@0.000ns fall@2.500ns period=5.000ns})
  Destination:            outReg_reg[18]/R
                            (rising edge-triggered cell FDRE clocked by sys_clk  {rise@0.000ns fall@2.500ns period=5.000ns})
  Path Group:             sys_clk
  Path Type:              Setup (Max at Slow Process Corner)
  Requirement:            5.000ns  (sys_clk rise@5.000ns - sys_clk rise@0.000ns)
  Data Path Delay:        3.928ns  (logic 1.014ns (25.812%)  route 2.914ns (74.188%))
  Logic Levels:           4  (LUT2=1 LUT4=1 LUT6=2)
  Clock Path Skew:        -0.049ns (DCD - SCD + CPR)
    Destination Clock Delay (DCD):    0.924ns = ( 5.924 - 5.000 ) 
    Source Clock Delay      (SCD):    0.973ns
    Clock Pessimism Removal (CPR):    0.000ns
  Clock Uncertainty:      0.035ns  ((TSJ^2 + TIJ^2)^1/2 + DJ) / 2 + PE
    Total System Jitter     (TSJ):    0.071ns
    Total Input Jitter      (TIJ):    0.000ns
    Discrete Jitter          (DJ):    0.000ns
    Phase Error              (PE):    0.000ns

    Location             Delay type                Incr(ns)  Path(ns)    Netlist Resource(s)
  -------------------------------------------------------------------    -------------------
                         (clock sys_clk rise edge)    0.000     0.000 r  <hidden>
                                                      0.000     0.000 r  clock
                         net (fo=204, unset)          0.973     0.973    clock
    SLICE_X34Y70         FDRE                                         r  sB_sig_reg[12]/C
  -------------------------------------------------------------------    -------------------
    SLICE_X34Y70         FDRE (Prop_fdre_C_Q)         0.518     1.491 r  sB_sig_reg[12]/Q
                         net (fo=2, routed)           0.857     2.348    sB_sig_reg_n_0_[12]
    SLICE_X34Y70         LUT4 (Prop_lut4_I1_O)        0.124     2.472 f  outReg[30]_i_12/O
                         net (fo=1, routed)           0.957     3.428    outReg[30]_i_12_n_0
    SLICE_X37Y70         LUT6 (Prop_lut6_I3_O)        0.124     3.552 f  outReg[30]_i_7/O
                         net (fo=9, routed)           0.178     3.730    outReg[30]_i_7_n_0
    SLICE_X37Y70         LUT2 (Prop_lut2_I1_O)        0.124     3.854 r  outReg[30]_i_3/O
                         net (fo=3, routed)           0.321     4.175    outReg[30]_i_3_n_0
    SLICE_X36Y71         LUT6 (Prop_lut6_I2_O)        0.124     4.299 r  outReg[21]_i_1/O
                         net (fo=22, routed)          0.602     4.901    outReg[21]_i_1_n_0
    SLICE_X35Y73         FDRE                                         r  outReg_reg[18]/R
  -------------------------------------------------------------------    -------------------

                         (clock sys_clk rise edge)    5.000     5.000 r  <hidden>
                                                      0.000     5.000 r  clock
                         net (fo=204, unset)          0.924     5.924    clock
    SLICE_X35Y73         FDRE                                         r  outReg_reg[18]/C
                         clock pessimism              0.000     5.924    <hidden>
                         clock uncertainty           -0.035     5.889    <hidden>
    SLICE_X35Y73         FDRE (Setup_fdre_C_R)       -0.429     5.460    outReg_reg[18]
  -------------------------------------------------------------------
                         required time                          5.460    <hidden>
                         arrival time                          -4.901    <hidden>
  -------------------------------------------------------------------
                         slack                                  0.559    <hidden>

Slack (MET) :             0.559ns  (required time - arrival time)
  Source:                 sB_sig_reg[12]/C
                            (rising edge-triggered cell FDRE clocked by sys_clk  {rise@0.000ns fall@2.500ns period=5.000ns})
  Destination:            outReg_reg[19]/R
                            (rising edge-triggered cell FDRE clocked by sys_clk  {rise@0.000ns fall@2.500ns period=5.000ns})
  Path Group:             sys_clk
  Path Type:              Setup (Max at Slow Process Corner)
  Requirement:            5.000ns  (sys_clk rise@5.000ns - sys_clk rise@0.000ns)
  Data Path Delay:        3.928ns  (logic 1.014ns (25.812%)  route 2.914ns (74.188%))
  Logic Levels:           4  (LUT2=1 LUT4=1 LUT6=2)
  Clock Path Skew:        -0.049ns (DCD - SCD + CPR)
    Destination Clock Delay (DCD):    0.924ns = ( 5.924 - 5.000 ) 
    Source Clock Delay      (SCD):    0.973ns
    Clock Pessimism Removal (CPR):    0.000ns
  Clock Uncertainty:      0.035ns  ((TSJ^2 + TIJ^2)^1/2 + DJ) / 2 + PE
    Total System Jitter     (TSJ):    0.071ns
    Total Input Jitter      (TIJ):    0.000ns
    Discrete Jitter          (DJ):    0.000ns
    Phase Error              (PE):    0.000ns

    Location             Delay type                Incr(ns)  Path(ns)    Netlist Resource(s)
  -------------------------------------------------------------------    -------------------
                         (clock sys_clk rise edge)    0.000     0.000 r  <hidden>
                                                      0.000     0.000 r  clock
                         net (fo=204, unset)          0.973     0.973    clock
    SLICE_X34Y70         FDRE                                         r  sB_sig_reg[12]/C
  -------------------------------------------------------------------    -------------------
    SLICE_X34Y70         FDRE (Prop_fdre_C_Q)         0.518     1.491 r  sB_sig_reg[12]/Q
                         net (fo=2, routed)           0.857     2.348    sB_sig_reg_n_0_[12]
    SLICE_X34Y70         LUT4 (Prop_lut4_I1_O)        0.124     2.472 f  outReg[30]_i_12/O
                         net (fo=1, routed)           0.957     3.428    outReg[30]_i_12_n_0
    SLICE_X37Y70         LUT6 (Prop_lut6_I3_O)        0.124     3.552 f  outReg[30]_i_7/O
                         net (fo=9, routed)           0.178     3.730    outReg[30]_i_7_n_0
    SLICE_X37Y70         LUT2 (Prop_lut2_I1_O)        0.124     3.854 r  outReg[30]_i_3/O
                         net (fo=3, routed)           0.321     4.175    outReg[30]_i_3_n_0
    SLICE_X36Y71         LUT6 (Prop_lut6_I2_O)        0.124     4.299 r  outReg[21]_i_1/O
                         net (fo=22, routed)          0.602     4.901    outReg[21]_i_1_n_0
    SLICE_X35Y73         FDRE                                         r  outReg_reg[19]/R
  -------------------------------------------------------------------    -------------------

                         (clock sys_clk rise edge)    5.000     5.000 r  <hidden>
                                                      0.000     5.000 r  clock
                         net (fo=204, unset)          0.924     5.924    clock
    SLICE_X35Y73         FDRE                                         r  outReg_reg[19]/C
                         clock pessimism              0.000     5.924    <hidden>
                         clock uncertainty           -0.035     5.889    <hidden>
    SLICE_X35Y73         FDRE (Setup_fdre_C_R)       -0.429     5.460    outReg_reg[19]
  -------------------------------------------------------------------
                         required time                          5.460    <hidden>
                         arrival time                          -4.901    <hidden>
  -------------------------------------------------------------------
                         slack                                  0.559    <hidden>





Min Delay Paths
--------------------------------------------------------------------------------------
Slack (MET) :             0.058ns  (arrival time - required time)
  Source:                 sA_tempExp_r_reg[4]/C
                            (rising edge-triggered cell FDRE clocked by sys_clk  {rise@0.000ns fall@2.500ns period=5.000ns})
  Destination:            sA_tempExp_r_4_reg[4]_srl4/D
                            (rising edge-triggered cell SRL16E clocked by sys_clk  {rise@0.000ns fall@2.500ns period=5.000ns})
  Path Group:             sys_clk
  Path Type:              Hold (Min at Fast Process Corner)
  Requirement:            0.000ns  (sys_clk rise@0.000ns - sys_clk rise@0.000ns)
  Data Path Delay:        0.197ns  (logic 0.141ns (71.611%)  route 0.056ns (28.389%))
  Logic Levels:           0  
  Clock Path Skew:        0.022ns (DCD - SCD - CPR)
    Destination Clock Delay (DCD):    0.432ns
    Source Clock Delay      (SCD):    0.410ns
    Clock Pessimism Removal (CPR):    -0.000ns

    Location             Delay type                Incr(ns)  Path(ns)    Netlist Resource(s)
  -------------------------------------------------------------------    -------------------
                         (clock sys_clk rise edge)    0.000     0.000 r  <hidden>
                                                      0.000     0.000 r  clock
                         net (fo=204, unset)          0.410     0.410    clock
    SLICE_X31Y71         FDRE                                         r  sA_tempExp_r_reg[4]/C
  -------------------------------------------------------------------    -------------------
    SLICE_X31Y71         FDRE (Prop_fdre_C_Q)         0.141     0.551 r  sA_tempExp_r_reg[4]/Q
                         net (fo=1, routed)           0.056     0.607    sA_tempExp_r_reg_n_0_[4]
    SLICE_X30Y71         SRL16E                                       r  sA_tempExp_r_4_reg[4]_srl4/D
  -------------------------------------------------------------------    -------------------

                         (clock sys_clk rise edge)    0.000     0.000 r  <hidden>
                                                      0.000     0.000 r  clock
                         net (fo=204, unset)          0.432     0.432    clock
    SLICE_X30Y71         SRL16E                                       r  sA_tempExp_r_4_reg[4]_srl4/CLK
                         clock pessimism              0.000     0.432    <hidden>
    SLICE_X30Y71         SRL16E (Hold_srl16e_CLK_D)
                                                      0.117     0.549    sA_tempExp_r_4_reg[4]_srl4
  -------------------------------------------------------------------
                         required time                         -0.549    <hidden>
                         arrival time                           0.607    <hidden>
  -------------------------------------------------------------------
                         slack                                  0.058    <hidden>

Slack (MET) :             0.121ns  (arrival time - required time)
  Source:                 sA_tempExp_r_reg[5]/C
                            (rising edge-triggered cell FDRE clocked by sys_clk  {rise@0.000ns fall@2.500ns period=5.000ns})
  Destination:            sA_tempExp_r_4_reg[5]_srl4/D
                            (rising edge-triggered cell SRL16E clocked by sys_clk  {rise@0.000ns fall@2.500ns period=5.000ns})
  Path Group:             sys_clk
  Path Type:              Hold (Min at Fast Process Corner)
  Requirement:            0.000ns  (sys_clk rise@0.000ns - sys_clk rise@0.000ns)
  Data Path Delay:        0.257ns  (logic 0.141ns (54.828%)  route 0.116ns (45.172%))
  Logic Levels:           0  
  Clock Path Skew:        0.022ns (DCD - SCD - CPR)
    Destination Clock Delay (DCD):    0.432ns
    Source Clock Delay      (SCD):    0.410ns
    Clock Pessimism Removal (CPR):    -0.000ns

    Location             Delay type                Incr(ns)  Path(ns)    Netlist Resource(s)
  -------------------------------------------------------------------    -------------------
                         (clock sys_clk rise edge)    0.000     0.000 r  <hidden>
                                                      0.000     0.000 r  clock
                         net (fo=204, unset)          0.410     0.410    clock
    SLICE_X31Y71         FDRE                                         r  sA_tempExp_r_reg[5]/C
  -------------------------------------------------------------------    -------------------
    SLICE_X31Y71         FDRE (Prop_fdre_C_Q)         0.141     0.551 r  sA_tempExp_r_reg[5]/Q
                         net (fo=1, routed)           0.116     0.667    sA_tempExp_r_reg_n_0_[5]
    SLICE_X30Y71         SRL16E                                       r  sA_tempExp_r_4_reg[5]_srl4/D
  -------------------------------------------------------------------    -------------------

                         (clock sys_clk rise edge)    0.000     0.000 r  <hidden>
                                                      0.000     0.000 r  clock
                         net (fo=204, unset)          0.432     0.432    clock
    SLICE_X30Y71         SRL16E                                       r  sA_tempExp_r_4_reg[5]_srl4/CLK
                         clock pessimism              0.000     0.432    <hidden>
    SLICE_X30Y71         SRL16E (Hold_srl16e_CLK_D)
                                                      0.115     0.547    sA_tempExp_r_4_reg[5]_srl4
  -------------------------------------------------------------------
                         required time                         -0.547    <hidden>
                         arrival time                           0.667    <hidden>
  -------------------------------------------------------------------
                         slack                                  0.121    <hidden>

Slack (MET) :             0.122ns  (arrival time - required time)
  Source:                 sA_tempExp_r_reg[1]/C
                            (rising edge-triggered cell FDRE clocked by sys_clk  {rise@0.000ns fall@2.500ns period=5.000ns})
  Destination:            sA_tempExp_r_4_reg[1]_srl4/D
                            (rising edge-triggered cell SRL16E clocked by sys_clk  {rise@0.000ns fall@2.500ns period=5.000ns})
  Path Group:             sys_clk
  Path Type:              Hold (Min at Fast Process Corner)
  Requirement:            0.000ns  (sys_clk rise@0.000ns - sys_clk rise@0.000ns)
  Data Path Delay:        0.253ns  (logic 0.141ns (55.730%)  route 0.112ns (44.270%))
  Logic Levels:           0  
  Clock Path Skew:        0.022ns (DCD - SCD - CPR)
    Destination Clock Delay (DCD):    0.432ns
    Source Clock Delay      (SCD):    0.410ns
    Clock Pessimism Removal (CPR):    -0.000ns

    Location             Delay type                Incr(ns)  Path(ns)    Netlist Resource(s)
  -------------------------------------------------------------------    -------------------
                         (clock sys_clk rise edge)    0.000     0.000 r  <hidden>
                                                      0.000     0.000 r  clock
                         net (fo=204, unset)          0.410     0.410    clock
    SLICE_X31Y70         FDRE                                         r  sA_tempExp_r_reg[1]/C
  -------------------------------------------------------------------    -------------------
    SLICE_X31Y70         FDRE (Prop_fdre_C_Q)         0.141     0.551 r  sA_tempExp_r_reg[1]/Q
                         net (fo=1, routed)           0.112     0.663    sA_tempExp_r_reg_n_0_[1]
    SLICE_X30Y71         SRL16E                                       r  sA_tempExp_r_4_reg[1]_srl4/D
  -------------------------------------------------------------------    -------------------

                         (clock sys_clk rise edge)    0.000     0.000 r  <hidden>
                                                      0.000     0.000 r  clock
                         net (fo=204, unset)          0.432     0.432    clock
    SLICE_X30Y71         SRL16E                                       r  sA_tempExp_r_4_reg[1]_srl4/CLK
                         clock pessimism              0.000     0.432    <hidden>
    SLICE_X30Y71         SRL16E (Hold_srl16e_CLK_D)
                                                      0.109     0.541    sA_tempExp_r_4_reg[1]_srl4
  -------------------------------------------------------------------
                         required time                         -0.541    <hidden>
                         arrival time                           0.663    <hidden>
  -------------------------------------------------------------------
                         slack                                  0.122    <hidden>

Slack (MET) :             0.129ns  (arrival time - required time)
  Source:                 sA_tempExp_r_reg[0]/C
                            (rising edge-triggered cell FDRE clocked by sys_clk  {rise@0.000ns fall@2.500ns period=5.000ns})
  Destination:            sA_tempExp_r_4_reg[0]_srl4/D
                            (rising edge-triggered cell SRL16E clocked by sys_clk  {rise@0.000ns fall@2.500ns period=5.000ns})
  Path Group:             sys_clk
  Path Type:              Hold (Min at Fast Process Corner)
  Requirement:            0.000ns  (sys_clk rise@0.000ns - sys_clk rise@0.000ns)
  Data Path Delay:        0.253ns  (logic 0.141ns (55.730%)  route 0.112ns (44.270%))
  Logic Levels:           0  
  Clock Path Skew:        0.022ns (DCD - SCD - CPR)
    Destination Clock Delay (DCD):    0.432ns
    Source Clock Delay      (SCD):    0.410ns
    Clock Pessimism Removal (CPR):    -0.000ns

    Location             Delay type                Incr(ns)  Path(ns)    Netlist Resource(s)
  -------------------------------------------------------------------    -------------------
                         (clock sys_clk rise edge)    0.000     0.000 r  <hidden>
                                                      0.000     0.000 r  clock
                         net (fo=204, unset)          0.410     0.410    clock
    SLICE_X31Y70         FDRE                                         r  sA_tempExp_r_reg[0]/C
  -------------------------------------------------------------------    -------------------
    SLICE_X31Y70         FDRE (Prop_fdre_C_Q)         0.141     0.551 r  sA_tempExp_r_reg[0]/Q
                         net (fo=1, routed)           0.112     0.663    sA_tempExp_r_reg_n_0_[0]
    SLICE_X30Y71         SRL16E                                       r  sA_tempExp_r_4_reg[0]_srl4/D
  -------------------------------------------------------------------    -------------------

                         (clock sys_clk rise edge)    0.000     0.000 r  <hidden>
                                                      0.000     0.000 r  clock
                         net (fo=204, unset)          0.432     0.432    clock
    SLICE_X30Y71         SRL16E                                       r  sA_tempExp_r_4_reg[0]_srl4/CLK
                         clock pessimism              0.000     0.432    <hidden>
    SLICE_X30Y71         SRL16E (Hold_srl16e_CLK_D)
                                                      0.102     0.534    sA_tempExp_r_4_reg[0]_srl4
  -------------------------------------------------------------------
                         required time                         -0.534    <hidden>
                         arrival time                           0.663    <hidden>
  -------------------------------------------------------------------
                         slack                                  0.129    <hidden>

Slack (MET) :             0.134ns  (arrival time - required time)
  Source:                 sA_tempExp_r_reg[8]/C
                            (rising edge-triggered cell FDRE clocked by sys_clk  {rise@0.000ns fall@2.500ns period=5.000ns})
  Destination:            sA_tempExp_r_4_reg[8]_srl4/D
                            (rising edge-triggered cell SRL16E clocked by sys_clk  {rise@0.000ns fall@2.500ns period=5.000ns})
  Path Group:             sys_clk
  Path Type:              Hold (Min at Fast Process Corner)
  Requirement:            0.000ns  (sys_clk rise@0.000ns - sys_clk rise@0.000ns)
  Data Path Delay:        0.257ns  (logic 0.141ns (54.828%)  route 0.116ns (45.172%))
  Logic Levels:           0  
  Clock Path Skew:        0.022ns (DCD - SCD - CPR)
    Destination Clock Delay (DCD):    0.432ns
    Source Clock Delay      (SCD):    0.410ns
    Clock Pessimism Removal (CPR):    -0.000ns

    Location             Delay type                Incr(ns)  Path(ns)    Netlist Resource(s)
  -------------------------------------------------------------------    -------------------
                         (clock sys_clk rise edge)    0.000     0.000 r  <hidden>
                                                      0.000     0.000 r  clock
                         net (fo=204, unset)          0.410     0.410    clock
    SLICE_X31Y72         FDRE                                         r  sA_tempExp_r_reg[8]/C
  -------------------------------------------------------------------    -------------------
    SLICE_X31Y72         FDRE (Prop_fdre_C_Q)         0.141     0.551 r  sA_tempExp_r_reg[8]/Q
                         net (fo=1, routed)           0.116     0.667    sA_tempExp_r_reg_n_0_[8]
    SLICE_X30Y72         SRL16E                                       r  sA_tempExp_r_4_reg[8]_srl4/D
  -------------------------------------------------------------------    -------------------

                         (clock sys_clk rise edge)    0.000     0.000 r  <hidden>
                                                      0.000     0.000 r  clock
                         net (fo=204, unset)          0.432     0.432    clock
    SLICE_X30Y72         SRL16E                                       r  sA_tempExp_r_4_reg[8]_srl4/CLK
                         clock pessimism              0.000     0.432    <hidden>
    SLICE_X30Y72         SRL16E (Hold_srl16e_CLK_D)
                                                      0.102     0.534    sA_tempExp_r_4_reg[8]_srl4
  -------------------------------------------------------------------
                         required time                         -0.534    <hidden>
                         arrival time                           0.667    <hidden>
  -------------------------------------------------------------------
                         slack                                  0.134    <hidden>

Slack (MET) :             0.137ns  (arrival time - required time)
  Source:                 sA_tempExp_r_reg[2]/C
                            (rising edge-triggered cell FDRE clocked by sys_clk  {rise@0.000ns fall@2.500ns period=5.000ns})
  Destination:            sA_tempExp_r_4_reg[2]_srl4/D
                            (rising edge-triggered cell SRL16E clocked by sys_clk  {rise@0.000ns fall@2.500ns period=5.000ns})
  Path Group:             sys_clk
  Path Type:              Hold (Min at Fast Process Corner)
  Requirement:            0.000ns  (sys_clk rise@0.000ns - sys_clk rise@0.000ns)
  Data Path Delay:        0.253ns  (logic 0.141ns (55.730%)  route 0.112ns (44.270%))
  Logic Levels:           0  
  Clock Path Skew:        0.022ns (DCD - SCD - CPR)
    Destination Clock Delay (DCD):    0.432ns
    Source Clock Delay      (SCD):    0.410ns
    Clock Pessimism Removal (CPR):    -0.000ns

    Location             Delay type                Incr(ns)  Path(ns)    Netlist Resource(s)
  -------------------------------------------------------------------    -------------------
                         (clock sys_clk rise edge)    0.000     0.000 r  <hidden>
                                                      0.000     0.000 r  clock
                         net (fo=204, unset)          0.410     0.410    clock
    SLICE_X31Y70         FDRE                                         r  sA_tempExp_r_reg[2]/C
  -------------------------------------------------------------------    -------------------
    SLICE_X31Y70         FDRE (Prop_fdre_C_Q)         0.141     0.551 r  sA_tempExp_r_reg[2]/Q
                         net (fo=1, routed)           0.112     0.663    sA_tempExp_r_reg_n_0_[2]
    SLICE_X30Y71         SRL16E                                       r  sA_tempExp_r_4_reg[2]_srl4/D
  -------------------------------------------------------------------    -------------------

                         (clock sys_clk rise edge)    0.000     0.000 r  <hidden>
                                                      0.000     0.000 r  clock
                         net (fo=204, unset)          0.432     0.432    clock
    SLICE_X30Y71         SRL16E                                       r  sA_tempExp_r_4_reg[2]_srl4/CLK
                         clock pessimism              0.000     0.432    <hidden>
    SLICE_X30Y71         SRL16E (Hold_srl16e_CLK_D)
                                                      0.094     0.526    sA_tempExp_r_4_reg[2]_srl4
  -------------------------------------------------------------------
                         required time                         -0.526    <hidden>
                         arrival time                           0.663    <hidden>
  -------------------------------------------------------------------
                         slack                                  0.137    <hidden>

Slack (MET) :             0.154ns  (arrival time - required time)
  Source:                 sA_tempSig_r_2_reg/CLK
                            (rising edge-triggered cell DSP48E1 clocked by sys_clk  {rise@0.000ns fall@2.500ns period=5.000ns})
  Destination:            sA_tempSig_r_4_reg[15]_srl2/D
                            (rising edge-triggered cell SRL16E clocked by sys_clk  {rise@0.000ns fall@2.500ns period=5.000ns})
  Path Group:             sys_clk
  Path Type:              Hold (Min at Fast Process Corner)
  Requirement:            0.000ns  (sys_clk rise@0.000ns - sys_clk rise@0.000ns)
  Data Path Delay:        0.359ns  (logic 0.126ns (35.098%)  route 0.233ns (64.902%))
  Logic Levels:           0  
  Clock Path Skew:        0.022ns (DCD - SCD - CPR)
    Destination Clock Delay (DCD):    0.432ns
    Source Clock Delay      (SCD):    0.410ns
    Clock Pessimism Removal (CPR):    -0.000ns

    Location             Delay type                Incr(ns)  Path(ns)    Netlist Resource(s)
  -------------------------------------------------------------------    -------------------
                         (clock sys_clk rise edge)    0.000     0.000 r  <hidden>
                                                      0.000     0.000 r  clock
                         net (fo=204, unset)          0.410     0.410    clock
    DSP48_X2Y24          DSP48E1                                      r  sA_tempSig_r_2_reg/CLK
  -------------------------------------------------------------------    -------------------
    DSP48_X2Y24          DSP48E1 (Prop_dsp48e1_CLK_P[15])
                                                      0.126     0.536 r  sA_tempSig_r_2_reg/P[15]
                         net (fo=1, routed)           0.233     0.769    sA_tempSig_r_2_reg_n_90
    SLICE_X38Y63         SRL16E                                       r  sA_tempSig_r_4_reg[15]_srl2/D
  -------------------------------------------------------------------    -------------------

                         (clock sys_clk rise edge)    0.000     0.000 r  <hidden>
                                                      0.000     0.000 r  clock
                         net (fo=204, unset)          0.432     0.432    clock
    SLICE_X38Y63         SRL16E                                       r  sA_tempSig_r_4_reg[15]_srl2/CLK
                         clock pessimism              0.000     0.432    <hidden>
    SLICE_X38Y63         SRL16E (Hold_srl16e_CLK_D)
                                                      0.183     0.615    sA_tempSig_r_4_reg[15]_srl2
  -------------------------------------------------------------------
                         required time                         -0.615    <hidden>
                         arrival time                           0.769    <hidden>
  -------------------------------------------------------------------
                         slack                                  0.154    <hidden>

Slack (MET) :             0.154ns  (arrival time - required time)
  Source:                 sA_tempSig_r_2_reg/CLK
                            (rising edge-triggered cell DSP48E1 clocked by sys_clk  {rise@0.000ns fall@2.500ns period=5.000ns})
  Destination:            sA_tempSig_r_4_reg[7]_srl2/D
                            (rising edge-triggered cell SRL16E clocked by sys_clk  {rise@0.000ns fall@2.500ns period=5.000ns})
  Path Group:             sys_clk
  Path Type:              Hold (Min at Fast Process Corner)
  Requirement:            0.000ns  (sys_clk rise@0.000ns - sys_clk rise@0.000ns)
  Data Path Delay:        0.359ns  (logic 0.126ns (35.098%)  route 0.233ns (64.902%))
  Logic Levels:           0  
  Clock Path Skew:        0.022ns (DCD - SCD - CPR)
    Destination Clock Delay (DCD):    0.432ns
    Source Clock Delay      (SCD):    0.410ns
    Clock Pessimism Removal (CPR):    -0.000ns

    Location             Delay type                Incr(ns)  Path(ns)    Netlist Resource(s)
  -------------------------------------------------------------------    -------------------
                         (clock sys_clk rise edge)    0.000     0.000 r  <hidden>
                                                      0.000     0.000 r  clock
                         net (fo=204, unset)          0.410     0.410    clock
    DSP48_X2Y24          DSP48E1                                      r  sA_tempSig_r_2_reg/CLK
  -------------------------------------------------------------------    -------------------
    DSP48_X2Y24          DSP48E1 (Prop_dsp48e1_CLK_P[7])
                                                      0.126     0.536 r  sA_tempSig_r_2_reg/P[7]
                         net (fo=1, routed)           0.233     0.769    sA_tempSig_r_2_reg_n_98
    SLICE_X38Y61         SRL16E                                       r  sA_tempSig_r_4_reg[7]_srl2/D
  -------------------------------------------------------------------    -------------------

                         (clock sys_clk rise edge)    0.000     0.000 r  <hidden>
                                                      0.000     0.000 r  clock
                         net (fo=204, unset)          0.432     0.432    clock
    SLICE_X38Y61         SRL16E                                       r  sA_tempSig_r_4_reg[7]_srl2/CLK
                         clock pessimism              0.000     0.432    <hidden>
    SLICE_X38Y61         SRL16E (Hold_srl16e_CLK_D)
                                                      0.183     0.615    sA_tempSig_r_4_reg[7]_srl2
  -------------------------------------------------------------------
                         required time                         -0.615    <hidden>
                         arrival time                           0.769    <hidden>
  -------------------------------------------------------------------
                         slack                                  0.154    <hidden>

Slack (MET) :             0.163ns  (arrival time - required time)
  Source:                 sA_tempExp_r_reg[7]/C
                            (rising edge-triggered cell FDRE clocked by sys_clk  {rise@0.000ns fall@2.500ns period=5.000ns})
  Destination:            sA_tempExp_r_4_reg[7]_srl4/D
                            (rising edge-triggered cell SRL16E clocked by sys_clk  {rise@0.000ns fall@2.500ns period=5.000ns})
  Path Group:             sys_clk
  Path Type:              Hold (Min at Fast Process Corner)
  Requirement:            0.000ns  (sys_clk rise@0.000ns - sys_clk rise@0.000ns)
  Data Path Delay:        0.368ns  (logic 0.141ns (38.314%)  route 0.227ns (61.686%))
  Logic Levels:           0  
  Clock Path Skew:        0.022ns (DCD - SCD - CPR)
    Destination Clock Delay (DCD):    0.432ns
    Source Clock Delay      (SCD):    0.410ns
    Clock Pessimism Removal (CPR):    -0.000ns

    Location             Delay type                Incr(ns)  Path(ns)    Netlist Resource(s)
  -------------------------------------------------------------------    -------------------
                         (clock sys_clk rise edge)    0.000     0.000 r  <hidden>
                                                      0.000     0.000 r  clock
                         net (fo=204, unset)          0.410     0.410    clock
    SLICE_X31Y71         FDRE                                         r  sA_tempExp_r_reg[7]/C
  -------------------------------------------------------------------    -------------------
    SLICE_X31Y71         FDRE (Prop_fdre_C_Q)         0.141     0.551 r  sA_tempExp_r_reg[7]/Q
                         net (fo=1, routed)           0.227     0.778    sA_tempExp_r_reg_n_0_[7]
    SLICE_X30Y71         SRL16E                                       r  sA_tempExp_r_4_reg[7]_srl4/D
  -------------------------------------------------------------------    -------------------

                         (clock sys_clk rise edge)    0.000     0.000 r  <hidden>
                                                      0.000     0.000 r  clock
                         net (fo=204, unset)          0.432     0.432    clock
    SLICE_X30Y71         SRL16E                                       r  sA_tempExp_r_4_reg[7]_srl4/CLK
                         clock pessimism              0.000     0.432    <hidden>
    SLICE_X30Y71         SRL16E (Hold_srl16e_CLK_D)
                                                      0.183     0.615    sA_tempExp_r_4_reg[7]_srl4
  -------------------------------------------------------------------
                         required time                         -0.615    <hidden>
                         arrival time                           0.778    <hidden>
  -------------------------------------------------------------------
                         slack                                  0.163    <hidden>

Slack (MET) :             0.182ns  (arrival time - required time)
  Source:                 sA_tempExp_r_reg[3]/C
                            (rising edge-triggered cell FDRE clocked by sys_clk  {rise@0.000ns fall@2.500ns period=5.000ns})
  Destination:            sA_tempExp_r_4_reg[3]_srl4/D
                            (rising edge-triggered cell SRL16E clocked by sys_clk  {rise@0.000ns fall@2.500ns period=5.000ns})
  Path Group:             sys_clk
  Path Type:              Hold (Min at Fast Process Corner)
  Requirement:            0.000ns  (sys_clk rise@0.000ns - sys_clk rise@0.000ns)
  Data Path Delay:        0.311ns  (logic 0.141ns (45.298%)  route 0.170ns (54.702%))
  Logic Levels:           0  
  Clock Path Skew:        0.022ns (DCD - SCD - CPR)
    Destination Clock Delay (DCD):    0.432ns
    Source Clock Delay      (SCD):    0.410ns
    Clock Pessimism Removal (CPR):    -0.000ns

    Location             Delay type                Incr(ns)  Path(ns)    Netlist Resource(s)
  -------------------------------------------------------------------    -------------------
                         (clock sys_clk rise edge)    0.000     0.000 r  <hidden>
                                                      0.000     0.000 r  clock
                         net (fo=204, unset)          0.410     0.410    clock
    SLICE_X31Y70         FDRE                                         r  sA_tempExp_r_reg[3]/C
  -------------------------------------------------------------------    -------------------
    SLICE_X31Y70         FDRE (Prop_fdre_C_Q)         0.141     0.551 r  sA_tempExp_r_reg[3]/Q
                         net (fo=1, routed)           0.170     0.721    sA_tempExp_r_reg_n_0_[3]
    SLICE_X30Y71         SRL16E                                       r  sA_tempExp_r_4_reg[3]_srl4/D
  -------------------------------------------------------------------    -------------------

                         (clock sys_clk rise edge)    0.000     0.000 r  <hidden>
                                                      0.000     0.000 r  clock
                         net (fo=204, unset)          0.432     0.432    clock
    SLICE_X30Y71         SRL16E                                       r  sA_tempExp_r_4_reg[3]_srl4/CLK
                         clock pessimism              0.000     0.432    <hidden>
    SLICE_X30Y71         SRL16E (Hold_srl16e_CLK_D)
                                                      0.108     0.540    sA_tempExp_r_4_reg[3]_srl4
  -------------------------------------------------------------------
                         required time                         -0.540    <hidden>
                         arrival time                           0.721    <hidden>
  -------------------------------------------------------------------
                         slack                                  0.182    <hidden>





Pulse Width Checks
--------------------------------------------------------------------------------------
Clock Name:         sys_clk
Waveform(ns):       { 0.000 2.500 }
Period(ns):         5.000
Sources:            { clock }

Check Type        Corner  Lib Pin      Reference Pin  Required(ns)  Actual(ns)  Slack(ns)  Location      Pin
Min Period        n/a     DSP48E1/CLK  n/a            2.154         5.000       2.846      DSP48_X2Y24   sA_tempSig_r_2_reg/CLK
Min Period        n/a     DSP48E1/CLK  n/a            2.154         5.000       2.846      DSP48_X2Y25   sA_tempSig_r_3_reg/CLK
Min Period        n/a     DSP48E1/CLK  n/a            2.154         5.000       2.846      DSP48_X2Y26   sA_tempSig_r_4_reg/CLK
Min Period        n/a     DSP48E1/CLK  n/a            2.154         5.000       2.846      DSP48_X2Y27   sA_tempSig_reg/CLK
Min Period        n/a     FDRE/C       n/a            1.000         5.000       4.000      SLICE_X35Y69  outReg_reg[0]/C
Min Period        n/a     FDRE/C       n/a            1.000         5.000       4.000      SLICE_X35Y71  outReg_reg[10]/C
Min Period        n/a     FDRE/C       n/a            1.000         5.000       4.000      SLICE_X35Y71  outReg_reg[11]/C
Min Period        n/a     FDRE/C       n/a            1.000         5.000       4.000      SLICE_X35Y72  outReg_reg[12]/C
Min Period        n/a     FDRE/C       n/a            1.000         5.000       4.000      SLICE_X35Y72  outReg_reg[13]/C
Min Period        n/a     FDRE/C       n/a            1.000         5.000       4.000      SLICE_X35Y72  outReg_reg[14]/C
Low Pulse Width   Slow    SRL16E/CLK   n/a            0.980         2.500       1.520      SLICE_X26Y71  sA_infInput_r_4_reg_srl5/CLK
Low Pulse Width   Fast    SRL16E/CLK   n/a            0.980         2.500       1.520      SLICE_X26Y71  sA_infInput_r_4_reg_srl5/CLK
Low Pulse Width   Slow    SRL16E/CLK   n/a            0.980         2.500       1.520      SLICE_X26Y71  sA_isNaN_r_4_reg_srl5/CLK
Low Pulse Width   Fast    SRL16E/CLK   n/a            0.980         2.500       1.520      SLICE_X26Y71  sA_isNaN_r_4_reg_srl5/CLK
Low Pulse Width   Slow    SRL16E/CLK   n/a            0.980         2.500       1.520      SLICE_X34Y72  sA_sign_reg_srl6/CLK
Low Pulse Width   Fast    SRL16E/CLK   n/a            0.980         2.500       1.520      SLICE_X34Y72  sA_sign_reg_srl6/CLK
Low Pulse Width   Slow    SRL16E/CLK   n/a            0.980         2.500       1.520      SLICE_X30Y71  sA_tempExp_r_4_reg[0]_srl4/CLK
Low Pulse Width   Fast    SRL16E/CLK   n/a            0.980         2.500       1.520      SLICE_X30Y71  sA_tempExp_r_4_reg[0]_srl4/CLK
Low Pulse Width   Slow    SRL16E/CLK   n/a            0.980         2.500       1.520      SLICE_X30Y71  sA_tempExp_r_4_reg[1]_srl4/CLK
Low Pulse Width   Fast    SRL16E/CLK   n/a            0.980         2.500       1.520      SLICE_X30Y71  sA_tempExp_r_4_reg[1]_srl4/CLK
High Pulse Width  Slow    SRL16E/CLK   n/a            0.980         2.500       1.520      SLICE_X26Y71  sA_infInput_r_4_reg_srl5/CLK
High Pulse Width  Fast    SRL16E/CLK   n/a            0.980         2.500       1.520      SLICE_X26Y71  sA_infInput_r_4_reg_srl5/CLK
High Pulse Width  Slow    SRL16E/CLK   n/a            0.980         2.500       1.520      SLICE_X26Y71  sA_isNaN_r_4_reg_srl5/CLK
High Pulse Width  Fast    SRL16E/CLK   n/a            0.980         2.500       1.520      SLICE_X26Y71  sA_isNaN_r_4_reg_srl5/CLK
High Pulse Width  Slow    SRL16E/CLK   n/a            0.980         2.500       1.520      SLICE_X34Y72  sA_sign_reg_srl6/CLK
High Pulse Width  Fast    SRL16E/CLK   n/a            0.980         2.500       1.520      SLICE_X34Y72  sA_sign_reg_srl6/CLK
High Pulse Width  Slow    SRL16E/CLK   n/a            0.980         2.500       1.520      SLICE_X30Y71  sA_tempExp_r_4_reg[0]_srl4/CLK
High Pulse Width  Fast    SRL16E/CLK   n/a            0.980         2.500       1.520      SLICE_X30Y71  sA_tempExp_r_4_reg[0]_srl4/CLK
High Pulse Width  Slow    SRL16E/CLK   n/a            0.980         2.500       1.520      SLICE_X30Y71  sA_tempExp_r_4_reg[1]_srl4/CLK
High Pulse Width  Fast    SRL16E/CLK   n/a            0.980         2.500       1.520      SLICE_X30Y71  sA_tempExp_r_4_reg[1]_srl4/CLK



