Copyright 1986-2022 Xilinx, Inc. All Rights Reserved. Copyright 2022-2026 Advanced Micro Devices, Inc. All Rights Reserved.
---------------------------------------------------------------------------------------------------------------------------------------------
| Tool Version : Vivado v.2026.1 (lin64) Build 6511674 Tue Jun 16 11:01:26 MDT 2026
| Date         : Sun Sep 13 16:20:18 2026
| Host         : Nix-Los running 64-bit unknown
| Command      : report_timing_summary -max_paths 10 -file ./reports_bf16_d5_run02/timing_summary.rpt
| Design       : FPMul
| Device       : 7z020-clg400
| Speed File   : -1  PRODUCTION 1.12 2019-11-22
| Design State : Routed
---------------------------------------------------------------------------------------------------------------------------------------------

Timing Summary Report

------------------------------------------------------------------------------------------------
| Timer Settings
| --------------
------------------------------------------------------------------------------------------------

  Enable Multi Corner Analysis               :  Yes
  Enable Pessimism Removal                   :  Yes
  Pessimism Removal Resolution               :  Nearest Common Node
  Enable Input Delay Default Clock           :  No
  Enable Preset / Clear Arcs                 :  No
  Disable Flight Delays                      :  No
  Ignore I/O Paths                           :  No
  Timing Early Launch at Borrowing Latches   :  No
  Borrow Time for Max Delay Exceptions       :  Yes
  Merge Timing Exceptions                    :  Yes
  Inter-SLR Compensation                     :  Conservative

  Corner  Analyze    Analyze    
  Name    Max Paths  Min Paths  
  ------  ---------  ---------  
  Slow    Yes        Yes        
  Fast    Yes        Yes        


------------------------------------------------------------------------------------------------
| Report Methodology
| ------------------
------------------------------------------------------------------------------------------------

No report available as report_methodology has not been run prior. Run report_methodology on the current design for the summary of methodology violations.



check_timing report

Table of Contents
-----------------
1. checking no_clock (0)
2. checking constant_clock (0)
3. checking pulse_width_clock (0)
4. checking unconstrained_internal_endpoints (0)
5. checking no_input_delay (32)
6. checking no_output_delay (16)
7. checking multiple_clock (0)
8. checking generated_clocks (0)
9. checking loops (0)
10. checking partial_input_delay (0)
11. checking partial_output_delay (0)
12. checking latch_loops (0)

1. checking no_clock (0)
------------------------
 There are 0 register/latch pins with no clock.


2. checking constant_clock (0)
------------------------------
 There are 0 register/latch pins with constant_clock.


3. checking pulse_width_clock (0)
---------------------------------
 There are 0 register/latch pins which need pulse_width check


4. checking unconstrained_internal_endpoints (0)
------------------------------------------------
 There are 0 pins that are not constrained for maximum delay.

 There are 0 pins that are not constrained for maximum delay due to constant clock.


5. checking no_input_delay (32)
-------------------------------
 There are 32 input ports with no input delay specified. (HIGH)

 There are 0 input ports with no input delay but user has a false path constraint.


6. checking no_output_delay (16)
--------------------------------
 There are 16 ports with no output delay specified. (HIGH)

 There are 0 ports with no output delay but user has a false path constraint

 There are 0 ports with no output delay but with a timing clock defined on it or propagating through it


7. checking multiple_clock (0)
------------------------------
 There are 0 register/latch pins with multiple clocks.


8. checking generated_clocks (0)
--------------------------------
 There are 0 generated clocks that are not connected to a clock source.


9. checking loops (0)
---------------------
 There are 0 combinational loops in the design.


10. checking partial_input_delay (0)
------------------------------------
 There are 0 input ports with partial input delay specified.


11. checking partial_output_delay (0)
-------------------------------------
 There are 0 ports with partial output delay specified.


12. checking latch_loops (0)
----------------------------
 There are 0 combinational latch loops in the design through latch input



------------------------------------------------------------------------------------------------
| Design Timing Summary
| ---------------------
------------------------------------------------------------------------------------------------

    WNS(ns)      TNS(ns)  TNS Failing Endpoints  TNS Total Endpoints      WHS(ns)      THS(ns)  THS Failing Endpoints  THS Total Endpoints     WPWS(ns)     TPWS(ns)  TPWS Failing Endpoints  TPWS Total Endpoints  
    -------      -------  ---------------------  -------------------      -------      -------  ---------------------  -------------------     --------     --------  ----------------------  --------------------  
      0.553        0.000                      0                  109        0.046        0.000                      0                  109        1.520        0.000                       0                   110  


All user specified timing constraints are met.


------------------------------------------------------------------------------------------------
| Clock Summary
| -------------
------------------------------------------------------------------------------------------------

Clock    Waveform(ns)         Period(ns)      Frequency(MHz)
-----    ------------         ----------      --------------
sys_clk  {0.000 2.500}        5.000           200.000         


------------------------------------------------------------------------------------------------
| Intra Clock Table
| -----------------
------------------------------------------------------------------------------------------------

Clock             WNS(ns)      TNS(ns)  TNS Failing Endpoints  TNS Total Endpoints      WHS(ns)      THS(ns)  THS Failing Endpoints  THS Total Endpoints     WPWS(ns)     TPWS(ns)  TPWS Failing Endpoints  TPWS Total Endpoints  
-----             -------      -------  ---------------------  -------------------      -------      -------  ---------------------  -------------------     --------     --------  ----------------------  --------------------  
sys_clk             0.553        0.000                      0                  109        0.046        0.000                      0                  109        1.520        0.000                       0                   110  


------------------------------------------------------------------------------------------------
| Inter Clock Table
| -----------------
------------------------------------------------------------------------------------------------

From Clock    To Clock          WNS(ns)      TNS(ns)  TNS Failing Endpoints  TNS Total Endpoints      WHS(ns)      THS(ns)  THS Failing Endpoints  THS Total Endpoints  
----------    --------          -------      -------  ---------------------  -------------------      -------      -------  ---------------------  -------------------  


------------------------------------------------------------------------------------------------
| Other Path Groups Table
| -----------------------
------------------------------------------------------------------------------------------------

Path Group    From Clock    To Clock          WNS(ns)      TNS(ns)  TNS Failing Endpoints  TNS Total Endpoints      WHS(ns)      THS(ns)  THS Failing Endpoints  THS Total Endpoints  
----------    ----------    --------          -------      -------  ---------------------  -------------------      -------      -------  ---------------------  -------------------  


------------------------------------------------------------------------------------------------
| Timing Details
| --------------
------------------------------------------------------------------------------------------------


---------------------------------------------------------------------------------------------------
From Clock:  sys_clk
  To Clock:  sys_clk

Setup :            0  Failing Endpoints,  Worst Slack        0.553ns,  Total Violation        0.000ns
Hold  :            0  Failing Endpoints,  Worst Slack        0.046ns,  Total Violation        0.000ns
PW    :            0  Failing Endpoints,  Worst Slack        1.520ns,  Total Violation        0.000ns
---------------------------------------------------------------------------------------------------


Max Delay Paths
--------------------------------------------------------------------------------------
Slack (MET) :             0.553ns  (required time - arrival time)
  Source:                 sB_tempExp2_reg[3]/C
                            (rising edge-triggered cell FDRE clocked by sys_clk  {rise@0.000ns fall@2.500ns period=5.000ns})
  Destination:            outReg_reg[0]/R
                            (rising edge-triggered cell FDRE clocked by sys_clk  {rise@0.000ns fall@2.500ns period=5.000ns})
  Path Group:             sys_clk
  Path Type:              Setup (Max at Slow Process Corner)
  Requirement:            5.000ns  (sys_clk rise@5.000ns - sys_clk rise@0.000ns)
  Data Path Delay:        3.934ns  (logic 1.383ns (35.155%)  route 2.551ns (64.845%))
  Logic Levels:           4  (LUT3=1 LUT4=2 LUT5=1)
  Clock Path Skew:        -0.049ns (DCD - SCD + CPR)
    Destination Clock Delay (DCD):    0.924ns = ( 5.924 - 5.000 ) 
    Source Clock Delay      (SCD):    0.973ns
    Clock Pessimism Removal (CPR):    0.000ns
  Clock Uncertainty:      0.035ns  ((TSJ^2 + TIJ^2)^1/2 + DJ) / 2 + PE
    Total System Jitter     (TSJ):    0.071ns
    Total Input Jitter      (TIJ):    0.000ns
    Discrete Jitter          (DJ):    0.000ns
    Phase Error              (PE):    0.000ns

    Location             Delay type                Incr(ns)  Path(ns)    Netlist Resource(s)
  -------------------------------------------------------------------    -------------------
                         (clock sys_clk rise edge)    0.000     0.000 r  <hidden>
                                                      0.000     0.000 r  clock
                         net (fo=109, unset)          0.973     0.973    clock
    SLICE_X32Y62         FDRE                                         r  sB_tempExp2_reg[3]/C
  -------------------------------------------------------------------    -------------------
    SLICE_X32Y62         FDRE (Prop_fdre_C_Q)         0.478     1.451 r  sB_tempExp2_reg[3]/Q
                         net (fo=4, routed)           0.700     2.151    sB_tempExp2[3]
    SLICE_X32Y62         LUT4 (Prop_lut4_I1_O)        0.301     2.452 f  outReg[14]_i_6/O
                         net (fo=1, routed)           0.617     3.069    outReg[14]_i_6_n_0
    SLICE_X32Y63         LUT4 (Prop_lut4_I2_O)        0.124     3.193 r  outReg[14]_i_3/O
                         net (fo=2, routed)           0.577     3.770    outReg3
    SLICE_X35Y63         LUT5 (Prop_lut5_I2_O)        0.153     3.923 r  outReg[6]_i_2/O
                         net (fo=2, routed)           0.318     4.240    p_1_in
    SLICE_X33Y63         LUT3 (Prop_lut3_I2_O)        0.327     4.567 r  outReg[5]_i_1/O
                         net (fo=6, routed)           0.340     4.907    outReg[5]_i_1_n_0
    SLICE_X33Y64         FDRE                                         r  outReg_reg[0]/R
  -------------------------------------------------------------------    -------------------

                         (clock sys_clk rise edge)    5.000     5.000 r  <hidden>
                                                      0.000     5.000 r  clock
                         net (fo=109, unset)          0.924     5.924    clock
    SLICE_X33Y64         FDRE                                         r  outReg_reg[0]/C
                         clock pessimism              0.000     5.924    <hidden>
                         clock uncertainty           -0.035     5.889    <hidden>
    SLICE_X33Y64         FDRE (Setup_fdre_C_R)       -0.429     5.460    outReg_reg[0]
  -------------------------------------------------------------------
                         required time                          5.460    <hidden>
                         arrival time                          -4.907    <hidden>
  -------------------------------------------------------------------
                         slack                                  0.553    <hidden>

Slack (MET) :             0.553ns  (required time - arrival time)
  Source:                 sB_tempExp2_reg[3]/C
                            (rising edge-triggered cell FDRE clocked by sys_clk  {rise@0.000ns fall@2.500ns period=5.000ns})
  Destination:            outReg_reg[1]/R
                            (rising edge-triggered cell FDRE clocked by sys_clk  {rise@0.000ns fall@2.500ns period=5.000ns})
  Path Group:             sys_clk
  Path Type:              Setup (Max at Slow Process Corner)
  Requirement:            5.000ns  (sys_clk rise@5.000ns - sys_clk rise@0.000ns)
  Data Path Delay:        3.934ns  (logic 1.383ns (35.155%)  route 2.551ns (64.845%))
  Logic Levels:           4  (LUT3=1 LUT4=2 LUT5=1)
  Clock Path Skew:        -0.049ns (DCD - SCD + CPR)
    Destination Clock Delay (DCD):    0.924ns = ( 5.924 - 5.000 ) 
    Source Clock Delay      (SCD):    0.973ns
    Clock Pessimism Removal (CPR):    0.000ns
  Clock Uncertainty:      0.035ns  ((TSJ^2 + TIJ^2)^1/2 + DJ) / 2 + PE
    Total System Jitter     (TSJ):    0.071ns
    Total Input Jitter      (TIJ):    0.000ns
    Discrete Jitter          (DJ):    0.000ns
    Phase Error              (PE):    0.000ns

    Location             Delay type                Incr(ns)  Path(ns)    Netlist Resource(s)
  -------------------------------------------------------------------    -------------------
                         (clock sys_clk rise edge)    0.000     0.000 r  <hidden>
                                                      0.000     0.000 r  clock
                         net (fo=109, unset)          0.973     0.973    clock
    SLICE_X32Y62         FDRE                                         r  sB_tempExp2_reg[3]/C
  -------------------------------------------------------------------    -------------------
    SLICE_X32Y62         FDRE (Prop_fdre_C_Q)         0.478     1.451 r  sB_tempExp2_reg[3]/Q
                         net (fo=4, routed)           0.700     2.151    sB_tempExp2[3]
    SLICE_X32Y62         LUT4 (Prop_lut4_I1_O)        0.301     2.452 f  outReg[14]_i_6/O
                         net (fo=1, routed)           0.617     3.069    outReg[14]_i_6_n_0
    SLICE_X32Y63         LUT4 (Prop_lut4_I2_O)        0.124     3.193 r  outReg[14]_i_3/O
                         net (fo=2, routed)           0.577     3.770    outReg3
    SLICE_X35Y63         LUT5 (Prop_lut5_I2_O)        0.153     3.923 r  outReg[6]_i_2/O
                         net (fo=2, routed)           0.318     4.240    p_1_in
    SLICE_X33Y63         LUT3 (Prop_lut3_I2_O)        0.327     4.567 r  outReg[5]_i_1/O
                         net (fo=6, routed)           0.340     4.907    outReg[5]_i_1_n_0
    SLICE_X33Y64         FDRE                                         r  outReg_reg[1]/R
  -------------------------------------------------------------------    -------------------

                         (clock sys_clk rise edge)    5.000     5.000 r  <hidden>
                                                      0.000     5.000 r  clock
                         net (fo=109, unset)          0.924     5.924    clock
    SLICE_X33Y64         FDRE                                         r  outReg_reg[1]/C
                         clock pessimism              0.000     5.924    <hidden>
                         clock uncertainty           -0.035     5.889    <hidden>
    SLICE_X33Y64         FDRE (Setup_fdre_C_R)       -0.429     5.460    outReg_reg[1]
  -------------------------------------------------------------------
                         required time                          5.460    <hidden>
                         arrival time                          -4.907    <hidden>
  -------------------------------------------------------------------
                         slack                                  0.553    <hidden>

Slack (MET) :             0.553ns  (required time - arrival time)
  Source:                 sB_tempExp2_reg[3]/C
                            (rising edge-triggered cell FDRE clocked by sys_clk  {rise@0.000ns fall@2.500ns period=5.000ns})
  Destination:            outReg_reg[2]/R
                            (rising edge-triggered cell FDRE clocked by sys_clk  {rise@0.000ns fall@2.500ns period=5.000ns})
  Path Group:             sys_clk
  Path Type:              Setup (Max at Slow Process Corner)
  Requirement:            5.000ns  (sys_clk rise@5.000ns - sys_clk rise@0.000ns)
  Data Path Delay:        3.934ns  (logic 1.383ns (35.155%)  route 2.551ns (64.845%))
  Logic Levels:           4  (LUT3=1 LUT4=2 LUT5=1)
  Clock Path Skew:        -0.049ns (DCD - SCD + CPR)
    Destination Clock Delay (DCD):    0.924ns = ( 5.924 - 5.000 ) 
    Source Clock Delay      (SCD):    0.973ns
    Clock Pessimism Removal (CPR):    0.000ns
  Clock Uncertainty:      0.035ns  ((TSJ^2 + TIJ^2)^1/2 + DJ) / 2 + PE
    Total System Jitter     (TSJ):    0.071ns
    Total Input Jitter      (TIJ):    0.000ns
    Discrete Jitter          (DJ):    0.000ns
    Phase Error              (PE):    0.000ns

    Location             Delay type                Incr(ns)  Path(ns)    Netlist Resource(s)
  -------------------------------------------------------------------    -------------------
                         (clock sys_clk rise edge)    0.000     0.000 r  <hidden>
                                                      0.000     0.000 r  clock
                         net (fo=109, unset)          0.973     0.973    clock
    SLICE_X32Y62         FDRE                                         r  sB_tempExp2_reg[3]/C
  -------------------------------------------------------------------    -------------------
    SLICE_X32Y62         FDRE (Prop_fdre_C_Q)         0.478     1.451 r  sB_tempExp2_reg[3]/Q
                         net (fo=4, routed)           0.700     2.151    sB_tempExp2[3]
    SLICE_X32Y62         LUT4 (Prop_lut4_I1_O)        0.301     2.452 f  outReg[14]_i_6/O
                         net (fo=1, routed)           0.617     3.069    outReg[14]_i_6_n_0
    SLICE_X32Y63         LUT4 (Prop_lut4_I2_O)        0.124     3.193 r  outReg[14]_i_3/O
                         net (fo=2, routed)           0.577     3.770    outReg3
    SLICE_X35Y63         LUT5 (Prop_lut5_I2_O)        0.153     3.923 r  outReg[6]_i_2/O
                         net (fo=2, routed)           0.318     4.240    p_1_in
    SLICE_X33Y63         LUT3 (Prop_lut3_I2_O)        0.327     4.567 r  outReg[5]_i_1/O
                         net (fo=6, routed)           0.340     4.907    outReg[5]_i_1_n_0
    SLICE_X33Y64         FDRE                                         r  outReg_reg[2]/R
  -------------------------------------------------------------------    -------------------

                         (clock sys_clk rise edge)    5.000     5.000 r  <hidden>
                                                      0.000     5.000 r  clock
                         net (fo=109, unset)          0.924     5.924    clock
    SLICE_X33Y64         FDRE                                         r  outReg_reg[2]/C
                         clock pessimism              0.000     5.924    <hidden>
                         clock uncertainty           -0.035     5.889    <hidden>
    SLICE_X33Y64         FDRE (Setup_fdre_C_R)       -0.429     5.460    outReg_reg[2]
  -------------------------------------------------------------------
                         required time                          5.460    <hidden>
                         arrival time                          -4.907    <hidden>
  -------------------------------------------------------------------
                         slack                                  0.553    <hidden>

Slack (MET) :             0.553ns  (required time - arrival time)
  Source:                 sB_tempExp2_reg[3]/C
                            (rising edge-triggered cell FDRE clocked by sys_clk  {rise@0.000ns fall@2.500ns period=5.000ns})
  Destination:            outReg_reg[3]/R
                            (rising edge-triggered cell FDRE clocked by sys_clk  {rise@0.000ns fall@2.500ns period=5.000ns})
  Path Group:             sys_clk
  Path Type:              Setup (Max at Slow Process Corner)
  Requirement:            5.000ns  (sys_clk rise@5.000ns - sys_clk rise@0.000ns)
  Data Path Delay:        3.934ns  (logic 1.383ns (35.155%)  route 2.551ns (64.845%))
  Logic Levels:           4  (LUT3=1 LUT4=2 LUT5=1)
  Clock Path Skew:        -0.049ns (DCD - SCD + CPR)
    Destination Clock Delay (DCD):    0.924ns = ( 5.924 - 5.000 ) 
    Source Clock Delay      (SCD):    0.973ns
    Clock Pessimism Removal (CPR):    0.000ns
  Clock Uncertainty:      0.035ns  ((TSJ^2 + TIJ^2)^1/2 + DJ) / 2 + PE
    Total System Jitter     (TSJ):    0.071ns
    Total Input Jitter      (TIJ):    0.000ns
    Discrete Jitter          (DJ):    0.000ns
    Phase Error              (PE):    0.000ns

    Location             Delay type                Incr(ns)  Path(ns)    Netlist Resource(s)
  -------------------------------------------------------------------    -------------------
                         (clock sys_clk rise edge)    0.000     0.000 r  <hidden>
                                                      0.000     0.000 r  clock
                         net (fo=109, unset)          0.973     0.973    clock
    SLICE_X32Y62         FDRE                                         r  sB_tempExp2_reg[3]/C
  -------------------------------------------------------------------    -------------------
    SLICE_X32Y62         FDRE (Prop_fdre_C_Q)         0.478     1.451 r  sB_tempExp2_reg[3]/Q
                         net (fo=4, routed)           0.700     2.151    sB_tempExp2[3]
    SLICE_X32Y62         LUT4 (Prop_lut4_I1_O)        0.301     2.452 f  outReg[14]_i_6/O
                         net (fo=1, routed)           0.617     3.069    outReg[14]_i_6_n_0
    SLICE_X32Y63         LUT4 (Prop_lut4_I2_O)        0.124     3.193 r  outReg[14]_i_3/O
                         net (fo=2, routed)           0.577     3.770    outReg3
    SLICE_X35Y63         LUT5 (Prop_lut5_I2_O)        0.153     3.923 r  outReg[6]_i_2/O
                         net (fo=2, routed)           0.318     4.240    p_1_in
    SLICE_X33Y63         LUT3 (Prop_lut3_I2_O)        0.327     4.567 r  outReg[5]_i_1/O
                         net (fo=6, routed)           0.340     4.907    outReg[5]_i_1_n_0
    SLICE_X33Y64         FDRE                                         r  outReg_reg[3]/R
  -------------------------------------------------------------------    -------------------

                         (clock sys_clk rise edge)    5.000     5.000 r  <hidden>
                                                      0.000     5.000 r  clock
                         net (fo=109, unset)          0.924     5.924    clock
    SLICE_X33Y64         FDRE                                         r  outReg_reg[3]/C
                         clock pessimism              0.000     5.924    <hidden>
                         clock uncertainty           -0.035     5.889    <hidden>
    SLICE_X33Y64         FDRE (Setup_fdre_C_R)       -0.429     5.460    outReg_reg[3]
  -------------------------------------------------------------------
                         required time                          5.460    <hidden>
                         arrival time                          -4.907    <hidden>
  -------------------------------------------------------------------
                         slack                                  0.553    <hidden>

Slack (MET) :             0.553ns  (required time - arrival time)
  Source:                 sB_tempExp2_reg[3]/C
                            (rising edge-triggered cell FDRE clocked by sys_clk  {rise@0.000ns fall@2.500ns period=5.000ns})
  Destination:            outReg_reg[4]/R
                            (rising edge-triggered cell FDRE clocked by sys_clk  {rise@0.000ns fall@2.500ns period=5.000ns})
  Path Group:             sys_clk
  Path Type:              Setup (Max at Slow Process Corner)
  Requirement:            5.000ns  (sys_clk rise@5.000ns - sys_clk rise@0.000ns)
  Data Path Delay:        3.934ns  (logic 1.383ns (35.155%)  route 2.551ns (64.845%))
  Logic Levels:           4  (LUT3=1 LUT4=2 LUT5=1)
  Clock Path Skew:        -0.049ns (DCD - SCD + CPR)
    Destination Clock Delay (DCD):    0.924ns = ( 5.924 - 5.000 ) 
    Source Clock Delay      (SCD):    0.973ns
    Clock Pessimism Removal (CPR):    0.000ns
  Clock Uncertainty:      0.035ns  ((TSJ^2 + TIJ^2)^1/2 + DJ) / 2 + PE
    Total System Jitter     (TSJ):    0.071ns
    Total Input Jitter      (TIJ):    0.000ns
    Discrete Jitter          (DJ):    0.000ns
    Phase Error              (PE):    0.000ns

    Location             Delay type                Incr(ns)  Path(ns)    Netlist Resource(s)
  -------------------------------------------------------------------    -------------------
                         (clock sys_clk rise edge)    0.000     0.000 r  <hidden>
                                                      0.000     0.000 r  clock
                         net (fo=109, unset)          0.973     0.973    clock
    SLICE_X32Y62         FDRE                                         r  sB_tempExp2_reg[3]/C
  -------------------------------------------------------------------    -------------------
    SLICE_X32Y62         FDRE (Prop_fdre_C_Q)         0.478     1.451 r  sB_tempExp2_reg[3]/Q
                         net (fo=4, routed)           0.700     2.151    sB_tempExp2[3]
    SLICE_X32Y62         LUT4 (Prop_lut4_I1_O)        0.301     2.452 f  outReg[14]_i_6/O
                         net (fo=1, routed)           0.617     3.069    outReg[14]_i_6_n_0
    SLICE_X32Y63         LUT4 (Prop_lut4_I2_O)        0.124     3.193 r  outReg[14]_i_3/O
                         net (fo=2, routed)           0.577     3.770    outReg3
    SLICE_X35Y63         LUT5 (Prop_lut5_I2_O)        0.153     3.923 r  outReg[6]_i_2/O
                         net (fo=2, routed)           0.318     4.240    p_1_in
    SLICE_X33Y63         LUT3 (Prop_lut3_I2_O)        0.327     4.567 r  outReg[5]_i_1/O
                         net (fo=6, routed)           0.340     4.907    outReg[5]_i_1_n_0
    SLICE_X33Y64         FDRE                                         r  outReg_reg[4]/R
  -------------------------------------------------------------------    -------------------

                         (clock sys_clk rise edge)    5.000     5.000 r  <hidden>
                                                      0.000     5.000 r  clock
                         net (fo=109, unset)          0.924     5.924    clock
    SLICE_X33Y64         FDRE                                         r  outReg_reg[4]/C
                         clock pessimism              0.000     5.924    <hidden>
                         clock uncertainty           -0.035     5.889    <hidden>
    SLICE_X33Y64         FDRE (Setup_fdre_C_R)       -0.429     5.460    outReg_reg[4]
  -------------------------------------------------------------------
                         required time                          5.460    <hidden>
                         arrival time                          -4.907    <hidden>
  -------------------------------------------------------------------
                         slack                                  0.553    <hidden>

Slack (MET) :             0.553ns  (required time - arrival time)
  Source:                 sB_tempExp2_reg[3]/C
                            (rising edge-triggered cell FDRE clocked by sys_clk  {rise@0.000ns fall@2.500ns period=5.000ns})
  Destination:            outReg_reg[5]/R
                            (rising edge-triggered cell FDRE clocked by sys_clk  {rise@0.000ns fall@2.500ns period=5.000ns})
  Path Group:             sys_clk
  Path Type:              Setup (Max at Slow Process Corner)
  Requirement:            5.000ns  (sys_clk rise@5.000ns - sys_clk rise@0.000ns)
  Data Path Delay:        3.934ns  (logic 1.383ns (35.155%)  route 2.551ns (64.845%))
  Logic Levels:           4  (LUT3=1 LUT4=2 LUT5=1)
  Clock Path Skew:        -0.049ns (DCD - SCD + CPR)
    Destination Clock Delay (DCD):    0.924ns = ( 5.924 - 5.000 ) 
    Source Clock Delay      (SCD):    0.973ns
    Clock Pessimism Removal (CPR):    0.000ns
  Clock Uncertainty:      0.035ns  ((TSJ^2 + TIJ^2)^1/2 + DJ) / 2 + PE
    Total System Jitter     (TSJ):    0.071ns
    Total Input Jitter      (TIJ):    0.000ns
    Discrete Jitter          (DJ):    0.000ns
    Phase Error              (PE):    0.000ns

    Location             Delay type                Incr(ns)  Path(ns)    Netlist Resource(s)
  -------------------------------------------------------------------    -------------------
                         (clock sys_clk rise edge)    0.000     0.000 r  <hidden>
                                                      0.000     0.000 r  clock
                         net (fo=109, unset)          0.973     0.973    clock
    SLICE_X32Y62         FDRE                                         r  sB_tempExp2_reg[3]/C
  -------------------------------------------------------------------    -------------------
    SLICE_X32Y62         FDRE (Prop_fdre_C_Q)         0.478     1.451 r  sB_tempExp2_reg[3]/Q
                         net (fo=4, routed)           0.700     2.151    sB_tempExp2[3]
    SLICE_X32Y62         LUT4 (Prop_lut4_I1_O)        0.301     2.452 f  outReg[14]_i_6/O
                         net (fo=1, routed)           0.617     3.069    outReg[14]_i_6_n_0
    SLICE_X32Y63         LUT4 (Prop_lut4_I2_O)        0.124     3.193 r  outReg[14]_i_3/O
                         net (fo=2, routed)           0.577     3.770    outReg3
    SLICE_X35Y63         LUT5 (Prop_lut5_I2_O)        0.153     3.923 r  outReg[6]_i_2/O
                         net (fo=2, routed)           0.318     4.240    p_1_in
    SLICE_X33Y63         LUT3 (Prop_lut3_I2_O)        0.327     4.567 r  outReg[5]_i_1/O
                         net (fo=6, routed)           0.340     4.907    outReg[5]_i_1_n_0
    SLICE_X33Y64         FDRE                                         r  outReg_reg[5]/R
  -------------------------------------------------------------------    -------------------

                         (clock sys_clk rise edge)    5.000     5.000 r  <hidden>
                                                      0.000     5.000 r  clock
                         net (fo=109, unset)          0.924     5.924    clock
    SLICE_X33Y64         FDRE                                         r  outReg_reg[5]/C
                         clock pessimism              0.000     5.924    <hidden>
                         clock uncertainty           -0.035     5.889    <hidden>
    SLICE_X33Y64         FDRE (Setup_fdre_C_R)       -0.429     5.460    outReg_reg[5]
  -------------------------------------------------------------------
                         required time                          5.460    <hidden>
                         arrival time                          -4.907    <hidden>
  -------------------------------------------------------------------
                         slack                                  0.553    <hidden>

Slack (MET) :             0.823ns  (required time - arrival time)
  Source:                 sB_tempExp2_reg[3]/C
                            (rising edge-triggered cell FDRE clocked by sys_clk  {rise@0.000ns fall@2.500ns period=5.000ns})
  Destination:            outReg_reg[7]/S
                            (rising edge-triggered cell FDSE clocked by sys_clk  {rise@0.000ns fall@2.500ns period=5.000ns})
  Path Group:             sys_clk
  Path Type:              Setup (Max at Slow Process Corner)
  Requirement:            5.000ns  (sys_clk rise@5.000ns - sys_clk rise@0.000ns)
  Data Path Delay:        3.569ns  (logic 1.027ns (28.776%)  route 2.542ns (71.224%))
  Logic Levels:           3  (LUT4=2 LUT5=1)
  Clock Path Skew:        -0.049ns (DCD - SCD + CPR)
    Destination Clock Delay (DCD):    0.924ns = ( 5.924 - 5.000 ) 
    Source Clock Delay      (SCD):    0.973ns
    Clock Pessimism Removal (CPR):    0.000ns
  Clock Uncertainty:      0.035ns  ((TSJ^2 + TIJ^2)^1/2 + DJ) / 2 + PE
    Total System Jitter     (TSJ):    0.071ns
    Total Input Jitter      (TIJ):    0.000ns
    Discrete Jitter          (DJ):    0.000ns
    Phase Error              (PE):    0.000ns

    Location             Delay type                Incr(ns)  Path(ns)    Netlist Resource(s)
  -------------------------------------------------------------------    -------------------
                         (clock sys_clk rise edge)    0.000     0.000 r  <hidden>
                                                      0.000     0.000 r  clock
                         net (fo=109, unset)          0.973     0.973    clock
    SLICE_X32Y62         FDRE                                         r  sB_tempExp2_reg[3]/C
  -------------------------------------------------------------------    -------------------
    SLICE_X32Y62         FDRE (Prop_fdre_C_Q)         0.478     1.451 r  sB_tempExp2_reg[3]/Q
                         net (fo=4, routed)           0.700     2.151    sB_tempExp2[3]
    SLICE_X32Y62         LUT4 (Prop_lut4_I1_O)        0.301     2.452 f  outReg[14]_i_6/O
                         net (fo=1, routed)           0.617     3.069    outReg[14]_i_6_n_0
    SLICE_X32Y63         LUT4 (Prop_lut4_I2_O)        0.124     3.193 r  outReg[14]_i_3/O
                         net (fo=2, routed)           0.577     3.770    outReg3
    SLICE_X35Y63         LUT5 (Prop_lut5_I2_O)        0.124     3.894 r  outReg[14]_i_1/O
                         net (fo=8, routed)           0.648     4.542    p_0_in2_out
    SLICE_X32Y60         FDSE                                         r  outReg_reg[7]/S
  -------------------------------------------------------------------    -------------------

                         (clock sys_clk rise edge)    5.000     5.000 r  <hidden>
                                                      0.000     5.000 r  clock
                         net (fo=109, unset)          0.924     5.924    clock
    SLICE_X32Y60         FDSE                                         r  outReg_reg[7]/C
                         clock pessimism              0.000     5.924    <hidden>
                         clock uncertainty           -0.035     5.889    <hidden>
    SLICE_X32Y60         FDSE (Setup_fdse_C_S)       -0.524     5.365    outReg_reg[7]
  -------------------------------------------------------------------
                         required time                          5.365    <hidden>
                         arrival time                          -4.542    <hidden>
  -------------------------------------------------------------------
                         slack                                  0.823    <hidden>

Slack (MET) :             0.823ns  (required time - arrival time)
  Source:                 sB_tempExp2_reg[3]/C
                            (rising edge-triggered cell FDRE clocked by sys_clk  {rise@0.000ns fall@2.500ns period=5.000ns})
  Destination:            outReg_reg[8]/S
                            (rising edge-triggered cell FDSE clocked by sys_clk  {rise@0.000ns fall@2.500ns period=5.000ns})
  Path Group:             sys_clk
  Path Type:              Setup (Max at Slow Process Corner)
  Requirement:            5.000ns  (sys_clk rise@5.000ns - sys_clk rise@0.000ns)
  Data Path Delay:        3.569ns  (logic 1.027ns (28.776%)  route 2.542ns (71.224%))
  Logic Levels:           3  (LUT4=2 LUT5=1)
  Clock Path Skew:        -0.049ns (DCD - SCD + CPR)
    Destination Clock Delay (DCD):    0.924ns = ( 5.924 - 5.000 ) 
    Source Clock Delay      (SCD):    0.973ns
    Clock Pessimism Removal (CPR):    0.000ns
  Clock Uncertainty:      0.035ns  ((TSJ^2 + TIJ^2)^1/2 + DJ) / 2 + PE
    Total System Jitter     (TSJ):    0.071ns
    Total Input Jitter      (TIJ):    0.000ns
    Discrete Jitter          (DJ):    0.000ns
    Phase Error              (PE):    0.000ns

    Location             Delay type                Incr(ns)  Path(ns)    Netlist Resource(s)
  -------------------------------------------------------------------    -------------------
                         (clock sys_clk rise edge)    0.000     0.000 r  <hidden>
                                                      0.000     0.000 r  clock
                         net (fo=109, unset)          0.973     0.973    clock
    SLICE_X32Y62         FDRE                                         r  sB_tempExp2_reg[3]/C
  -------------------------------------------------------------------    -------------------
    SLICE_X32Y62         FDRE (Prop_fdre_C_Q)         0.478     1.451 r  sB_tempExp2_reg[3]/Q
                         net (fo=4, routed)           0.700     2.151    sB_tempExp2[3]
    SLICE_X32Y62         LUT4 (Prop_lut4_I1_O)        0.301     2.452 f  outReg[14]_i_6/O
                         net (fo=1, routed)           0.617     3.069    outReg[14]_i_6_n_0
    SLICE_X32Y63         LUT4 (Prop_lut4_I2_O)        0.124     3.193 r  outReg[14]_i_3/O
                         net (fo=2, routed)           0.577     3.770    outReg3
    SLICE_X35Y63         LUT5 (Prop_lut5_I2_O)        0.124     3.894 r  outReg[14]_i_1/O
                         net (fo=8, routed)           0.648     4.542    p_0_in2_out
    SLICE_X32Y60         FDSE                                         r  outReg_reg[8]/S
  -------------------------------------------------------------------    -------------------

                         (clock sys_clk rise edge)    5.000     5.000 r  <hidden>
                                                      0.000     5.000 r  clock
                         net (fo=109, unset)          0.924     5.924    clock
    SLICE_X32Y60         FDSE                                         r  outReg_reg[8]/C
                         clock pessimism              0.000     5.924    <hidden>
                         clock uncertainty           -0.035     5.889    <hidden>
    SLICE_X32Y60         FDSE (Setup_fdse_C_S)       -0.524     5.365    outReg_reg[8]
  -------------------------------------------------------------------
                         required time                          5.365    <hidden>
                         arrival time                          -4.542    <hidden>
  -------------------------------------------------------------------
                         slack                                  0.823    <hidden>

Slack (MET) :             0.823ns  (required time - arrival time)
  Source:                 sB_tempExp2_reg[3]/C
                            (rising edge-triggered cell FDRE clocked by sys_clk  {rise@0.000ns fall@2.500ns period=5.000ns})
  Destination:            outReg_reg[9]/S
                            (rising edge-triggered cell FDSE clocked by sys_clk  {rise@0.000ns fall@2.500ns period=5.000ns})
  Path Group:             sys_clk
  Path Type:              Setup (Max at Slow Process Corner)
  Requirement:            5.000ns  (sys_clk rise@5.000ns - sys_clk rise@0.000ns)
  Data Path Delay:        3.569ns  (logic 1.027ns (28.776%)  route 2.542ns (71.224%))
  Logic Levels:           3  (LUT4=2 LUT5=1)
  Clock Path Skew:        -0.049ns (DCD - SCD + CPR)
    Destination Clock Delay (DCD):    0.924ns = ( 5.924 - 5.000 ) 
    Source Clock Delay      (SCD):    0.973ns
    Clock Pessimism Removal (CPR):    0.000ns
  Clock Uncertainty:      0.035ns  ((TSJ^2 + TIJ^2)^1/2 + DJ) / 2 + PE
    Total System Jitter     (TSJ):    0.071ns
    Total Input Jitter      (TIJ):    0.000ns
    Discrete Jitter          (DJ):    0.000ns
    Phase Error              (PE):    0.000ns

    Location             Delay type                Incr(ns)  Path(ns)    Netlist Resource(s)
  -------------------------------------------------------------------    -------------------
                         (clock sys_clk rise edge)    0.000     0.000 r  <hidden>
                                                      0.000     0.000 r  clock
                         net (fo=109, unset)          0.973     0.973    clock
    SLICE_X32Y62         FDRE                                         r  sB_tempExp2_reg[3]/C
  -------------------------------------------------------------------    -------------------
    SLICE_X32Y62         FDRE (Prop_fdre_C_Q)         0.478     1.451 r  sB_tempExp2_reg[3]/Q
                         net (fo=4, routed)           0.700     2.151    sB_tempExp2[3]
    SLICE_X32Y62         LUT4 (Prop_lut4_I1_O)        0.301     2.452 f  outReg[14]_i_6/O
                         net (fo=1, routed)           0.617     3.069    outReg[14]_i_6_n_0
    SLICE_X32Y63         LUT4 (Prop_lut4_I2_O)        0.124     3.193 r  outReg[14]_i_3/O
                         net (fo=2, routed)           0.577     3.770    outReg3
    SLICE_X35Y63         LUT5 (Prop_lut5_I2_O)        0.124     3.894 r  outReg[14]_i_1/O
                         net (fo=8, routed)           0.648     4.542    p_0_in2_out
    SLICE_X32Y60         FDSE                                         r  outReg_reg[9]/S
  -------------------------------------------------------------------    -------------------

                         (clock sys_clk rise edge)    5.000     5.000 r  <hidden>
                                                      0.000     5.000 r  clock
                         net (fo=109, unset)          0.924     5.924    clock
    SLICE_X32Y60         FDSE                                         r  outReg_reg[9]/C
                         clock pessimism              0.000     5.924    <hidden>
                         clock uncertainty           -0.035     5.889    <hidden>
    SLICE_X32Y60         FDSE (Setup_fdse_C_S)       -0.524     5.365    outReg_reg[9]
  -------------------------------------------------------------------
                         required time                          5.365    <hidden>
                         arrival time                          -4.542    <hidden>
  -------------------------------------------------------------------
                         slack                                  0.823    <hidden>

Slack (MET) :             0.980ns  (required time - arrival time)
  Source:                 sB_tempExp2_reg[3]/C
                            (rising edge-triggered cell FDRE clocked by sys_clk  {rise@0.000ns fall@2.500ns period=5.000ns})
  Destination:            outReg_reg[10]/S
                            (rising edge-triggered cell FDSE clocked by sys_clk  {rise@0.000ns fall@2.500ns period=5.000ns})
  Path Group:             sys_clk
  Path Type:              Setup (Max at Slow Process Corner)
  Requirement:            5.000ns  (sys_clk rise@5.000ns - sys_clk rise@0.000ns)
  Data Path Delay:        3.412ns  (logic 1.027ns (30.104%)  route 2.385ns (69.896%))
  Logic Levels:           3  (LUT4=2 LUT5=1)
  Clock Path Skew:        -0.049ns (DCD - SCD + CPR)
    Destination Clock Delay (DCD):    0.924ns = ( 5.924 - 5.000 ) 
    Source Clock Delay      (SCD):    0.973ns
    Clock Pessimism Removal (CPR):    0.000ns
  Clock Uncertainty:      0.035ns  ((TSJ^2 + TIJ^2)^1/2 + DJ) / 2 + PE
    Total System Jitter     (TSJ):    0.071ns
    Total Input Jitter      (TIJ):    0.000ns
    Discrete Jitter          (DJ):    0.000ns
    Phase Error              (PE):    0.000ns

    Location             Delay type                Incr(ns)  Path(ns)    Netlist Resource(s)
  -------------------------------------------------------------------    -------------------
                         (clock sys_clk rise edge)    0.000     0.000 r  <hidden>
                                                      0.000     0.000 r  clock
                         net (fo=109, unset)          0.973     0.973    clock
    SLICE_X32Y62         FDRE                                         r  sB_tempExp2_reg[3]/C
  -------------------------------------------------------------------    -------------------
    SLICE_X32Y62         FDRE (Prop_fdre_C_Q)         0.478     1.451 r  sB_tempExp2_reg[3]/Q
                         net (fo=4, routed)           0.700     2.151    sB_tempExp2[3]
    SLICE_X32Y62         LUT4 (Prop_lut4_I1_O)        0.301     2.452 f  outReg[14]_i_6/O
                         net (fo=1, routed)           0.617     3.069    outReg[14]_i_6_n_0
    SLICE_X32Y63         LUT4 (Prop_lut4_I2_O)        0.124     3.193 r  outReg[14]_i_3/O
                         net (fo=2, routed)           0.577     3.770    outReg3
    SLICE_X35Y63         LUT5 (Prop_lut5_I2_O)        0.124     3.894 r  outReg[14]_i_1/O
                         net (fo=8, routed)           0.491     4.385    p_0_in2_out
    SLICE_X34Y62         FDSE                                         r  outReg_reg[10]/S
  -------------------------------------------------------------------    -------------------

                         (clock sys_clk rise edge)    5.000     5.000 r  <hidden>
                                                      0.000     5.000 r  clock
                         net (fo=109, unset)          0.924     5.924    clock
    SLICE_X34Y62         FDSE                                         r  outReg_reg[10]/C
                         clock pessimism              0.000     5.924    <hidden>
                         clock uncertainty           -0.035     5.889    <hidden>
    SLICE_X34Y62         FDSE (Setup_fdse_C_S)       -0.524     5.365    outReg_reg[10]
  -------------------------------------------------------------------
                         required time                          5.365    <hidden>
                         arrival time                          -4.385    <hidden>
  -------------------------------------------------------------------
                         slack                                  0.980    <hidden>





Min Delay Paths
--------------------------------------------------------------------------------------
Slack (MET) :             0.046ns  (arrival time - required time)
  Source:                 sA_tempExp_r_reg[7]/C
                            (rising edge-triggered cell FDRE clocked by sys_clk  {rise@0.000ns fall@2.500ns period=5.000ns})
  Destination:            sA_tempExp_r_4_reg[7]_srl4/D
                            (rising edge-triggered cell SRL16E clocked by sys_clk  {rise@0.000ns fall@2.500ns period=5.000ns})
  Path Group:             sys_clk
  Path Type:              Hold (Min at Fast Process Corner)
  Requirement:            0.000ns  (sys_clk rise@0.000ns - sys_clk rise@0.000ns)
  Data Path Delay:        0.251ns  (logic 0.141ns (56.174%)  route 0.110ns (43.826%))
  Logic Levels:           0  
  Clock Path Skew:        0.022ns (DCD - SCD - CPR)
    Destination Clock Delay (DCD):    0.432ns
    Source Clock Delay      (SCD):    0.410ns
    Clock Pessimism Removal (CPR):    -0.000ns

    Location             Delay type                Incr(ns)  Path(ns)    Netlist Resource(s)
  -------------------------------------------------------------------    -------------------
                         (clock sys_clk rise edge)    0.000     0.000 r  <hidden>
                                                      0.000     0.000 r  clock
                         net (fo=109, unset)          0.410     0.410    clock
    SLICE_X31Y62         FDRE                                         r  sA_tempExp_r_reg[7]/C
  -------------------------------------------------------------------    -------------------
    SLICE_X31Y62         FDRE (Prop_fdre_C_Q)         0.141     0.551 r  sA_tempExp_r_reg[7]/Q
                         net (fo=1, routed)           0.110     0.661    sA_tempExp_r_reg_n_0_[7]
    SLICE_X30Y61         SRL16E                                       r  sA_tempExp_r_4_reg[7]_srl4/D
  -------------------------------------------------------------------    -------------------

                         (clock sys_clk rise edge)    0.000     0.000 r  <hidden>
                                                      0.000     0.000 r  clock
                         net (fo=109, unset)          0.432     0.432    clock
    SLICE_X30Y61         SRL16E                                       r  sA_tempExp_r_4_reg[7]_srl4/CLK
                         clock pessimism              0.000     0.432    <hidden>
    SLICE_X30Y61         SRL16E (Hold_srl16e_CLK_D)
                                                      0.183     0.615    sA_tempExp_r_4_reg[7]_srl4
  -------------------------------------------------------------------
                         required time                         -0.615    <hidden>
                         arrival time                           0.661    <hidden>
  -------------------------------------------------------------------
                         slack                                  0.046    <hidden>

Slack (MET) :             0.112ns  (arrival time - required time)
  Source:                 sA_tempExp_r_reg[4]/C
                            (rising edge-triggered cell FDRE clocked by sys_clk  {rise@0.000ns fall@2.500ns period=5.000ns})
  Destination:            sA_tempExp_r_4_reg[4]_srl4/D
                            (rising edge-triggered cell SRL16E clocked by sys_clk  {rise@0.000ns fall@2.500ns period=5.000ns})
  Path Group:             sys_clk
  Path Type:              Hold (Min at Fast Process Corner)
  Requirement:            0.000ns  (sys_clk rise@0.000ns - sys_clk rise@0.000ns)
  Data Path Delay:        0.251ns  (logic 0.141ns (56.174%)  route 0.110ns (43.826%))
  Logic Levels:           0  
  Clock Path Skew:        0.022ns (DCD - SCD - CPR)
    Destination Clock Delay (DCD):    0.432ns
    Source Clock Delay      (SCD):    0.410ns
    Clock Pessimism Removal (CPR):    -0.000ns

    Location             Delay type                Incr(ns)  Path(ns)    Netlist Resource(s)
  -------------------------------------------------------------------    -------------------
                         (clock sys_clk rise edge)    0.000     0.000 r  <hidden>
                                                      0.000     0.000 r  clock
                         net (fo=109, unset)          0.410     0.410    clock
    SLICE_X31Y62         FDRE                                         r  sA_tempExp_r_reg[4]/C
  -------------------------------------------------------------------    -------------------
    SLICE_X31Y62         FDRE (Prop_fdre_C_Q)         0.141     0.551 r  sA_tempExp_r_reg[4]/Q
                         net (fo=1, routed)           0.110     0.661    sA_tempExp_r_reg_n_0_[4]
    SLICE_X30Y61         SRL16E                                       r  sA_tempExp_r_4_reg[4]_srl4/D
  -------------------------------------------------------------------    -------------------

                         (clock sys_clk rise edge)    0.000     0.000 r  <hidden>
                                                      0.000     0.000 r  clock
                         net (fo=109, unset)          0.432     0.432    clock
    SLICE_X30Y61         SRL16E                                       r  sA_tempExp_r_4_reg[4]_srl4/CLK
                         clock pessimism              0.000     0.432    <hidden>
    SLICE_X30Y61         SRL16E (Hold_srl16e_CLK_D)
                                                      0.117     0.549    sA_tempExp_r_4_reg[4]_srl4
  -------------------------------------------------------------------
                         required time                         -0.549    <hidden>
                         arrival time                           0.661    <hidden>
  -------------------------------------------------------------------
                         slack                                  0.112    <hidden>

Slack (MET) :             0.114ns  (arrival time - required time)
  Source:                 sA_tempExp_r_reg[5]/C
                            (rising edge-triggered cell FDRE clocked by sys_clk  {rise@0.000ns fall@2.500ns period=5.000ns})
  Destination:            sA_tempExp_r_4_reg[5]_srl4/D
                            (rising edge-triggered cell SRL16E clocked by sys_clk  {rise@0.000ns fall@2.500ns period=5.000ns})
  Path Group:             sys_clk
  Path Type:              Hold (Min at Fast Process Corner)
  Requirement:            0.000ns  (sys_clk rise@0.000ns - sys_clk rise@0.000ns)
  Data Path Delay:        0.251ns  (logic 0.141ns (56.174%)  route 0.110ns (43.826%))
  Logic Levels:           0  
  Clock Path Skew:        0.022ns (DCD - SCD - CPR)
    Destination Clock Delay (DCD):    0.432ns
    Source Clock Delay      (SCD):    0.410ns
    Clock Pessimism Removal (CPR):    -0.000ns

    Location             Delay type                Incr(ns)  Path(ns)    Netlist Resource(s)
  -------------------------------------------------------------------    -------------------
                         (clock sys_clk rise edge)    0.000     0.000 r  <hidden>
                                                      0.000     0.000 r  clock
                         net (fo=109, unset)          0.410     0.410    clock
    SLICE_X31Y62         FDRE                                         r  sA_tempExp_r_reg[5]/C
  -------------------------------------------------------------------    -------------------
    SLICE_X31Y62         FDRE (Prop_fdre_C_Q)         0.141     0.551 r  sA_tempExp_r_reg[5]/Q
                         net (fo=1, routed)           0.110     0.661    sA_tempExp_r_reg_n_0_[5]
    SLICE_X30Y61         SRL16E                                       r  sA_tempExp_r_4_reg[5]_srl4/D
  -------------------------------------------------------------------    -------------------

                         (clock sys_clk rise edge)    0.000     0.000 r  <hidden>
                                                      0.000     0.000 r  clock
                         net (fo=109, unset)          0.432     0.432    clock
    SLICE_X30Y61         SRL16E                                       r  sA_tempExp_r_4_reg[5]_srl4/CLK
                         clock pessimism              0.000     0.432    <hidden>
    SLICE_X30Y61         SRL16E (Hold_srl16e_CLK_D)
                                                      0.115     0.547    sA_tempExp_r_4_reg[5]_srl4
  -------------------------------------------------------------------
                         required time                         -0.547    <hidden>
                         arrival time                           0.661    <hidden>
  -------------------------------------------------------------------
                         slack                                  0.114    <hidden>

Slack (MET) :             0.120ns  (arrival time - required time)
  Source:                 sA_tempExp_r_reg[6]/C
                            (rising edge-triggered cell FDRE clocked by sys_clk  {rise@0.000ns fall@2.500ns period=5.000ns})
  Destination:            sA_tempExp_r_4_reg[6]_srl4/D
                            (rising edge-triggered cell SRL16E clocked by sys_clk  {rise@0.000ns fall@2.500ns period=5.000ns})
  Path Group:             sys_clk
  Path Type:              Hold (Min at Fast Process Corner)
  Requirement:            0.000ns  (sys_clk rise@0.000ns - sys_clk rise@0.000ns)
  Data Path Delay:        0.251ns  (logic 0.141ns (56.174%)  route 0.110ns (43.826%))
  Logic Levels:           0  
  Clock Path Skew:        0.022ns (DCD - SCD - CPR)
    Destination Clock Delay (DCD):    0.432ns
    Source Clock Delay      (SCD):    0.410ns
    Clock Pessimism Removal (CPR):    -0.000ns

    Location             Delay type                Incr(ns)  Path(ns)    Netlist Resource(s)
  -------------------------------------------------------------------    -------------------
                         (clock sys_clk rise edge)    0.000     0.000 r  <hidden>
                                                      0.000     0.000 r  clock
                         net (fo=109, unset)          0.410     0.410    clock
    SLICE_X31Y62         FDRE                                         r  sA_tempExp_r_reg[6]/C
  -------------------------------------------------------------------    -------------------
    SLICE_X31Y62         FDRE (Prop_fdre_C_Q)         0.141     0.551 r  sA_tempExp_r_reg[6]/Q
                         net (fo=1, routed)           0.110     0.661    sA_tempExp_r_reg_n_0_[6]
    SLICE_X30Y61         SRL16E                                       r  sA_tempExp_r_4_reg[6]_srl4/D
  -------------------------------------------------------------------    -------------------

                         (clock sys_clk rise edge)    0.000     0.000 r  <hidden>
                                                      0.000     0.000 r  clock
                         net (fo=109, unset)          0.432     0.432    clock
    SLICE_X30Y61         SRL16E                                       r  sA_tempExp_r_4_reg[6]_srl4/CLK
                         clock pessimism              0.000     0.432    <hidden>
    SLICE_X30Y61         SRL16E (Hold_srl16e_CLK_D)
                                                      0.109     0.541    sA_tempExp_r_4_reg[6]_srl4
  -------------------------------------------------------------------
                         required time                         -0.541    <hidden>
                         arrival time                           0.661    <hidden>
  -------------------------------------------------------------------
                         slack                                  0.120    <hidden>

Slack (MET) :             0.134ns  (arrival time - required time)
  Source:                 sA_tempExp_r_reg[0]/C
                            (rising edge-triggered cell FDRE clocked by sys_clk  {rise@0.000ns fall@2.500ns period=5.000ns})
  Destination:            sA_tempExp_r_4_reg[0]_srl4/D
                            (rising edge-triggered cell SRL16E clocked by sys_clk  {rise@0.000ns fall@2.500ns period=5.000ns})
  Path Group:             sys_clk
  Path Type:              Hold (Min at Fast Process Corner)
  Requirement:            0.000ns  (sys_clk rise@0.000ns - sys_clk rise@0.000ns)
  Data Path Delay:        0.257ns  (logic 0.141ns (54.828%)  route 0.116ns (45.172%))
  Logic Levels:           0  
  Clock Path Skew:        0.022ns (DCD - SCD - CPR)
    Destination Clock Delay (DCD):    0.432ns
    Source Clock Delay      (SCD):    0.410ns
    Clock Pessimism Removal (CPR):    -0.000ns

    Location             Delay type                Incr(ns)  Path(ns)    Netlist Resource(s)
  -------------------------------------------------------------------    -------------------
                         (clock sys_clk rise edge)    0.000     0.000 r  <hidden>
                                                      0.000     0.000 r  clock
                         net (fo=109, unset)          0.410     0.410    clock
    SLICE_X31Y61         FDRE                                         r  sA_tempExp_r_reg[0]/C
  -------------------------------------------------------------------    -------------------
    SLICE_X31Y61         FDRE (Prop_fdre_C_Q)         0.141     0.551 r  sA_tempExp_r_reg[0]/Q
                         net (fo=1, routed)           0.116     0.667    sA_tempExp_r_reg_n_0_[0]
    SLICE_X30Y61         SRL16E                                       r  sA_tempExp_r_4_reg[0]_srl4/D
  -------------------------------------------------------------------    -------------------

                         (clock sys_clk rise edge)    0.000     0.000 r  <hidden>
                                                      0.000     0.000 r  clock
                         net (fo=109, unset)          0.432     0.432    clock
    SLICE_X30Y61         SRL16E                                       r  sA_tempExp_r_4_reg[0]_srl4/CLK
                         clock pessimism              0.000     0.432    <hidden>
    SLICE_X30Y61         SRL16E (Hold_srl16e_CLK_D)
                                                      0.102     0.534    sA_tempExp_r_4_reg[0]_srl4
  -------------------------------------------------------------------
                         required time                         -0.534    <hidden>
                         arrival time                           0.667    <hidden>
  -------------------------------------------------------------------
                         slack                                  0.134    <hidden>

Slack (MET) :             0.142ns  (arrival time - required time)
  Source:                 sA_tempExp_r_reg[2]/C
                            (rising edge-triggered cell FDRE clocked by sys_clk  {rise@0.000ns fall@2.500ns period=5.000ns})
  Destination:            sA_tempExp_r_4_reg[2]_srl4/D
                            (rising edge-triggered cell SRL16E clocked by sys_clk  {rise@0.000ns fall@2.500ns period=5.000ns})
  Path Group:             sys_clk
  Path Type:              Hold (Min at Fast Process Corner)
  Requirement:            0.000ns  (sys_clk rise@0.000ns - sys_clk rise@0.000ns)
  Data Path Delay:        0.257ns  (logic 0.141ns (54.828%)  route 0.116ns (45.172%))
  Logic Levels:           0  
  Clock Path Skew:        0.022ns (DCD - SCD - CPR)
    Destination Clock Delay (DCD):    0.432ns
    Source Clock Delay      (SCD):    0.410ns
    Clock Pessimism Removal (CPR):    -0.000ns

    Location             Delay type                Incr(ns)  Path(ns)    Netlist Resource(s)
  -------------------------------------------------------------------    -------------------
                         (clock sys_clk rise edge)    0.000     0.000 r  <hidden>
                                                      0.000     0.000 r  clock
                         net (fo=109, unset)          0.410     0.410    clock
    SLICE_X31Y61         FDRE                                         r  sA_tempExp_r_reg[2]/C
  -------------------------------------------------------------------    -------------------
    SLICE_X31Y61         FDRE (Prop_fdre_C_Q)         0.141     0.551 r  sA_tempExp_r_reg[2]/Q
                         net (fo=1, routed)           0.116     0.667    sA_tempExp_r_reg_n_0_[2]
    SLICE_X30Y61         SRL16E                                       r  sA_tempExp_r_4_reg[2]_srl4/D
  -------------------------------------------------------------------    -------------------

                         (clock sys_clk rise edge)    0.000     0.000 r  <hidden>
                                                      0.000     0.000 r  clock
                         net (fo=109, unset)          0.432     0.432    clock
    SLICE_X30Y61         SRL16E                                       r  sA_tempExp_r_4_reg[2]_srl4/CLK
                         clock pessimism              0.000     0.432    <hidden>
    SLICE_X30Y61         SRL16E (Hold_srl16e_CLK_D)
                                                      0.094     0.526    sA_tempExp_r_4_reg[2]_srl4
  -------------------------------------------------------------------
                         required time                         -0.526    <hidden>
                         arrival time                           0.667    <hidden>
  -------------------------------------------------------------------
                         slack                                  0.142    <hidden>

Slack (MET) :             0.157ns  (arrival time - required time)
  Source:                 sA_tempSig_r_4_reg[12]/C
                            (rising edge-triggered cell FDRE clocked by sys_clk  {rise@0.000ns fall@2.500ns period=5.000ns})
  Destination:            sA_tempSig_reg[12]/D
                            (rising edge-triggered cell FDRE clocked by sys_clk  {rise@0.000ns fall@2.500ns period=5.000ns})
  Path Group:             sys_clk
  Path Type:              Hold (Min at Fast Process Corner)
  Requirement:            0.000ns  (sys_clk rise@0.000ns - sys_clk rise@0.000ns)
  Data Path Delay:        0.251ns  (logic 0.141ns (56.174%)  route 0.110ns (43.826%))
  Logic Levels:           0  
  Clock Path Skew:        0.022ns (DCD - SCD - CPR)
    Destination Clock Delay (DCD):    0.432ns
    Source Clock Delay      (SCD):    0.410ns
    Clock Pessimism Removal (CPR):    -0.000ns

    Location             Delay type                Incr(ns)  Path(ns)    Netlist Resource(s)
  -------------------------------------------------------------------    -------------------
                         (clock sys_clk rise edge)    0.000     0.000 r  <hidden>
                                                      0.000     0.000 r  clock
                         net (fo=109, unset)          0.410     0.410    clock
    SLICE_X33Y66         FDRE                                         r  sA_tempSig_r_4_reg[12]/C
  -------------------------------------------------------------------    -------------------
    SLICE_X33Y66         FDRE (Prop_fdre_C_Q)         0.141     0.551 r  sA_tempSig_r_4_reg[12]/Q
                         net (fo=1, routed)           0.110     0.661    sA_tempSig_r_4[12]
    SLICE_X33Y66         FDRE                                         r  sA_tempSig_reg[12]/D
  -------------------------------------------------------------------    -------------------

                         (clock sys_clk rise edge)    0.000     0.000 r  <hidden>
                                                      0.000     0.000 r  clock
                         net (fo=109, unset)          0.432     0.432    clock
    SLICE_X33Y66         FDRE                                         r  sA_tempSig_reg[12]/C
                         clock pessimism              0.000     0.432    <hidden>
    SLICE_X33Y66         FDRE (Hold_fdre_C_D)         0.072     0.504    sA_tempSig_reg[12]
  -------------------------------------------------------------------
                         required time                         -0.504    <hidden>
                         arrival time                           0.661    <hidden>
  -------------------------------------------------------------------
                         slack                                  0.157    <hidden>

Slack (MET) :             0.181ns  (arrival time - required time)
  Source:                 sA_tempSig_r_4_reg[4]/C
                            (rising edge-triggered cell FDRE clocked by sys_clk  {rise@0.000ns fall@2.500ns period=5.000ns})
  Destination:            sA_tempSig_reg[4]/D
                            (rising edge-triggered cell FDRE clocked by sys_clk  {rise@0.000ns fall@2.500ns period=5.000ns})
  Path Group:             sys_clk
  Path Type:              Hold (Min at Fast Process Corner)
  Requirement:            0.000ns  (sys_clk rise@0.000ns - sys_clk rise@0.000ns)
  Data Path Delay:        0.275ns  (logic 0.141ns (51.279%)  route 0.134ns (48.721%))
  Logic Levels:           0  
  Clock Path Skew:        0.022ns (DCD - SCD - CPR)
    Destination Clock Delay (DCD):    0.432ns
    Source Clock Delay      (SCD):    0.410ns
    Clock Pessimism Removal (CPR):    -0.000ns

    Location             Delay type                Incr(ns)  Path(ns)    Netlist Resource(s)
  -------------------------------------------------------------------    -------------------
                         (clock sys_clk rise edge)    0.000     0.000 r  <hidden>
                                                      0.000     0.000 r  clock
                         net (fo=109, unset)          0.410     0.410    clock
    SLICE_X37Y65         FDRE                                         r  sA_tempSig_r_4_reg[4]/C
  -------------------------------------------------------------------    -------------------
    SLICE_X37Y65         FDRE (Prop_fdre_C_Q)         0.141     0.551 r  sA_tempSig_r_4_reg[4]/Q
                         net (fo=1, routed)           0.134     0.685    sA_tempSig_r_4[4]
    SLICE_X35Y65         FDRE                                         r  sA_tempSig_reg[4]/D
  -------------------------------------------------------------------    -------------------

                         (clock sys_clk rise edge)    0.000     0.000 r  <hidden>
                                                      0.000     0.000 r  clock
                         net (fo=109, unset)          0.432     0.432    clock
    SLICE_X35Y65         FDRE                                         r  sA_tempSig_reg[4]/C
                         clock pessimism              0.000     0.432    <hidden>
    SLICE_X35Y65         FDRE (Hold_fdre_C_D)         0.072     0.504    sA_tempSig_reg[4]
  -------------------------------------------------------------------
                         required time                         -0.504    <hidden>
                         arrival time                           0.685    <hidden>
  -------------------------------------------------------------------
                         slack                                  0.181    <hidden>

Slack (MET) :             0.188ns  (arrival time - required time)
  Source:                 sA_tempExp_r_reg[8]/C
                            (rising edge-triggered cell FDRE clocked by sys_clk  {rise@0.000ns fall@2.500ns period=5.000ns})
  Destination:            sA_tempExp_r_4_reg[8]_srl4/D
                            (rising edge-triggered cell SRL16E clocked by sys_clk  {rise@0.000ns fall@2.500ns period=5.000ns})
  Path Group:             sys_clk
  Path Type:              Hold (Min at Fast Process Corner)
  Requirement:            0.000ns  (sys_clk rise@0.000ns - sys_clk rise@0.000ns)
  Data Path Delay:        0.311ns  (logic 0.141ns (45.298%)  route 0.170ns (54.702%))
  Logic Levels:           0  
  Clock Path Skew:        0.022ns (DCD - SCD - CPR)
    Destination Clock Delay (DCD):    0.432ns
    Source Clock Delay      (SCD):    0.410ns
    Clock Pessimism Removal (CPR):    -0.000ns

    Location             Delay type                Incr(ns)  Path(ns)    Netlist Resource(s)
  -------------------------------------------------------------------    -------------------
                         (clock sys_clk rise edge)    0.000     0.000 r  <hidden>
                                                      0.000     0.000 r  clock
                         net (fo=109, unset)          0.410     0.410    clock
    SLICE_X31Y63         FDRE                                         r  sA_tempExp_r_reg[8]/C
  -------------------------------------------------------------------    -------------------
    SLICE_X31Y63         FDRE (Prop_fdre_C_Q)         0.141     0.551 r  sA_tempExp_r_reg[8]/Q
                         net (fo=1, routed)           0.170     0.721    sA_tempExp_r_reg_n_0_[8]
    SLICE_X30Y63         SRL16E                                       r  sA_tempExp_r_4_reg[8]_srl4/D
  -------------------------------------------------------------------    -------------------

                         (clock sys_clk rise edge)    0.000     0.000 r  <hidden>
                                                      0.000     0.000 r  clock
                         net (fo=109, unset)          0.432     0.432    clock
    SLICE_X30Y63         SRL16E                                       r  sA_tempExp_r_4_reg[8]_srl4/CLK
                         clock pessimism              0.000     0.432    <hidden>
    SLICE_X30Y63         SRL16E (Hold_srl16e_CLK_D)
                                                      0.102     0.534    sA_tempExp_r_4_reg[8]_srl4
  -------------------------------------------------------------------
                         required time                         -0.534    <hidden>
                         arrival time                           0.721    <hidden>
  -------------------------------------------------------------------
                         slack                                  0.188    <hidden>

Slack (MET) :             0.189ns  (arrival time - required time)
  Source:                 sA_tempSig_r_4_reg[14]/C
                            (rising edge-triggered cell FDRE clocked by sys_clk  {rise@0.000ns fall@2.500ns period=5.000ns})
  Destination:            sA_tempSig_reg[14]/D
                            (rising edge-triggered cell FDRE clocked by sys_clk  {rise@0.000ns fall@2.500ns period=5.000ns})
  Path Group:             sys_clk
  Path Type:              Hold (Min at Fast Process Corner)
  Requirement:            0.000ns  (sys_clk rise@0.000ns - sys_clk rise@0.000ns)
  Data Path Delay:        0.274ns  (logic 0.164ns (59.853%)  route 0.110ns (40.147%))
  Logic Levels:           0  
  Clock Path Skew:        0.022ns (DCD - SCD - CPR)
    Destination Clock Delay (DCD):    0.432ns
    Source Clock Delay      (SCD):    0.410ns
    Clock Pessimism Removal (CPR):    -0.000ns

    Location             Delay type                Incr(ns)  Path(ns)    Netlist Resource(s)
  -------------------------------------------------------------------    -------------------
                         (clock sys_clk rise edge)    0.000     0.000 r  <hidden>
                                                      0.000     0.000 r  clock
                         net (fo=109, unset)          0.410     0.410    clock
    SLICE_X34Y65         FDRE                                         r  sA_tempSig_r_4_reg[14]/C
  -------------------------------------------------------------------    -------------------
    SLICE_X34Y65         FDRE (Prop_fdre_C_Q)         0.164     0.574 r  sA_tempSig_r_4_reg[14]/Q
                         net (fo=1, routed)           0.110     0.684    sA_tempSig_r_4[14]
    SLICE_X34Y65         FDRE                                         r  sA_tempSig_reg[14]/D
  -------------------------------------------------------------------    -------------------

                         (clock sys_clk rise edge)    0.000     0.000 r  <hidden>
                                                      0.000     0.000 r  clock
                         net (fo=109, unset)          0.432     0.432    clock
    SLICE_X34Y65         FDRE                                         r  sA_tempSig_reg[14]/C
                         clock pessimism              0.000     0.432    <hidden>
    SLICE_X34Y65         FDRE (Hold_fdre_C_D)         0.063     0.495    sA_tempSig_reg[14]
  -------------------------------------------------------------------
                         required time                         -0.495    <hidden>
                         arrival time                           0.684    <hidden>
  -------------------------------------------------------------------
                         slack                                  0.189    <hidden>





Pulse Width Checks
--------------------------------------------------------------------------------------
Clock Name:         sys_clk
Waveform(ns):       { 0.000 2.500 }
Period(ns):         5.000
Sources:            { clock }

Check Type        Corner  Lib Pin      Reference Pin  Required(ns)  Actual(ns)  Slack(ns)  Location      Pin
Min Period        n/a     DSP48E1/CLK  n/a            2.154         5.000       2.846      DSP48_X2Y26   sA_tempSig_r_3_reg/CLK
Min Period        n/a     FDRE/C       n/a            1.000         5.000       4.000      SLICE_X33Y64  outReg_reg[0]/C
Min Period        n/a     FDSE/C       n/a            1.000         5.000       4.000      SLICE_X34Y62  outReg_reg[10]/C
Min Period        n/a     FDSE/C       n/a            1.000         5.000       4.000      SLICE_X34Y62  outReg_reg[11]/C
Min Period        n/a     FDSE/C       n/a            1.000         5.000       4.000      SLICE_X34Y62  outReg_reg[12]/C
Min Period        n/a     FDSE/C       n/a            1.000         5.000       4.000      SLICE_X34Y62  outReg_reg[13]/C
Min Period        n/a     FDSE/C       n/a            1.000         5.000       4.000      SLICE_X34Y62  outReg_reg[14]/C
Min Period        n/a     FDRE/C       n/a            1.000         5.000       4.000      SLICE_X31Y64  outReg_reg[15]/C
Min Period        n/a     FDRE/C       n/a            1.000         5.000       4.000      SLICE_X33Y64  outReg_reg[1]/C
Min Period        n/a     FDRE/C       n/a            1.000         5.000       4.000      SLICE_X33Y64  outReg_reg[2]/C
Low Pulse Width   Slow    SRL16E/CLK   n/a            0.980         2.500       1.520      SLICE_X26Y65  sA_infInput_r_4_reg_srl5/CLK
Low Pulse Width   Fast    SRL16E/CLK   n/a            0.980         2.500       1.520      SLICE_X26Y65  sA_infInput_r_4_reg_srl5/CLK
Low Pulse Width   Slow    SRL16E/CLK   n/a            0.980         2.500       1.520      SLICE_X26Y65  sA_isNaN_r_4_reg_srl5/CLK
Low Pulse Width   Fast    SRL16E/CLK   n/a            0.980         2.500       1.520      SLICE_X26Y65  sA_isNaN_r_4_reg_srl5/CLK
Low Pulse Width   Slow    SRL16E/CLK   n/a            0.980         2.500       1.520      SLICE_X26Y65  sA_sign_reg_srl6/CLK
Low Pulse Width   Fast    SRL16E/CLK   n/a            0.980         2.500       1.520      SLICE_X26Y65  sA_sign_reg_srl6/CLK
Low Pulse Width   Slow    SRL16E/CLK   n/a            0.980         2.500       1.520      SLICE_X30Y61  sA_tempExp_r_4_reg[0]_srl4/CLK
Low Pulse Width   Fast    SRL16E/CLK   n/a            0.980         2.500       1.520      SLICE_X30Y61  sA_tempExp_r_4_reg[0]_srl4/CLK
Low Pulse Width   Slow    SRL16E/CLK   n/a            0.980         2.500       1.520      SLICE_X30Y61  sA_tempExp_r_4_reg[1]_srl4/CLK
Low Pulse Width   Fast    SRL16E/CLK   n/a            0.980         2.500       1.520      SLICE_X30Y61  sA_tempExp_r_4_reg[1]_srl4/CLK
High Pulse Width  Slow    SRL16E/CLK   n/a            0.980         2.500       1.520      SLICE_X26Y65  sA_infInput_r_4_reg_srl5/CLK
High Pulse Width  Fast    SRL16E/CLK   n/a            0.980         2.500       1.520      SLICE_X26Y65  sA_infInput_r_4_reg_srl5/CLK
High Pulse Width  Slow    SRL16E/CLK   n/a            0.980         2.500       1.520      SLICE_X26Y65  sA_isNaN_r_4_reg_srl5/CLK
High Pulse Width  Fast    SRL16E/CLK   n/a            0.980         2.500       1.520      SLICE_X26Y65  sA_isNaN_r_4_reg_srl5/CLK
High Pulse Width  Slow    SRL16E/CLK   n/a            0.980         2.500       1.520      SLICE_X26Y65  sA_sign_reg_srl6/CLK
High Pulse Width  Fast    SRL16E/CLK   n/a            0.980         2.500       1.520      SLICE_X26Y65  sA_sign_reg_srl6/CLK
High Pulse Width  Slow    SRL16E/CLK   n/a            0.980         2.500       1.520      SLICE_X30Y61  sA_tempExp_r_4_reg[0]_srl4/CLK
High Pulse Width  Fast    SRL16E/CLK   n/a            0.980         2.500       1.520      SLICE_X30Y61  sA_tempExp_r_4_reg[0]_srl4/CLK
High Pulse Width  Slow    SRL16E/CLK   n/a            0.980         2.500       1.520      SLICE_X30Y61  sA_tempExp_r_4_reg[1]_srl4/CLK
High Pulse Width  Fast    SRL16E/CLK   n/a            0.980         2.500       1.520      SLICE_X30Y61  sA_tempExp_r_4_reg[1]_srl4/CLK



