Copyright 1986-2022 Xilinx, Inc. All Rights Reserved. Copyright 2022-2026 Advanced Micro Devices, Inc. All Rights Reserved.
---------------------------------------------------------------------------------------------------------------------------------------------
| Tool Version : Vivado v.2026.1 (lin64) Build 6511674 Tue Jun 16 11:01:26 MDT 2026
| Date         : Sun Sep 13 17:45:05 2026
| Host         : Nix-Los running 64-bit unknown
| Command      : report_timing_summary -max_paths 10 -file ./reports_fp64_d1_run01/timing_summary.rpt
| Design       : FPMul
| Device       : 7z020-clg400
| Speed File   : -1  PRODUCTION 1.12 2019-11-22
| Design State : Routed
---------------------------------------------------------------------------------------------------------------------------------------------

Timing Summary Report

------------------------------------------------------------------------------------------------
| Timer Settings
| --------------
------------------------------------------------------------------------------------------------

  Enable Multi Corner Analysis               :  Yes
  Enable Pessimism Removal                   :  Yes
  Pessimism Removal Resolution               :  Nearest Common Node
  Enable Input Delay Default Clock           :  No
  Enable Preset / Clear Arcs                 :  No
  Disable Flight Delays                      :  No
  Ignore I/O Paths                           :  No
  Timing Early Launch at Borrowing Latches   :  No
  Borrow Time for Max Delay Exceptions       :  Yes
  Merge Timing Exceptions                    :  Yes
  Inter-SLR Compensation                     :  Conservative

  Corner  Analyze    Analyze    
  Name    Max Paths  Min Paths  
  ------  ---------  ---------  
  Slow    Yes        Yes        
  Fast    Yes        Yes        


------------------------------------------------------------------------------------------------
| Report Methodology
| ------------------
------------------------------------------------------------------------------------------------

No report available as report_methodology has not been run prior. Run report_methodology on the current design for the summary of methodology violations.



check_timing report

Table of Contents
-----------------
1. checking no_clock (0)
2. checking constant_clock (0)
3. checking pulse_width_clock (0)
4. checking unconstrained_internal_endpoints (0)
5. checking no_input_delay (128)
6. checking no_output_delay (64)
7. checking multiple_clock (0)
8. checking generated_clocks (0)
9. checking loops (0)
10. checking partial_input_delay (0)
11. checking partial_output_delay (0)
12. checking latch_loops (0)

1. checking no_clock (0)
------------------------
 There are 0 register/latch pins with no clock.


2. checking constant_clock (0)
------------------------------
 There are 0 register/latch pins with constant_clock.


3. checking pulse_width_clock (0)
---------------------------------
 There are 0 register/latch pins which need pulse_width check


4. checking unconstrained_internal_endpoints (0)
------------------------------------------------
 There are 0 pins that are not constrained for maximum delay.

 There are 0 pins that are not constrained for maximum delay due to constant clock.


5. checking no_input_delay (128)
--------------------------------
 There are 128 input ports with no input delay specified. (HIGH)

 There are 0 input ports with no input delay but user has a false path constraint.


6. checking no_output_delay (64)
--------------------------------
 There are 64 ports with no output delay specified. (HIGH)

 There are 0 ports with no output delay but user has a false path constraint

 There are 0 ports with no output delay but with a timing clock defined on it or propagating through it


7. checking multiple_clock (0)
------------------------------
 There are 0 register/latch pins with multiple clocks.


8. checking generated_clocks (0)
--------------------------------
 There are 0 generated clocks that are not connected to a clock source.


9. checking loops (0)
---------------------
 There are 0 combinational loops in the design.


10. checking partial_input_delay (0)
------------------------------------
 There are 0 input ports with partial input delay specified.


11. checking partial_output_delay (0)
-------------------------------------
 There are 0 ports with partial output delay specified.


12. checking latch_loops (0)
----------------------------
 There are 0 combinational latch loops in the design through latch input



------------------------------------------------------------------------------------------------
| Design Timing Summary
| ---------------------
------------------------------------------------------------------------------------------------

    WNS(ns)      TNS(ns)  TNS Failing Endpoints  TNS Total Endpoints      WHS(ns)      THS(ns)  THS Failing Endpoints  THS Total Endpoints     WPWS(ns)     TPWS(ns)  TPWS Failing Endpoints  TPWS Total Endpoints  
    -------      -------  ---------------------  -------------------      -------      -------  ---------------------  -------------------     --------     --------  ----------------------  --------------------  
      0.205        0.000                      0                  320        0.154        0.000                      0                  320        1.520        0.000                       0                   333  


All user specified timing constraints are met.


------------------------------------------------------------------------------------------------
| Clock Summary
| -------------
------------------------------------------------------------------------------------------------

Clock    Waveform(ns)         Period(ns)      Frequency(MHz)
-----    ------------         ----------      --------------
sys_clk  {0.000 2.500}        5.000           200.000         


------------------------------------------------------------------------------------------------
| Intra Clock Table
| -----------------
------------------------------------------------------------------------------------------------

Clock             WNS(ns)      TNS(ns)  TNS Failing Endpoints  TNS Total Endpoints      WHS(ns)      THS(ns)  THS Failing Endpoints  THS Total Endpoints     WPWS(ns)     TPWS(ns)  TPWS Failing Endpoints  TPWS Total Endpoints  
-----             -------      -------  ---------------------  -------------------      -------      -------  ---------------------  -------------------     --------     --------  ----------------------  --------------------  
sys_clk             0.205        0.000                      0                  320        0.154        0.000                      0                  320        1.520        0.000                       0                   333  


------------------------------------------------------------------------------------------------
| Inter Clock Table
| -----------------
------------------------------------------------------------------------------------------------

From Clock    To Clock          WNS(ns)      TNS(ns)  TNS Failing Endpoints  TNS Total Endpoints      WHS(ns)      THS(ns)  THS Failing Endpoints  THS Total Endpoints  
----------    --------          -------      -------  ---------------------  -------------------      -------      -------  ---------------------  -------------------  


------------------------------------------------------------------------------------------------
| Other Path Groups Table
| -----------------------
------------------------------------------------------------------------------------------------

Path Group    From Clock    To Clock          WNS(ns)      TNS(ns)  TNS Failing Endpoints  TNS Total Endpoints      WHS(ns)      THS(ns)  THS Failing Endpoints  THS Total Endpoints  
----------    ----------    --------          -------      -------  ---------------------  -------------------      -------      -------  ---------------------  -------------------  


------------------------------------------------------------------------------------------------
| Timing Details
| --------------
------------------------------------------------------------------------------------------------


---------------------------------------------------------------------------------------------------
From Clock:  sys_clk
  To Clock:  sys_clk

Setup :            0  Failing Endpoints,  Worst Slack        0.205ns,  Total Violation        0.000ns
Hold  :            0  Failing Endpoints,  Worst Slack        0.154ns,  Total Violation        0.000ns
PW    :            0  Failing Endpoints,  Worst Slack        1.520ns,  Total Violation        0.000ns
---------------------------------------------------------------------------------------------------


Max Delay Paths
--------------------------------------------------------------------------------------
Slack (MET) :             0.205ns  (required time - arrival time)
  Source:                 sB_sig_reg[18]/C
                            (rising edge-triggered cell FDRE clocked by sys_clk  {rise@0.000ns fall@2.500ns period=5.000ns})
  Destination:            outReg_reg[61]/D
                            (rising edge-triggered cell FDSE clocked by sys_clk  {rise@0.000ns fall@2.500ns period=5.000ns})
  Path Group:             sys_clk
  Path Type:              Setup (Max at Slow Process Corner)
  Requirement:            5.000ns  (sys_clk rise@5.000ns - sys_clk rise@0.000ns)
  Data Path Delay:        4.742ns  (logic 2.346ns (49.474%)  route 2.396ns (50.526%))
  Logic Levels:           8  (CARRY4=3 LUT2=2 LUT4=1 LUT5=1 LUT6=1)
  Clock Path Skew:        -0.049ns (DCD - SCD + CPR)
    Destination Clock Delay (DCD):    0.924ns = ( 5.924 - 5.000 ) 
    Source Clock Delay      (SCD):    0.973ns
    Clock Pessimism Removal (CPR):    0.000ns
  Clock Uncertainty:      0.035ns  ((TSJ^2 + TIJ^2)^1/2 + DJ) / 2 + PE
    Total System Jitter     (TSJ):    0.071ns
    Total Input Jitter      (TIJ):    0.000ns
    Discrete Jitter          (DJ):    0.000ns
    Phase Error              (PE):    0.000ns

    Location             Delay type                Incr(ns)  Path(ns)    Netlist Resource(s)
  -------------------------------------------------------------------    -------------------
                         (clock sys_clk rise edge)    0.000     0.000 r  <hidden>
                                                      0.000     0.000 r  clock
                         net (fo=332, unset)          0.973     0.973    clock
    SLICE_X41Y56         FDRE                                         r  sB_sig_reg[18]/C
  -------------------------------------------------------------------    -------------------
    SLICE_X41Y56         FDRE (Prop_fdre_C_Q)         0.419     1.392 r  sB_sig_reg[18]/Q
                         net (fo=2, routed)           0.602     1.994    sB_sig_reg_n_0_[18]
    SLICE_X39Y56         LUT4 (Prop_lut4_I0_O)        0.296     2.290 r  outReg[62]_i_21/O
                         net (fo=1, routed)           0.979     3.270    outReg[62]_i_21_n_0
    SLICE_X37Y56         LUT5 (Prop_lut5_I2_O)        0.124     3.394 f  outReg[62]_i_12/O
                         net (fo=1, routed)           0.151     3.545    outReg[62]_i_12_n_0
    SLICE_X37Y56         LUT6 (Prop_lut6_I5_O)        0.124     3.669 r  outReg[62]_i_4/O
                         net (fo=4, routed)           0.358     4.027    p_0_in3_out
    SLICE_X34Y56         LUT2 (Prop_lut2_I1_O)        0.124     4.151 r  outReg[55]_i_6/O
                         net (fo=1, routed)           0.000     4.151    outReg[55]_i_6_n_0
    SLICE_X34Y56         CARRY4 (Prop_carry4_S[0]_CO[3])
                                                      0.513     4.664 r  outReg_reg[55]_i_2/CO[3]
                         net (fo=1, routed)           0.000     4.664    outReg_reg[55]_i_2_n_0
    SLICE_X34Y57         CARRY4 (Prop_carry4_CI_CO[3])
                                                      0.117     4.781 r  outReg_reg[59]_i_2/CO[3]
                         net (fo=1, routed)           0.000     4.781    outReg_reg[59]_i_2_n_0
    SLICE_X34Y58         CARRY4 (Prop_carry4_CI_O[1])
                                                      0.323     5.104 r  outReg_reg[62]_i_5/O[1]
                         net (fo=1, routed)           0.305     5.409    outReg_reg[62]_i_5_n_6
    SLICE_X33Y58         LUT2 (Prop_lut2_I0_O)        0.306     5.715 r  outReg[61]_i_1/O
                         net (fo=1, routed)           0.000     5.715    outReg[61]_i_1_n_0
    SLICE_X33Y58         FDSE                                         r  outReg_reg[61]/D
  -------------------------------------------------------------------    -------------------

                         (clock sys_clk rise edge)    5.000     5.000 r  <hidden>
                                                      0.000     5.000 r  clock
                         net (fo=332, unset)          0.924     5.924    clock
    SLICE_X33Y58         FDSE                                         r  outReg_reg[61]/C
                         clock pessimism              0.000     5.924    <hidden>
                         clock uncertainty           -0.035     5.889    <hidden>
    SLICE_X33Y58         FDSE (Setup_fdse_C_D)        0.031     5.920    outReg_reg[61]
  -------------------------------------------------------------------
                         required time                          5.920    <hidden>
                         arrival time                          -5.715    <hidden>
  -------------------------------------------------------------------
                         slack                                  0.205    <hidden>

Slack (MET) :             0.218ns  (required time - arrival time)
  Source:                 sB_sig_reg[18]/C
                            (rising edge-triggered cell FDRE clocked by sys_clk  {rise@0.000ns fall@2.500ns period=5.000ns})
  Destination:            outReg_reg[59]/D
                            (rising edge-triggered cell FDSE clocked by sys_clk  {rise@0.000ns fall@2.500ns period=5.000ns})
  Path Group:             sys_clk
  Path Type:              Setup (Max at Slow Process Corner)
  Requirement:            5.000ns  (sys_clk rise@5.000ns - sys_clk rise@0.000ns)
  Data Path Delay:        4.727ns  (logic 2.222ns (47.011%)  route 2.505ns (52.989%))
  Logic Levels:           7  (CARRY4=2 LUT2=2 LUT4=1 LUT5=1 LUT6=1)
  Clock Path Skew:        -0.049ns (DCD - SCD + CPR)
    Destination Clock Delay (DCD):    0.924ns = ( 5.924 - 5.000 ) 
    Source Clock Delay      (SCD):    0.973ns
    Clock Pessimism Removal (CPR):    0.000ns
  Clock Uncertainty:      0.035ns  ((TSJ^2 + TIJ^2)^1/2 + DJ) / 2 + PE
    Total System Jitter     (TSJ):    0.071ns
    Total Input Jitter      (TIJ):    0.000ns
    Discrete Jitter          (DJ):    0.000ns
    Phase Error              (PE):    0.000ns

    Location             Delay type                Incr(ns)  Path(ns)    Netlist Resource(s)
  -------------------------------------------------------------------    -------------------
                         (clock sys_clk rise edge)    0.000     0.000 r  <hidden>
                                                      0.000     0.000 r  clock
                         net (fo=332, unset)          0.973     0.973    clock
    SLICE_X41Y56         FDRE                                         r  sB_sig_reg[18]/C
  -------------------------------------------------------------------    -------------------
    SLICE_X41Y56         FDRE (Prop_fdre_C_Q)         0.419     1.392 r  sB_sig_reg[18]/Q
                         net (fo=2, routed)           0.602     1.994    sB_sig_reg_n_0_[18]
    SLICE_X39Y56         LUT4 (Prop_lut4_I0_O)        0.296     2.290 r  outReg[62]_i_21/O
                         net (fo=1, routed)           0.979     3.270    outReg[62]_i_21_n_0
    SLICE_X37Y56         LUT5 (Prop_lut5_I2_O)        0.124     3.394 f  outReg[62]_i_12/O
                         net (fo=1, routed)           0.151     3.545    outReg[62]_i_12_n_0
    SLICE_X37Y56         LUT6 (Prop_lut6_I5_O)        0.124     3.669 r  outReg[62]_i_4/O
                         net (fo=4, routed)           0.358     4.027    p_0_in3_out
    SLICE_X34Y56         LUT2 (Prop_lut2_I1_O)        0.124     4.151 r  outReg[55]_i_6/O
                         net (fo=1, routed)           0.000     4.151    outReg[55]_i_6_n_0
    SLICE_X34Y56         CARRY4 (Prop_carry4_S[0]_CO[3])
                                                      0.513     4.664 r  outReg_reg[55]_i_2/CO[3]
                         net (fo=1, routed)           0.000     4.664    outReg_reg[55]_i_2_n_0
    SLICE_X34Y57         CARRY4 (Prop_carry4_CI_O[3])
                                                      0.315     4.979 r  outReg_reg[59]_i_2/O[3]
                         net (fo=1, routed)           0.413     5.393    outReg_reg[59]_i_2_n_4
    SLICE_X33Y57         LUT2 (Prop_lut2_I0_O)        0.307     5.700 r  outReg[59]_i_1/O
                         net (fo=1, routed)           0.000     5.700    outReg[59]_i_1_n_0
    SLICE_X33Y57         FDSE                                         r  outReg_reg[59]/D
  -------------------------------------------------------------------    -------------------

                         (clock sys_clk rise edge)    5.000     5.000 r  <hidden>
                                                      0.000     5.000 r  clock
                         net (fo=332, unset)          0.924     5.924    clock
    SLICE_X33Y57         FDSE                                         r  outReg_reg[59]/C
                         clock pessimism              0.000     5.924    <hidden>
                         clock uncertainty           -0.035     5.889    <hidden>
    SLICE_X33Y57         FDSE (Setup_fdse_C_D)        0.029     5.918    outReg_reg[59]
  -------------------------------------------------------------------
                         required time                          5.918    <hidden>
                         arrival time                          -5.700    <hidden>
  -------------------------------------------------------------------
                         slack                                  0.218    <hidden>

Slack (MET) :             0.297ns  (required time - arrival time)
  Source:                 sB_sig_reg[18]/C
                            (rising edge-triggered cell FDRE clocked by sys_clk  {rise@0.000ns fall@2.500ns period=5.000ns})
  Destination:            outReg_reg[62]/D
                            (rising edge-triggered cell FDSE clocked by sys_clk  {rise@0.000ns fall@2.500ns period=5.000ns})
  Path Group:             sys_clk
  Path Type:              Setup (Max at Slow Process Corner)
  Requirement:            5.000ns  (sys_clk rise@5.000ns - sys_clk rise@0.000ns)
  Data Path Delay:        4.650ns  (logic 2.257ns (48.534%)  route 2.393ns (51.466%))
  Logic Levels:           8  (CARRY4=3 LUT2=2 LUT4=1 LUT5=1 LUT6=1)
  Clock Path Skew:        -0.049ns (DCD - SCD + CPR)
    Destination Clock Delay (DCD):    0.924ns = ( 5.924 - 5.000 ) 
    Source Clock Delay      (SCD):    0.973ns
    Clock Pessimism Removal (CPR):    0.000ns
  Clock Uncertainty:      0.035ns  ((TSJ^2 + TIJ^2)^1/2 + DJ) / 2 + PE
    Total System Jitter     (TSJ):    0.071ns
    Total Input Jitter      (TIJ):    0.000ns
    Discrete Jitter          (DJ):    0.000ns
    Phase Error              (PE):    0.000ns

    Location             Delay type                Incr(ns)  Path(ns)    Netlist Resource(s)
  -------------------------------------------------------------------    -------------------
                         (clock sys_clk rise edge)    0.000     0.000 r  <hidden>
                                                      0.000     0.000 r  clock
                         net (fo=332, unset)          0.973     0.973    clock
    SLICE_X41Y56         FDRE                                         r  sB_sig_reg[18]/C
  -------------------------------------------------------------------    -------------------
    SLICE_X41Y56         FDRE (Prop_fdre_C_Q)         0.419     1.392 r  sB_sig_reg[18]/Q
                         net (fo=2, routed)           0.602     1.994    sB_sig_reg_n_0_[18]
    SLICE_X39Y56         LUT4 (Prop_lut4_I0_O)        0.296     2.290 r  outReg[62]_i_21/O
                         net (fo=1, routed)           0.979     3.270    outReg[62]_i_21_n_0
    SLICE_X37Y56         LUT5 (Prop_lut5_I2_O)        0.124     3.394 f  outReg[62]_i_12/O
                         net (fo=1, routed)           0.151     3.545    outReg[62]_i_12_n_0
    SLICE_X37Y56         LUT6 (Prop_lut6_I5_O)        0.124     3.669 r  outReg[62]_i_4/O
                         net (fo=4, routed)           0.358     4.027    p_0_in3_out
    SLICE_X34Y56         LUT2 (Prop_lut2_I1_O)        0.124     4.151 r  outReg[55]_i_6/O
                         net (fo=1, routed)           0.000     4.151    outReg[55]_i_6_n_0
    SLICE_X34Y56         CARRY4 (Prop_carry4_S[0]_CO[3])
                                                      0.513     4.664 r  outReg_reg[55]_i_2/CO[3]
                         net (fo=1, routed)           0.000     4.664    outReg_reg[55]_i_2_n_0
    SLICE_X34Y57         CARRY4 (Prop_carry4_CI_CO[3])
                                                      0.117     4.781 r  outReg_reg[59]_i_2/CO[3]
                         net (fo=1, routed)           0.000     4.781    outReg_reg[59]_i_2_n_0
    SLICE_X34Y58         CARRY4 (Prop_carry4_CI_O[2])
                                                      0.239     5.020 r  outReg_reg[62]_i_5/O[2]
                         net (fo=1, routed)           0.302     5.322    outReg_reg[62]_i_5_n_5
    SLICE_X33Y58         LUT2 (Prop_lut2_I0_O)        0.301     5.623 r  outReg[62]_i_2/O
                         net (fo=1, routed)           0.000     5.623    outReg[62]_i_2_n_0
    SLICE_X33Y58         FDSE                                         r  outReg_reg[62]/D
  -------------------------------------------------------------------    -------------------

                         (clock sys_clk rise edge)    5.000     5.000 r  <hidden>
                                                      0.000     5.000 r  clock
                         net (fo=332, unset)          0.924     5.924    clock
    SLICE_X33Y58         FDSE                                         r  outReg_reg[62]/C
                         clock pessimism              0.000     5.924    <hidden>
                         clock uncertainty           -0.035     5.889    <hidden>
    SLICE_X33Y58         FDSE (Setup_fdse_C_D)        0.031     5.920    outReg_reg[62]
  -------------------------------------------------------------------
                         required time                          5.920    <hidden>
                         arrival time                          -5.623    <hidden>
  -------------------------------------------------------------------
                         slack                                  0.297    <hidden>

Slack (MET) :             0.322ns  (required time - arrival time)
  Source:                 sB_sig_reg[18]/C
                            (rising edge-triggered cell FDRE clocked by sys_clk  {rise@0.000ns fall@2.500ns period=5.000ns})
  Destination:            outReg_reg[57]/D
                            (rising edge-triggered cell FDSE clocked by sys_clk  {rise@0.000ns fall@2.500ns period=5.000ns})
  Path Group:             sys_clk
  Path Type:              Setup (Max at Slow Process Corner)
  Requirement:            5.000ns  (sys_clk rise@5.000ns - sys_clk rise@0.000ns)
  Data Path Delay:        4.625ns  (logic 2.229ns (48.196%)  route 2.396ns (51.804%))
  Logic Levels:           7  (CARRY4=2 LUT2=2 LUT4=1 LUT5=1 LUT6=1)
  Clock Path Skew:        -0.049ns (DCD - SCD + CPR)
    Destination Clock Delay (DCD):    0.924ns = ( 5.924 - 5.000 ) 
    Source Clock Delay      (SCD):    0.973ns
    Clock Pessimism Removal (CPR):    0.000ns
  Clock Uncertainty:      0.035ns  ((TSJ^2 + TIJ^2)^1/2 + DJ) / 2 + PE
    Total System Jitter     (TSJ):    0.071ns
    Total Input Jitter      (TIJ):    0.000ns
    Discrete Jitter          (DJ):    0.000ns
    Phase Error              (PE):    0.000ns

    Location             Delay type                Incr(ns)  Path(ns)    Netlist Resource(s)
  -------------------------------------------------------------------    -------------------
                         (clock sys_clk rise edge)    0.000     0.000 r  <hidden>
                                                      0.000     0.000 r  clock
                         net (fo=332, unset)          0.973     0.973    clock
    SLICE_X41Y56         FDRE                                         r  sB_sig_reg[18]/C
  -------------------------------------------------------------------    -------------------
    SLICE_X41Y56         FDRE (Prop_fdre_C_Q)         0.419     1.392 r  sB_sig_reg[18]/Q
                         net (fo=2, routed)           0.602     1.994    sB_sig_reg_n_0_[18]
    SLICE_X39Y56         LUT4 (Prop_lut4_I0_O)        0.296     2.290 r  outReg[62]_i_21/O
                         net (fo=1, routed)           0.979     3.270    outReg[62]_i_21_n_0
    SLICE_X37Y56         LUT5 (Prop_lut5_I2_O)        0.124     3.394 f  outReg[62]_i_12/O
                         net (fo=1, routed)           0.151     3.545    outReg[62]_i_12_n_0
    SLICE_X37Y56         LUT6 (Prop_lut6_I5_O)        0.124     3.669 r  outReg[62]_i_4/O
                         net (fo=4, routed)           0.358     4.027    p_0_in3_out
    SLICE_X34Y56         LUT2 (Prop_lut2_I1_O)        0.124     4.151 r  outReg[55]_i_6/O
                         net (fo=1, routed)           0.000     4.151    outReg[55]_i_6_n_0
    SLICE_X34Y56         CARRY4 (Prop_carry4_S[0]_CO[3])
                                                      0.513     4.664 r  outReg_reg[55]_i_2/CO[3]
                         net (fo=1, routed)           0.000     4.664    outReg_reg[55]_i_2_n_0
    SLICE_X34Y57         CARRY4 (Prop_carry4_CI_O[1])
                                                      0.323     4.987 r  outReg_reg[59]_i_2/O[1]
                         net (fo=1, routed)           0.305     5.292    outReg_reg[59]_i_2_n_6
    SLICE_X33Y57         LUT2 (Prop_lut2_I0_O)        0.306     5.598 r  outReg[57]_i_1/O
                         net (fo=1, routed)           0.000     5.598    outReg[57]_i_1_n_0
    SLICE_X33Y57         FDSE                                         r  outReg_reg[57]/D
  -------------------------------------------------------------------    -------------------

                         (clock sys_clk rise edge)    5.000     5.000 r  <hidden>
                                                      0.000     5.000 r  clock
                         net (fo=332, unset)          0.924     5.924    clock
    SLICE_X33Y57         FDSE                                         r  outReg_reg[57]/C
                         clock pessimism              0.000     5.924    <hidden>
                         clock uncertainty           -0.035     5.889    <hidden>
    SLICE_X33Y57         FDSE (Setup_fdse_C_D)        0.031     5.920    outReg_reg[57]
  -------------------------------------------------------------------
                         required time                          5.920    <hidden>
                         arrival time                          -5.598    <hidden>
  -------------------------------------------------------------------
                         slack                                  0.322    <hidden>

Slack (MET) :             0.332ns  (required time - arrival time)
  Source:                 sB_sig_reg[18]/C
                            (rising edge-triggered cell FDRE clocked by sys_clk  {rise@0.000ns fall@2.500ns period=5.000ns})
  Destination:            outReg_reg[58]/D
                            (rising edge-triggered cell FDSE clocked by sys_clk  {rise@0.000ns fall@2.500ns period=5.000ns})
  Path Group:             sys_clk
  Path Type:              Setup (Max at Slow Process Corner)
  Requirement:            5.000ns  (sys_clk rise@5.000ns - sys_clk rise@0.000ns)
  Data Path Delay:        4.665ns  (logic 2.140ns (45.873%)  route 2.525ns (54.127%))
  Logic Levels:           7  (CARRY4=2 LUT2=2 LUT4=1 LUT5=1 LUT6=1)
  Clock Path Skew:        -0.049ns (DCD - SCD + CPR)
    Destination Clock Delay (DCD):    0.924ns = ( 5.924 - 5.000 ) 
    Source Clock Delay      (SCD):    0.973ns
    Clock Pessimism Removal (CPR):    0.000ns
  Clock Uncertainty:      0.035ns  ((TSJ^2 + TIJ^2)^1/2 + DJ) / 2 + PE
    Total System Jitter     (TSJ):    0.071ns
    Total Input Jitter      (TIJ):    0.000ns
    Discrete Jitter          (DJ):    0.000ns
    Phase Error              (PE):    0.000ns

    Location             Delay type                Incr(ns)  Path(ns)    Netlist Resource(s)
  -------------------------------------------------------------------    -------------------
                         (clock sys_clk rise edge)    0.000     0.000 r  <hidden>
                                                      0.000     0.000 r  clock
                         net (fo=332, unset)          0.973     0.973    clock
    SLICE_X41Y56         FDRE                                         r  sB_sig_reg[18]/C
  -------------------------------------------------------------------    -------------------
    SLICE_X41Y56         FDRE (Prop_fdre_C_Q)         0.419     1.392 r  sB_sig_reg[18]/Q
                         net (fo=2, routed)           0.602     1.994    sB_sig_reg_n_0_[18]
    SLICE_X39Y56         LUT4 (Prop_lut4_I0_O)        0.296     2.290 r  outReg[62]_i_21/O
                         net (fo=1, routed)           0.979     3.270    outReg[62]_i_21_n_0
    SLICE_X37Y56         LUT5 (Prop_lut5_I2_O)        0.124     3.394 f  outReg[62]_i_12/O
                         net (fo=1, routed)           0.151     3.545    outReg[62]_i_12_n_0
    SLICE_X37Y56         LUT6 (Prop_lut6_I5_O)        0.124     3.669 r  outReg[62]_i_4/O
                         net (fo=4, routed)           0.358     4.027    p_0_in3_out
    SLICE_X34Y56         LUT2 (Prop_lut2_I1_O)        0.124     4.151 r  outReg[55]_i_6/O
                         net (fo=1, routed)           0.000     4.151    outReg[55]_i_6_n_0
    SLICE_X34Y56         CARRY4 (Prop_carry4_S[0]_CO[3])
                                                      0.513     4.664 r  outReg_reg[55]_i_2/CO[3]
                         net (fo=1, routed)           0.000     4.664    outReg_reg[55]_i_2_n_0
    SLICE_X34Y57         CARRY4 (Prop_carry4_CI_O[2])
                                                      0.239     4.903 r  outReg_reg[59]_i_2/O[2]
                         net (fo=1, routed)           0.434     5.337    outReg_reg[59]_i_2_n_5
    SLICE_X34Y55         LUT2 (Prop_lut2_I0_O)        0.301     5.638 r  outReg[58]_i_1/O
                         net (fo=1, routed)           0.000     5.638    outReg[58]_i_1_n_0
    SLICE_X34Y55         FDSE                                         r  outReg_reg[58]/D
  -------------------------------------------------------------------    -------------------

                         (clock sys_clk rise edge)    5.000     5.000 r  <hidden>
                                                      0.000     5.000 r  clock
                         net (fo=332, unset)          0.924     5.924    clock
    SLICE_X34Y55         FDSE                                         r  outReg_reg[58]/C
                         clock pessimism              0.000     5.924    <hidden>
                         clock uncertainty           -0.035     5.889    <hidden>
    SLICE_X34Y55         FDSE (Setup_fdse_C_D)        0.081     5.970    outReg_reg[58]
  -------------------------------------------------------------------
                         required time                          5.970    <hidden>
                         arrival time                          -5.638    <hidden>
  -------------------------------------------------------------------
                         slack                                  0.332    <hidden>

Slack (MET) :             0.358ns  (required time - arrival time)
  Source:                 sB_sig_reg[18]/C
                            (rising edge-triggered cell FDRE clocked by sys_clk  {rise@0.000ns fall@2.500ns period=5.000ns})
  Destination:            outReg_reg[60]/S
                            (rising edge-triggered cell FDSE clocked by sys_clk  {rise@0.000ns fall@2.500ns period=5.000ns})
  Path Group:             sys_clk
  Path Type:              Setup (Max at Slow Process Corner)
  Requirement:            5.000ns  (sys_clk rise@5.000ns - sys_clk rise@0.000ns)
  Data Path Delay:        4.034ns  (logic 1.087ns (26.944%)  route 2.947ns (73.056%))
  Logic Levels:           4  (LUT4=1 LUT5=2 LUT6=1)
  Clock Path Skew:        -0.049ns (DCD - SCD + CPR)
    Destination Clock Delay (DCD):    0.924ns = ( 5.924 - 5.000 ) 
    Source Clock Delay      (SCD):    0.973ns
    Clock Pessimism Removal (CPR):    0.000ns
  Clock Uncertainty:      0.035ns  ((TSJ^2 + TIJ^2)^1/2 + DJ) / 2 + PE
    Total System Jitter     (TSJ):    0.071ns
    Total Input Jitter      (TIJ):    0.000ns
    Discrete Jitter          (DJ):    0.000ns
    Phase Error              (PE):    0.000ns

    Location             Delay type                Incr(ns)  Path(ns)    Netlist Resource(s)
  -------------------------------------------------------------------    -------------------
                         (clock sys_clk rise edge)    0.000     0.000 r  <hidden>
                                                      0.000     0.000 r  clock
                         net (fo=332, unset)          0.973     0.973    clock
    SLICE_X41Y56         FDRE                                         r  sB_sig_reg[18]/C
  -------------------------------------------------------------------    -------------------
    SLICE_X41Y56         FDRE (Prop_fdre_C_Q)         0.419     1.392 r  sB_sig_reg[18]/Q
                         net (fo=2, routed)           0.602     1.994    sB_sig_reg_n_0_[18]
    SLICE_X39Y56         LUT4 (Prop_lut4_I0_O)        0.296     2.290 r  outReg[62]_i_21/O
                         net (fo=1, routed)           0.979     3.270    outReg[62]_i_21_n_0
    SLICE_X37Y56         LUT5 (Prop_lut5_I2_O)        0.124     3.394 f  outReg[62]_i_12/O
                         net (fo=1, routed)           0.151     3.545    outReg[62]_i_12_n_0
    SLICE_X37Y56         LUT6 (Prop_lut6_I5_O)        0.124     3.669 r  outReg[62]_i_4/O
                         net (fo=4, routed)           0.492     4.161    p_0_in3_out
    SLICE_X34Y55         LUT5 (Prop_lut5_I3_O)        0.124     4.285 r  outReg[62]_i_1/O
                         net (fo=11, routed)          0.722     5.007    p_0_in2_out
    SLICE_X34Y59         FDSE                                         r  outReg_reg[60]/S
  -------------------------------------------------------------------    -------------------

                         (clock sys_clk rise edge)    5.000     5.000 r  <hidden>
                                                      0.000     5.000 r  clock
                         net (fo=332, unset)          0.924     5.924    clock
    SLICE_X34Y59         FDSE                                         r  outReg_reg[60]/C
                         clock pessimism              0.000     5.924    <hidden>
                         clock uncertainty           -0.035     5.889    <hidden>
    SLICE_X34Y59         FDSE (Setup_fdse_C_S)       -0.524     5.365    outReg_reg[60]
  -------------------------------------------------------------------
                         required time                          5.365    <hidden>
                         arrival time                          -5.007    <hidden>
  -------------------------------------------------------------------
                         slack                                  0.358    <hidden>

Slack (MET) :             0.361ns  (required time - arrival time)
  Source:                 sB_sig_reg[18]/C
                            (rising edge-triggered cell FDRE clocked by sys_clk  {rise@0.000ns fall@2.500ns period=5.000ns})
  Destination:            outReg_reg[60]/D
                            (rising edge-triggered cell FDSE clocked by sys_clk  {rise@0.000ns fall@2.500ns period=5.000ns})
  Path Group:             sys_clk
  Path Type:              Setup (Max at Slow Process Corner)
  Requirement:            5.000ns  (sys_clk rise@5.000ns - sys_clk rise@0.000ns)
  Data Path Delay:        4.632ns  (logic 2.231ns (48.167%)  route 2.401ns (51.833%))
  Logic Levels:           8  (CARRY4=3 LUT2=2 LUT4=1 LUT5=1 LUT6=1)
  Clock Path Skew:        -0.049ns (DCD - SCD + CPR)
    Destination Clock Delay (DCD):    0.924ns = ( 5.924 - 5.000 ) 
    Source Clock Delay      (SCD):    0.973ns
    Clock Pessimism Removal (CPR):    0.000ns
  Clock Uncertainty:      0.035ns  ((TSJ^2 + TIJ^2)^1/2 + DJ) / 2 + PE
    Total System Jitter     (TSJ):    0.071ns
    Total Input Jitter      (TIJ):    0.000ns
    Discrete Jitter          (DJ):    0.000ns
    Phase Error              (PE):    0.000ns

    Location             Delay type                Incr(ns)  Path(ns)    Netlist Resource(s)
  -------------------------------------------------------------------    -------------------
                         (clock sys_clk rise edge)    0.000     0.000 r  <hidden>
                                                      0.000     0.000 r  clock
                         net (fo=332, unset)          0.973     0.973    clock
    SLICE_X41Y56         FDRE                                         r  sB_sig_reg[18]/C
  -------------------------------------------------------------------    -------------------
    SLICE_X41Y56         FDRE (Prop_fdre_C_Q)         0.419     1.392 r  sB_sig_reg[18]/Q
                         net (fo=2, routed)           0.602     1.994    sB_sig_reg_n_0_[18]
    SLICE_X39Y56         LUT4 (Prop_lut4_I0_O)        0.296     2.290 r  outReg[62]_i_21/O
                         net (fo=1, routed)           0.979     3.270    outReg[62]_i_21_n_0
    SLICE_X37Y56         LUT5 (Prop_lut5_I2_O)        0.124     3.394 f  outReg[62]_i_12/O
                         net (fo=1, routed)           0.151     3.545    outReg[62]_i_12_n_0
    SLICE_X37Y56         LUT6 (Prop_lut6_I5_O)        0.124     3.669 r  outReg[62]_i_4/O
                         net (fo=4, routed)           0.358     4.027    p_0_in3_out
    SLICE_X34Y56         LUT2 (Prop_lut2_I1_O)        0.124     4.151 r  outReg[55]_i_6/O
                         net (fo=1, routed)           0.000     4.151    outReg[55]_i_6_n_0
    SLICE_X34Y56         CARRY4 (Prop_carry4_S[0]_CO[3])
                                                      0.513     4.664 r  outReg_reg[55]_i_2/CO[3]
                         net (fo=1, routed)           0.000     4.664    outReg_reg[55]_i_2_n_0
    SLICE_X34Y57         CARRY4 (Prop_carry4_CI_CO[3])
                                                      0.117     4.781 r  outReg_reg[59]_i_2/CO[3]
                         net (fo=1, routed)           0.000     4.781    outReg_reg[59]_i_2_n_0
    SLICE_X34Y58         CARRY4 (Prop_carry4_CI_O[0])
                                                      0.219     5.000 r  outReg_reg[62]_i_5/O[0]
                         net (fo=1, routed)           0.310     5.310    outReg_reg[62]_i_5_n_7
    SLICE_X34Y59         LUT2 (Prop_lut2_I0_O)        0.295     5.605 r  outReg[60]_i_1/O
                         net (fo=1, routed)           0.000     5.605    outReg[60]_i_1_n_0
    SLICE_X34Y59         FDSE                                         r  outReg_reg[60]/D
  -------------------------------------------------------------------    -------------------

                         (clock sys_clk rise edge)    5.000     5.000 r  <hidden>
                                                      0.000     5.000 r  clock
                         net (fo=332, unset)          0.924     5.924    clock
    SLICE_X34Y59         FDSE                                         r  outReg_reg[60]/C
                         clock pessimism              0.000     5.924    <hidden>
                         clock uncertainty           -0.035     5.889    <hidden>
    SLICE_X34Y59         FDSE (Setup_fdse_C_D)        0.077     5.966    outReg_reg[60]
  -------------------------------------------------------------------
                         required time                          5.966    <hidden>
                         arrival time                          -5.605    <hidden>
  -------------------------------------------------------------------
                         slack                                  0.361    <hidden>

Slack (MET) :             0.384ns  (required time - arrival time)
  Source:                 sA_tempSig_r_reg__1/CLK
                            (rising edge-triggered cell DSP48E1 clocked by sys_clk  {rise@0.000ns fall@2.500ns period=5.000ns})
  Destination:            sA_tempSig_reg[105]/D
                            (rising edge-triggered cell FDRE clocked by sys_clk  {rise@0.000ns fall@2.500ns period=5.000ns})
  Path Group:             sys_clk
  Path Type:              Setup (Max at Slow Process Corner)
  Requirement:            5.000ns  (sys_clk rise@5.000ns - sys_clk rise@0.000ns)
  Data Path Delay:        4.641ns  (logic 2.800ns (60.333%)  route 1.841ns (39.667%))
  Logic Levels:           15  (CARRY4=13 LUT3=1 LUT4=1)
  Clock Path Skew:        -0.049ns (DCD - SCD + CPR)
    Destination Clock Delay (DCD):    0.924ns = ( 5.924 - 5.000 ) 
    Source Clock Delay      (SCD):    0.973ns
    Clock Pessimism Removal (CPR):    0.000ns
  Clock Uncertainty:      0.035ns  ((TSJ^2 + TIJ^2)^1/2 + DJ) / 2 + PE
    Total System Jitter     (TSJ):    0.071ns
    Total Input Jitter      (TIJ):    0.000ns
    Discrete Jitter          (DJ):    0.000ns
    Phase Error              (PE):    0.000ns

    Location             Delay type                Incr(ns)  Path(ns)    Netlist Resource(s)
  -------------------------------------------------------------------    -------------------
                         (clock sys_clk rise edge)    0.000     0.000 r  <hidden>
                                                      0.000     0.000 r  clock
                         net (fo=332, unset)          0.973     0.973    clock
    DSP48_X2Y18          DSP48E1                                      r  sA_tempSig_r_reg__1/CLK
  -------------------------------------------------------------------    -------------------
    DSP48_X2Y18          DSP48E1 (Prop_dsp48e1_CLK_P[42])
                                                      0.434     1.407 r  sA_tempSig_r_reg__1/P[42]
                         net (fo=2, routed)           1.133     2.540    sA_tempSig_r_reg__1_n_63
    SLICE_X36Y51         LUT3 (Prop_lut3_I2_O)        0.153     2.693 r  sA_tempSig[60]_i_2/O
                         net (fo=2, routed)           0.708     3.401    sA_tempSig[60]_i_2_n_0
    SLICE_X36Y51         LUT4 (Prop_lut4_I3_O)        0.331     3.732 r  sA_tempSig[60]_i_6/O
                         net (fo=1, routed)           0.000     3.732    sA_tempSig[60]_i_6_n_0
    SLICE_X36Y51         CARRY4 (Prop_carry4_S[3]_CO[3])
                                                      0.376     4.108 r  sA_tempSig_reg[60]_i_1/CO[3]
                         net (fo=1, routed)           0.000     4.108    sA_tempSig_reg[60]_i_1_n_0
    SLICE_X36Y52         CARRY4 (Prop_carry4_CI_CO[3])
                                                      0.117     4.225 r  sA_tempSig_reg[64]_i_1/CO[3]
                         net (fo=1, routed)           0.000     4.225    sA_tempSig_reg[64]_i_1_n_0
    SLICE_X36Y53         CARRY4 (Prop_carry4_CI_CO[3])
                                                      0.117     4.342 r  sA_tempSig_reg[68]_i_1/CO[3]
                         net (fo=1, routed)           0.000     4.342    sA_tempSig_reg[68]_i_1_n_0
    SLICE_X36Y54         CARRY4 (Prop_carry4_CI_CO[3])
                                                      0.117     4.459 r  sA_tempSig_reg[72]_i_1/CO[3]
                         net (fo=1, routed)           0.000     4.459    sA_tempSig_reg[72]_i_1_n_0
    SLICE_X36Y55         CARRY4 (Prop_carry4_CI_CO[3])
                                                      0.117     4.576 r  sA_tempSig_reg[76]_i_1/CO[3]
                         net (fo=1, routed)           0.000     4.576    sA_tempSig_reg[76]_i_1_n_0
    SLICE_X36Y56         CARRY4 (Prop_carry4_CI_CO[3])
                                                      0.117     4.693 r  sA_tempSig_reg[80]_i_1/CO[3]
                         net (fo=1, routed)           0.000     4.693    sA_tempSig_reg[80]_i_1_n_0
    SLICE_X36Y57         CARRY4 (Prop_carry4_CI_CO[3])
                                                      0.117     4.810 r  sA_tempSig_reg[84]_i_1/CO[3]
                         net (fo=1, routed)           0.000     4.810    sA_tempSig_reg[84]_i_1_n_0
    SLICE_X36Y58         CARRY4 (Prop_carry4_CI_CO[3])
                                                      0.117     4.927 r  sA_tempSig_reg[88]_i_1/CO[3]
                         net (fo=1, routed)           0.000     4.927    sA_tempSig_reg[88]_i_1_n_0
    SLICE_X36Y59         CARRY4 (Prop_carry4_CI_CO[3])
                                                      0.117     5.044 r  sA_tempSig_reg[92]_i_1/CO[3]
                         net (fo=1, routed)           0.000     5.044    sA_tempSig_reg[92]_i_1_n_0
    SLICE_X36Y60         CARRY4 (Prop_carry4_CI_CO[3])
                                                      0.117     5.161 r  sA_tempSig_reg[96]_i_1/CO[3]
                         net (fo=1, routed)           0.000     5.161    sA_tempSig_reg[96]_i_1_n_0
    SLICE_X36Y61         CARRY4 (Prop_carry4_CI_CO[3])
                                                      0.117     5.278 r  sA_tempSig_reg[100]_i_1/CO[3]
                         net (fo=1, routed)           0.000     5.278    sA_tempSig_reg[100]_i_1_n_0
    SLICE_X36Y62         CARRY4 (Prop_carry4_CI_CO[3])
                                                      0.117     5.395 r  sA_tempSig_reg[104]_i_1/CO[3]
                         net (fo=1, routed)           0.000     5.395    sA_tempSig_reg[104]_i_1_n_0
    SLICE_X36Y63         CARRY4 (Prop_carry4_CI_O[0])
                                                      0.219     5.614 r  sA_tempSig_reg[105]_i_1/O[0]
                         net (fo=1, routed)           0.000     5.614    sA_tempSig_r_reg__2[105]
    SLICE_X36Y63         FDRE                                         r  sA_tempSig_reg[105]/D
  -------------------------------------------------------------------    -------------------

                         (clock sys_clk rise edge)    5.000     5.000 r  <hidden>
                                                      0.000     5.000 r  clock
                         net (fo=332, unset)          0.924     5.924    clock
    SLICE_X36Y63         FDRE                                         r  sA_tempSig_reg[105]/C
                         clock pessimism              0.000     5.924    <hidden>
                         clock uncertainty           -0.035     5.889    <hidden>
    SLICE_X36Y63         FDRE (Setup_fdre_C_D)        0.109     5.998    sA_tempSig_reg[105]
  -------------------------------------------------------------------
                         required time                          5.998    <hidden>
                         arrival time                          -5.614    <hidden>
  -------------------------------------------------------------------
                         slack                                  0.384    <hidden>

Slack (MET) :             0.397ns  (required time - arrival time)
  Source:                 sA_tempSig_r_reg__1/CLK
                            (rising edge-triggered cell DSP48E1 clocked by sys_clk  {rise@0.000ns fall@2.500ns period=5.000ns})
  Destination:            sA_tempSig_reg[102]/D
                            (rising edge-triggered cell FDRE clocked by sys_clk  {rise@0.000ns fall@2.500ns period=5.000ns})
  Path Group:             sys_clk
  Path Type:              Setup (Max at Slow Process Corner)
  Requirement:            5.000ns  (sys_clk rise@5.000ns - sys_clk rise@0.000ns)
  Data Path Delay:        4.628ns  (logic 2.787ns (60.221%)  route 1.841ns (39.779%))
  Logic Levels:           14  (CARRY4=12 LUT3=1 LUT4=1)
  Clock Path Skew:        -0.049ns (DCD - SCD + CPR)
    Destination Clock Delay (DCD):    0.924ns = ( 5.924 - 5.000 ) 
    Source Clock Delay      (SCD):    0.973ns
    Clock Pessimism Removal (CPR):    0.000ns
  Clock Uncertainty:      0.035ns  ((TSJ^2 + TIJ^2)^1/2 + DJ) / 2 + PE
    Total System Jitter     (TSJ):    0.071ns
    Total Input Jitter      (TIJ):    0.000ns
    Discrete Jitter          (DJ):    0.000ns
    Phase Error              (PE):    0.000ns

    Location             Delay type                Incr(ns)  Path(ns)    Netlist Resource(s)
  -------------------------------------------------------------------    -------------------
                         (clock sys_clk rise edge)    0.000     0.000 r  <hidden>
                                                      0.000     0.000 r  clock
                         net (fo=332, unset)          0.973     0.973    clock
    DSP48_X2Y18          DSP48E1                                      r  sA_tempSig_r_reg__1/CLK
  -------------------------------------------------------------------    -------------------
    DSP48_X2Y18          DSP48E1 (Prop_dsp48e1_CLK_P[42])
                                                      0.434     1.407 r  sA_tempSig_r_reg__1/P[42]
                         net (fo=2, routed)           1.133     2.540    sA_tempSig_r_reg__1_n_63
    SLICE_X36Y51         LUT3 (Prop_lut3_I2_O)        0.153     2.693 r  sA_tempSig[60]_i_2/O
                         net (fo=2, routed)           0.708     3.401    sA_tempSig[60]_i_2_n_0
    SLICE_X36Y51         LUT4 (Prop_lut4_I3_O)        0.331     3.732 r  sA_tempSig[60]_i_6/O
                         net (fo=1, routed)           0.000     3.732    sA_tempSig[60]_i_6_n_0
    SLICE_X36Y51         CARRY4 (Prop_carry4_S[3]_CO[3])
                                                      0.376     4.108 r  sA_tempSig_reg[60]_i_1/CO[3]
                         net (fo=1, routed)           0.000     4.108    sA_tempSig_reg[60]_i_1_n_0
    SLICE_X36Y52         CARRY4 (Prop_carry4_CI_CO[3])
                                                      0.117     4.225 r  sA_tempSig_reg[64]_i_1/CO[3]
                         net (fo=1, routed)           0.000     4.225    sA_tempSig_reg[64]_i_1_n_0
    SLICE_X36Y53         CARRY4 (Prop_carry4_CI_CO[3])
                                                      0.117     4.342 r  sA_tempSig_reg[68]_i_1/CO[3]
                         net (fo=1, routed)           0.000     4.342    sA_tempSig_reg[68]_i_1_n_0
    SLICE_X36Y54         CARRY4 (Prop_carry4_CI_CO[3])
                                                      0.117     4.459 r  sA_tempSig_reg[72]_i_1/CO[3]
                         net (fo=1, routed)           0.000     4.459    sA_tempSig_reg[72]_i_1_n_0
    SLICE_X36Y55         CARRY4 (Prop_carry4_CI_CO[3])
                                                      0.117     4.576 r  sA_tempSig_reg[76]_i_1/CO[3]
                         net (fo=1, routed)           0.000     4.576    sA_tempSig_reg[76]_i_1_n_0
    SLICE_X36Y56         CARRY4 (Prop_carry4_CI_CO[3])
                                                      0.117     4.693 r  sA_tempSig_reg[80]_i_1/CO[3]
                         net (fo=1, routed)           0.000     4.693    sA_tempSig_reg[80]_i_1_n_0
    SLICE_X36Y57         CARRY4 (Prop_carry4_CI_CO[3])
                                                      0.117     4.810 r  sA_tempSig_reg[84]_i_1/CO[3]
                         net (fo=1, routed)           0.000     4.810    sA_tempSig_reg[84]_i_1_n_0
    SLICE_X36Y58         CARRY4 (Prop_carry4_CI_CO[3])
                                                      0.117     4.927 r  sA_tempSig_reg[88]_i_1/CO[3]
                         net (fo=1, routed)           0.000     4.927    sA_tempSig_reg[88]_i_1_n_0
    SLICE_X36Y59         CARRY4 (Prop_carry4_CI_CO[3])
                                                      0.117     5.044 r  sA_tempSig_reg[92]_i_1/CO[3]
                         net (fo=1, routed)           0.000     5.044    sA_tempSig_reg[92]_i_1_n_0
    SLICE_X36Y60         CARRY4 (Prop_carry4_CI_CO[3])
                                                      0.117     5.161 r  sA_tempSig_reg[96]_i_1/CO[3]
                         net (fo=1, routed)           0.000     5.161    sA_tempSig_reg[96]_i_1_n_0
    SLICE_X36Y61         CARRY4 (Prop_carry4_CI_CO[3])
                                                      0.117     5.278 r  sA_tempSig_reg[100]_i_1/CO[3]
                         net (fo=1, routed)           0.000     5.278    sA_tempSig_reg[100]_i_1_n_0
    SLICE_X36Y62         CARRY4 (Prop_carry4_CI_O[1])
                                                      0.323     5.601 r  sA_tempSig_reg[104]_i_1/O[1]
                         net (fo=1, routed)           0.000     5.601    sA_tempSig_r_reg__2[102]
    SLICE_X36Y62         FDRE                                         r  sA_tempSig_reg[102]/D
  -------------------------------------------------------------------    -------------------

                         (clock sys_clk rise edge)    5.000     5.000 r  <hidden>
                                                      0.000     5.000 r  clock
                         net (fo=332, unset)          0.924     5.924    clock
    SLICE_X36Y62         FDRE                                         r  sA_tempSig_reg[102]/C
                         clock pessimism              0.000     5.924    <hidden>
                         clock uncertainty           -0.035     5.889    <hidden>
    SLICE_X36Y62         FDRE (Setup_fdre_C_D)        0.109     5.998    sA_tempSig_reg[102]
  -------------------------------------------------------------------
                         required time                          5.998    <hidden>
                         arrival time                          -5.601    <hidden>
  -------------------------------------------------------------------
                         slack                                  0.397    <hidden>

Slack (MET) :             0.405ns  (required time - arrival time)
  Source:                 sB_sig_reg[18]/C
                            (rising edge-triggered cell FDRE clocked by sys_clk  {rise@0.000ns fall@2.500ns period=5.000ns})
  Destination:            outReg_reg[0]/R
                            (rising edge-triggered cell FDRE clocked by sys_clk  {rise@0.000ns fall@2.500ns period=5.000ns})
  Path Group:             sys_clk
  Path Type:              Setup (Max at Slow Process Corner)
  Requirement:            5.000ns  (sys_clk rise@5.000ns - sys_clk rise@0.000ns)
  Data Path Delay:        4.082ns  (logic 1.087ns (26.629%)  route 2.995ns (73.371%))
  Logic Levels:           4  (LUT4=1 LUT5=2 LUT6=1)
  Clock Path Skew:        -0.049ns (DCD - SCD + CPR)
    Destination Clock Delay (DCD):    0.924ns = ( 5.924 - 5.000 ) 
    Source Clock Delay      (SCD):    0.973ns
    Clock Pessimism Removal (CPR):    0.000ns
  Clock Uncertainty:      0.035ns  ((TSJ^2 + TIJ^2)^1/2 + DJ) / 2 + PE
    Total System Jitter     (TSJ):    0.071ns
    Total Input Jitter      (TIJ):    0.000ns
    Discrete Jitter          (DJ):    0.000ns
    Phase Error              (PE):    0.000ns

    Location             Delay type                Incr(ns)  Path(ns)    Netlist Resource(s)
  -------------------------------------------------------------------    -------------------
                         (clock sys_clk rise edge)    0.000     0.000 r  <hidden>
                                                      0.000     0.000 r  clock
                         net (fo=332, unset)          0.973     0.973    clock
    SLICE_X41Y56         FDRE                                         r  sB_sig_reg[18]/C
  -------------------------------------------------------------------    -------------------
    SLICE_X41Y56         FDRE (Prop_fdre_C_Q)         0.419     1.392 r  sB_sig_reg[18]/Q
                         net (fo=2, routed)           0.602     1.994    sB_sig_reg_n_0_[18]
    SLICE_X39Y56         LUT4 (Prop_lut4_I0_O)        0.296     2.290 r  outReg[62]_i_21/O
                         net (fo=1, routed)           0.979     3.270    outReg[62]_i_21_n_0
    SLICE_X37Y56         LUT5 (Prop_lut5_I2_O)        0.124     3.394 f  outReg[62]_i_12/O
                         net (fo=1, routed)           0.151     3.545    outReg[62]_i_12_n_0
    SLICE_X37Y56         LUT6 (Prop_lut6_I5_O)        0.124     3.669 r  outReg[62]_i_4/O
                         net (fo=4, routed)           0.482     4.151    p_0_in3_out
    SLICE_X34Y55         LUT5 (Prop_lut5_I2_O)        0.124     4.275 r  outReg[50]_i_1/O
                         net (fo=51, routed)          0.780     5.055    outReg[50]_i_1_n_0
    SLICE_X35Y50         FDRE                                         r  outReg_reg[0]/R
  -------------------------------------------------------------------    -------------------

                         (clock sys_clk rise edge)    5.000     5.000 r  <hidden>
                                                      0.000     5.000 r  clock
                         net (fo=332, unset)          0.924     5.924    clock
    SLICE_X35Y50         FDRE                                         r  outReg_reg[0]/C
                         clock pessimism              0.000     5.924    <hidden>
                         clock uncertainty           -0.035     5.889    <hidden>
    SLICE_X35Y50         FDRE (Setup_fdre_C_R)       -0.429     5.460    outReg_reg[0]
  -------------------------------------------------------------------
                         required time                          5.460    <hidden>
                         arrival time                          -5.055    <hidden>
  -------------------------------------------------------------------
                         slack                                  0.405    <hidden>





Min Delay Paths
--------------------------------------------------------------------------------------
Slack (MET) :             0.154ns  (arrival time - required time)
  Source:                 sA_zeroInput_r_reg/C
                            (rising edge-triggered cell FDRE clocked by sys_clk  {rise@0.000ns fall@2.500ns period=5.000ns})
  Destination:            sA_zeroInput_reg/D
                            (rising edge-triggered cell FDRE clocked by sys_clk  {rise@0.000ns fall@2.500ns period=5.000ns})
  Path Group:             sys_clk
  Path Type:              Hold (Min at Fast Process Corner)
  Requirement:            0.000ns  (sys_clk rise@0.000ns - sys_clk rise@0.000ns)
  Data Path Delay:        0.251ns  (logic 0.141ns (56.174%)  route 0.110ns (43.826%))
  Logic Levels:           0  
  Clock Path Skew:        0.022ns (DCD - SCD - CPR)
    Destination Clock Delay (DCD):    0.432ns
    Source Clock Delay      (SCD):    0.410ns
    Clock Pessimism Removal (CPR):    -0.000ns

    Location             Delay type                Incr(ns)  Path(ns)    Netlist Resource(s)
  -------------------------------------------------------------------    -------------------
                         (clock sys_clk rise edge)    0.000     0.000 r  <hidden>
                                                      0.000     0.000 r  clock
                         net (fo=332, unset)          0.410     0.410    clock
    SLICE_X29Y61         FDRE                                         r  sA_zeroInput_r_reg/C
  -------------------------------------------------------------------    -------------------
    SLICE_X29Y61         FDRE (Prop_fdre_C_Q)         0.141     0.551 r  sA_zeroInput_r_reg/Q
                         net (fo=1, routed)           0.110     0.661    sA_zeroInput_r
    SLICE_X29Y60         FDRE                                         r  sA_zeroInput_reg/D
  -------------------------------------------------------------------    -------------------

                         (clock sys_clk rise edge)    0.000     0.000 r  <hidden>
                                                      0.000     0.000 r  clock
                         net (fo=332, unset)          0.432     0.432    clock
    SLICE_X29Y60         FDRE                                         r  sA_zeroInput_reg/C
                         clock pessimism              0.000     0.432    <hidden>
    SLICE_X29Y60         FDRE (Hold_fdre_C_D)         0.075     0.507    sA_zeroInput_reg
  -------------------------------------------------------------------
                         required time                         -0.507    <hidden>
                         arrival time                           0.661    <hidden>
  -------------------------------------------------------------------
                         slack                                  0.154    <hidden>

Slack (MET) :             0.157ns  (arrival time - required time)
  Source:                 sA_tempSig_r_reg[1]__1/C
                            (rising edge-triggered cell FDRE clocked by sys_clk  {rise@0.000ns fall@2.500ns period=5.000ns})
  Destination:            sA_tempSig_reg[1]/D
                            (rising edge-triggered cell FDRE clocked by sys_clk  {rise@0.000ns fall@2.500ns period=5.000ns})
  Path Group:             sys_clk
  Path Type:              Hold (Min at Fast Process Corner)
  Requirement:            0.000ns  (sys_clk rise@0.000ns - sys_clk rise@0.000ns)
  Data Path Delay:        0.251ns  (logic 0.141ns (56.174%)  route 0.110ns (43.826%))
  Logic Levels:           0  
  Clock Path Skew:        0.022ns (DCD - SCD - CPR)
    Destination Clock Delay (DCD):    0.432ns
    Source Clock Delay      (SCD):    0.410ns
    Clock Pessimism Removal (CPR):    -0.000ns

    Location             Delay type                Incr(ns)  Path(ns)    Netlist Resource(s)
  -------------------------------------------------------------------    -------------------
                         (clock sys_clk rise edge)    0.000     0.000 r  <hidden>
                                                      0.000     0.000 r  clock
                         net (fo=332, unset)          0.410     0.410    clock
    SLICE_X35Y42         FDRE                                         r  sA_tempSig_r_reg[1]__1/C
  -------------------------------------------------------------------    -------------------
    SLICE_X35Y42         FDRE (Prop_fdre_C_Q)         0.141     0.551 r  sA_tempSig_r_reg[1]__1/Q
                         net (fo=1, routed)           0.110     0.661    sA_tempSig_r_reg[1]__1_n_0
    SLICE_X35Y42         FDRE                                         r  sA_tempSig_reg[1]/D
  -------------------------------------------------------------------    -------------------

                         (clock sys_clk rise edge)    0.000     0.000 r  <hidden>
                                                      0.000     0.000 r  clock
                         net (fo=332, unset)          0.432     0.432    clock
    SLICE_X35Y42         FDRE                                         r  sA_tempSig_reg[1]/C
                         clock pessimism              0.000     0.432    <hidden>
    SLICE_X35Y42         FDRE (Hold_fdre_C_D)         0.072     0.504    sA_tempSig_reg[1]
  -------------------------------------------------------------------
                         required time                         -0.504    <hidden>
                         arrival time                           0.661    <hidden>
  -------------------------------------------------------------------
                         slack                                  0.157    <hidden>

Slack (MET) :             0.166ns  (arrival time - required time)
  Source:                 sA_tempExp_r_reg[2]/C
                            (rising edge-triggered cell FDRE clocked by sys_clk  {rise@0.000ns fall@2.500ns period=5.000ns})
  Destination:            sA_tempExp_reg[2]/D
                            (rising edge-triggered cell FDRE clocked by sys_clk  {rise@0.000ns fall@2.500ns period=5.000ns})
  Path Group:             sys_clk
  Path Type:              Hold (Min at Fast Process Corner)
  Requirement:            0.000ns  (sys_clk rise@0.000ns - sys_clk rise@0.000ns)
  Data Path Delay:        0.257ns  (logic 0.141ns (54.828%)  route 0.116ns (45.172%))
  Logic Levels:           0  
  Clock Path Skew:        0.022ns (DCD - SCD - CPR)
    Destination Clock Delay (DCD):    0.432ns
    Source Clock Delay      (SCD):    0.410ns
    Clock Pessimism Removal (CPR):    -0.000ns

    Location             Delay type                Incr(ns)  Path(ns)    Netlist Resource(s)
  -------------------------------------------------------------------    -------------------
                         (clock sys_clk rise edge)    0.000     0.000 r  <hidden>
                                                      0.000     0.000 r  clock
                         net (fo=332, unset)          0.410     0.410    clock
    SLICE_X29Y57         FDRE                                         r  sA_tempExp_r_reg[2]/C
  -------------------------------------------------------------------    -------------------
    SLICE_X29Y57         FDRE (Prop_fdre_C_Q)         0.141     0.551 r  sA_tempExp_r_reg[2]/Q
                         net (fo=1, routed)           0.116     0.667    sA_tempExp_r[2]
    SLICE_X28Y57         FDRE                                         r  sA_tempExp_reg[2]/D
  -------------------------------------------------------------------    -------------------

                         (clock sys_clk rise edge)    0.000     0.000 r  <hidden>
                                                      0.000     0.000 r  clock
                         net (fo=332, unset)          0.432     0.432    clock
    SLICE_X28Y57         FDRE                                         r  sA_tempExp_reg[2]/C
                         clock pessimism              0.000     0.432    <hidden>
    SLICE_X28Y57         FDRE (Hold_fdre_C_D)         0.070     0.502    sA_tempExp_reg[2]
  -------------------------------------------------------------------
                         required time                         -0.502    <hidden>
                         arrival time                           0.667    <hidden>
  -------------------------------------------------------------------
                         slack                                  0.166    <hidden>

Slack (MET) :             0.166ns  (arrival time - required time)
  Source:                 sA_tempExp_r_reg[6]/C
                            (rising edge-triggered cell FDRE clocked by sys_clk  {rise@0.000ns fall@2.500ns period=5.000ns})
  Destination:            sA_tempExp_reg[6]/D
                            (rising edge-triggered cell FDRE clocked by sys_clk  {rise@0.000ns fall@2.500ns period=5.000ns})
  Path Group:             sys_clk
  Path Type:              Hold (Min at Fast Process Corner)
  Requirement:            0.000ns  (sys_clk rise@0.000ns - sys_clk rise@0.000ns)
  Data Path Delay:        0.257ns  (logic 0.141ns (54.828%)  route 0.116ns (45.172%))
  Logic Levels:           0  
  Clock Path Skew:        0.022ns (DCD - SCD - CPR)
    Destination Clock Delay (DCD):    0.432ns
    Source Clock Delay      (SCD):    0.410ns
    Clock Pessimism Removal (CPR):    -0.000ns

    Location             Delay type                Incr(ns)  Path(ns)    Netlist Resource(s)
  -------------------------------------------------------------------    -------------------
                         (clock sys_clk rise edge)    0.000     0.000 r  <hidden>
                                                      0.000     0.000 r  clock
                         net (fo=332, unset)          0.410     0.410    clock
    SLICE_X29Y58         FDRE                                         r  sA_tempExp_r_reg[6]/C
  -------------------------------------------------------------------    -------------------
    SLICE_X29Y58         FDRE (Prop_fdre_C_Q)         0.141     0.551 r  sA_tempExp_r_reg[6]/Q
                         net (fo=1, routed)           0.116     0.667    sA_tempExp_r[6]
    SLICE_X28Y58         FDRE                                         r  sA_tempExp_reg[6]/D
  -------------------------------------------------------------------    -------------------

                         (clock sys_clk rise edge)    0.000     0.000 r  <hidden>
                                                      0.000     0.000 r  clock
                         net (fo=332, unset)          0.432     0.432    clock
    SLICE_X28Y58         FDRE                                         r  sA_tempExp_reg[6]/C
                         clock pessimism              0.000     0.432    <hidden>
    SLICE_X28Y58         FDRE (Hold_fdre_C_D)         0.070     0.502    sA_tempExp_reg[6]
  -------------------------------------------------------------------
                         required time                         -0.502    <hidden>
                         arrival time                           0.667    <hidden>
  -------------------------------------------------------------------
                         slack                                  0.166    <hidden>

Slack (MET) :             0.171ns  (arrival time - required time)
  Source:                 sA_tempExp_r_reg[0]/C
                            (rising edge-triggered cell FDRE clocked by sys_clk  {rise@0.000ns fall@2.500ns period=5.000ns})
  Destination:            sA_tempExp_reg[0]/D
                            (rising edge-triggered cell FDRE clocked by sys_clk  {rise@0.000ns fall@2.500ns period=5.000ns})
  Path Group:             sys_clk
  Path Type:              Hold (Min at Fast Process Corner)
  Requirement:            0.000ns  (sys_clk rise@0.000ns - sys_clk rise@0.000ns)
  Data Path Delay:        0.263ns  (logic 0.141ns (53.607%)  route 0.122ns (46.393%))
  Logic Levels:           0  
  Clock Path Skew:        0.022ns (DCD - SCD - CPR)
    Destination Clock Delay (DCD):    0.432ns
    Source Clock Delay      (SCD):    0.410ns
    Clock Pessimism Removal (CPR):    -0.000ns

    Location             Delay type                Incr(ns)  Path(ns)    Netlist Resource(s)
  -------------------------------------------------------------------    -------------------
                         (clock sys_clk rise edge)    0.000     0.000 r  <hidden>
                                                      0.000     0.000 r  clock
                         net (fo=332, unset)          0.410     0.410    clock
    SLICE_X29Y57         FDRE                                         r  sA_tempExp_r_reg[0]/C
  -------------------------------------------------------------------    -------------------
    SLICE_X29Y57         FDRE (Prop_fdre_C_Q)         0.141     0.551 r  sA_tempExp_r_reg[0]/Q
                         net (fo=1, routed)           0.122     0.673    sA_tempExp_r[0]
    SLICE_X28Y57         FDRE                                         r  sA_tempExp_reg[0]/D
  -------------------------------------------------------------------    -------------------

                         (clock sys_clk rise edge)    0.000     0.000 r  <hidden>
                                                      0.000     0.000 r  clock
                         net (fo=332, unset)          0.432     0.432    clock
    SLICE_X28Y57         FDRE                                         r  sA_tempExp_reg[0]/C
                         clock pessimism              0.000     0.432    <hidden>
    SLICE_X28Y57         FDRE (Hold_fdre_C_D)         0.070     0.502    sA_tempExp_reg[0]
  -------------------------------------------------------------------
                         required time                         -0.502    <hidden>
                         arrival time                           0.673    <hidden>
  -------------------------------------------------------------------
                         slack                                  0.171    <hidden>

Slack (MET) :             0.171ns  (arrival time - required time)
  Source:                 sA_tempExp_r_reg[4]/C
                            (rising edge-triggered cell FDRE clocked by sys_clk  {rise@0.000ns fall@2.500ns period=5.000ns})
  Destination:            sA_tempExp_reg[4]/D
                            (rising edge-triggered cell FDRE clocked by sys_clk  {rise@0.000ns fall@2.500ns period=5.000ns})
  Path Group:             sys_clk
  Path Type:              Hold (Min at Fast Process Corner)
  Requirement:            0.000ns  (sys_clk rise@0.000ns - sys_clk rise@0.000ns)
  Data Path Delay:        0.263ns  (logic 0.141ns (53.607%)  route 0.122ns (46.393%))
  Logic Levels:           0  
  Clock Path Skew:        0.022ns (DCD - SCD - CPR)
    Destination Clock Delay (DCD):    0.432ns
    Source Clock Delay      (SCD):    0.410ns
    Clock Pessimism Removal (CPR):    -0.000ns

    Location             Delay type                Incr(ns)  Path(ns)    Netlist Resource(s)
  -------------------------------------------------------------------    -------------------
                         (clock sys_clk rise edge)    0.000     0.000 r  <hidden>
                                                      0.000     0.000 r  clock
                         net (fo=332, unset)          0.410     0.410    clock
    SLICE_X29Y58         FDRE                                         r  sA_tempExp_r_reg[4]/C
  -------------------------------------------------------------------    -------------------
    SLICE_X29Y58         FDRE (Prop_fdre_C_Q)         0.141     0.551 r  sA_tempExp_r_reg[4]/Q
                         net (fo=1, routed)           0.122     0.673    sA_tempExp_r[4]
    SLICE_X28Y58         FDRE                                         r  sA_tempExp_reg[4]/D
  -------------------------------------------------------------------    -------------------

                         (clock sys_clk rise edge)    0.000     0.000 r  <hidden>
                                                      0.000     0.000 r  clock
                         net (fo=332, unset)          0.432     0.432    clock
    SLICE_X28Y58         FDRE                                         r  sA_tempExp_reg[4]/C
                         clock pessimism              0.000     0.432    <hidden>
    SLICE_X28Y58         FDRE (Hold_fdre_C_D)         0.070     0.502    sA_tempExp_reg[4]
  -------------------------------------------------------------------
                         required time                         -0.502    <hidden>
                         arrival time                           0.673    <hidden>
  -------------------------------------------------------------------
                         slack                                  0.171    <hidden>

Slack (MET) :             0.173ns  (arrival time - required time)
  Source:                 sA_tempSig_r_reg[14]__0/C
                            (rising edge-triggered cell FDRE clocked by sys_clk  {rise@0.000ns fall@2.500ns period=5.000ns})
  Destination:            sA_tempSig_reg[67]/D
                            (rising edge-triggered cell FDRE clocked by sys_clk  {rise@0.000ns fall@2.500ns period=5.000ns})
  Path Group:             sys_clk
  Path Type:              Hold (Min at Fast Process Corner)
  Requirement:            0.000ns  (sys_clk rise@0.000ns - sys_clk rise@0.000ns)
  Data Path Delay:        0.328ns  (logic 0.251ns (76.445%)  route 0.077ns (23.555%))
  Logic Levels:           2  (CARRY4=1 LUT6=1)
  Clock Path Skew:        0.022ns (DCD - SCD - CPR)
    Destination Clock Delay (DCD):    0.432ns
    Source Clock Delay      (SCD):    0.410ns
    Clock Pessimism Removal (CPR):    -0.000ns

    Location             Delay type                Incr(ns)  Path(ns)    Netlist Resource(s)
  -------------------------------------------------------------------    -------------------
                         (clock sys_clk rise edge)    0.000     0.000 r  <hidden>
                                                      0.000     0.000 r  clock
                         net (fo=332, unset)          0.410     0.410    clock
    SLICE_X37Y53         FDRE                                         r  sA_tempSig_r_reg[14]__0/C
  -------------------------------------------------------------------    -------------------
    SLICE_X37Y53         FDRE (Prop_fdre_C_Q)         0.141     0.551 r  sA_tempSig_r_reg[14]__0/Q
                         net (fo=5, routed)           0.077     0.628    sA_tempSig_r_reg[14]__0_n_0
    SLICE_X36Y53         LUT6 (Prop_lut6_I1_O)        0.045     0.673 r  sA_tempSig[68]_i_7/O
                         net (fo=1, routed)           0.000     0.673    sA_tempSig[68]_i_7_n_0
    SLICE_X36Y53         CARRY4 (Prop_carry4_S[2]_O[2])
                                                      0.065     0.738 r  sA_tempSig_reg[68]_i_1/O[2]
                         net (fo=1, routed)           0.000     0.738    sA_tempSig_r_reg__2[67]
    SLICE_X36Y53         FDRE                                         r  sA_tempSig_reg[67]/D
  -------------------------------------------------------------------    -------------------

                         (clock sys_clk rise edge)    0.000     0.000 r  <hidden>
                                                      0.000     0.000 r  clock
                         net (fo=332, unset)          0.432     0.432    clock
    SLICE_X36Y53         FDRE                                         r  sA_tempSig_reg[67]/C
                         clock pessimism              0.000     0.432    <hidden>
    SLICE_X36Y53         FDRE (Hold_fdre_C_D)         0.134     0.566    sA_tempSig_reg[67]
  -------------------------------------------------------------------
                         required time                         -0.566    <hidden>
                         arrival time                           0.738    <hidden>
  -------------------------------------------------------------------
                         slack                                  0.173    <hidden>

Slack (MET) :             0.173ns  (arrival time - required time)
  Source:                 sA_infInput_r_reg/C
                            (rising edge-triggered cell FDRE clocked by sys_clk  {rise@0.000ns fall@2.500ns period=5.000ns})
  Destination:            sA_infInput_reg/D
                            (rising edge-triggered cell FDRE clocked by sys_clk  {rise@0.000ns fall@2.500ns period=5.000ns})
  Path Group:             sys_clk
  Path Type:              Hold (Min at Fast Process Corner)
  Requirement:            0.000ns  (sys_clk rise@0.000ns - sys_clk rise@0.000ns)
  Data Path Delay:        0.261ns  (logic 0.141ns (54.076%)  route 0.120ns (45.924%))
  Logic Levels:           0  
  Clock Path Skew:        0.022ns (DCD - SCD - CPR)
    Destination Clock Delay (DCD):    0.432ns
    Source Clock Delay      (SCD):    0.410ns
    Clock Pessimism Removal (CPR):    -0.000ns

    Location             Delay type                Incr(ns)  Path(ns)    Netlist Resource(s)
  -------------------------------------------------------------------    -------------------
                         (clock sys_clk rise edge)    0.000     0.000 r  <hidden>
                                                      0.000     0.000 r  clock
                         net (fo=332, unset)          0.410     0.410    clock
    SLICE_X28Y65         FDRE                                         r  sA_infInput_r_reg/C
  -------------------------------------------------------------------    -------------------
    SLICE_X28Y65         FDRE (Prop_fdre_C_Q)         0.141     0.551 r  sA_infInput_r_reg/Q
                         net (fo=1, routed)           0.120     0.671    sA_infInput_r
    SLICE_X28Y65         FDRE                                         r  sA_infInput_reg/D
  -------------------------------------------------------------------    -------------------

                         (clock sys_clk rise edge)    0.000     0.000 r  <hidden>
                                                      0.000     0.000 r  clock
                         net (fo=332, unset)          0.432     0.432    clock
    SLICE_X28Y65         FDRE                                         r  sA_infInput_reg/C
                         clock pessimism              0.000     0.432    <hidden>
    SLICE_X28Y65         FDRE (Hold_fdre_C_D)         0.066     0.498    sA_infInput_reg
  -------------------------------------------------------------------
                         required time                         -0.498    <hidden>
                         arrival time                           0.671    <hidden>
  -------------------------------------------------------------------
                         slack                                  0.173    <hidden>

Slack (MET) :             0.178ns  (arrival time - required time)
  Source:                 sA_tempSig_reg[61]/C
                            (rising edge-triggered cell FDRE clocked by sys_clk  {rise@0.000ns fall@2.500ns period=5.000ns})
  Destination:            sB_sig_reg[9]/D
                            (rising edge-triggered cell FDRE clocked by sys_clk  {rise@0.000ns fall@2.500ns period=5.000ns})
  Path Group:             sys_clk
  Path Type:              Hold (Min at Fast Process Corner)
  Requirement:            0.000ns  (sys_clk rise@0.000ns - sys_clk rise@0.000ns)
  Data Path Delay:        0.306ns  (logic 0.212ns (69.227%)  route 0.094ns (30.773%))
  Logic Levels:           1  (LUT3=1)
  Clock Path Skew:        0.022ns (DCD - SCD - CPR)
    Destination Clock Delay (DCD):    0.432ns
    Source Clock Delay      (SCD):    0.410ns
    Clock Pessimism Removal (CPR):    -0.000ns

    Location             Delay type                Incr(ns)  Path(ns)    Netlist Resource(s)
  -------------------------------------------------------------------    -------------------
                         (clock sys_clk rise edge)    0.000     0.000 r  <hidden>
                                                      0.000     0.000 r  clock
                         net (fo=332, unset)          0.410     0.410    clock
    SLICE_X36Y52         FDRE                                         r  sA_tempSig_reg[61]/C
  -------------------------------------------------------------------    -------------------
    SLICE_X36Y52         FDRE (Prop_fdre_C_Q)         0.164     0.574 r  sA_tempSig_reg[61]/Q
                         net (fo=2, routed)           0.094     0.668    sA_tempSig_reg_n_0_[61]
    SLICE_X37Y52         LUT3 (Prop_lut3_I2_O)        0.048     0.716 r  sB_sig[9]_i_1/O
                         net (fo=1, routed)           0.000     0.716    sB_sig[9]_i_1_n_0
    SLICE_X37Y52         FDRE                                         r  sB_sig_reg[9]/D
  -------------------------------------------------------------------    -------------------

                         (clock sys_clk rise edge)    0.000     0.000 r  <hidden>
                                                      0.000     0.000 r  clock
                         net (fo=332, unset)          0.432     0.432    clock
    SLICE_X37Y52         FDRE                                         r  sB_sig_reg[9]/C
                         clock pessimism              0.000     0.432    <hidden>
    SLICE_X37Y52         FDRE (Hold_fdre_C_D)         0.107     0.539    sB_sig_reg[9]
  -------------------------------------------------------------------
                         required time                         -0.539    <hidden>
                         arrival time                           0.716    <hidden>
  -------------------------------------------------------------------
                         slack                                  0.178    <hidden>

Slack (MET) :             0.180ns  (arrival time - required time)
  Source:                 sA_tempSig_r_reg[15]__1/C
                            (rising edge-triggered cell FDRE clocked by sys_clk  {rise@0.000ns fall@2.500ns period=5.000ns})
  Destination:            sA_tempSig_reg[15]/D
                            (rising edge-triggered cell FDRE clocked by sys_clk  {rise@0.000ns fall@2.500ns period=5.000ns})
  Path Group:             sys_clk
  Path Type:              Hold (Min at Fast Process Corner)
  Requirement:            0.000ns  (sys_clk rise@0.000ns - sys_clk rise@0.000ns)
  Data Path Delay:        0.274ns  (logic 0.164ns (59.853%)  route 0.110ns (40.147%))
  Logic Levels:           0  
  Clock Path Skew:        0.022ns (DCD - SCD - CPR)
    Destination Clock Delay (DCD):    0.432ns
    Source Clock Delay      (SCD):    0.410ns
    Clock Pessimism Removal (CPR):    -0.000ns

    Location             Delay type                Incr(ns)  Path(ns)    Netlist Resource(s)
  -------------------------------------------------------------------    -------------------
                         (clock sys_clk rise edge)    0.000     0.000 r  <hidden>
                                                      0.000     0.000 r  clock
                         net (fo=332, unset)          0.410     0.410    clock
    SLICE_X34Y44         FDRE                                         r  sA_tempSig_r_reg[15]__1/C
  -------------------------------------------------------------------    -------------------
    SLICE_X34Y44         FDRE (Prop_fdre_C_Q)         0.164     0.574 r  sA_tempSig_r_reg[15]__1/Q
                         net (fo=1, routed)           0.110     0.684    sA_tempSig_r_reg[15]__1_n_0
    SLICE_X35Y44         FDRE                                         r  sA_tempSig_reg[15]/D
  -------------------------------------------------------------------    -------------------

                         (clock sys_clk rise edge)    0.000     0.000 r  <hidden>
                                                      0.000     0.000 r  clock
                         net (fo=332, unset)          0.432     0.432    clock
    SLICE_X35Y44         FDRE                                         r  sA_tempSig_reg[15]/C
                         clock pessimism              0.000     0.432    <hidden>
    SLICE_X35Y44         FDRE (Hold_fdre_C_D)         0.072     0.504    sA_tempSig_reg[15]
  -------------------------------------------------------------------
                         required time                         -0.504    <hidden>
                         arrival time                           0.684    <hidden>
  -------------------------------------------------------------------
                         slack                                  0.180    <hidden>





Pulse Width Checks
--------------------------------------------------------------------------------------
Clock Name:         sys_clk
Waveform(ns):       { 0.000 2.500 }
Period(ns):         5.000
Sources:            { clock }

Check Type        Corner  Lib Pin      Reference Pin  Required(ns)  Actual(ns)  Slack(ns)  Location      Pin
Min Period        n/a     DSP48E1/CLK  n/a            2.154         5.000       2.846      DSP48_X2Y25   sA_tempSig_r_reg/CLK
Min Period        n/a     DSP48E1/CLK  n/a            2.154         5.000       2.846      DSP48_X2Y21   sA_tempSig_r_reg__0/CLK
Min Period        n/a     DSP48E1/CLK  n/a            2.154         5.000       2.846      DSP48_X2Y18   sA_tempSig_r_reg__1/CLK
Min Period        n/a     FDRE/C       n/a            1.000         5.000       4.000      SLICE_X35Y50  outReg_reg[0]/C
Min Period        n/a     FDRE/C       n/a            1.000         5.000       4.000      SLICE_X35Y52  outReg_reg[10]/C
Min Period        n/a     FDRE/C       n/a            1.000         5.000       4.000      SLICE_X35Y52  outReg_reg[11]/C
Min Period        n/a     FDRE/C       n/a            1.000         5.000       4.000      SLICE_X35Y53  outReg_reg[12]/C
Min Period        n/a     FDRE/C       n/a            1.000         5.000       4.000      SLICE_X35Y53  outReg_reg[13]/C
Min Period        n/a     FDRE/C       n/a            1.000         5.000       4.000      SLICE_X35Y53  outReg_reg[14]/C
Min Period        n/a     FDRE/C       n/a            1.000         5.000       4.000      SLICE_X35Y53  outReg_reg[15]/C
Low Pulse Width   Slow    SRL16E/CLK   n/a            0.980         2.500       1.520      SLICE_X30Y53  sA_sign_reg_srl2/CLK
Low Pulse Width   Fast    SRL16E/CLK   n/a            0.980         2.500       1.520      SLICE_X30Y53  sA_sign_reg_srl2/CLK
Low Pulse Width   Slow    FDRE/C       n/a            0.500         2.500       2.000      SLICE_X35Y50  outReg_reg[0]/C
Low Pulse Width   Fast    FDRE/C       n/a            0.500         2.500       2.000      SLICE_X35Y50  outReg_reg[0]/C
Low Pulse Width   Slow    FDRE/C       n/a            0.500         2.500       2.000      SLICE_X35Y52  outReg_reg[10]/C
Low Pulse Width   Fast    FDRE/C       n/a            0.500         2.500       2.000      SLICE_X35Y52  outReg_reg[10]/C
Low Pulse Width   Slow    FDRE/C       n/a            0.500         2.500       2.000      SLICE_X35Y52  outReg_reg[11]/C
Low Pulse Width   Fast    FDRE/C       n/a            0.500         2.500       2.000      SLICE_X35Y52  outReg_reg[11]/C
Low Pulse Width   Slow    FDRE/C       n/a            0.500         2.500       2.000      SLICE_X35Y53  outReg_reg[12]/C
Low Pulse Width   Fast    FDRE/C       n/a            0.500         2.500       2.000      SLICE_X35Y53  outReg_reg[12]/C
High Pulse Width  Slow    SRL16E/CLK   n/a            0.980         2.500       1.520      SLICE_X30Y53  sA_sign_reg_srl2/CLK
High Pulse Width  Fast    SRL16E/CLK   n/a            0.980         2.500       1.520      SLICE_X30Y53  sA_sign_reg_srl2/CLK
High Pulse Width  Slow    FDRE/C       n/a            0.500         2.500       2.000      SLICE_X35Y50  outReg_reg[0]/C
High Pulse Width  Fast    FDRE/C       n/a            0.500         2.500       2.000      SLICE_X35Y50  outReg_reg[0]/C
High Pulse Width  Slow    FDRE/C       n/a            0.500         2.500       2.000      SLICE_X35Y52  outReg_reg[10]/C
High Pulse Width  Fast    FDRE/C       n/a            0.500         2.500       2.000      SLICE_X35Y52  outReg_reg[10]/C
High Pulse Width  Slow    FDRE/C       n/a            0.500         2.500       2.000      SLICE_X35Y52  outReg_reg[11]/C
High Pulse Width  Fast    FDRE/C       n/a            0.500         2.500       2.000      SLICE_X35Y52  outReg_reg[11]/C
High Pulse Width  Slow    FDRE/C       n/a            0.500         2.500       2.000      SLICE_X35Y53  outReg_reg[12]/C
High Pulse Width  Fast    FDRE/C       n/a            0.500         2.500       2.000      SLICE_X35Y53  outReg_reg[12]/C



