Copyright 1986-2022 Xilinx, Inc. All Rights Reserved. Copyright 2022-2026 Advanced Micro Devices, Inc. All Rights Reserved.
---------------------------------------------------------------------------------------------------------------------------------------------
| Tool Version : Vivado v.2026.1 (lin64) Build 6511674 Tue Jun 16 11:01:26 MDT 2026
| Date         : Sun Sep 13 17:55:38 2026
| Host         : Nix-Los running 64-bit unknown
| Command      : report_timing_summary -max_paths 10 -file ./reports_fp64_d3_run03/timing_summary.rpt
| Design       : FPMul
| Device       : 7z020-clg400
| Speed File   : -1  PRODUCTION 1.12 2019-11-22
| Design State : Routed
---------------------------------------------------------------------------------------------------------------------------------------------

Timing Summary Report

------------------------------------------------------------------------------------------------
| Timer Settings
| --------------
------------------------------------------------------------------------------------------------

  Enable Multi Corner Analysis               :  Yes
  Enable Pessimism Removal                   :  Yes
  Pessimism Removal Resolution               :  Nearest Common Node
  Enable Input Delay Default Clock           :  No
  Enable Preset / Clear Arcs                 :  No
  Disable Flight Delays                      :  No
  Ignore I/O Paths                           :  No
  Timing Early Launch at Borrowing Latches   :  No
  Borrow Time for Max Delay Exceptions       :  Yes
  Merge Timing Exceptions                    :  Yes
  Inter-SLR Compensation                     :  Conservative

  Corner  Analyze    Analyze    
  Name    Max Paths  Min Paths  
  ------  ---------  ---------  
  Slow    Yes        Yes        
  Fast    Yes        Yes        


------------------------------------------------------------------------------------------------
| Report Methodology
| ------------------
------------------------------------------------------------------------------------------------

No report available as report_methodology has not been run prior. Run report_methodology on the current design for the summary of methodology violations.



check_timing report

Table of Contents
-----------------
1. checking no_clock (0)
2. checking constant_clock (0)
3. checking pulse_width_clock (0)
4. checking unconstrained_internal_endpoints (0)
5. checking no_input_delay (128)
6. checking no_output_delay (64)
7. checking multiple_clock (0)
8. checking generated_clocks (0)
9. checking loops (0)
10. checking partial_input_delay (0)
11. checking partial_output_delay (0)
12. checking latch_loops (0)

1. checking no_clock (0)
------------------------
 There are 0 register/latch pins with no clock.


2. checking constant_clock (0)
------------------------------
 There are 0 register/latch pins with constant_clock.


3. checking pulse_width_clock (0)
---------------------------------
 There are 0 register/latch pins which need pulse_width check


4. checking unconstrained_internal_endpoints (0)
------------------------------------------------
 There are 0 pins that are not constrained for maximum delay.

 There are 0 pins that are not constrained for maximum delay due to constant clock.


5. checking no_input_delay (128)
--------------------------------
 There are 128 input ports with no input delay specified. (HIGH)

 There are 0 input ports with no input delay but user has a false path constraint.


6. checking no_output_delay (64)
--------------------------------
 There are 64 ports with no output delay specified. (HIGH)

 There are 0 ports with no output delay but user has a false path constraint

 There are 0 ports with no output delay but with a timing clock defined on it or propagating through it


7. checking multiple_clock (0)
------------------------------
 There are 0 register/latch pins with multiple clocks.


8. checking generated_clocks (0)
--------------------------------
 There are 0 generated clocks that are not connected to a clock source.


9. checking loops (0)
---------------------
 There are 0 combinational loops in the design.


10. checking partial_input_delay (0)
------------------------------------
 There are 0 input ports with partial input delay specified.


11. checking partial_output_delay (0)
-------------------------------------
 There are 0 ports with partial output delay specified.


12. checking latch_loops (0)
----------------------------
 There are 0 combinational latch loops in the design through latch input



------------------------------------------------------------------------------------------------
| Design Timing Summary
| ---------------------
------------------------------------------------------------------------------------------------

    WNS(ns)      TNS(ns)  TNS Failing Endpoints  TNS Total Endpoints      WHS(ns)      THS(ns)  THS Failing Endpoints  THS Total Endpoints     WPWS(ns)     TPWS(ns)  TPWS Failing Endpoints  TPWS Total Endpoints  
    -------      -------  ---------------------  -------------------      -------      -------  ---------------------  -------------------     --------     --------  ----------------------  --------------------  
      0.216        0.000                      0                  635        0.048        0.000                      0                  635        1.520        0.000                       0                   426  


All user specified timing constraints are met.


------------------------------------------------------------------------------------------------
| Clock Summary
| -------------
------------------------------------------------------------------------------------------------

Clock    Waveform(ns)         Period(ns)      Frequency(MHz)
-----    ------------         ----------      --------------
sys_clk  {0.000 2.500}        5.000           200.000         


------------------------------------------------------------------------------------------------
| Intra Clock Table
| -----------------
------------------------------------------------------------------------------------------------

Clock             WNS(ns)      TNS(ns)  TNS Failing Endpoints  TNS Total Endpoints      WHS(ns)      THS(ns)  THS Failing Endpoints  THS Total Endpoints     WPWS(ns)     TPWS(ns)  TPWS Failing Endpoints  TPWS Total Endpoints  
-----             -------      -------  ---------------------  -------------------      -------      -------  ---------------------  -------------------     --------     --------  ----------------------  --------------------  
sys_clk             0.216        0.000                      0                  635        0.048        0.000                      0                  635        1.520        0.000                       0                   426  


------------------------------------------------------------------------------------------------
| Inter Clock Table
| -----------------
------------------------------------------------------------------------------------------------

From Clock    To Clock          WNS(ns)      TNS(ns)  TNS Failing Endpoints  TNS Total Endpoints      WHS(ns)      THS(ns)  THS Failing Endpoints  THS Total Endpoints  
----------    --------          -------      -------  ---------------------  -------------------      -------      -------  ---------------------  -------------------  


------------------------------------------------------------------------------------------------
| Other Path Groups Table
| -----------------------
------------------------------------------------------------------------------------------------

Path Group    From Clock    To Clock          WNS(ns)      TNS(ns)  TNS Failing Endpoints  TNS Total Endpoints      WHS(ns)      THS(ns)  THS Failing Endpoints  THS Total Endpoints  
----------    ----------    --------          -------      -------  ---------------------  -------------------      -------      -------  ---------------------  -------------------  


------------------------------------------------------------------------------------------------
| Timing Details
| --------------
------------------------------------------------------------------------------------------------


---------------------------------------------------------------------------------------------------
From Clock:  sys_clk
  To Clock:  sys_clk

Setup :            0  Failing Endpoints,  Worst Slack        0.216ns,  Total Violation        0.000ns
Hold  :            0  Failing Endpoints,  Worst Slack        0.048ns,  Total Violation        0.000ns
PW    :            0  Failing Endpoints,  Worst Slack        1.520ns,  Total Violation        0.000ns
---------------------------------------------------------------------------------------------------


Max Delay Paths
--------------------------------------------------------------------------------------
Slack (MET) :             0.216ns  (required time - arrival time)
  Source:                 sB_sig_reg[0]/C
                            (rising edge-triggered cell FDRE clocked by sys_clk  {rise@0.000ns fall@2.500ns period=5.000ns})
  Destination:            outReg_reg[61]/D
                            (rising edge-triggered cell FDSE clocked by sys_clk  {rise@0.000ns fall@2.500ns period=5.000ns})
  Path Group:             sys_clk
  Path Type:              Setup (Max at Slow Process Corner)
  Requirement:            5.000ns  (sys_clk rise@5.000ns - sys_clk rise@0.000ns)
  Data Path Delay:        4.731ns  (logic 2.373ns (50.158%)  route 2.358ns (49.843%))
  Logic Levels:           8  (CARRY4=3 LUT2=2 LUT5=2 LUT6=1)
  Clock Path Skew:        -0.049ns (DCD - SCD + CPR)
    Destination Clock Delay (DCD):    0.924ns = ( 5.924 - 5.000 ) 
    Source Clock Delay      (SCD):    0.973ns
    Clock Pessimism Removal (CPR):    0.000ns
  Clock Uncertainty:      0.035ns  ((TSJ^2 + TIJ^2)^1/2 + DJ) / 2 + PE
    Total System Jitter     (TSJ):    0.071ns
    Total Input Jitter      (TIJ):    0.000ns
    Discrete Jitter          (DJ):    0.000ns
    Phase Error              (PE):    0.000ns

    Location             Delay type                Incr(ns)  Path(ns)    Netlist Resource(s)
  -------------------------------------------------------------------    -------------------
                         (clock sys_clk rise edge)    0.000     0.000 r  <hidden>
                                                      0.000     0.000 r  clock
                         net (fo=425, unset)          0.973     0.973    clock
    SLICE_X28Y40         FDRE                                         r  sB_sig_reg[0]/C
  -------------------------------------------------------------------    -------------------
    SLICE_X28Y40         FDRE (Prop_fdre_C_Q)         0.419     1.392 r  sB_sig_reg[0]/Q
                         net (fo=3, routed)           0.680     2.072    sB_sig_reg_n_0_[0]
    SLICE_X29Y40         LUT5 (Prop_lut5_I0_O)        0.299     2.371 f  outReg[62]_i_19/O
                         net (fo=1, routed)           0.796     3.167    outReg[62]_i_19_n_0
    SLICE_X29Y41         LUT5 (Prop_lut5_I0_O)        0.124     3.291 f  outReg[62]_i_12/O
                         net (fo=1, routed)           0.149     3.440    outReg[62]_i_12_n_0
    SLICE_X29Y41         LUT6 (Prop_lut6_I5_O)        0.124     3.564 r  outReg[62]_i_4/O
                         net (fo=4, routed)           0.325     3.889    p_0_in3_out
    SLICE_X31Y42         LUT2 (Prop_lut2_I1_O)        0.124     4.013 r  outReg[55]_i_6/O
                         net (fo=1, routed)           0.000     4.013    outReg[55]_i_6_n_0
    SLICE_X31Y42         CARRY4 (Prop_carry4_S[0]_CO[3])
                                                      0.532     4.545 r  outReg_reg[55]_i_2/CO[3]
                         net (fo=1, routed)           0.000     4.545    outReg_reg[55]_i_2_n_0
    SLICE_X31Y43         CARRY4 (Prop_carry4_CI_CO[3])
                                                      0.114     4.659 r  outReg_reg[59]_i_2/CO[3]
                         net (fo=1, routed)           0.000     4.659    outReg_reg[59]_i_2_n_0
    SLICE_X31Y44         CARRY4 (Prop_carry4_CI_O[1])
                                                      0.334     4.993 r  outReg_reg[62]_i_5/O[1]
                         net (fo=1, routed)           0.408     5.401    outReg_reg[62]_i_5_n_6
    SLICE_X31Y45         LUT2 (Prop_lut2_I0_O)        0.303     5.704 r  outReg[61]_i_1/O
                         net (fo=1, routed)           0.000     5.704    outReg[61]_i_1_n_0
    SLICE_X31Y45         FDSE                                         r  outReg_reg[61]/D
  -------------------------------------------------------------------    -------------------

                         (clock sys_clk rise edge)    5.000     5.000 r  <hidden>
                                                      0.000     5.000 r  clock
                         net (fo=425, unset)          0.924     5.924    clock
    SLICE_X31Y45         FDSE                                         r  outReg_reg[61]/C
                         clock pessimism              0.000     5.924    <hidden>
                         clock uncertainty           -0.035     5.889    <hidden>
    SLICE_X31Y45         FDSE (Setup_fdse_C_D)        0.031     5.920    outReg_reg[61]
  -------------------------------------------------------------------
                         required time                          5.920    <hidden>
                         arrival time                          -5.704    <hidden>
  -------------------------------------------------------------------
                         slack                                  0.216    <hidden>

Slack (MET) :             0.313ns  (required time - arrival time)
  Source:                 sB_sig_reg[0]/C
                            (rising edge-triggered cell FDRE clocked by sys_clk  {rise@0.000ns fall@2.500ns period=5.000ns})
  Destination:            outReg_reg[60]/D
                            (rising edge-triggered cell FDSE clocked by sys_clk  {rise@0.000ns fall@2.500ns period=5.000ns})
  Path Group:             sys_clk
  Path Type:              Setup (Max at Slow Process Corner)
  Requirement:            5.000ns  (sys_clk rise@5.000ns - sys_clk rise@0.000ns)
  Data Path Delay:        4.634ns  (logic 2.257ns (48.704%)  route 2.377ns (51.296%))
  Logic Levels:           8  (CARRY4=3 LUT2=2 LUT5=2 LUT6=1)
  Clock Path Skew:        -0.049ns (DCD - SCD + CPR)
    Destination Clock Delay (DCD):    0.924ns = ( 5.924 - 5.000 ) 
    Source Clock Delay      (SCD):    0.973ns
    Clock Pessimism Removal (CPR):    0.000ns
  Clock Uncertainty:      0.035ns  ((TSJ^2 + TIJ^2)^1/2 + DJ) / 2 + PE
    Total System Jitter     (TSJ):    0.071ns
    Total Input Jitter      (TIJ):    0.000ns
    Discrete Jitter          (DJ):    0.000ns
    Phase Error              (PE):    0.000ns

    Location             Delay type                Incr(ns)  Path(ns)    Netlist Resource(s)
  -------------------------------------------------------------------    -------------------
                         (clock sys_clk rise edge)    0.000     0.000 r  <hidden>
                                                      0.000     0.000 r  clock
                         net (fo=425, unset)          0.973     0.973    clock
    SLICE_X28Y40         FDRE                                         r  sB_sig_reg[0]/C
  -------------------------------------------------------------------    -------------------
    SLICE_X28Y40         FDRE (Prop_fdre_C_Q)         0.419     1.392 r  sB_sig_reg[0]/Q
                         net (fo=3, routed)           0.680     2.072    sB_sig_reg_n_0_[0]
    SLICE_X29Y40         LUT5 (Prop_lut5_I0_O)        0.299     2.371 f  outReg[62]_i_19/O
                         net (fo=1, routed)           0.796     3.167    outReg[62]_i_19_n_0
    SLICE_X29Y41         LUT5 (Prop_lut5_I0_O)        0.124     3.291 f  outReg[62]_i_12/O
                         net (fo=1, routed)           0.149     3.440    outReg[62]_i_12_n_0
    SLICE_X29Y41         LUT6 (Prop_lut6_I5_O)        0.124     3.564 r  outReg[62]_i_4/O
                         net (fo=4, routed)           0.325     3.889    p_0_in3_out
    SLICE_X31Y42         LUT2 (Prop_lut2_I1_O)        0.124     4.013 r  outReg[55]_i_6/O
                         net (fo=1, routed)           0.000     4.013    outReg[55]_i_6_n_0
    SLICE_X31Y42         CARRY4 (Prop_carry4_S[0]_CO[3])
                                                      0.532     4.545 r  outReg_reg[55]_i_2/CO[3]
                         net (fo=1, routed)           0.000     4.545    outReg_reg[55]_i_2_n_0
    SLICE_X31Y43         CARRY4 (Prop_carry4_CI_CO[3])
                                                      0.114     4.659 r  outReg_reg[59]_i_2/CO[3]
                         net (fo=1, routed)           0.000     4.659    outReg_reg[59]_i_2_n_0
    SLICE_X31Y44         CARRY4 (Prop_carry4_CI_O[0])
                                                      0.222     4.881 r  outReg_reg[62]_i_5/O[0]
                         net (fo=1, routed)           0.427     5.308    outReg_reg[62]_i_5_n_7
    SLICE_X29Y42         LUT2 (Prop_lut2_I0_O)        0.299     5.607 r  outReg[60]_i_1/O
                         net (fo=1, routed)           0.000     5.607    outReg[60]_i_1_n_0
    SLICE_X29Y42         FDSE                                         r  outReg_reg[60]/D
  -------------------------------------------------------------------    -------------------

                         (clock sys_clk rise edge)    5.000     5.000 r  <hidden>
                                                      0.000     5.000 r  clock
                         net (fo=425, unset)          0.924     5.924    clock
    SLICE_X29Y42         FDSE                                         r  outReg_reg[60]/C
                         clock pessimism              0.000     5.924    <hidden>
                         clock uncertainty           -0.035     5.889    <hidden>
    SLICE_X29Y42         FDSE (Setup_fdse_C_D)        0.031     5.920    outReg_reg[60]
  -------------------------------------------------------------------
                         required time                          5.920    <hidden>
                         arrival time                          -5.607    <hidden>
  -------------------------------------------------------------------
                         slack                                  0.313    <hidden>

Slack (MET) :             0.416ns  (required time - arrival time)
  Source:                 sA_tempSig_r_2_reg__0/CLK
                            (rising edge-triggered cell DSP48E1 clocked by sys_clk  {rise@0.000ns fall@2.500ns period=5.000ns})
  Destination:            sA_tempSig_reg[105]/D
                            (rising edge-triggered cell FDRE clocked by sys_clk  {rise@0.000ns fall@2.500ns period=5.000ns})
  Path Group:             sys_clk
  Path Type:              Setup (Max at Slow Process Corner)
  Requirement:            5.000ns  (sys_clk rise@5.000ns - sys_clk rise@0.000ns)
  Data Path Delay:        4.562ns  (logic 3.269ns (71.649%)  route 1.293ns (28.351%))
  Logic Levels:           20  (CARRY4=19 LUT2=1)
  Clock Path Skew:        -0.049ns (DCD - SCD + CPR)
    Destination Clock Delay (DCD):    0.924ns = ( 5.924 - 5.000 ) 
    Source Clock Delay      (SCD):    0.973ns
    Clock Pessimism Removal (CPR):    0.000ns
  Clock Uncertainty:      0.035ns  ((TSJ^2 + TIJ^2)^1/2 + DJ) / 2 + PE
    Total System Jitter     (TSJ):    0.071ns
    Total Input Jitter      (TIJ):    0.000ns
    Discrete Jitter          (DJ):    0.000ns
    Phase Error              (PE):    0.000ns

    Location             Delay type                Incr(ns)  Path(ns)    Netlist Resource(s)
  -------------------------------------------------------------------    -------------------
                         (clock sys_clk rise edge)    0.000     0.000 r  <hidden>
                                                      0.000     0.000 r  clock
                         net (fo=425, unset)          0.973     0.973    clock
    DSP48_X1Y15          DSP48E1                                      r  sA_tempSig_r_2_reg__0/CLK
  -------------------------------------------------------------------    -------------------
    DSP48_X1Y15          DSP48E1 (Prop_dsp48e1_CLK_P[0])
                                                      0.434     1.407 r  sA_tempSig_r_2_reg__0/P[0]
                         net (fo=2, routed)           1.293     2.700    sA_tempSig_r_2_reg__0_n_105
    SLICE_X24Y31         LUT2 (Prop_lut2_I0_O)        0.124     2.824 r  sA_tempSig[36]_i_4/O
                         net (fo=1, routed)           0.000     2.824    sA_tempSig[36]_i_4_n_0
    SLICE_X24Y31         CARRY4 (Prop_carry4_S[1]_CO[3])
                                                      0.550     3.374 r  sA_tempSig_reg[36]_i_1/CO[3]
                         net (fo=1, routed)           0.000     3.374    sA_tempSig_reg[36]_i_1_n_0
    SLICE_X24Y32         CARRY4 (Prop_carry4_CI_CO[3])
                                                      0.114     3.488 r  sA_tempSig_reg[40]_i_1/CO[3]
                         net (fo=1, routed)           0.000     3.488    sA_tempSig_reg[40]_i_1_n_0
    SLICE_X24Y33         CARRY4 (Prop_carry4_CI_CO[3])
                                                      0.114     3.602 r  sA_tempSig_reg[44]_i_1/CO[3]
                         net (fo=1, routed)           0.000     3.602    sA_tempSig_reg[44]_i_1_n_0
    SLICE_X24Y34         CARRY4 (Prop_carry4_CI_CO[3])
                                                      0.114     3.716 r  sA_tempSig_reg[48]_i_1/CO[3]
                         net (fo=1, routed)           0.000     3.716    sA_tempSig_reg[48]_i_1_n_0
    SLICE_X24Y35         CARRY4 (Prop_carry4_CI_CO[3])
                                                      0.114     3.830 r  sA_tempSig_reg[52]_i_1/CO[3]
                         net (fo=1, routed)           0.000     3.830    sA_tempSig_reg[52]_i_1_n_0
    SLICE_X24Y36         CARRY4 (Prop_carry4_CI_CO[3])
                                                      0.114     3.944 r  sA_tempSig_reg[56]_i_1/CO[3]
                         net (fo=1, routed)           0.000     3.944    sA_tempSig_reg[56]_i_1_n_0
    SLICE_X24Y37         CARRY4 (Prop_carry4_CI_CO[3])
                                                      0.114     4.058 r  sA_tempSig_reg[60]_i_1/CO[3]
                         net (fo=1, routed)           0.000     4.058    sA_tempSig_reg[60]_i_1_n_0
    SLICE_X24Y38         CARRY4 (Prop_carry4_CI_CO[3])
                                                      0.114     4.172 r  sA_tempSig_reg[64]_i_1/CO[3]
                         net (fo=1, routed)           0.000     4.172    sA_tempSig_reg[64]_i_1_n_0
    SLICE_X24Y39         CARRY4 (Prop_carry4_CI_CO[3])
                                                      0.114     4.286 r  sA_tempSig_reg[68]_i_1/CO[3]
                         net (fo=1, routed)           0.000     4.286    sA_tempSig_reg[68]_i_1_n_0
    SLICE_X24Y40         CARRY4 (Prop_carry4_CI_CO[3])
                                                      0.114     4.400 r  sA_tempSig_reg[72]_i_1/CO[3]
                         net (fo=1, routed)           0.000     4.400    sA_tempSig_reg[72]_i_1_n_0
    SLICE_X24Y41         CARRY4 (Prop_carry4_CI_CO[3])
                                                      0.114     4.514 r  sA_tempSig_reg[76]_i_1/CO[3]
                         net (fo=1, routed)           0.000     4.514    sA_tempSig_reg[76]_i_1_n_0
    SLICE_X24Y42         CARRY4 (Prop_carry4_CI_CO[3])
                                                      0.114     4.628 r  sA_tempSig_reg[80]_i_1/CO[3]
                         net (fo=1, routed)           0.000     4.628    sA_tempSig_reg[80]_i_1_n_0
    SLICE_X24Y43         CARRY4 (Prop_carry4_CI_CO[3])
                                                      0.114     4.742 r  sA_tempSig_reg[84]_i_1/CO[3]
                         net (fo=1, routed)           0.000     4.742    sA_tempSig_reg[84]_i_1_n_0
    SLICE_X24Y44         CARRY4 (Prop_carry4_CI_CO[3])
                                                      0.114     4.856 r  sA_tempSig_reg[88]_i_1/CO[3]
                         net (fo=1, routed)           0.000     4.856    sA_tempSig_reg[88]_i_1_n_0
    SLICE_X24Y45         CARRY4 (Prop_carry4_CI_CO[3])
                                                      0.114     4.970 r  sA_tempSig_reg[92]_i_1/CO[3]
                         net (fo=1, routed)           0.000     4.970    sA_tempSig_reg[92]_i_1_n_0
    SLICE_X24Y46         CARRY4 (Prop_carry4_CI_CO[3])
                                                      0.114     5.084 r  sA_tempSig_reg[96]_i_1/CO[3]
                         net (fo=1, routed)           0.000     5.084    sA_tempSig_reg[96]_i_1_n_0
    SLICE_X24Y47         CARRY4 (Prop_carry4_CI_CO[3])
                                                      0.114     5.198 r  sA_tempSig_reg[100]_i_1/CO[3]
                         net (fo=1, routed)           0.000     5.198    sA_tempSig_reg[100]_i_1_n_0
    SLICE_X24Y48         CARRY4 (Prop_carry4_CI_CO[3])
                                                      0.114     5.312 r  sA_tempSig_reg[104]_i_1/CO[3]
                         net (fo=1, routed)           0.000     5.312    sA_tempSig_reg[104]_i_1_n_0
    SLICE_X24Y49         CARRY4 (Prop_carry4_CI_O[0])
                                                      0.223     5.535 r  sA_tempSig_reg[105]_i_1/O[0]
                         net (fo=1, routed)           0.000     5.535    sA_tempSig_r_2_reg__1[105]
    SLICE_X24Y49         FDRE                                         r  sA_tempSig_reg[105]/D
  -------------------------------------------------------------------    -------------------

                         (clock sys_clk rise edge)    5.000     5.000 r  <hidden>
                                                      0.000     5.000 r  clock
                         net (fo=425, unset)          0.924     5.924    clock
    SLICE_X24Y49         FDRE                                         r  sA_tempSig_reg[105]/C
                         clock pessimism              0.000     5.924    <hidden>
                         clock uncertainty           -0.035     5.889    <hidden>
    SLICE_X24Y49         FDRE (Setup_fdre_C_D)        0.062     5.951    sA_tempSig_reg[105]
  -------------------------------------------------------------------
                         required time                          5.951    <hidden>
                         arrival time                          -5.535    <hidden>
  -------------------------------------------------------------------
                         slack                                  0.416    <hidden>

Slack (MET) :             0.419ns  (required time - arrival time)
  Source:                 sA_tempSig_r_2_reg__0/CLK
                            (rising edge-triggered cell DSP48E1 clocked by sys_clk  {rise@0.000ns fall@2.500ns period=5.000ns})
  Destination:            sA_tempSig_reg[102]/D
                            (rising edge-triggered cell FDRE clocked by sys_clk  {rise@0.000ns fall@2.500ns period=5.000ns})
  Path Group:             sys_clk
  Path Type:              Setup (Max at Slow Process Corner)
  Requirement:            5.000ns  (sys_clk rise@5.000ns - sys_clk rise@0.000ns)
  Data Path Delay:        4.559ns  (logic 3.266ns (71.631%)  route 1.293ns (28.369%))
  Logic Levels:           19  (CARRY4=18 LUT2=1)
  Clock Path Skew:        -0.049ns (DCD - SCD + CPR)
    Destination Clock Delay (DCD):    0.924ns = ( 5.924 - 5.000 ) 
    Source Clock Delay      (SCD):    0.973ns
    Clock Pessimism Removal (CPR):    0.000ns
  Clock Uncertainty:      0.035ns  ((TSJ^2 + TIJ^2)^1/2 + DJ) / 2 + PE
    Total System Jitter     (TSJ):    0.071ns
    Total Input Jitter      (TIJ):    0.000ns
    Discrete Jitter          (DJ):    0.000ns
    Phase Error              (PE):    0.000ns

    Location             Delay type                Incr(ns)  Path(ns)    Netlist Resource(s)
  -------------------------------------------------------------------    -------------------
                         (clock sys_clk rise edge)    0.000     0.000 r  <hidden>
                                                      0.000     0.000 r  clock
                         net (fo=425, unset)          0.973     0.973    clock
    DSP48_X1Y15          DSP48E1                                      r  sA_tempSig_r_2_reg__0/CLK
  -------------------------------------------------------------------    -------------------
    DSP48_X1Y15          DSP48E1 (Prop_dsp48e1_CLK_P[0])
                                                      0.434     1.407 r  sA_tempSig_r_2_reg__0/P[0]
                         net (fo=2, routed)           1.293     2.700    sA_tempSig_r_2_reg__0_n_105
    SLICE_X24Y31         LUT2 (Prop_lut2_I0_O)        0.124     2.824 r  sA_tempSig[36]_i_4/O
                         net (fo=1, routed)           0.000     2.824    sA_tempSig[36]_i_4_n_0
    SLICE_X24Y31         CARRY4 (Prop_carry4_S[1]_CO[3])
                                                      0.550     3.374 r  sA_tempSig_reg[36]_i_1/CO[3]
                         net (fo=1, routed)           0.000     3.374    sA_tempSig_reg[36]_i_1_n_0
    SLICE_X24Y32         CARRY4 (Prop_carry4_CI_CO[3])
                                                      0.114     3.488 r  sA_tempSig_reg[40]_i_1/CO[3]
                         net (fo=1, routed)           0.000     3.488    sA_tempSig_reg[40]_i_1_n_0
    SLICE_X24Y33         CARRY4 (Prop_carry4_CI_CO[3])
                                                      0.114     3.602 r  sA_tempSig_reg[44]_i_1/CO[3]
                         net (fo=1, routed)           0.000     3.602    sA_tempSig_reg[44]_i_1_n_0
    SLICE_X24Y34         CARRY4 (Prop_carry4_CI_CO[3])
                                                      0.114     3.716 r  sA_tempSig_reg[48]_i_1/CO[3]
                         net (fo=1, routed)           0.000     3.716    sA_tempSig_reg[48]_i_1_n_0
    SLICE_X24Y35         CARRY4 (Prop_carry4_CI_CO[3])
                                                      0.114     3.830 r  sA_tempSig_reg[52]_i_1/CO[3]
                         net (fo=1, routed)           0.000     3.830    sA_tempSig_reg[52]_i_1_n_0
    SLICE_X24Y36         CARRY4 (Prop_carry4_CI_CO[3])
                                                      0.114     3.944 r  sA_tempSig_reg[56]_i_1/CO[3]
                         net (fo=1, routed)           0.000     3.944    sA_tempSig_reg[56]_i_1_n_0
    SLICE_X24Y37         CARRY4 (Prop_carry4_CI_CO[3])
                                                      0.114     4.058 r  sA_tempSig_reg[60]_i_1/CO[3]
                         net (fo=1, routed)           0.000     4.058    sA_tempSig_reg[60]_i_1_n_0
    SLICE_X24Y38         CARRY4 (Prop_carry4_CI_CO[3])
                                                      0.114     4.172 r  sA_tempSig_reg[64]_i_1/CO[3]
                         net (fo=1, routed)           0.000     4.172    sA_tempSig_reg[64]_i_1_n_0
    SLICE_X24Y39         CARRY4 (Prop_carry4_CI_CO[3])
                                                      0.114     4.286 r  sA_tempSig_reg[68]_i_1/CO[3]
                         net (fo=1, routed)           0.000     4.286    sA_tempSig_reg[68]_i_1_n_0
    SLICE_X24Y40         CARRY4 (Prop_carry4_CI_CO[3])
                                                      0.114     4.400 r  sA_tempSig_reg[72]_i_1/CO[3]
                         net (fo=1, routed)           0.000     4.400    sA_tempSig_reg[72]_i_1_n_0
    SLICE_X24Y41         CARRY4 (Prop_carry4_CI_CO[3])
                                                      0.114     4.514 r  sA_tempSig_reg[76]_i_1/CO[3]
                         net (fo=1, routed)           0.000     4.514    sA_tempSig_reg[76]_i_1_n_0
    SLICE_X24Y42         CARRY4 (Prop_carry4_CI_CO[3])
                                                      0.114     4.628 r  sA_tempSig_reg[80]_i_1/CO[3]
                         net (fo=1, routed)           0.000     4.628    sA_tempSig_reg[80]_i_1_n_0
    SLICE_X24Y43         CARRY4 (Prop_carry4_CI_CO[3])
                                                      0.114     4.742 r  sA_tempSig_reg[84]_i_1/CO[3]
                         net (fo=1, routed)           0.000     4.742    sA_tempSig_reg[84]_i_1_n_0
    SLICE_X24Y44         CARRY4 (Prop_carry4_CI_CO[3])
                                                      0.114     4.856 r  sA_tempSig_reg[88]_i_1/CO[3]
                         net (fo=1, routed)           0.000     4.856    sA_tempSig_reg[88]_i_1_n_0
    SLICE_X24Y45         CARRY4 (Prop_carry4_CI_CO[3])
                                                      0.114     4.970 r  sA_tempSig_reg[92]_i_1/CO[3]
                         net (fo=1, routed)           0.000     4.970    sA_tempSig_reg[92]_i_1_n_0
    SLICE_X24Y46         CARRY4 (Prop_carry4_CI_CO[3])
                                                      0.114     5.084 r  sA_tempSig_reg[96]_i_1/CO[3]
                         net (fo=1, routed)           0.000     5.084    sA_tempSig_reg[96]_i_1_n_0
    SLICE_X24Y47         CARRY4 (Prop_carry4_CI_CO[3])
                                                      0.114     5.198 r  sA_tempSig_reg[100]_i_1/CO[3]
                         net (fo=1, routed)           0.000     5.198    sA_tempSig_reg[100]_i_1_n_0
    SLICE_X24Y48         CARRY4 (Prop_carry4_CI_O[1])
                                                      0.334     5.532 r  sA_tempSig_reg[104]_i_1/O[1]
                         net (fo=1, routed)           0.000     5.532    sA_tempSig_r_2_reg__1[102]
    SLICE_X24Y48         FDRE                                         r  sA_tempSig_reg[102]/D
  -------------------------------------------------------------------    -------------------

                         (clock sys_clk rise edge)    5.000     5.000 r  <hidden>
                                                      0.000     5.000 r  clock
                         net (fo=425, unset)          0.924     5.924    clock
    SLICE_X24Y48         FDRE                                         r  sA_tempSig_reg[102]/C
                         clock pessimism              0.000     5.924    <hidden>
                         clock uncertainty           -0.035     5.889    <hidden>
    SLICE_X24Y48         FDRE (Setup_fdre_C_D)        0.062     5.951    sA_tempSig_reg[102]
  -------------------------------------------------------------------
                         required time                          5.951    <hidden>
                         arrival time                          -5.532    <hidden>
  -------------------------------------------------------------------
                         slack                                  0.419    <hidden>

Slack (MET) :             0.433ns  (required time - arrival time)
  Source:                 sB_sig_reg[0]/C
                            (rising edge-triggered cell FDRE clocked by sys_clk  {rise@0.000ns fall@2.500ns period=5.000ns})
  Destination:            outReg_reg[57]/D
                            (rising edge-triggered cell FDSE clocked by sys_clk  {rise@0.000ns fall@2.500ns period=5.000ns})
  Path Group:             sys_clk
  Path Type:              Setup (Max at Slow Process Corner)
  Requirement:            5.000ns  (sys_clk rise@5.000ns - sys_clk rise@0.000ns)
  Data Path Delay:        4.564ns  (logic 2.259ns (49.497%)  route 2.305ns (50.503%))
  Logic Levels:           7  (CARRY4=2 LUT2=2 LUT5=2 LUT6=1)
  Clock Path Skew:        -0.049ns (DCD - SCD + CPR)
    Destination Clock Delay (DCD):    0.924ns = ( 5.924 - 5.000 ) 
    Source Clock Delay      (SCD):    0.973ns
    Clock Pessimism Removal (CPR):    0.000ns
  Clock Uncertainty:      0.035ns  ((TSJ^2 + TIJ^2)^1/2 + DJ) / 2 + PE
    Total System Jitter     (TSJ):    0.071ns
    Total Input Jitter      (TIJ):    0.000ns
    Discrete Jitter          (DJ):    0.000ns
    Phase Error              (PE):    0.000ns

    Location             Delay type                Incr(ns)  Path(ns)    Netlist Resource(s)
  -------------------------------------------------------------------    -------------------
                         (clock sys_clk rise edge)    0.000     0.000 r  <hidden>
                                                      0.000     0.000 r  clock
                         net (fo=425, unset)          0.973     0.973    clock
    SLICE_X28Y40         FDRE                                         r  sB_sig_reg[0]/C
  -------------------------------------------------------------------    -------------------
    SLICE_X28Y40         FDRE (Prop_fdre_C_Q)         0.419     1.392 r  sB_sig_reg[0]/Q
                         net (fo=3, routed)           0.680     2.072    sB_sig_reg_n_0_[0]
    SLICE_X29Y40         LUT5 (Prop_lut5_I0_O)        0.299     2.371 f  outReg[62]_i_19/O
                         net (fo=1, routed)           0.796     3.167    outReg[62]_i_19_n_0
    SLICE_X29Y41         LUT5 (Prop_lut5_I0_O)        0.124     3.291 f  outReg[62]_i_12/O
                         net (fo=1, routed)           0.149     3.440    outReg[62]_i_12_n_0
    SLICE_X29Y41         LUT6 (Prop_lut6_I5_O)        0.124     3.564 r  outReg[62]_i_4/O
                         net (fo=4, routed)           0.325     3.889    p_0_in3_out
    SLICE_X31Y42         LUT2 (Prop_lut2_I1_O)        0.124     4.013 r  outReg[55]_i_6/O
                         net (fo=1, routed)           0.000     4.013    outReg[55]_i_6_n_0
    SLICE_X31Y42         CARRY4 (Prop_carry4_S[0]_CO[3])
                                                      0.532     4.545 r  outReg_reg[55]_i_2/CO[3]
                         net (fo=1, routed)           0.000     4.545    outReg_reg[55]_i_2_n_0
    SLICE_X31Y43         CARRY4 (Prop_carry4_CI_O[1])
                                                      0.334     4.879 r  outReg_reg[59]_i_2/O[1]
                         net (fo=1, routed)           0.355     5.234    outReg_reg[59]_i_2_n_6
    SLICE_X30Y43         LUT2 (Prop_lut2_I0_O)        0.303     5.537 r  outReg[57]_i_1/O
                         net (fo=1, routed)           0.000     5.537    outReg[57]_i_1_n_0
    SLICE_X30Y43         FDSE                                         r  outReg_reg[57]/D
  -------------------------------------------------------------------    -------------------

                         (clock sys_clk rise edge)    5.000     5.000 r  <hidden>
                                                      0.000     5.000 r  clock
                         net (fo=425, unset)          0.924     5.924    clock
    SLICE_X30Y43         FDSE                                         r  outReg_reg[57]/C
                         clock pessimism              0.000     5.924    <hidden>
                         clock uncertainty           -0.035     5.889    <hidden>
    SLICE_X30Y43         FDSE (Setup_fdse_C_D)        0.081     5.970    outReg_reg[57]
  -------------------------------------------------------------------
                         required time                          5.970    <hidden>
                         arrival time                          -5.537    <hidden>
  -------------------------------------------------------------------
                         slack                                  0.433    <hidden>

Slack (MET) :             0.440ns  (required time - arrival time)
  Source:                 sA_tempSig_r_2_reg__0/CLK
                            (rising edge-triggered cell DSP48E1 clocked by sys_clk  {rise@0.000ns fall@2.500ns period=5.000ns})
  Destination:            sA_tempSig_reg[104]/D
                            (rising edge-triggered cell FDRE clocked by sys_clk  {rise@0.000ns fall@2.500ns period=5.000ns})
  Path Group:             sys_clk
  Path Type:              Setup (Max at Slow Process Corner)
  Requirement:            5.000ns  (sys_clk rise@5.000ns - sys_clk rise@0.000ns)
  Data Path Delay:        4.538ns  (logic 3.245ns (71.499%)  route 1.293ns (28.501%))
  Logic Levels:           19  (CARRY4=18 LUT2=1)
  Clock Path Skew:        -0.049ns (DCD - SCD + CPR)
    Destination Clock Delay (DCD):    0.924ns = ( 5.924 - 5.000 ) 
    Source Clock Delay      (SCD):    0.973ns
    Clock Pessimism Removal (CPR):    0.000ns
  Clock Uncertainty:      0.035ns  ((TSJ^2 + TIJ^2)^1/2 + DJ) / 2 + PE
    Total System Jitter     (TSJ):    0.071ns
    Total Input Jitter      (TIJ):    0.000ns
    Discrete Jitter          (DJ):    0.000ns
    Phase Error              (PE):    0.000ns

    Location             Delay type                Incr(ns)  Path(ns)    Netlist Resource(s)
  -------------------------------------------------------------------    -------------------
                         (clock sys_clk rise edge)    0.000     0.000 r  <hidden>
                                                      0.000     0.000 r  clock
                         net (fo=425, unset)          0.973     0.973    clock
    DSP48_X1Y15          DSP48E1                                      r  sA_tempSig_r_2_reg__0/CLK
  -------------------------------------------------------------------    -------------------
    DSP48_X1Y15          DSP48E1 (Prop_dsp48e1_CLK_P[0])
                                                      0.434     1.407 r  sA_tempSig_r_2_reg__0/P[0]
                         net (fo=2, routed)           1.293     2.700    sA_tempSig_r_2_reg__0_n_105
    SLICE_X24Y31         LUT2 (Prop_lut2_I0_O)        0.124     2.824 r  sA_tempSig[36]_i_4/O
                         net (fo=1, routed)           0.000     2.824    sA_tempSig[36]_i_4_n_0
    SLICE_X24Y31         CARRY4 (Prop_carry4_S[1]_CO[3])
                                                      0.550     3.374 r  sA_tempSig_reg[36]_i_1/CO[3]
                         net (fo=1, routed)           0.000     3.374    sA_tempSig_reg[36]_i_1_n_0
    SLICE_X24Y32         CARRY4 (Prop_carry4_CI_CO[3])
                                                      0.114     3.488 r  sA_tempSig_reg[40]_i_1/CO[3]
                         net (fo=1, routed)           0.000     3.488    sA_tempSig_reg[40]_i_1_n_0
    SLICE_X24Y33         CARRY4 (Prop_carry4_CI_CO[3])
                                                      0.114     3.602 r  sA_tempSig_reg[44]_i_1/CO[3]
                         net (fo=1, routed)           0.000     3.602    sA_tempSig_reg[44]_i_1_n_0
    SLICE_X24Y34         CARRY4 (Prop_carry4_CI_CO[3])
                                                      0.114     3.716 r  sA_tempSig_reg[48]_i_1/CO[3]
                         net (fo=1, routed)           0.000     3.716    sA_tempSig_reg[48]_i_1_n_0
    SLICE_X24Y35         CARRY4 (Prop_carry4_CI_CO[3])
                                                      0.114     3.830 r  sA_tempSig_reg[52]_i_1/CO[3]
                         net (fo=1, routed)           0.000     3.830    sA_tempSig_reg[52]_i_1_n_0
    SLICE_X24Y36         CARRY4 (Prop_carry4_CI_CO[3])
                                                      0.114     3.944 r  sA_tempSig_reg[56]_i_1/CO[3]
                         net (fo=1, routed)           0.000     3.944    sA_tempSig_reg[56]_i_1_n_0
    SLICE_X24Y37         CARRY4 (Prop_carry4_CI_CO[3])
                                                      0.114     4.058 r  sA_tempSig_reg[60]_i_1/CO[3]
                         net (fo=1, routed)           0.000     4.058    sA_tempSig_reg[60]_i_1_n_0
    SLICE_X24Y38         CARRY4 (Prop_carry4_CI_CO[3])
                                                      0.114     4.172 r  sA_tempSig_reg[64]_i_1/CO[3]
                         net (fo=1, routed)           0.000     4.172    sA_tempSig_reg[64]_i_1_n_0
    SLICE_X24Y39         CARRY4 (Prop_carry4_CI_CO[3])
                                                      0.114     4.286 r  sA_tempSig_reg[68]_i_1/CO[3]
                         net (fo=1, routed)           0.000     4.286    sA_tempSig_reg[68]_i_1_n_0
    SLICE_X24Y40         CARRY4 (Prop_carry4_CI_CO[3])
                                                      0.114     4.400 r  sA_tempSig_reg[72]_i_1/CO[3]
                         net (fo=1, routed)           0.000     4.400    sA_tempSig_reg[72]_i_1_n_0
    SLICE_X24Y41         CARRY4 (Prop_carry4_CI_CO[3])
                                                      0.114     4.514 r  sA_tempSig_reg[76]_i_1/CO[3]
                         net (fo=1, routed)           0.000     4.514    sA_tempSig_reg[76]_i_1_n_0
    SLICE_X24Y42         CARRY4 (Prop_carry4_CI_CO[3])
                                                      0.114     4.628 r  sA_tempSig_reg[80]_i_1/CO[3]
                         net (fo=1, routed)           0.000     4.628    sA_tempSig_reg[80]_i_1_n_0
    SLICE_X24Y43         CARRY4 (Prop_carry4_CI_CO[3])
                                                      0.114     4.742 r  sA_tempSig_reg[84]_i_1/CO[3]
                         net (fo=1, routed)           0.000     4.742    sA_tempSig_reg[84]_i_1_n_0
    SLICE_X24Y44         CARRY4 (Prop_carry4_CI_CO[3])
                                                      0.114     4.856 r  sA_tempSig_reg[88]_i_1/CO[3]
                         net (fo=1, routed)           0.000     4.856    sA_tempSig_reg[88]_i_1_n_0
    SLICE_X24Y45         CARRY4 (Prop_carry4_CI_CO[3])
                                                      0.114     4.970 r  sA_tempSig_reg[92]_i_1/CO[3]
                         net (fo=1, routed)           0.000     4.970    sA_tempSig_reg[92]_i_1_n_0
    SLICE_X24Y46         CARRY4 (Prop_carry4_CI_CO[3])
                                                      0.114     5.084 r  sA_tempSig_reg[96]_i_1/CO[3]
                         net (fo=1, routed)           0.000     5.084    sA_tempSig_reg[96]_i_1_n_0
    SLICE_X24Y47         CARRY4 (Prop_carry4_CI_CO[3])
                                                      0.114     5.198 r  sA_tempSig_reg[100]_i_1/CO[3]
                         net (fo=1, routed)           0.000     5.198    sA_tempSig_reg[100]_i_1_n_0
    SLICE_X24Y48         CARRY4 (Prop_carry4_CI_O[3])
                                                      0.313     5.511 r  sA_tempSig_reg[104]_i_1/O[3]
                         net (fo=1, routed)           0.000     5.511    sA_tempSig_r_2_reg__1[104]
    SLICE_X24Y48         FDRE                                         r  sA_tempSig_reg[104]/D
  -------------------------------------------------------------------    -------------------

                         (clock sys_clk rise edge)    5.000     5.000 r  <hidden>
                                                      0.000     5.000 r  clock
                         net (fo=425, unset)          0.924     5.924    clock
    SLICE_X24Y48         FDRE                                         r  sA_tempSig_reg[104]/C
                         clock pessimism              0.000     5.924    <hidden>
                         clock uncertainty           -0.035     5.889    <hidden>
    SLICE_X24Y48         FDRE (Setup_fdre_C_D)        0.062     5.951    sA_tempSig_reg[104]
  -------------------------------------------------------------------
                         required time                          5.951    <hidden>
                         arrival time                          -5.511    <hidden>
  -------------------------------------------------------------------
                         slack                                  0.440    <hidden>

Slack (MET) :             0.455ns  (required time - arrival time)
  Source:                 sB_sig_reg[0]/C
                            (rising edge-triggered cell FDRE clocked by sys_clk  {rise@0.000ns fall@2.500ns period=5.000ns})
  Destination:            outReg_reg[62]/D
                            (rising edge-triggered cell FDSE clocked by sys_clk  {rise@0.000ns fall@2.500ns period=5.000ns})
  Path Group:             sys_clk
  Path Type:              Setup (Max at Slow Process Corner)
  Requirement:            5.000ns  (sys_clk rise@5.000ns - sys_clk rise@0.000ns)
  Data Path Delay:        4.538ns  (logic 2.277ns (50.179%)  route 2.261ns (49.821%))
  Logic Levels:           8  (CARRY4=3 LUT2=2 LUT5=2 LUT6=1)
  Clock Path Skew:        -0.049ns (DCD - SCD + CPR)
    Destination Clock Delay (DCD):    0.924ns = ( 5.924 - 5.000 ) 
    Source Clock Delay      (SCD):    0.973ns
    Clock Pessimism Removal (CPR):    0.000ns
  Clock Uncertainty:      0.035ns  ((TSJ^2 + TIJ^2)^1/2 + DJ) / 2 + PE
    Total System Jitter     (TSJ):    0.071ns
    Total Input Jitter      (TIJ):    0.000ns
    Discrete Jitter          (DJ):    0.000ns
    Phase Error              (PE):    0.000ns

    Location             Delay type                Incr(ns)  Path(ns)    Netlist Resource(s)
  -------------------------------------------------------------------    -------------------
                         (clock sys_clk rise edge)    0.000     0.000 r  <hidden>
                                                      0.000     0.000 r  clock
                         net (fo=425, unset)          0.973     0.973    clock
    SLICE_X28Y40         FDRE                                         r  sB_sig_reg[0]/C
  -------------------------------------------------------------------    -------------------
    SLICE_X28Y40         FDRE (Prop_fdre_C_Q)         0.419     1.392 r  sB_sig_reg[0]/Q
                         net (fo=3, routed)           0.680     2.072    sB_sig_reg_n_0_[0]
    SLICE_X29Y40         LUT5 (Prop_lut5_I0_O)        0.299     2.371 f  outReg[62]_i_19/O
                         net (fo=1, routed)           0.796     3.167    outReg[62]_i_19_n_0
    SLICE_X29Y41         LUT5 (Prop_lut5_I0_O)        0.124     3.291 f  outReg[62]_i_12/O
                         net (fo=1, routed)           0.149     3.440    outReg[62]_i_12_n_0
    SLICE_X29Y41         LUT6 (Prop_lut6_I5_O)        0.124     3.564 r  outReg[62]_i_4/O
                         net (fo=4, routed)           0.325     3.889    p_0_in3_out
    SLICE_X31Y42         LUT2 (Prop_lut2_I1_O)        0.124     4.013 r  outReg[55]_i_6/O
                         net (fo=1, routed)           0.000     4.013    outReg[55]_i_6_n_0
    SLICE_X31Y42         CARRY4 (Prop_carry4_S[0]_CO[3])
                                                      0.532     4.545 r  outReg_reg[55]_i_2/CO[3]
                         net (fo=1, routed)           0.000     4.545    outReg_reg[55]_i_2_n_0
    SLICE_X31Y43         CARRY4 (Prop_carry4_CI_CO[3])
                                                      0.114     4.659 r  outReg_reg[59]_i_2/CO[3]
                         net (fo=1, routed)           0.000     4.659    outReg_reg[59]_i_2_n_0
    SLICE_X31Y44         CARRY4 (Prop_carry4_CI_O[2])
                                                      0.239     4.898 r  outReg_reg[62]_i_5/O[2]
                         net (fo=1, routed)           0.311     5.209    outReg_reg[62]_i_5_n_5
    SLICE_X30Y43         LUT2 (Prop_lut2_I0_O)        0.302     5.511 r  outReg[62]_i_2/O
                         net (fo=1, routed)           0.000     5.511    outReg[62]_i_2_n_0
    SLICE_X30Y43         FDSE                                         r  outReg_reg[62]/D
  -------------------------------------------------------------------    -------------------

                         (clock sys_clk rise edge)    5.000     5.000 r  <hidden>
                                                      0.000     5.000 r  clock
                         net (fo=425, unset)          0.924     5.924    clock
    SLICE_X30Y43         FDSE                                         r  outReg_reg[62]/C
                         clock pessimism              0.000     5.924    <hidden>
                         clock uncertainty           -0.035     5.889    <hidden>
    SLICE_X30Y43         FDSE (Setup_fdse_C_D)        0.077     5.966    outReg_reg[62]
  -------------------------------------------------------------------
                         required time                          5.966    <hidden>
                         arrival time                          -5.511    <hidden>
  -------------------------------------------------------------------
                         slack                                  0.455    <hidden>

Slack (MET) :             0.496ns  (required time - arrival time)
  Source:                 sB_sig_reg[0]/C
                            (rising edge-triggered cell FDRE clocked by sys_clk  {rise@0.000ns fall@2.500ns period=5.000ns})
  Destination:            outReg_reg[59]/D
                            (rising edge-triggered cell FDSE clocked by sys_clk  {rise@0.000ns fall@2.500ns period=5.000ns})
  Path Group:             sys_clk
  Path Type:              Setup (Max at Slow Process Corner)
  Requirement:            5.000ns  (sys_clk rise@5.000ns - sys_clk rise@0.000ns)
  Data Path Delay:        4.501ns  (logic 2.241ns (49.789%)  route 2.260ns (50.211%))
  Logic Levels:           7  (CARRY4=2 LUT2=2 LUT5=2 LUT6=1)
  Clock Path Skew:        -0.049ns (DCD - SCD + CPR)
    Destination Clock Delay (DCD):    0.924ns = ( 5.924 - 5.000 ) 
    Source Clock Delay      (SCD):    0.973ns
    Clock Pessimism Removal (CPR):    0.000ns
  Clock Uncertainty:      0.035ns  ((TSJ^2 + TIJ^2)^1/2 + DJ) / 2 + PE
    Total System Jitter     (TSJ):    0.071ns
    Total Input Jitter      (TIJ):    0.000ns
    Discrete Jitter          (DJ):    0.000ns
    Phase Error              (PE):    0.000ns

    Location             Delay type                Incr(ns)  Path(ns)    Netlist Resource(s)
  -------------------------------------------------------------------    -------------------
                         (clock sys_clk rise edge)    0.000     0.000 r  <hidden>
                                                      0.000     0.000 r  clock
                         net (fo=425, unset)          0.973     0.973    clock
    SLICE_X28Y40         FDRE                                         r  sB_sig_reg[0]/C
  -------------------------------------------------------------------    -------------------
    SLICE_X28Y40         FDRE (Prop_fdre_C_Q)         0.419     1.392 r  sB_sig_reg[0]/Q
                         net (fo=3, routed)           0.680     2.072    sB_sig_reg_n_0_[0]
    SLICE_X29Y40         LUT5 (Prop_lut5_I0_O)        0.299     2.371 f  outReg[62]_i_19/O
                         net (fo=1, routed)           0.796     3.167    outReg[62]_i_19_n_0
    SLICE_X29Y41         LUT5 (Prop_lut5_I0_O)        0.124     3.291 f  outReg[62]_i_12/O
                         net (fo=1, routed)           0.149     3.440    outReg[62]_i_12_n_0
    SLICE_X29Y41         LUT6 (Prop_lut6_I5_O)        0.124     3.564 r  outReg[62]_i_4/O
                         net (fo=4, routed)           0.325     3.889    p_0_in3_out
    SLICE_X31Y42         LUT2 (Prop_lut2_I1_O)        0.124     4.013 r  outReg[55]_i_6/O
                         net (fo=1, routed)           0.000     4.013    outReg[55]_i_6_n_0
    SLICE_X31Y42         CARRY4 (Prop_carry4_S[0]_CO[3])
                                                      0.532     4.545 r  outReg_reg[55]_i_2/CO[3]
                         net (fo=1, routed)           0.000     4.545    outReg_reg[55]_i_2_n_0
    SLICE_X31Y43         CARRY4 (Prop_carry4_CI_O[3])
                                                      0.313     4.858 r  outReg_reg[59]_i_2/O[3]
                         net (fo=1, routed)           0.310     5.168    outReg_reg[59]_i_2_n_4
    SLICE_X30Y41         LUT2 (Prop_lut2_I0_O)        0.306     5.474 r  outReg[59]_i_1/O
                         net (fo=1, routed)           0.000     5.474    outReg[59]_i_1_n_0
    SLICE_X30Y41         FDSE                                         r  outReg_reg[59]/D
  -------------------------------------------------------------------    -------------------

                         (clock sys_clk rise edge)    5.000     5.000 r  <hidden>
                                                      0.000     5.000 r  clock
                         net (fo=425, unset)          0.924     5.924    clock
    SLICE_X30Y41         FDSE                                         r  outReg_reg[59]/C
                         clock pessimism              0.000     5.924    <hidden>
                         clock uncertainty           -0.035     5.889    <hidden>
    SLICE_X30Y41         FDSE (Setup_fdse_C_D)        0.081     5.970    outReg_reg[59]
  -------------------------------------------------------------------
                         required time                          5.970    <hidden>
                         arrival time                          -5.474    <hidden>
  -------------------------------------------------------------------
                         slack                                  0.496    <hidden>

Slack (MET) :             0.501ns  (required time - arrival time)
  Source:                 sB_sig_reg[0]/C
                            (rising edge-triggered cell FDRE clocked by sys_clk  {rise@0.000ns fall@2.500ns period=5.000ns})
  Destination:            outReg_reg[40]/R
                            (rising edge-triggered cell FDRE clocked by sys_clk  {rise@0.000ns fall@2.500ns period=5.000ns})
  Path Group:             sys_clk
  Path Type:              Setup (Max at Slow Process Corner)
  Requirement:            5.000ns  (sys_clk rise@5.000ns - sys_clk rise@0.000ns)
  Data Path Delay:        3.986ns  (logic 1.090ns (27.347%)  route 2.896ns (72.653%))
  Logic Levels:           4  (LUT5=3 LUT6=1)
  Clock Path Skew:        -0.049ns (DCD - SCD + CPR)
    Destination Clock Delay (DCD):    0.924ns = ( 5.924 - 5.000 ) 
    Source Clock Delay      (SCD):    0.973ns
    Clock Pessimism Removal (CPR):    0.000ns
  Clock Uncertainty:      0.035ns  ((TSJ^2 + TIJ^2)^1/2 + DJ) / 2 + PE
    Total System Jitter     (TSJ):    0.071ns
    Total Input Jitter      (TIJ):    0.000ns
    Discrete Jitter          (DJ):    0.000ns
    Phase Error              (PE):    0.000ns

    Location             Delay type                Incr(ns)  Path(ns)    Netlist Resource(s)
  -------------------------------------------------------------------    -------------------
                         (clock sys_clk rise edge)    0.000     0.000 r  <hidden>
                                                      0.000     0.000 r  clock
                         net (fo=425, unset)          0.973     0.973    clock
    SLICE_X28Y40         FDRE                                         r  sB_sig_reg[0]/C
  -------------------------------------------------------------------    -------------------
    SLICE_X28Y40         FDRE (Prop_fdre_C_Q)         0.419     1.392 r  sB_sig_reg[0]/Q
                         net (fo=3, routed)           0.680     2.072    sB_sig_reg_n_0_[0]
    SLICE_X29Y40         LUT5 (Prop_lut5_I0_O)        0.299     2.371 f  outReg[62]_i_19/O
                         net (fo=1, routed)           0.796     3.167    outReg[62]_i_19_n_0
    SLICE_X29Y41         LUT5 (Prop_lut5_I0_O)        0.124     3.291 f  outReg[62]_i_12/O
                         net (fo=1, routed)           0.149     3.440    outReg[62]_i_12_n_0
    SLICE_X29Y41         LUT6 (Prop_lut6_I5_O)        0.124     3.564 r  outReg[62]_i_4/O
                         net (fo=4, routed)           0.333     3.897    p_0_in3_out
    SLICE_X30Y42         LUT5 (Prop_lut5_I2_O)        0.124     4.021 r  outReg[50]_i_1/O
                         net (fo=51, routed)          0.938     4.959    outReg[50]_i_1_n_0
    SLICE_X33Y46         FDRE                                         r  outReg_reg[40]/R
  -------------------------------------------------------------------    -------------------

                         (clock sys_clk rise edge)    5.000     5.000 r  <hidden>
                                                      0.000     5.000 r  clock
                         net (fo=425, unset)          0.924     5.924    clock
    SLICE_X33Y46         FDRE                                         r  outReg_reg[40]/C
                         clock pessimism              0.000     5.924    <hidden>
                         clock uncertainty           -0.035     5.889    <hidden>
    SLICE_X33Y46         FDRE (Setup_fdre_C_R)       -0.429     5.460    outReg_reg[40]
  -------------------------------------------------------------------
                         required time                          5.460    <hidden>
                         arrival time                          -4.959    <hidden>
  -------------------------------------------------------------------
                         slack                                  0.501    <hidden>

Slack (MET) :             0.501ns  (required time - arrival time)
  Source:                 sB_sig_reg[0]/C
                            (rising edge-triggered cell FDRE clocked by sys_clk  {rise@0.000ns fall@2.500ns period=5.000ns})
  Destination:            outReg_reg[41]/R
                            (rising edge-triggered cell FDRE clocked by sys_clk  {rise@0.000ns fall@2.500ns period=5.000ns})
  Path Group:             sys_clk
  Path Type:              Setup (Max at Slow Process Corner)
  Requirement:            5.000ns  (sys_clk rise@5.000ns - sys_clk rise@0.000ns)
  Data Path Delay:        3.986ns  (logic 1.090ns (27.347%)  route 2.896ns (72.653%))
  Logic Levels:           4  (LUT5=3 LUT6=1)
  Clock Path Skew:        -0.049ns (DCD - SCD + CPR)
    Destination Clock Delay (DCD):    0.924ns = ( 5.924 - 5.000 ) 
    Source Clock Delay      (SCD):    0.973ns
    Clock Pessimism Removal (CPR):    0.000ns
  Clock Uncertainty:      0.035ns  ((TSJ^2 + TIJ^2)^1/2 + DJ) / 2 + PE
    Total System Jitter     (TSJ):    0.071ns
    Total Input Jitter      (TIJ):    0.000ns
    Discrete Jitter          (DJ):    0.000ns
    Phase Error              (PE):    0.000ns

    Location             Delay type                Incr(ns)  Path(ns)    Netlist Resource(s)
  -------------------------------------------------------------------    -------------------
                         (clock sys_clk rise edge)    0.000     0.000 r  <hidden>
                                                      0.000     0.000 r  clock
                         net (fo=425, unset)          0.973     0.973    clock
    SLICE_X28Y40         FDRE                                         r  sB_sig_reg[0]/C
  -------------------------------------------------------------------    -------------------
    SLICE_X28Y40         FDRE (Prop_fdre_C_Q)         0.419     1.392 r  sB_sig_reg[0]/Q
                         net (fo=3, routed)           0.680     2.072    sB_sig_reg_n_0_[0]
    SLICE_X29Y40         LUT5 (Prop_lut5_I0_O)        0.299     2.371 f  outReg[62]_i_19/O
                         net (fo=1, routed)           0.796     3.167    outReg[62]_i_19_n_0
    SLICE_X29Y41         LUT5 (Prop_lut5_I0_O)        0.124     3.291 f  outReg[62]_i_12/O
                         net (fo=1, routed)           0.149     3.440    outReg[62]_i_12_n_0
    SLICE_X29Y41         LUT6 (Prop_lut6_I5_O)        0.124     3.564 r  outReg[62]_i_4/O
                         net (fo=4, routed)           0.333     3.897    p_0_in3_out
    SLICE_X30Y42         LUT5 (Prop_lut5_I2_O)        0.124     4.021 r  outReg[50]_i_1/O
                         net (fo=51, routed)          0.938     4.959    outReg[50]_i_1_n_0
    SLICE_X33Y46         FDRE                                         r  outReg_reg[41]/R
  -------------------------------------------------------------------    -------------------

                         (clock sys_clk rise edge)    5.000     5.000 r  <hidden>
                                                      0.000     5.000 r  clock
                         net (fo=425, unset)          0.924     5.924    clock
    SLICE_X33Y46         FDRE                                         r  outReg_reg[41]/C
                         clock pessimism              0.000     5.924    <hidden>
                         clock uncertainty           -0.035     5.889    <hidden>
    SLICE_X33Y46         FDRE (Setup_fdre_C_R)       -0.429     5.460    outReg_reg[41]
  -------------------------------------------------------------------
                         required time                          5.460    <hidden>
                         arrival time                          -4.959    <hidden>
  -------------------------------------------------------------------
                         slack                                  0.501    <hidden>





Min Delay Paths
--------------------------------------------------------------------------------------
Slack (MET) :             0.048ns  (arrival time - required time)
  Source:                 sA_tempExp_r_reg[7]/C
                            (rising edge-triggered cell FDRE clocked by sys_clk  {rise@0.000ns fall@2.500ns period=5.000ns})
  Destination:            sA_tempExp_r_2_reg[7]_srl2/D
                            (rising edge-triggered cell SRL16E clocked by sys_clk  {rise@0.000ns fall@2.500ns period=5.000ns})
  Path Group:             sys_clk
  Path Type:              Hold (Min at Fast Process Corner)
  Requirement:            0.000ns  (sys_clk rise@0.000ns - sys_clk rise@0.000ns)
  Data Path Delay:        0.253ns  (logic 0.141ns (55.730%)  route 0.112ns (44.270%))
  Logic Levels:           0  
  Clock Path Skew:        0.022ns (DCD - SCD - CPR)
    Destination Clock Delay (DCD):    0.432ns
    Source Clock Delay      (SCD):    0.410ns
    Clock Pessimism Removal (CPR):    -0.000ns

    Location             Delay type                Incr(ns)  Path(ns)    Netlist Resource(s)
  -------------------------------------------------------------------    -------------------
                         (clock sys_clk rise edge)    0.000     0.000 r  <hidden>
                                                      0.000     0.000 r  clock
                         net (fo=425, unset)          0.410     0.410    clock
    SLICE_X27Y41         FDRE                                         r  sA_tempExp_r_reg[7]/C
  -------------------------------------------------------------------    -------------------
    SLICE_X27Y41         FDRE (Prop_fdre_C_Q)         0.141     0.551 r  sA_tempExp_r_reg[7]/Q
                         net (fo=1, routed)           0.112     0.663    sA_tempExp_r_reg_n_0_[7]
    SLICE_X26Y42         SRL16E                                       r  sA_tempExp_r_2_reg[7]_srl2/D
  -------------------------------------------------------------------    -------------------

                         (clock sys_clk rise edge)    0.000     0.000 r  <hidden>
                                                      0.000     0.000 r  clock
                         net (fo=425, unset)          0.432     0.432    clock
    SLICE_X26Y42         SRL16E                                       r  sA_tempExp_r_2_reg[7]_srl2/CLK
                         clock pessimism              0.000     0.432    <hidden>
    SLICE_X26Y42         SRL16E (Hold_srl16e_CLK_D)
                                                      0.183     0.615    sA_tempExp_r_2_reg[7]_srl2
  -------------------------------------------------------------------
                         required time                         -0.615    <hidden>
                         arrival time                           0.663    <hidden>
  -------------------------------------------------------------------
                         slack                                  0.048    <hidden>

Slack (MET) :             0.058ns  (arrival time - required time)
  Source:                 sA_tempExp_r_reg[12]/C
                            (rising edge-triggered cell FDRE clocked by sys_clk  {rise@0.000ns fall@2.500ns period=5.000ns})
  Destination:            sA_tempExp_r_2_reg[12]_srl2/D
                            (rising edge-triggered cell SRL16E clocked by sys_clk  {rise@0.000ns fall@2.500ns period=5.000ns})
  Path Group:             sys_clk
  Path Type:              Hold (Min at Fast Process Corner)
  Requirement:            0.000ns  (sys_clk rise@0.000ns - sys_clk rise@0.000ns)
  Data Path Delay:        0.197ns  (logic 0.141ns (71.611%)  route 0.056ns (28.389%))
  Logic Levels:           0  
  Clock Path Skew:        0.022ns (DCD - SCD - CPR)
    Destination Clock Delay (DCD):    0.432ns
    Source Clock Delay      (SCD):    0.410ns
    Clock Pessimism Removal (CPR):    -0.000ns

    Location             Delay type                Incr(ns)  Path(ns)    Netlist Resource(s)
  -------------------------------------------------------------------    -------------------
                         (clock sys_clk rise edge)    0.000     0.000 r  <hidden>
                                                      0.000     0.000 r  clock
                         net (fo=425, unset)          0.410     0.410    clock
    SLICE_X27Y43         FDRE                                         r  sA_tempExp_r_reg[12]/C
  -------------------------------------------------------------------    -------------------
    SLICE_X27Y43         FDRE (Prop_fdre_C_Q)         0.141     0.551 r  sA_tempExp_r_reg[12]/Q
                         net (fo=1, routed)           0.056     0.607    sA_tempExp_r_reg_n_0_[12]
    SLICE_X26Y43         SRL16E                                       r  sA_tempExp_r_2_reg[12]_srl2/D
  -------------------------------------------------------------------    -------------------

                         (clock sys_clk rise edge)    0.000     0.000 r  <hidden>
                                                      0.000     0.000 r  clock
                         net (fo=425, unset)          0.432     0.432    clock
    SLICE_X26Y43         SRL16E                                       r  sA_tempExp_r_2_reg[12]_srl2/CLK
                         clock pessimism              0.000     0.432    <hidden>
    SLICE_X26Y43         SRL16E (Hold_srl16e_CLK_D)
                                                      0.117     0.549    sA_tempExp_r_2_reg[12]_srl2
  -------------------------------------------------------------------
                         required time                         -0.549    <hidden>
                         arrival time                           0.607    <hidden>
  -------------------------------------------------------------------
                         slack                                  0.058    <hidden>

Slack (MET) :             0.114ns  (arrival time - required time)
  Source:                 sA_tempExp_r_reg[4]/C
                            (rising edge-triggered cell FDRE clocked by sys_clk  {rise@0.000ns fall@2.500ns period=5.000ns})
  Destination:            sA_tempExp_r_2_reg[4]_srl2/D
                            (rising edge-triggered cell SRL16E clocked by sys_clk  {rise@0.000ns fall@2.500ns period=5.000ns})
  Path Group:             sys_clk
  Path Type:              Hold (Min at Fast Process Corner)
  Requirement:            0.000ns  (sys_clk rise@0.000ns - sys_clk rise@0.000ns)
  Data Path Delay:        0.253ns  (logic 0.141ns (55.730%)  route 0.112ns (44.270%))
  Logic Levels:           0  
  Clock Path Skew:        0.022ns (DCD - SCD - CPR)
    Destination Clock Delay (DCD):    0.432ns
    Source Clock Delay      (SCD):    0.410ns
    Clock Pessimism Removal (CPR):    -0.000ns

    Location             Delay type                Incr(ns)  Path(ns)    Netlist Resource(s)
  -------------------------------------------------------------------    -------------------
                         (clock sys_clk rise edge)    0.000     0.000 r  <hidden>
                                                      0.000     0.000 r  clock
                         net (fo=425, unset)          0.410     0.410    clock
    SLICE_X27Y41         FDRE                                         r  sA_tempExp_r_reg[4]/C
  -------------------------------------------------------------------    -------------------
    SLICE_X27Y41         FDRE (Prop_fdre_C_Q)         0.141     0.551 r  sA_tempExp_r_reg[4]/Q
                         net (fo=1, routed)           0.112     0.663    sA_tempExp_r_reg_n_0_[4]
    SLICE_X26Y42         SRL16E                                       r  sA_tempExp_r_2_reg[4]_srl2/D
  -------------------------------------------------------------------    -------------------

                         (clock sys_clk rise edge)    0.000     0.000 r  <hidden>
                                                      0.000     0.000 r  clock
                         net (fo=425, unset)          0.432     0.432    clock
    SLICE_X26Y42         SRL16E                                       r  sA_tempExp_r_2_reg[4]_srl2/CLK
                         clock pessimism              0.000     0.432    <hidden>
    SLICE_X26Y42         SRL16E (Hold_srl16e_CLK_D)
                                                      0.117     0.549    sA_tempExp_r_2_reg[4]_srl2
  -------------------------------------------------------------------
                         required time                         -0.549    <hidden>
                         arrival time                           0.663    <hidden>
  -------------------------------------------------------------------
                         slack                                  0.114    <hidden>

Slack (MET) :             0.116ns  (arrival time - required time)
  Source:                 sA_tempExp_r_reg[5]/C
                            (rising edge-triggered cell FDRE clocked by sys_clk  {rise@0.000ns fall@2.500ns period=5.000ns})
  Destination:            sA_tempExp_r_2_reg[5]_srl2/D
                            (rising edge-triggered cell SRL16E clocked by sys_clk  {rise@0.000ns fall@2.500ns period=5.000ns})
  Path Group:             sys_clk
  Path Type:              Hold (Min at Fast Process Corner)
  Requirement:            0.000ns  (sys_clk rise@0.000ns - sys_clk rise@0.000ns)
  Data Path Delay:        0.253ns  (logic 0.141ns (55.730%)  route 0.112ns (44.270%))
  Logic Levels:           0  
  Clock Path Skew:        0.022ns (DCD - SCD - CPR)
    Destination Clock Delay (DCD):    0.432ns
    Source Clock Delay      (SCD):    0.410ns
    Clock Pessimism Removal (CPR):    -0.000ns

    Location             Delay type                Incr(ns)  Path(ns)    Netlist Resource(s)
  -------------------------------------------------------------------    -------------------
                         (clock sys_clk rise edge)    0.000     0.000 r  <hidden>
                                                      0.000     0.000 r  clock
                         net (fo=425, unset)          0.410     0.410    clock
    SLICE_X27Y41         FDRE                                         r  sA_tempExp_r_reg[5]/C
  -------------------------------------------------------------------    -------------------
    SLICE_X27Y41         FDRE (Prop_fdre_C_Q)         0.141     0.551 r  sA_tempExp_r_reg[5]/Q
                         net (fo=1, routed)           0.112     0.663    sA_tempExp_r_reg_n_0_[5]
    SLICE_X26Y42         SRL16E                                       r  sA_tempExp_r_2_reg[5]_srl2/D
  -------------------------------------------------------------------    -------------------

                         (clock sys_clk rise edge)    0.000     0.000 r  <hidden>
                                                      0.000     0.000 r  clock
                         net (fo=425, unset)          0.432     0.432    clock
    SLICE_X26Y42         SRL16E                                       r  sA_tempExp_r_2_reg[5]_srl2/CLK
                         clock pessimism              0.000     0.432    <hidden>
    SLICE_X26Y42         SRL16E (Hold_srl16e_CLK_D)
                                                      0.115     0.547    sA_tempExp_r_2_reg[5]_srl2
  -------------------------------------------------------------------
                         required time                         -0.547    <hidden>
                         arrival time                           0.663    <hidden>
  -------------------------------------------------------------------
                         slack                                  0.116    <hidden>

Slack (MET) :             0.122ns  (arrival time - required time)
  Source:                 sA_tempExp_r_reg[6]/C
                            (rising edge-triggered cell FDRE clocked by sys_clk  {rise@0.000ns fall@2.500ns period=5.000ns})
  Destination:            sA_tempExp_r_2_reg[6]_srl2/D
                            (rising edge-triggered cell SRL16E clocked by sys_clk  {rise@0.000ns fall@2.500ns period=5.000ns})
  Path Group:             sys_clk
  Path Type:              Hold (Min at Fast Process Corner)
  Requirement:            0.000ns  (sys_clk rise@0.000ns - sys_clk rise@0.000ns)
  Data Path Delay:        0.253ns  (logic 0.141ns (55.730%)  route 0.112ns (44.270%))
  Logic Levels:           0  
  Clock Path Skew:        0.022ns (DCD - SCD - CPR)
    Destination Clock Delay (DCD):    0.432ns
    Source Clock Delay      (SCD):    0.410ns
    Clock Pessimism Removal (CPR):    -0.000ns

    Location             Delay type                Incr(ns)  Path(ns)    Netlist Resource(s)
  -------------------------------------------------------------------    -------------------
                         (clock sys_clk rise edge)    0.000     0.000 r  <hidden>
                                                      0.000     0.000 r  clock
                         net (fo=425, unset)          0.410     0.410    clock
    SLICE_X27Y41         FDRE                                         r  sA_tempExp_r_reg[6]/C
  -------------------------------------------------------------------    -------------------
    SLICE_X27Y41         FDRE (Prop_fdre_C_Q)         0.141     0.551 r  sA_tempExp_r_reg[6]/Q
                         net (fo=1, routed)           0.112     0.663    sA_tempExp_r_reg_n_0_[6]
    SLICE_X26Y42         SRL16E                                       r  sA_tempExp_r_2_reg[6]_srl2/D
  -------------------------------------------------------------------    -------------------

                         (clock sys_clk rise edge)    0.000     0.000 r  <hidden>
                                                      0.000     0.000 r  clock
                         net (fo=425, unset)          0.432     0.432    clock
    SLICE_X26Y42         SRL16E                                       r  sA_tempExp_r_2_reg[6]_srl2/CLK
                         clock pessimism              0.000     0.432    <hidden>
    SLICE_X26Y42         SRL16E (Hold_srl16e_CLK_D)
                                                      0.109     0.541    sA_tempExp_r_2_reg[6]_srl2
  -------------------------------------------------------------------
                         required time                         -0.541    <hidden>
                         arrival time                           0.663    <hidden>
  -------------------------------------------------------------------
                         slack                                  0.122    <hidden>

Slack (MET) :             0.122ns  (arrival time - required time)
  Source:                 sA_tempExp_r_reg[9]/C
                            (rising edge-triggered cell FDRE clocked by sys_clk  {rise@0.000ns fall@2.500ns period=5.000ns})
  Destination:            sA_tempExp_r_2_reg[9]_srl2/D
                            (rising edge-triggered cell SRL16E clocked by sys_clk  {rise@0.000ns fall@2.500ns period=5.000ns})
  Path Group:             sys_clk
  Path Type:              Hold (Min at Fast Process Corner)
  Requirement:            0.000ns  (sys_clk rise@0.000ns - sys_clk rise@0.000ns)
  Data Path Delay:        0.253ns  (logic 0.141ns (55.730%)  route 0.112ns (44.270%))
  Logic Levels:           0  
  Clock Path Skew:        0.022ns (DCD - SCD - CPR)
    Destination Clock Delay (DCD):    0.432ns
    Source Clock Delay      (SCD):    0.410ns
    Clock Pessimism Removal (CPR):    -0.000ns

    Location             Delay type                Incr(ns)  Path(ns)    Netlist Resource(s)
  -------------------------------------------------------------------    -------------------
                         (clock sys_clk rise edge)    0.000     0.000 r  <hidden>
                                                      0.000     0.000 r  clock
                         net (fo=425, unset)          0.410     0.410    clock
    SLICE_X27Y42         FDRE                                         r  sA_tempExp_r_reg[9]/C
  -------------------------------------------------------------------    -------------------
    SLICE_X27Y42         FDRE (Prop_fdre_C_Q)         0.141     0.551 r  sA_tempExp_r_reg[9]/Q
                         net (fo=1, routed)           0.112     0.663    sA_tempExp_r_reg_n_0_[9]
    SLICE_X26Y43         SRL16E                                       r  sA_tempExp_r_2_reg[9]_srl2/D
  -------------------------------------------------------------------    -------------------

                         (clock sys_clk rise edge)    0.000     0.000 r  <hidden>
                                                      0.000     0.000 r  clock
                         net (fo=425, unset)          0.432     0.432    clock
    SLICE_X26Y43         SRL16E                                       r  sA_tempExp_r_2_reg[9]_srl2/CLK
                         clock pessimism              0.000     0.432    <hidden>
    SLICE_X26Y43         SRL16E (Hold_srl16e_CLK_D)
                                                      0.109     0.541    sA_tempExp_r_2_reg[9]_srl2
  -------------------------------------------------------------------
                         required time                         -0.541    <hidden>
                         arrival time                           0.663    <hidden>
  -------------------------------------------------------------------
                         slack                                  0.122    <hidden>

Slack (MET) :             0.123ns  (arrival time - required time)
  Source:                 sA_tempExp_r_reg[11]/C
                            (rising edge-triggered cell FDRE clocked by sys_clk  {rise@0.000ns fall@2.500ns period=5.000ns})
  Destination:            sA_tempExp_r_2_reg[11]_srl2/D
                            (rising edge-triggered cell SRL16E clocked by sys_clk  {rise@0.000ns fall@2.500ns period=5.000ns})
  Path Group:             sys_clk
  Path Type:              Hold (Min at Fast Process Corner)
  Requirement:            0.000ns  (sys_clk rise@0.000ns - sys_clk rise@0.000ns)
  Data Path Delay:        0.253ns  (logic 0.141ns (55.730%)  route 0.112ns (44.270%))
  Logic Levels:           0  
  Clock Path Skew:        0.022ns (DCD - SCD - CPR)
    Destination Clock Delay (DCD):    0.432ns
    Source Clock Delay      (SCD):    0.410ns
    Clock Pessimism Removal (CPR):    -0.000ns

    Location             Delay type                Incr(ns)  Path(ns)    Netlist Resource(s)
  -------------------------------------------------------------------    -------------------
                         (clock sys_clk rise edge)    0.000     0.000 r  <hidden>
                                                      0.000     0.000 r  clock
                         net (fo=425, unset)          0.410     0.410    clock
    SLICE_X27Y42         FDRE                                         r  sA_tempExp_r_reg[11]/C
  -------------------------------------------------------------------    -------------------
    SLICE_X27Y42         FDRE (Prop_fdre_C_Q)         0.141     0.551 r  sA_tempExp_r_reg[11]/Q
                         net (fo=1, routed)           0.112     0.663    sA_tempExp_r_reg_n_0_[11]
    SLICE_X26Y43         SRL16E                                       r  sA_tempExp_r_2_reg[11]_srl2/D
  -------------------------------------------------------------------    -------------------

                         (clock sys_clk rise edge)    0.000     0.000 r  <hidden>
                                                      0.000     0.000 r  clock
                         net (fo=425, unset)          0.432     0.432    clock
    SLICE_X26Y43         SRL16E                                       r  sA_tempExp_r_2_reg[11]_srl2/CLK
                         clock pessimism              0.000     0.432    <hidden>
    SLICE_X26Y43         SRL16E (Hold_srl16e_CLK_D)
                                                      0.108     0.540    sA_tempExp_r_2_reg[11]_srl2
  -------------------------------------------------------------------
                         required time                         -0.540    <hidden>
                         arrival time                           0.663    <hidden>
  -------------------------------------------------------------------
                         slack                                  0.123    <hidden>

Slack (MET) :             0.127ns  (arrival time - required time)
  Source:                 sA_tempExp_r_reg[1]/C
                            (rising edge-triggered cell FDRE clocked by sys_clk  {rise@0.000ns fall@2.500ns period=5.000ns})
  Destination:            sA_tempExp_r_2_reg[1]_srl2/D
                            (rising edge-triggered cell SRL16E clocked by sys_clk  {rise@0.000ns fall@2.500ns period=5.000ns})
  Path Group:             sys_clk
  Path Type:              Hold (Min at Fast Process Corner)
  Requirement:            0.000ns  (sys_clk rise@0.000ns - sys_clk rise@0.000ns)
  Data Path Delay:        0.257ns  (logic 0.141ns (54.812%)  route 0.116ns (45.188%))
  Logic Levels:           0  
  Clock Path Skew:        0.022ns (DCD - SCD - CPR)
    Destination Clock Delay (DCD):    0.432ns
    Source Clock Delay      (SCD):    0.410ns
    Clock Pessimism Removal (CPR):    -0.000ns

    Location             Delay type                Incr(ns)  Path(ns)    Netlist Resource(s)
  -------------------------------------------------------------------    -------------------
                         (clock sys_clk rise edge)    0.000     0.000 r  <hidden>
                                                      0.000     0.000 r  clock
                         net (fo=425, unset)          0.410     0.410    clock
    SLICE_X27Y40         FDRE                                         r  sA_tempExp_r_reg[1]/C
  -------------------------------------------------------------------    -------------------
    SLICE_X27Y40         FDRE (Prop_fdre_C_Q)         0.141     0.551 r  sA_tempExp_r_reg[1]/Q
                         net (fo=1, routed)           0.116     0.667    sA_tempExp_r_reg_n_0_[1]
    SLICE_X26Y42         SRL16E                                       r  sA_tempExp_r_2_reg[1]_srl2/D
  -------------------------------------------------------------------    -------------------

                         (clock sys_clk rise edge)    0.000     0.000 r  <hidden>
                                                      0.000     0.000 r  clock
                         net (fo=425, unset)          0.432     0.432    clock
    SLICE_X26Y42         SRL16E                                       r  sA_tempExp_r_2_reg[1]_srl2/CLK
                         clock pessimism              0.000     0.432    <hidden>
    SLICE_X26Y42         SRL16E (Hold_srl16e_CLK_D)
                                                      0.109     0.541    sA_tempExp_r_2_reg[1]_srl2
  -------------------------------------------------------------------
                         required time                         -0.541    <hidden>
                         arrival time                           0.667    <hidden>
  -------------------------------------------------------------------
                         slack                                  0.127    <hidden>

Slack (MET) :             0.128ns  (arrival time - required time)
  Source:                 sA_tempExp_r_reg[3]/C
                            (rising edge-triggered cell FDRE clocked by sys_clk  {rise@0.000ns fall@2.500ns period=5.000ns})
  Destination:            sA_tempExp_r_2_reg[3]_srl2/D
                            (rising edge-triggered cell SRL16E clocked by sys_clk  {rise@0.000ns fall@2.500ns period=5.000ns})
  Path Group:             sys_clk
  Path Type:              Hold (Min at Fast Process Corner)
  Requirement:            0.000ns  (sys_clk rise@0.000ns - sys_clk rise@0.000ns)
  Data Path Delay:        0.257ns  (logic 0.141ns (54.812%)  route 0.116ns (45.188%))
  Logic Levels:           0  
  Clock Path Skew:        0.022ns (DCD - SCD - CPR)
    Destination Clock Delay (DCD):    0.432ns
    Source Clock Delay      (SCD):    0.410ns
    Clock Pessimism Removal (CPR):    -0.000ns

    Location             Delay type                Incr(ns)  Path(ns)    Netlist Resource(s)
  -------------------------------------------------------------------    -------------------
                         (clock sys_clk rise edge)    0.000     0.000 r  <hidden>
                                                      0.000     0.000 r  clock
                         net (fo=425, unset)          0.410     0.410    clock
    SLICE_X27Y40         FDRE                                         r  sA_tempExp_r_reg[3]/C
  -------------------------------------------------------------------    -------------------
    SLICE_X27Y40         FDRE (Prop_fdre_C_Q)         0.141     0.551 r  sA_tempExp_r_reg[3]/Q
                         net (fo=1, routed)           0.116     0.667    sA_tempExp_r_reg_n_0_[3]
    SLICE_X26Y42         SRL16E                                       r  sA_tempExp_r_2_reg[3]_srl2/D
  -------------------------------------------------------------------    -------------------

                         (clock sys_clk rise edge)    0.000     0.000 r  <hidden>
                                                      0.000     0.000 r  clock
                         net (fo=425, unset)          0.432     0.432    clock
    SLICE_X26Y42         SRL16E                                       r  sA_tempExp_r_2_reg[3]_srl2/CLK
                         clock pessimism              0.000     0.432    <hidden>
    SLICE_X26Y42         SRL16E (Hold_srl16e_CLK_D)
                                                      0.108     0.540    sA_tempExp_r_2_reg[3]_srl2
  -------------------------------------------------------------------
                         required time                         -0.540    <hidden>
                         arrival time                           0.667    <hidden>
  -------------------------------------------------------------------
                         slack                                  0.128    <hidden>

Slack (MET) :             0.129ns  (arrival time - required time)
  Source:                 sA_tempExp_r_reg[8]/C
                            (rising edge-triggered cell FDRE clocked by sys_clk  {rise@0.000ns fall@2.500ns period=5.000ns})
  Destination:            sA_tempExp_r_2_reg[8]_srl2/D
                            (rising edge-triggered cell SRL16E clocked by sys_clk  {rise@0.000ns fall@2.500ns period=5.000ns})
  Path Group:             sys_clk
  Path Type:              Hold (Min at Fast Process Corner)
  Requirement:            0.000ns  (sys_clk rise@0.000ns - sys_clk rise@0.000ns)
  Data Path Delay:        0.253ns  (logic 0.141ns (55.730%)  route 0.112ns (44.270%))
  Logic Levels:           0  
  Clock Path Skew:        0.022ns (DCD - SCD - CPR)
    Destination Clock Delay (DCD):    0.432ns
    Source Clock Delay      (SCD):    0.410ns
    Clock Pessimism Removal (CPR):    -0.000ns

    Location             Delay type                Incr(ns)  Path(ns)    Netlist Resource(s)
  -------------------------------------------------------------------    -------------------
                         (clock sys_clk rise edge)    0.000     0.000 r  <hidden>
                                                      0.000     0.000 r  clock
                         net (fo=425, unset)          0.410     0.410    clock
    SLICE_X27Y42         FDRE                                         r  sA_tempExp_r_reg[8]/C
  -------------------------------------------------------------------    -------------------
    SLICE_X27Y42         FDRE (Prop_fdre_C_Q)         0.141     0.551 r  sA_tempExp_r_reg[8]/Q
                         net (fo=1, routed)           0.112     0.663    sA_tempExp_r_reg_n_0_[8]
    SLICE_X26Y43         SRL16E                                       r  sA_tempExp_r_2_reg[8]_srl2/D
  -------------------------------------------------------------------    -------------------

                         (clock sys_clk rise edge)    0.000     0.000 r  <hidden>
                                                      0.000     0.000 r  clock
                         net (fo=425, unset)          0.432     0.432    clock
    SLICE_X26Y43         SRL16E                                       r  sA_tempExp_r_2_reg[8]_srl2/CLK
                         clock pessimism              0.000     0.432    <hidden>
    SLICE_X26Y43         SRL16E (Hold_srl16e_CLK_D)
                                                      0.102     0.534    sA_tempExp_r_2_reg[8]_srl2
  -------------------------------------------------------------------
                         required time                         -0.534    <hidden>
                         arrival time                           0.663    <hidden>
  -------------------------------------------------------------------
                         slack                                  0.129    <hidden>





Pulse Width Checks
--------------------------------------------------------------------------------------
Clock Name:         sys_clk
Waveform(ns):       { 0.000 2.500 }
Period(ns):         5.000
Sources:            { clock }

Check Type        Corner  Lib Pin      Reference Pin  Required(ns)  Actual(ns)  Slack(ns)  Location      Pin
Min Period        n/a     DSP48E1/CLK  n/a            2.154         5.000       2.846      DSP48_X2Y16   sA_tempSig_r0/CLK
Min Period        n/a     DSP48E1/CLK  n/a            2.154         5.000       2.846      DSP48_X1Y14   sA_tempSig_r0__0/CLK
Min Period        n/a     DSP48E1/CLK  n/a            2.154         5.000       2.846      DSP48_X1Y16   sA_tempSig_r_1_reg/CLK
Min Period        n/a     DSP48E1/CLK  n/a            2.154         5.000       2.846      DSP48_X2Y15   sA_tempSig_r_1_reg__0/CLK
Min Period        n/a     DSP48E1/CLK  n/a            2.154         5.000       2.846      DSP48_X1Y13   sA_tempSig_r_1_reg__1/CLK
Min Period        n/a     DSP48E1/CLK  n/a            2.154         5.000       2.846      DSP48_X2Y17   sA_tempSig_r_2_reg/CLK
Min Period        n/a     DSP48E1/CLK  n/a            2.154         5.000       2.846      DSP48_X1Y15   sA_tempSig_r_2_reg__0/CLK
Min Period        n/a     DSP48E1/CLK  n/a            2.154         5.000       2.846      DSP48_X2Y14   sA_tempSig_r_reg/CLK
Min Period        n/a     DSP48E1/CLK  n/a            2.154         5.000       2.846      DSP48_X1Y12   sA_tempSig_r_reg__0/CLK
Min Period        n/a     FDRE/C       n/a            1.000         5.000       4.000      SLICE_X33Y36  outReg_reg[0]/C
Low Pulse Width   Slow    SRL16E/CLK   n/a            0.980         2.500       1.520      SLICE_X30Y51  sA_infInput_r_2_reg_srl3/CLK
Low Pulse Width   Fast    SRL16E/CLK   n/a            0.980         2.500       1.520      SLICE_X30Y51  sA_infInput_r_2_reg_srl3/CLK
Low Pulse Width   Slow    SRL16E/CLK   n/a            0.980         2.500       1.520      SLICE_X30Y51  sA_isNaN_r_2_reg_srl3/CLK
Low Pulse Width   Fast    SRL16E/CLK   n/a            0.980         2.500       1.520      SLICE_X30Y51  sA_isNaN_r_2_reg_srl3/CLK
Low Pulse Width   Slow    SRL16E/CLK   n/a            0.980         2.500       1.520      SLICE_X18Y49  sA_sign_reg_srl4/CLK
Low Pulse Width   Fast    SRL16E/CLK   n/a            0.980         2.500       1.520      SLICE_X18Y49  sA_sign_reg_srl4/CLK
Low Pulse Width   Slow    SRL16E/CLK   n/a            0.980         2.500       1.520      SLICE_X26Y42  sA_tempExp_r_2_reg[0]_srl2/CLK
Low Pulse Width   Fast    SRL16E/CLK   n/a            0.980         2.500       1.520      SLICE_X26Y42  sA_tempExp_r_2_reg[0]_srl2/CLK
Low Pulse Width   Slow    SRL16E/CLK   n/a            0.980         2.500       1.520      SLICE_X26Y43  sA_tempExp_r_2_reg[10]_srl2/CLK
Low Pulse Width   Fast    SRL16E/CLK   n/a            0.980         2.500       1.520      SLICE_X26Y43  sA_tempExp_r_2_reg[10]_srl2/CLK
High Pulse Width  Slow    SRL16E/CLK   n/a            0.980         2.500       1.520      SLICE_X30Y51  sA_infInput_r_2_reg_srl3/CLK
High Pulse Width  Fast    SRL16E/CLK   n/a            0.980         2.500       1.520      SLICE_X30Y51  sA_infInput_r_2_reg_srl3/CLK
High Pulse Width  Slow    SRL16E/CLK   n/a            0.980         2.500       1.520      SLICE_X30Y51  sA_isNaN_r_2_reg_srl3/CLK
High Pulse Width  Fast    SRL16E/CLK   n/a            0.980         2.500       1.520      SLICE_X30Y51  sA_isNaN_r_2_reg_srl3/CLK
High Pulse Width  Slow    SRL16E/CLK   n/a            0.980         2.500       1.520      SLICE_X18Y49  sA_sign_reg_srl4/CLK
High Pulse Width  Fast    SRL16E/CLK   n/a            0.980         2.500       1.520      SLICE_X18Y49  sA_sign_reg_srl4/CLK
High Pulse Width  Slow    SRL16E/CLK   n/a            0.980         2.500       1.520      SLICE_X26Y42  sA_tempExp_r_2_reg[0]_srl2/CLK
High Pulse Width  Fast    SRL16E/CLK   n/a            0.980         2.500       1.520      SLICE_X26Y42  sA_tempExp_r_2_reg[0]_srl2/CLK
High Pulse Width  Slow    SRL16E/CLK   n/a            0.980         2.500       1.520      SLICE_X26Y43  sA_tempExp_r_2_reg[10]_srl2/CLK
High Pulse Width  Fast    SRL16E/CLK   n/a            0.980         2.500       1.520      SLICE_X26Y43  sA_tempExp_r_2_reg[10]_srl2/CLK



