Copyright 1986-2022 Xilinx, Inc. All Rights Reserved. Copyright 2022-2026 Advanced Micro Devices, Inc. All Rights Reserved.
---------------------------------------------------------------------------------------------------------------------------------------------
| Tool Version : Vivado v.2026.1 (lin64) Build 6511674 Tue Jun 16 11:01:26 MDT 2026
| Date         : Mon Sep 14 13:55:58 2026
| Host         : Nix-Los running 64-bit unknown
| Command      : report_control_sets -verbose -file FPMul_control_sets_placed.rpt
| Design       : FPMul
| Device       : xc7z020
---------------------------------------------------------------------------------------------------------------------------------------------

Control Set Information

Table of Contents
-----------------
1. Summary
2. Histogram
3. Flip-Flop Distribution
4. Detailed Control Set Information

1. Summary
----------

+----------------------------------------------------------+-------+
|                          Status                          | Count |
+----------------------------------------------------------+-------+
| Total control sets                                       |     4 |
|    Minimum number of control sets                        |     4 |
|    Addition due to synthesis replication                 |     0 |
|    Addition due to physical synthesis replication        |     0 |
| Unused register locations in slices containing registers |    14 |
+----------------------------------------------------------+-------+
* Control sets can be merged at opt_design using control_set_merge or merge_equivalent_drivers
** Run report_qor_suggestions for automated merging and remapping suggestions


2. Histogram
------------

+--------------------+-------+
|       Fanout       | Count |
+--------------------+-------+
| Total control sets |     4 |
| >= 0 to < 4        |     1 |
| >= 4 to < 6        |     0 |
| >= 6 to < 8        |     1 |
| >= 8 to < 10       |     1 |
| >= 10 to < 12      |     0 |
| >= 12 to < 14      |     0 |
| >= 14 to < 16      |     0 |
| >= 16              |     1 |
+--------------------+-------+
* Control sets can be remapped at either synth_design or opt_design


3. Flip-Flop Distribution
-------------------------

+--------------+-----------------------+------------------------+-----------------+--------------+
| Clock Enable | Synchronous Set/Reset | Asynchronous Set/Reset | Total Registers | Total Slices |
+--------------+-----------------------+------------------------+-----------------+--------------+
| No           | No                    | No                     |              51 |           13 |
| No           | No                    | Yes                    |               0 |            0 |
| No           | Yes                   | No                     |              15 |            6 |
| Yes          | No                    | No                     |               0 |            0 |
| Yes          | No                    | Yes                    |               0 |            0 |
| Yes          | Yes                   | No                     |               0 |            0 |
+--------------+-----------------------+------------------------+-----------------+--------------+


4. Detailed Control Set Information
-----------------------------------

+------------------+---------------+-------------------+------------------+----------------+--------------+
|   Clock Signal   | Enable Signal |  Set/Reset Signal | Slice Load Count | Bel Load Count | Bels / Slice |
+------------------+---------------+-------------------+------------------+----------------+--------------+
|  clock_IBUF_BUFG |               | sB_isNaN          |                1 |              1 |         1.00 |
|  clock_IBUF_BUFG |               | outReg[5]_i_1_n_0 |                2 |              6 |         3.00 |
|  clock_IBUF_BUFG |               | p_0_in2_out       |                3 |              8 |         2.67 |
|  clock_IBUF_BUFG |               |                   |               13 |             52 |         4.00 |
+------------------+---------------+-------------------+------------------+----------------+--------------+


