Copyright 1986-2022 Xilinx, Inc. All Rights Reserved. Copyright 2022-2026 Advanced Micro Devices, Inc. All Rights Reserved.
---------------------------------------------------------------------------------------------------------------------------------------------
| Tool Version : Vivado v.2026.1 (lin64) Build 6511674 Tue Jun 16 11:01:26 MDT 2026
| Date         : Sun Sep 13 16:07:46 2026
| Host         : Nix-Los running 64-bit unknown
| Command      : report_timing_summary -max_paths 10 -file ./reports_bf16_d2_run03/timing_summary.rpt
| Design       : FPMul
| Device       : 7z020-clg400
| Speed File   : -1  PRODUCTION 1.12 2019-11-22
| Design State : Routed
---------------------------------------------------------------------------------------------------------------------------------------------

Timing Summary Report

------------------------------------------------------------------------------------------------
| Timer Settings
| --------------
------------------------------------------------------------------------------------------------

  Enable Multi Corner Analysis               :  Yes
  Enable Pessimism Removal                   :  Yes
  Pessimism Removal Resolution               :  Nearest Common Node
  Enable Input Delay Default Clock           :  No
  Enable Preset / Clear Arcs                 :  No
  Disable Flight Delays                      :  No
  Ignore I/O Paths                           :  No
  Timing Early Launch at Borrowing Latches   :  No
  Borrow Time for Max Delay Exceptions       :  Yes
  Merge Timing Exceptions                    :  Yes
  Inter-SLR Compensation                     :  Conservative

  Corner  Analyze    Analyze    
  Name    Max Paths  Min Paths  
  ------  ---------  ---------  
  Slow    Yes        Yes        
  Fast    Yes        Yes        


------------------------------------------------------------------------------------------------
| Report Methodology
| ------------------
------------------------------------------------------------------------------------------------

No report available as report_methodology has not been run prior. Run report_methodology on the current design for the summary of methodology violations.



check_timing report

Table of Contents
-----------------
1. checking no_clock (0)
2. checking constant_clock (0)
3. checking pulse_width_clock (0)
4. checking unconstrained_internal_endpoints (0)
5. checking no_input_delay (32)
6. checking no_output_delay (16)
7. checking multiple_clock (0)
8. checking generated_clocks (0)
9. checking loops (0)
10. checking partial_input_delay (0)
11. checking partial_output_delay (0)
12. checking latch_loops (0)

1. checking no_clock (0)
------------------------
 There are 0 register/latch pins with no clock.


2. checking constant_clock (0)
------------------------------
 There are 0 register/latch pins with constant_clock.


3. checking pulse_width_clock (0)
---------------------------------
 There are 0 register/latch pins which need pulse_width check


4. checking unconstrained_internal_endpoints (0)
------------------------------------------------
 There are 0 pins that are not constrained for maximum delay.

 There are 0 pins that are not constrained for maximum delay due to constant clock.


5. checking no_input_delay (32)
-------------------------------
 There are 32 input ports with no input delay specified. (HIGH)

 There are 0 input ports with no input delay but user has a false path constraint.


6. checking no_output_delay (16)
--------------------------------
 There are 16 ports with no output delay specified. (HIGH)

 There are 0 ports with no output delay but user has a false path constraint

 There are 0 ports with no output delay but with a timing clock defined on it or propagating through it


7. checking multiple_clock (0)
------------------------------
 There are 0 register/latch pins with multiple clocks.


8. checking generated_clocks (0)
--------------------------------
 There are 0 generated clocks that are not connected to a clock source.


9. checking loops (0)
---------------------
 There are 0 combinational loops in the design.


10. checking partial_input_delay (0)
------------------------------------
 There are 0 input ports with partial input delay specified.


11. checking partial_output_delay (0)
-------------------------------------
 There are 0 ports with partial output delay specified.


12. checking latch_loops (0)
----------------------------
 There are 0 combinational latch loops in the design through latch input



------------------------------------------------------------------------------------------------
| Design Timing Summary
| ---------------------
------------------------------------------------------------------------------------------------

    WNS(ns)      TNS(ns)  TNS Failing Endpoints  TNS Total Endpoints      WHS(ns)      THS(ns)  THS Failing Endpoints  THS Total Endpoints     WPWS(ns)     TPWS(ns)  TPWS Failing Endpoints  TPWS Total Endpoints  
    -------      -------  ---------------------  -------------------      -------      -------  ---------------------  -------------------     --------     --------  ----------------------  --------------------  
      0.726        0.000                      0                   77        0.159        0.000                      0                   77        1.520        0.000                       0                    78  


All user specified timing constraints are met.


------------------------------------------------------------------------------------------------
| Clock Summary
| -------------
------------------------------------------------------------------------------------------------

Clock    Waveform(ns)         Period(ns)      Frequency(MHz)
-----    ------------         ----------      --------------
sys_clk  {0.000 2.500}        5.000           200.000         


------------------------------------------------------------------------------------------------
| Intra Clock Table
| -----------------
------------------------------------------------------------------------------------------------

Clock             WNS(ns)      TNS(ns)  TNS Failing Endpoints  TNS Total Endpoints      WHS(ns)      THS(ns)  THS Failing Endpoints  THS Total Endpoints     WPWS(ns)     TPWS(ns)  TPWS Failing Endpoints  TPWS Total Endpoints  
-----             -------      -------  ---------------------  -------------------      -------      -------  ---------------------  -------------------     --------     --------  ----------------------  --------------------  
sys_clk             0.726        0.000                      0                   77        0.159        0.000                      0                   77        1.520        0.000                       0                    78  


------------------------------------------------------------------------------------------------
| Inter Clock Table
| -----------------
------------------------------------------------------------------------------------------------

From Clock    To Clock          WNS(ns)      TNS(ns)  TNS Failing Endpoints  TNS Total Endpoints      WHS(ns)      THS(ns)  THS Failing Endpoints  THS Total Endpoints  
----------    --------          -------      -------  ---------------------  -------------------      -------      -------  ---------------------  -------------------  


------------------------------------------------------------------------------------------------
| Other Path Groups Table
| -----------------------
------------------------------------------------------------------------------------------------

Path Group    From Clock    To Clock          WNS(ns)      TNS(ns)  TNS Failing Endpoints  TNS Total Endpoints      WHS(ns)      THS(ns)  THS Failing Endpoints  THS Total Endpoints  
----------    ----------    --------          -------      -------  ---------------------  -------------------      -------      -------  ---------------------  -------------------  


------------------------------------------------------------------------------------------------
| Timing Details
| --------------
------------------------------------------------------------------------------------------------


---------------------------------------------------------------------------------------------------
From Clock:  sys_clk
  To Clock:  sys_clk

Setup :            0  Failing Endpoints,  Worst Slack        0.726ns,  Total Violation        0.000ns
Hold  :            0  Failing Endpoints,  Worst Slack        0.159ns,  Total Violation        0.000ns
PW    :            0  Failing Endpoints,  Worst Slack        1.520ns,  Total Violation        0.000ns
---------------------------------------------------------------------------------------------------


Max Delay Paths
--------------------------------------------------------------------------------------
Slack (MET) :             0.726ns  (required time - arrival time)
  Source:                 sB_tempExp2_reg[3]/C
                            (rising edge-triggered cell FDRE clocked by sys_clk  {rise@0.000ns fall@2.500ns period=5.000ns})
  Destination:            outReg_reg[0]/R
                            (rising edge-triggered cell FDRE clocked by sys_clk  {rise@0.000ns fall@2.500ns period=5.000ns})
  Path Group:             sys_clk
  Path Type:              Setup (Max at Slow Process Corner)
  Requirement:            5.000ns  (sys_clk rise@5.000ns - sys_clk rise@0.000ns)
  Data Path Delay:        3.761ns  (logic 1.293ns (34.382%)  route 2.468ns (65.618%))
  Logic Levels:           4  (LUT3=1 LUT4=2 LUT5=1)
  Clock Path Skew:        -0.049ns (DCD - SCD + CPR)
    Destination Clock Delay (DCD):    0.924ns = ( 5.924 - 5.000 ) 
    Source Clock Delay      (SCD):    0.973ns
    Clock Pessimism Removal (CPR):    0.000ns
  Clock Uncertainty:      0.035ns  ((TSJ^2 + TIJ^2)^1/2 + DJ) / 2 + PE
    Total System Jitter     (TSJ):    0.071ns
    Total Input Jitter      (TIJ):    0.000ns
    Discrete Jitter          (DJ):    0.000ns
    Phase Error              (PE):    0.000ns

    Location             Delay type                Incr(ns)  Path(ns)    Netlist Resource(s)
  -------------------------------------------------------------------    -------------------
                         (clock sys_clk rise edge)    0.000     0.000 r  <hidden>
                                                      0.000     0.000 r  clock
                         net (fo=77, unset)           0.973     0.973    clock
    SLICE_X35Y63         FDRE                                         r  sB_tempExp2_reg[3]/C
  -------------------------------------------------------------------    -------------------
    SLICE_X35Y63         FDRE (Prop_fdre_C_Q)         0.419     1.392 r  sB_tempExp2_reg[3]/Q
                         net (fo=4, routed)           0.885     2.277    sB_tempExp2[3]
    SLICE_X32Y63         LUT4 (Prop_lut4_I1_O)        0.299     2.576 f  outReg[14]_i_6/O
                         net (fo=1, routed)           0.427     3.003    outReg[14]_i_6_n_0
    SLICE_X35Y64         LUT4 (Prop_lut4_I2_O)        0.124     3.127 r  outReg[14]_i_3/O
                         net (fo=2, routed)           0.473     3.601    outReg3
    SLICE_X35Y64         LUT5 (Prop_lut5_I2_O)        0.119     3.720 r  outReg[6]_i_2/O
                         net (fo=2, routed)           0.337     4.057    p_1_in
    SLICE_X33Y65         LUT3 (Prop_lut3_I2_O)        0.332     4.389 r  outReg[5]_i_1/O
                         net (fo=6, routed)           0.345     4.734    outReg[5]_i_1_n_0
    SLICE_X35Y65         FDRE                                         r  outReg_reg[0]/R
  -------------------------------------------------------------------    -------------------

                         (clock sys_clk rise edge)    5.000     5.000 r  <hidden>
                                                      0.000     5.000 r  clock
                         net (fo=77, unset)           0.924     5.924    clock
    SLICE_X35Y65         FDRE                                         r  outReg_reg[0]/C
                         clock pessimism              0.000     5.924    <hidden>
                         clock uncertainty           -0.035     5.889    <hidden>
    SLICE_X35Y65         FDRE (Setup_fdre_C_R)       -0.429     5.460    outReg_reg[0]
  -------------------------------------------------------------------
                         required time                          5.460    <hidden>
                         arrival time                          -4.734    <hidden>
  -------------------------------------------------------------------
                         slack                                  0.726    <hidden>

Slack (MET) :             0.726ns  (required time - arrival time)
  Source:                 sB_tempExp2_reg[3]/C
                            (rising edge-triggered cell FDRE clocked by sys_clk  {rise@0.000ns fall@2.500ns period=5.000ns})
  Destination:            outReg_reg[1]/R
                            (rising edge-triggered cell FDRE clocked by sys_clk  {rise@0.000ns fall@2.500ns period=5.000ns})
  Path Group:             sys_clk
  Path Type:              Setup (Max at Slow Process Corner)
  Requirement:            5.000ns  (sys_clk rise@5.000ns - sys_clk rise@0.000ns)
  Data Path Delay:        3.761ns  (logic 1.293ns (34.382%)  route 2.468ns (65.618%))
  Logic Levels:           4  (LUT3=1 LUT4=2 LUT5=1)
  Clock Path Skew:        -0.049ns (DCD - SCD + CPR)
    Destination Clock Delay (DCD):    0.924ns = ( 5.924 - 5.000 ) 
    Source Clock Delay      (SCD):    0.973ns
    Clock Pessimism Removal (CPR):    0.000ns
  Clock Uncertainty:      0.035ns  ((TSJ^2 + TIJ^2)^1/2 + DJ) / 2 + PE
    Total System Jitter     (TSJ):    0.071ns
    Total Input Jitter      (TIJ):    0.000ns
    Discrete Jitter          (DJ):    0.000ns
    Phase Error              (PE):    0.000ns

    Location             Delay type                Incr(ns)  Path(ns)    Netlist Resource(s)
  -------------------------------------------------------------------    -------------------
                         (clock sys_clk rise edge)    0.000     0.000 r  <hidden>
                                                      0.000     0.000 r  clock
                         net (fo=77, unset)           0.973     0.973    clock
    SLICE_X35Y63         FDRE                                         r  sB_tempExp2_reg[3]/C
  -------------------------------------------------------------------    -------------------
    SLICE_X35Y63         FDRE (Prop_fdre_C_Q)         0.419     1.392 r  sB_tempExp2_reg[3]/Q
                         net (fo=4, routed)           0.885     2.277    sB_tempExp2[3]
    SLICE_X32Y63         LUT4 (Prop_lut4_I1_O)        0.299     2.576 f  outReg[14]_i_6/O
                         net (fo=1, routed)           0.427     3.003    outReg[14]_i_6_n_0
    SLICE_X35Y64         LUT4 (Prop_lut4_I2_O)        0.124     3.127 r  outReg[14]_i_3/O
                         net (fo=2, routed)           0.473     3.601    outReg3
    SLICE_X35Y64         LUT5 (Prop_lut5_I2_O)        0.119     3.720 r  outReg[6]_i_2/O
                         net (fo=2, routed)           0.337     4.057    p_1_in
    SLICE_X33Y65         LUT3 (Prop_lut3_I2_O)        0.332     4.389 r  outReg[5]_i_1/O
                         net (fo=6, routed)           0.345     4.734    outReg[5]_i_1_n_0
    SLICE_X35Y65         FDRE                                         r  outReg_reg[1]/R
  -------------------------------------------------------------------    -------------------

                         (clock sys_clk rise edge)    5.000     5.000 r  <hidden>
                                                      0.000     5.000 r  clock
                         net (fo=77, unset)           0.924     5.924    clock
    SLICE_X35Y65         FDRE                                         r  outReg_reg[1]/C
                         clock pessimism              0.000     5.924    <hidden>
                         clock uncertainty           -0.035     5.889    <hidden>
    SLICE_X35Y65         FDRE (Setup_fdre_C_R)       -0.429     5.460    outReg_reg[1]
  -------------------------------------------------------------------
                         required time                          5.460    <hidden>
                         arrival time                          -4.734    <hidden>
  -------------------------------------------------------------------
                         slack                                  0.726    <hidden>

Slack (MET) :             0.726ns  (required time - arrival time)
  Source:                 sB_tempExp2_reg[3]/C
                            (rising edge-triggered cell FDRE clocked by sys_clk  {rise@0.000ns fall@2.500ns period=5.000ns})
  Destination:            outReg_reg[2]/R
                            (rising edge-triggered cell FDRE clocked by sys_clk  {rise@0.000ns fall@2.500ns period=5.000ns})
  Path Group:             sys_clk
  Path Type:              Setup (Max at Slow Process Corner)
  Requirement:            5.000ns  (sys_clk rise@5.000ns - sys_clk rise@0.000ns)
  Data Path Delay:        3.761ns  (logic 1.293ns (34.382%)  route 2.468ns (65.618%))
  Logic Levels:           4  (LUT3=1 LUT4=2 LUT5=1)
  Clock Path Skew:        -0.049ns (DCD - SCD + CPR)
    Destination Clock Delay (DCD):    0.924ns = ( 5.924 - 5.000 ) 
    Source Clock Delay      (SCD):    0.973ns
    Clock Pessimism Removal (CPR):    0.000ns
  Clock Uncertainty:      0.035ns  ((TSJ^2 + TIJ^2)^1/2 + DJ) / 2 + PE
    Total System Jitter     (TSJ):    0.071ns
    Total Input Jitter      (TIJ):    0.000ns
    Discrete Jitter          (DJ):    0.000ns
    Phase Error              (PE):    0.000ns

    Location             Delay type                Incr(ns)  Path(ns)    Netlist Resource(s)
  -------------------------------------------------------------------    -------------------
                         (clock sys_clk rise edge)    0.000     0.000 r  <hidden>
                                                      0.000     0.000 r  clock
                         net (fo=77, unset)           0.973     0.973    clock
    SLICE_X35Y63         FDRE                                         r  sB_tempExp2_reg[3]/C
  -------------------------------------------------------------------    -------------------
    SLICE_X35Y63         FDRE (Prop_fdre_C_Q)         0.419     1.392 r  sB_tempExp2_reg[3]/Q
                         net (fo=4, routed)           0.885     2.277    sB_tempExp2[3]
    SLICE_X32Y63         LUT4 (Prop_lut4_I1_O)        0.299     2.576 f  outReg[14]_i_6/O
                         net (fo=1, routed)           0.427     3.003    outReg[14]_i_6_n_0
    SLICE_X35Y64         LUT4 (Prop_lut4_I2_O)        0.124     3.127 r  outReg[14]_i_3/O
                         net (fo=2, routed)           0.473     3.601    outReg3
    SLICE_X35Y64         LUT5 (Prop_lut5_I2_O)        0.119     3.720 r  outReg[6]_i_2/O
                         net (fo=2, routed)           0.337     4.057    p_1_in
    SLICE_X33Y65         LUT3 (Prop_lut3_I2_O)        0.332     4.389 r  outReg[5]_i_1/O
                         net (fo=6, routed)           0.345     4.734    outReg[5]_i_1_n_0
    SLICE_X35Y65         FDRE                                         r  outReg_reg[2]/R
  -------------------------------------------------------------------    -------------------

                         (clock sys_clk rise edge)    5.000     5.000 r  <hidden>
                                                      0.000     5.000 r  clock
                         net (fo=77, unset)           0.924     5.924    clock
    SLICE_X35Y65         FDRE                                         r  outReg_reg[2]/C
                         clock pessimism              0.000     5.924    <hidden>
                         clock uncertainty           -0.035     5.889    <hidden>
    SLICE_X35Y65         FDRE (Setup_fdre_C_R)       -0.429     5.460    outReg_reg[2]
  -------------------------------------------------------------------
                         required time                          5.460    <hidden>
                         arrival time                          -4.734    <hidden>
  -------------------------------------------------------------------
                         slack                                  0.726    <hidden>

Slack (MET) :             0.726ns  (required time - arrival time)
  Source:                 sB_tempExp2_reg[3]/C
                            (rising edge-triggered cell FDRE clocked by sys_clk  {rise@0.000ns fall@2.500ns period=5.000ns})
  Destination:            outReg_reg[3]/R
                            (rising edge-triggered cell FDRE clocked by sys_clk  {rise@0.000ns fall@2.500ns period=5.000ns})
  Path Group:             sys_clk
  Path Type:              Setup (Max at Slow Process Corner)
  Requirement:            5.000ns  (sys_clk rise@5.000ns - sys_clk rise@0.000ns)
  Data Path Delay:        3.761ns  (logic 1.293ns (34.382%)  route 2.468ns (65.618%))
  Logic Levels:           4  (LUT3=1 LUT4=2 LUT5=1)
  Clock Path Skew:        -0.049ns (DCD - SCD + CPR)
    Destination Clock Delay (DCD):    0.924ns = ( 5.924 - 5.000 ) 
    Source Clock Delay      (SCD):    0.973ns
    Clock Pessimism Removal (CPR):    0.000ns
  Clock Uncertainty:      0.035ns  ((TSJ^2 + TIJ^2)^1/2 + DJ) / 2 + PE
    Total System Jitter     (TSJ):    0.071ns
    Total Input Jitter      (TIJ):    0.000ns
    Discrete Jitter          (DJ):    0.000ns
    Phase Error              (PE):    0.000ns

    Location             Delay type                Incr(ns)  Path(ns)    Netlist Resource(s)
  -------------------------------------------------------------------    -------------------
                         (clock sys_clk rise edge)    0.000     0.000 r  <hidden>
                                                      0.000     0.000 r  clock
                         net (fo=77, unset)           0.973     0.973    clock
    SLICE_X35Y63         FDRE                                         r  sB_tempExp2_reg[3]/C
  -------------------------------------------------------------------    -------------------
    SLICE_X35Y63         FDRE (Prop_fdre_C_Q)         0.419     1.392 r  sB_tempExp2_reg[3]/Q
                         net (fo=4, routed)           0.885     2.277    sB_tempExp2[3]
    SLICE_X32Y63         LUT4 (Prop_lut4_I1_O)        0.299     2.576 f  outReg[14]_i_6/O
                         net (fo=1, routed)           0.427     3.003    outReg[14]_i_6_n_0
    SLICE_X35Y64         LUT4 (Prop_lut4_I2_O)        0.124     3.127 r  outReg[14]_i_3/O
                         net (fo=2, routed)           0.473     3.601    outReg3
    SLICE_X35Y64         LUT5 (Prop_lut5_I2_O)        0.119     3.720 r  outReg[6]_i_2/O
                         net (fo=2, routed)           0.337     4.057    p_1_in
    SLICE_X33Y65         LUT3 (Prop_lut3_I2_O)        0.332     4.389 r  outReg[5]_i_1/O
                         net (fo=6, routed)           0.345     4.734    outReg[5]_i_1_n_0
    SLICE_X35Y65         FDRE                                         r  outReg_reg[3]/R
  -------------------------------------------------------------------    -------------------

                         (clock sys_clk rise edge)    5.000     5.000 r  <hidden>
                                                      0.000     5.000 r  clock
                         net (fo=77, unset)           0.924     5.924    clock
    SLICE_X35Y65         FDRE                                         r  outReg_reg[3]/C
                         clock pessimism              0.000     5.924    <hidden>
                         clock uncertainty           -0.035     5.889    <hidden>
    SLICE_X35Y65         FDRE (Setup_fdre_C_R)       -0.429     5.460    outReg_reg[3]
  -------------------------------------------------------------------
                         required time                          5.460    <hidden>
                         arrival time                          -4.734    <hidden>
  -------------------------------------------------------------------
                         slack                                  0.726    <hidden>

Slack (MET) :             0.726ns  (required time - arrival time)
  Source:                 sB_tempExp2_reg[3]/C
                            (rising edge-triggered cell FDRE clocked by sys_clk  {rise@0.000ns fall@2.500ns period=5.000ns})
  Destination:            outReg_reg[4]/R
                            (rising edge-triggered cell FDRE clocked by sys_clk  {rise@0.000ns fall@2.500ns period=5.000ns})
  Path Group:             sys_clk
  Path Type:              Setup (Max at Slow Process Corner)
  Requirement:            5.000ns  (sys_clk rise@5.000ns - sys_clk rise@0.000ns)
  Data Path Delay:        3.761ns  (logic 1.293ns (34.382%)  route 2.468ns (65.618%))
  Logic Levels:           4  (LUT3=1 LUT4=2 LUT5=1)
  Clock Path Skew:        -0.049ns (DCD - SCD + CPR)
    Destination Clock Delay (DCD):    0.924ns = ( 5.924 - 5.000 ) 
    Source Clock Delay      (SCD):    0.973ns
    Clock Pessimism Removal (CPR):    0.000ns
  Clock Uncertainty:      0.035ns  ((TSJ^2 + TIJ^2)^1/2 + DJ) / 2 + PE
    Total System Jitter     (TSJ):    0.071ns
    Total Input Jitter      (TIJ):    0.000ns
    Discrete Jitter          (DJ):    0.000ns
    Phase Error              (PE):    0.000ns

    Location             Delay type                Incr(ns)  Path(ns)    Netlist Resource(s)
  -------------------------------------------------------------------    -------------------
                         (clock sys_clk rise edge)    0.000     0.000 r  <hidden>
                                                      0.000     0.000 r  clock
                         net (fo=77, unset)           0.973     0.973    clock
    SLICE_X35Y63         FDRE                                         r  sB_tempExp2_reg[3]/C
  -------------------------------------------------------------------    -------------------
    SLICE_X35Y63         FDRE (Prop_fdre_C_Q)         0.419     1.392 r  sB_tempExp2_reg[3]/Q
                         net (fo=4, routed)           0.885     2.277    sB_tempExp2[3]
    SLICE_X32Y63         LUT4 (Prop_lut4_I1_O)        0.299     2.576 f  outReg[14]_i_6/O
                         net (fo=1, routed)           0.427     3.003    outReg[14]_i_6_n_0
    SLICE_X35Y64         LUT4 (Prop_lut4_I2_O)        0.124     3.127 r  outReg[14]_i_3/O
                         net (fo=2, routed)           0.473     3.601    outReg3
    SLICE_X35Y64         LUT5 (Prop_lut5_I2_O)        0.119     3.720 r  outReg[6]_i_2/O
                         net (fo=2, routed)           0.337     4.057    p_1_in
    SLICE_X33Y65         LUT3 (Prop_lut3_I2_O)        0.332     4.389 r  outReg[5]_i_1/O
                         net (fo=6, routed)           0.345     4.734    outReg[5]_i_1_n_0
    SLICE_X35Y65         FDRE                                         r  outReg_reg[4]/R
  -------------------------------------------------------------------    -------------------

                         (clock sys_clk rise edge)    5.000     5.000 r  <hidden>
                                                      0.000     5.000 r  clock
                         net (fo=77, unset)           0.924     5.924    clock
    SLICE_X35Y65         FDRE                                         r  outReg_reg[4]/C
                         clock pessimism              0.000     5.924    <hidden>
                         clock uncertainty           -0.035     5.889    <hidden>
    SLICE_X35Y65         FDRE (Setup_fdre_C_R)       -0.429     5.460    outReg_reg[4]
  -------------------------------------------------------------------
                         required time                          5.460    <hidden>
                         arrival time                          -4.734    <hidden>
  -------------------------------------------------------------------
                         slack                                  0.726    <hidden>

Slack (MET) :             0.726ns  (required time - arrival time)
  Source:                 sB_tempExp2_reg[3]/C
                            (rising edge-triggered cell FDRE clocked by sys_clk  {rise@0.000ns fall@2.500ns period=5.000ns})
  Destination:            outReg_reg[5]/R
                            (rising edge-triggered cell FDRE clocked by sys_clk  {rise@0.000ns fall@2.500ns period=5.000ns})
  Path Group:             sys_clk
  Path Type:              Setup (Max at Slow Process Corner)
  Requirement:            5.000ns  (sys_clk rise@5.000ns - sys_clk rise@0.000ns)
  Data Path Delay:        3.761ns  (logic 1.293ns (34.382%)  route 2.468ns (65.618%))
  Logic Levels:           4  (LUT3=1 LUT4=2 LUT5=1)
  Clock Path Skew:        -0.049ns (DCD - SCD + CPR)
    Destination Clock Delay (DCD):    0.924ns = ( 5.924 - 5.000 ) 
    Source Clock Delay      (SCD):    0.973ns
    Clock Pessimism Removal (CPR):    0.000ns
  Clock Uncertainty:      0.035ns  ((TSJ^2 + TIJ^2)^1/2 + DJ) / 2 + PE
    Total System Jitter     (TSJ):    0.071ns
    Total Input Jitter      (TIJ):    0.000ns
    Discrete Jitter          (DJ):    0.000ns
    Phase Error              (PE):    0.000ns

    Location             Delay type                Incr(ns)  Path(ns)    Netlist Resource(s)
  -------------------------------------------------------------------    -------------------
                         (clock sys_clk rise edge)    0.000     0.000 r  <hidden>
                                                      0.000     0.000 r  clock
                         net (fo=77, unset)           0.973     0.973    clock
    SLICE_X35Y63         FDRE                                         r  sB_tempExp2_reg[3]/C
  -------------------------------------------------------------------    -------------------
    SLICE_X35Y63         FDRE (Prop_fdre_C_Q)         0.419     1.392 r  sB_tempExp2_reg[3]/Q
                         net (fo=4, routed)           0.885     2.277    sB_tempExp2[3]
    SLICE_X32Y63         LUT4 (Prop_lut4_I1_O)        0.299     2.576 f  outReg[14]_i_6/O
                         net (fo=1, routed)           0.427     3.003    outReg[14]_i_6_n_0
    SLICE_X35Y64         LUT4 (Prop_lut4_I2_O)        0.124     3.127 r  outReg[14]_i_3/O
                         net (fo=2, routed)           0.473     3.601    outReg3
    SLICE_X35Y64         LUT5 (Prop_lut5_I2_O)        0.119     3.720 r  outReg[6]_i_2/O
                         net (fo=2, routed)           0.337     4.057    p_1_in
    SLICE_X33Y65         LUT3 (Prop_lut3_I2_O)        0.332     4.389 r  outReg[5]_i_1/O
                         net (fo=6, routed)           0.345     4.734    outReg[5]_i_1_n_0
    SLICE_X35Y65         FDRE                                         r  outReg_reg[5]/R
  -------------------------------------------------------------------    -------------------

                         (clock sys_clk rise edge)    5.000     5.000 r  <hidden>
                                                      0.000     5.000 r  clock
                         net (fo=77, unset)           0.924     5.924    clock
    SLICE_X35Y65         FDRE                                         r  outReg_reg[5]/C
                         clock pessimism              0.000     5.924    <hidden>
                         clock uncertainty           -0.035     5.889    <hidden>
    SLICE_X35Y65         FDRE (Setup_fdre_C_R)       -0.429     5.460    outReg_reg[5]
  -------------------------------------------------------------------
                         required time                          5.460    <hidden>
                         arrival time                          -4.734    <hidden>
  -------------------------------------------------------------------
                         slack                                  0.726    <hidden>

Slack (MET) :             1.241ns  (required time - arrival time)
  Source:                 sB_tempExp2_reg[3]/C
                            (rising edge-triggered cell FDRE clocked by sys_clk  {rise@0.000ns fall@2.500ns period=5.000ns})
  Destination:            outReg_reg[13]/S
                            (rising edge-triggered cell FDSE clocked by sys_clk  {rise@0.000ns fall@2.500ns period=5.000ns})
  Path Group:             sys_clk
  Path Type:              Setup (Max at Slow Process Corner)
  Requirement:            5.000ns  (sys_clk rise@5.000ns - sys_clk rise@0.000ns)
  Data Path Delay:        3.151ns  (logic 0.966ns (30.660%)  route 2.185ns (69.340%))
  Logic Levels:           3  (LUT4=2 LUT5=1)
  Clock Path Skew:        -0.049ns (DCD - SCD + CPR)
    Destination Clock Delay (DCD):    0.924ns = ( 5.924 - 5.000 ) 
    Source Clock Delay      (SCD):    0.973ns
    Clock Pessimism Removal (CPR):    0.000ns
  Clock Uncertainty:      0.035ns  ((TSJ^2 + TIJ^2)^1/2 + DJ) / 2 + PE
    Total System Jitter     (TSJ):    0.071ns
    Total Input Jitter      (TIJ):    0.000ns
    Discrete Jitter          (DJ):    0.000ns
    Phase Error              (PE):    0.000ns

    Location             Delay type                Incr(ns)  Path(ns)    Netlist Resource(s)
  -------------------------------------------------------------------    -------------------
                         (clock sys_clk rise edge)    0.000     0.000 r  <hidden>
                                                      0.000     0.000 r  clock
                         net (fo=77, unset)           0.973     0.973    clock
    SLICE_X35Y63         FDRE                                         r  sB_tempExp2_reg[3]/C
  -------------------------------------------------------------------    -------------------
    SLICE_X35Y63         FDRE (Prop_fdre_C_Q)         0.419     1.392 r  sB_tempExp2_reg[3]/Q
                         net (fo=4, routed)           0.885     2.277    sB_tempExp2[3]
    SLICE_X32Y63         LUT4 (Prop_lut4_I1_O)        0.299     2.576 f  outReg[14]_i_6/O
                         net (fo=1, routed)           0.427     3.003    outReg[14]_i_6_n_0
    SLICE_X35Y64         LUT4 (Prop_lut4_I2_O)        0.124     3.127 r  outReg[14]_i_3/O
                         net (fo=2, routed)           0.473     3.601    outReg3
    SLICE_X35Y64         LUT5 (Prop_lut5_I2_O)        0.124     3.725 r  outReg[14]_i_1/O
                         net (fo=8, routed)           0.399     4.124    p_0_in2_out
    SLICE_X34Y64         FDSE                                         r  outReg_reg[13]/S
  -------------------------------------------------------------------    -------------------

                         (clock sys_clk rise edge)    5.000     5.000 r  <hidden>
                                                      0.000     5.000 r  clock
                         net (fo=77, unset)           0.924     5.924    clock
    SLICE_X34Y64         FDSE                                         r  outReg_reg[13]/C
                         clock pessimism              0.000     5.924    <hidden>
                         clock uncertainty           -0.035     5.889    <hidden>
    SLICE_X34Y64         FDSE (Setup_fdse_C_S)       -0.524     5.365    outReg_reg[13]
  -------------------------------------------------------------------
                         required time                          5.365    <hidden>
                         arrival time                          -4.124    <hidden>
  -------------------------------------------------------------------
                         slack                                  1.241    <hidden>

Slack (MET) :             1.241ns  (required time - arrival time)
  Source:                 sB_tempExp2_reg[3]/C
                            (rising edge-triggered cell FDRE clocked by sys_clk  {rise@0.000ns fall@2.500ns period=5.000ns})
  Destination:            outReg_reg[14]/S
                            (rising edge-triggered cell FDSE clocked by sys_clk  {rise@0.000ns fall@2.500ns period=5.000ns})
  Path Group:             sys_clk
  Path Type:              Setup (Max at Slow Process Corner)
  Requirement:            5.000ns  (sys_clk rise@5.000ns - sys_clk rise@0.000ns)
  Data Path Delay:        3.151ns  (logic 0.966ns (30.660%)  route 2.185ns (69.340%))
  Logic Levels:           3  (LUT4=2 LUT5=1)
  Clock Path Skew:        -0.049ns (DCD - SCD + CPR)
    Destination Clock Delay (DCD):    0.924ns = ( 5.924 - 5.000 ) 
    Source Clock Delay      (SCD):    0.973ns
    Clock Pessimism Removal (CPR):    0.000ns
  Clock Uncertainty:      0.035ns  ((TSJ^2 + TIJ^2)^1/2 + DJ) / 2 + PE
    Total System Jitter     (TSJ):    0.071ns
    Total Input Jitter      (TIJ):    0.000ns
    Discrete Jitter          (DJ):    0.000ns
    Phase Error              (PE):    0.000ns

    Location             Delay type                Incr(ns)  Path(ns)    Netlist Resource(s)
  -------------------------------------------------------------------    -------------------
                         (clock sys_clk rise edge)    0.000     0.000 r  <hidden>
                                                      0.000     0.000 r  clock
                         net (fo=77, unset)           0.973     0.973    clock
    SLICE_X35Y63         FDRE                                         r  sB_tempExp2_reg[3]/C
  -------------------------------------------------------------------    -------------------
    SLICE_X35Y63         FDRE (Prop_fdre_C_Q)         0.419     1.392 r  sB_tempExp2_reg[3]/Q
                         net (fo=4, routed)           0.885     2.277    sB_tempExp2[3]
    SLICE_X32Y63         LUT4 (Prop_lut4_I1_O)        0.299     2.576 f  outReg[14]_i_6/O
                         net (fo=1, routed)           0.427     3.003    outReg[14]_i_6_n_0
    SLICE_X35Y64         LUT4 (Prop_lut4_I2_O)        0.124     3.127 r  outReg[14]_i_3/O
                         net (fo=2, routed)           0.473     3.601    outReg3
    SLICE_X35Y64         LUT5 (Prop_lut5_I2_O)        0.124     3.725 r  outReg[14]_i_1/O
                         net (fo=8, routed)           0.399     4.124    p_0_in2_out
    SLICE_X34Y64         FDSE                                         r  outReg_reg[14]/S
  -------------------------------------------------------------------    -------------------

                         (clock sys_clk rise edge)    5.000     5.000 r  <hidden>
                                                      0.000     5.000 r  clock
                         net (fo=77, unset)           0.924     5.924    clock
    SLICE_X34Y64         FDSE                                         r  outReg_reg[14]/C
                         clock pessimism              0.000     5.924    <hidden>
                         clock uncertainty           -0.035     5.889    <hidden>
    SLICE_X34Y64         FDSE (Setup_fdse_C_S)       -0.524     5.365    outReg_reg[14]
  -------------------------------------------------------------------
                         required time                          5.365    <hidden>
                         arrival time                          -4.124    <hidden>
  -------------------------------------------------------------------
                         slack                                  1.241    <hidden>

Slack (MET) :             1.281ns  (required time - arrival time)
  Source:                 sB_tempExp2_reg[3]/C
                            (rising edge-triggered cell FDRE clocked by sys_clk  {rise@0.000ns fall@2.500ns period=5.000ns})
  Destination:            outReg_reg[10]/S
                            (rising edge-triggered cell FDSE clocked by sys_clk  {rise@0.000ns fall@2.500ns period=5.000ns})
  Path Group:             sys_clk
  Path Type:              Setup (Max at Slow Process Corner)
  Requirement:            5.000ns  (sys_clk rise@5.000ns - sys_clk rise@0.000ns)
  Data Path Delay:        3.111ns  (logic 0.966ns (31.054%)  route 2.145ns (68.946%))
  Logic Levels:           3  (LUT4=2 LUT5=1)
  Clock Path Skew:        -0.049ns (DCD - SCD + CPR)
    Destination Clock Delay (DCD):    0.924ns = ( 5.924 - 5.000 ) 
    Source Clock Delay      (SCD):    0.973ns
    Clock Pessimism Removal (CPR):    0.000ns
  Clock Uncertainty:      0.035ns  ((TSJ^2 + TIJ^2)^1/2 + DJ) / 2 + PE
    Total System Jitter     (TSJ):    0.071ns
    Total Input Jitter      (TIJ):    0.000ns
    Discrete Jitter          (DJ):    0.000ns
    Phase Error              (PE):    0.000ns

    Location             Delay type                Incr(ns)  Path(ns)    Netlist Resource(s)
  -------------------------------------------------------------------    -------------------
                         (clock sys_clk rise edge)    0.000     0.000 r  <hidden>
                                                      0.000     0.000 r  clock
                         net (fo=77, unset)           0.973     0.973    clock
    SLICE_X35Y63         FDRE                                         r  sB_tempExp2_reg[3]/C
  -------------------------------------------------------------------    -------------------
    SLICE_X35Y63         FDRE (Prop_fdre_C_Q)         0.419     1.392 r  sB_tempExp2_reg[3]/Q
                         net (fo=4, routed)           0.885     2.277    sB_tempExp2[3]
    SLICE_X32Y63         LUT4 (Prop_lut4_I1_O)        0.299     2.576 f  outReg[14]_i_6/O
                         net (fo=1, routed)           0.427     3.003    outReg[14]_i_6_n_0
    SLICE_X35Y64         LUT4 (Prop_lut4_I2_O)        0.124     3.127 r  outReg[14]_i_3/O
                         net (fo=2, routed)           0.473     3.601    outReg3
    SLICE_X35Y64         LUT5 (Prop_lut5_I2_O)        0.124     3.725 r  outReg[14]_i_1/O
                         net (fo=8, routed)           0.359     4.084    p_0_in2_out
    SLICE_X34Y63         FDSE                                         r  outReg_reg[10]/S
  -------------------------------------------------------------------    -------------------

                         (clock sys_clk rise edge)    5.000     5.000 r  <hidden>
                                                      0.000     5.000 r  clock
                         net (fo=77, unset)           0.924     5.924    clock
    SLICE_X34Y63         FDSE                                         r  outReg_reg[10]/C
                         clock pessimism              0.000     5.924    <hidden>
                         clock uncertainty           -0.035     5.889    <hidden>
    SLICE_X34Y63         FDSE (Setup_fdse_C_S)       -0.524     5.365    outReg_reg[10]
  -------------------------------------------------------------------
                         required time                          5.365    <hidden>
                         arrival time                          -4.084    <hidden>
  -------------------------------------------------------------------
                         slack                                  1.281    <hidden>

Slack (MET) :             1.281ns  (required time - arrival time)
  Source:                 sB_tempExp2_reg[3]/C
                            (rising edge-triggered cell FDRE clocked by sys_clk  {rise@0.000ns fall@2.500ns period=5.000ns})
  Destination:            outReg_reg[11]/S
                            (rising edge-triggered cell FDSE clocked by sys_clk  {rise@0.000ns fall@2.500ns period=5.000ns})
  Path Group:             sys_clk
  Path Type:              Setup (Max at Slow Process Corner)
  Requirement:            5.000ns  (sys_clk rise@5.000ns - sys_clk rise@0.000ns)
  Data Path Delay:        3.111ns  (logic 0.966ns (31.054%)  route 2.145ns (68.946%))
  Logic Levels:           3  (LUT4=2 LUT5=1)
  Clock Path Skew:        -0.049ns (DCD - SCD + CPR)
    Destination Clock Delay (DCD):    0.924ns = ( 5.924 - 5.000 ) 
    Source Clock Delay      (SCD):    0.973ns
    Clock Pessimism Removal (CPR):    0.000ns
  Clock Uncertainty:      0.035ns  ((TSJ^2 + TIJ^2)^1/2 + DJ) / 2 + PE
    Total System Jitter     (TSJ):    0.071ns
    Total Input Jitter      (TIJ):    0.000ns
    Discrete Jitter          (DJ):    0.000ns
    Phase Error              (PE):    0.000ns

    Location             Delay type                Incr(ns)  Path(ns)    Netlist Resource(s)
  -------------------------------------------------------------------    -------------------
                         (clock sys_clk rise edge)    0.000     0.000 r  <hidden>
                                                      0.000     0.000 r  clock
                         net (fo=77, unset)           0.973     0.973    clock
    SLICE_X35Y63         FDRE                                         r  sB_tempExp2_reg[3]/C
  -------------------------------------------------------------------    -------------------
    SLICE_X35Y63         FDRE (Prop_fdre_C_Q)         0.419     1.392 r  sB_tempExp2_reg[3]/Q
                         net (fo=4, routed)           0.885     2.277    sB_tempExp2[3]
    SLICE_X32Y63         LUT4 (Prop_lut4_I1_O)        0.299     2.576 f  outReg[14]_i_6/O
                         net (fo=1, routed)           0.427     3.003    outReg[14]_i_6_n_0
    SLICE_X35Y64         LUT4 (Prop_lut4_I2_O)        0.124     3.127 r  outReg[14]_i_3/O
                         net (fo=2, routed)           0.473     3.601    outReg3
    SLICE_X35Y64         LUT5 (Prop_lut5_I2_O)        0.124     3.725 r  outReg[14]_i_1/O
                         net (fo=8, routed)           0.359     4.084    p_0_in2_out
    SLICE_X34Y63         FDSE                                         r  outReg_reg[11]/S
  -------------------------------------------------------------------    -------------------

                         (clock sys_clk rise edge)    5.000     5.000 r  <hidden>
                                                      0.000     5.000 r  clock
                         net (fo=77, unset)           0.924     5.924    clock
    SLICE_X34Y63         FDSE                                         r  outReg_reg[11]/C
                         clock pessimism              0.000     5.924    <hidden>
                         clock uncertainty           -0.035     5.889    <hidden>
    SLICE_X34Y63         FDSE (Setup_fdse_C_S)       -0.524     5.365    outReg_reg[11]
  -------------------------------------------------------------------
                         required time                          5.365    <hidden>
                         arrival time                          -4.084    <hidden>
  -------------------------------------------------------------------
                         slack                                  1.281    <hidden>





Min Delay Paths
--------------------------------------------------------------------------------------
Slack (MET) :             0.159ns  (arrival time - required time)
  Source:                 sB_tempExp2_reg[1]/C
                            (rising edge-triggered cell FDRE clocked by sys_clk  {rise@0.000ns fall@2.500ns period=5.000ns})
  Destination:            outReg_reg[9]/D
                            (rising edge-triggered cell FDSE clocked by sys_clk  {rise@0.000ns fall@2.500ns period=5.000ns})
  Path Group:             sys_clk
  Path Type:              Hold (Min at Fast Process Corner)
  Requirement:            0.000ns  (sys_clk rise@0.000ns - sys_clk rise@0.000ns)
  Data Path Delay:        0.312ns  (logic 0.189ns (60.666%)  route 0.123ns (39.334%))
  Logic Levels:           1  (LUT5=1)
  Clock Path Skew:        0.022ns (DCD - SCD - CPR)
    Destination Clock Delay (DCD):    0.432ns
    Source Clock Delay      (SCD):    0.410ns
    Clock Pessimism Removal (CPR):    -0.000ns

    Location             Delay type                Incr(ns)  Path(ns)    Netlist Resource(s)
  -------------------------------------------------------------------    -------------------
                         (clock sys_clk rise edge)    0.000     0.000 r  <hidden>
                                                      0.000     0.000 r  clock
                         net (fo=77, unset)           0.410     0.410    clock
    SLICE_X35Y63         FDRE                                         r  sB_tempExp2_reg[1]/C
  -------------------------------------------------------------------    -------------------
    SLICE_X35Y63         FDRE (Prop_fdre_C_Q)         0.141     0.551 r  sB_tempExp2_reg[1]/Q
                         net (fo=6, routed)           0.123     0.674    sB_tempExp2[1]
    SLICE_X34Y63         LUT5 (Prop_lut5_I3_O)        0.048     0.722 r  outReg[9]_i_1/O
                         net (fo=1, routed)           0.000     0.722    outReg[9]_i_1_n_0
    SLICE_X34Y63         FDSE                                         r  outReg_reg[9]/D
  -------------------------------------------------------------------    -------------------

                         (clock sys_clk rise edge)    0.000     0.000 r  <hidden>
                                                      0.000     0.000 r  clock
                         net (fo=77, unset)           0.432     0.432    clock
    SLICE_X34Y63         FDSE                                         r  outReg_reg[9]/C
                         clock pessimism              0.000     0.432    <hidden>
    SLICE_X34Y63         FDSE (Hold_fdse_C_D)         0.131     0.563    outReg_reg[9]
  -------------------------------------------------------------------
                         required time                         -0.563    <hidden>
                         arrival time                           0.722    <hidden>
  -------------------------------------------------------------------
                         slack                                  0.159    <hidden>

Slack (MET) :             0.167ns  (arrival time - required time)
  Source:                 sB_tempExp2_reg[1]/C
                            (rising edge-triggered cell FDRE clocked by sys_clk  {rise@0.000ns fall@2.500ns period=5.000ns})
  Destination:            outReg_reg[8]/D
                            (rising edge-triggered cell FDSE clocked by sys_clk  {rise@0.000ns fall@2.500ns period=5.000ns})
  Path Group:             sys_clk
  Path Type:              Hold (Min at Fast Process Corner)
  Requirement:            0.000ns  (sys_clk rise@0.000ns - sys_clk rise@0.000ns)
  Data Path Delay:        0.309ns  (logic 0.186ns (60.284%)  route 0.123ns (39.716%))
  Logic Levels:           1  (LUT4=1)
  Clock Path Skew:        0.022ns (DCD - SCD - CPR)
    Destination Clock Delay (DCD):    0.432ns
    Source Clock Delay      (SCD):    0.410ns
    Clock Pessimism Removal (CPR):    -0.000ns

    Location             Delay type                Incr(ns)  Path(ns)    Netlist Resource(s)
  -------------------------------------------------------------------    -------------------
                         (clock sys_clk rise edge)    0.000     0.000 r  <hidden>
                                                      0.000     0.000 r  clock
                         net (fo=77, unset)           0.410     0.410    clock
    SLICE_X35Y63         FDRE                                         r  sB_tempExp2_reg[1]/C
  -------------------------------------------------------------------    -------------------
    SLICE_X35Y63         FDRE (Prop_fdre_C_Q)         0.141     0.551 r  sB_tempExp2_reg[1]/Q
                         net (fo=6, routed)           0.123     0.674    sB_tempExp2[1]
    SLICE_X34Y63         LUT4 (Prop_lut4_I0_O)        0.045     0.719 r  outReg[8]_i_1/O
                         net (fo=1, routed)           0.000     0.719    outReg[8]_i_1_n_0
    SLICE_X34Y63         FDSE                                         r  outReg_reg[8]/D
  -------------------------------------------------------------------    -------------------

                         (clock sys_clk rise edge)    0.000     0.000 r  <hidden>
                                                      0.000     0.000 r  clock
                         net (fo=77, unset)           0.432     0.432    clock
    SLICE_X34Y63         FDSE                                         r  outReg_reg[8]/C
                         clock pessimism              0.000     0.432    <hidden>
    SLICE_X34Y63         FDSE (Hold_fdse_C_D)         0.120     0.552    outReg_reg[8]
  -------------------------------------------------------------------
                         required time                         -0.552    <hidden>
                         arrival time                           0.719    <hidden>
  -------------------------------------------------------------------
                         slack                                  0.167    <hidden>

Slack (MET) :             0.170ns  (arrival time - required time)
  Source:                 sA_tempExp_r_1_reg[3]/C
                            (rising edge-triggered cell FDRE clocked by sys_clk  {rise@0.000ns fall@2.500ns period=5.000ns})
  Destination:            sA_tempExp_reg[3]/D
                            (rising edge-triggered cell FDRE clocked by sys_clk  {rise@0.000ns fall@2.500ns period=5.000ns})
  Path Group:             sys_clk
  Path Type:              Hold (Min at Fast Process Corner)
  Requirement:            0.000ns  (sys_clk rise@0.000ns - sys_clk rise@0.000ns)
  Data Path Delay:        0.251ns  (logic 0.141ns (56.174%)  route 0.110ns (43.826%))
  Logic Levels:           0  
  Clock Path Skew:        0.022ns (DCD - SCD - CPR)
    Destination Clock Delay (DCD):    0.432ns
    Source Clock Delay      (SCD):    0.410ns
    Clock Pessimism Removal (CPR):    -0.000ns

    Location             Delay type                Incr(ns)  Path(ns)    Netlist Resource(s)
  -------------------------------------------------------------------    -------------------
                         (clock sys_clk rise edge)    0.000     0.000 r  <hidden>
                                                      0.000     0.000 r  clock
                         net (fo=77, unset)           0.410     0.410    clock
    SLICE_X33Y67         FDRE                                         r  sA_tempExp_r_1_reg[3]/C
  -------------------------------------------------------------------    -------------------
    SLICE_X33Y67         FDRE (Prop_fdre_C_Q)         0.141     0.551 r  sA_tempExp_r_1_reg[3]/Q
                         net (fo=1, routed)           0.110     0.661    sA_tempExp_r_1[3]
    SLICE_X32Y66         FDRE                                         r  sA_tempExp_reg[3]/D
  -------------------------------------------------------------------    -------------------

                         (clock sys_clk rise edge)    0.000     0.000 r  <hidden>
                                                      0.000     0.000 r  clock
                         net (fo=77, unset)           0.432     0.432    clock
    SLICE_X32Y66         FDRE                                         r  sA_tempExp_reg[3]/C
                         clock pessimism              0.000     0.432    <hidden>
    SLICE_X32Y66         FDRE (Hold_fdre_C_D)         0.059     0.491    sA_tempExp_reg[3]
  -------------------------------------------------------------------
                         required time                         -0.491    <hidden>
                         arrival time                           0.661    <hidden>
  -------------------------------------------------------------------
                         slack                                  0.170    <hidden>

Slack (MET) :             0.177ns  (arrival time - required time)
  Source:                 sA_tempExp_r_1_reg[4]/C
                            (rising edge-triggered cell FDRE clocked by sys_clk  {rise@0.000ns fall@2.500ns period=5.000ns})
  Destination:            sA_tempExp_reg[4]/D
                            (rising edge-triggered cell FDRE clocked by sys_clk  {rise@0.000ns fall@2.500ns period=5.000ns})
  Path Group:             sys_clk
  Path Type:              Hold (Min at Fast Process Corner)
  Requirement:            0.000ns  (sys_clk rise@0.000ns - sys_clk rise@0.000ns)
  Data Path Delay:        0.251ns  (logic 0.141ns (56.174%)  route 0.110ns (43.826%))
  Logic Levels:           0  
  Clock Path Skew:        0.022ns (DCD - SCD - CPR)
    Destination Clock Delay (DCD):    0.432ns
    Source Clock Delay      (SCD):    0.410ns
    Clock Pessimism Removal (CPR):    -0.000ns

    Location             Delay type                Incr(ns)  Path(ns)    Netlist Resource(s)
  -------------------------------------------------------------------    -------------------
                         (clock sys_clk rise edge)    0.000     0.000 r  <hidden>
                                                      0.000     0.000 r  clock
                         net (fo=77, unset)           0.410     0.410    clock
    SLICE_X33Y67         FDRE                                         r  sA_tempExp_r_1_reg[4]/C
  -------------------------------------------------------------------    -------------------
    SLICE_X33Y67         FDRE (Prop_fdre_C_Q)         0.141     0.551 r  sA_tempExp_r_1_reg[4]/Q
                         net (fo=1, routed)           0.110     0.661    sA_tempExp_r_1[4]
    SLICE_X32Y66         FDRE                                         r  sA_tempExp_reg[4]/D
  -------------------------------------------------------------------    -------------------

                         (clock sys_clk rise edge)    0.000     0.000 r  <hidden>
                                                      0.000     0.000 r  clock
                         net (fo=77, unset)           0.432     0.432    clock
    SLICE_X32Y66         FDRE                                         r  sA_tempExp_reg[4]/C
                         clock pessimism              0.000     0.432    <hidden>
    SLICE_X32Y66         FDRE (Hold_fdre_C_D)         0.052     0.484    sA_tempExp_reg[4]
  -------------------------------------------------------------------
                         required time                         -0.484    <hidden>
                         arrival time                           0.661    <hidden>
  -------------------------------------------------------------------
                         slack                                  0.177    <hidden>

Slack (MET) :             0.182ns  (arrival time - required time)
  Source:                 sA_tempExp_reg[1]/C
                            (rising edge-triggered cell FDRE clocked by sys_clk  {rise@0.000ns fall@2.500ns period=5.000ns})
  Destination:            sB_tempExp2_reg[4]/D
                            (rising edge-triggered cell FDRE clocked by sys_clk  {rise@0.000ns fall@2.500ns period=5.000ns})
  Path Group:             sys_clk
  Path Type:              Hold (Min at Fast Process Corner)
  Requirement:            0.000ns  (sys_clk rise@0.000ns - sys_clk rise@0.000ns)
  Data Path Delay:        0.294ns  (logic 0.209ns (70.981%)  route 0.085ns (29.019%))
  Logic Levels:           1  (LUT6=1)
  Clock Path Skew:        0.022ns (DCD - SCD - CPR)
    Destination Clock Delay (DCD):    0.432ns
    Source Clock Delay      (SCD):    0.410ns
    Clock Pessimism Removal (CPR):    -0.000ns

    Location             Delay type                Incr(ns)  Path(ns)    Netlist Resource(s)
  -------------------------------------------------------------------    -------------------
                         (clock sys_clk rise edge)    0.000     0.000 r  <hidden>
                                                      0.000     0.000 r  clock
                         net (fo=77, unset)           0.410     0.410    clock
    SLICE_X32Y65         FDRE                                         r  sA_tempExp_reg[1]/C
  -------------------------------------------------------------------    -------------------
    SLICE_X32Y65         FDRE (Prop_fdre_C_Q)         0.164     0.574 r  sA_tempExp_reg[1]/Q
                         net (fo=7, routed)           0.085     0.660    sA_tempExp[1]
    SLICE_X33Y65         LUT6 (Prop_lut6_I1_O)        0.045     0.705 r  sB_tempExp2[4]_i_1/O
                         net (fo=1, routed)           0.000     0.705    sB_tempExp20[4]
    SLICE_X33Y65         FDRE                                         r  sB_tempExp2_reg[4]/D
  -------------------------------------------------------------------    -------------------

                         (clock sys_clk rise edge)    0.000     0.000 r  <hidden>
                                                      0.000     0.000 r  clock
                         net (fo=77, unset)           0.432     0.432    clock
    SLICE_X33Y65         FDRE                                         r  sB_tempExp2_reg[4]/C
                         clock pessimism              0.000     0.432    <hidden>
    SLICE_X33Y65         FDRE (Hold_fdre_C_D)         0.091     0.523    sB_tempExp2_reg[4]
  -------------------------------------------------------------------
                         required time                         -0.523    <hidden>
                         arrival time                           0.705    <hidden>
  -------------------------------------------------------------------
                         slack                                  0.182    <hidden>

Slack (MET) :             0.188ns  (arrival time - required time)
  Source:                 sA_tempExp_r_reg[4]/C
                            (rising edge-triggered cell FDRE clocked by sys_clk  {rise@0.000ns fall@2.500ns period=5.000ns})
  Destination:            sA_tempExp_r_1_reg[4]/D
                            (rising edge-triggered cell FDRE clocked by sys_clk  {rise@0.000ns fall@2.500ns period=5.000ns})
  Path Group:             sys_clk
  Path Type:              Hold (Min at Fast Process Corner)
  Requirement:            0.000ns  (sys_clk rise@0.000ns - sys_clk rise@0.000ns)
  Data Path Delay:        0.276ns  (logic 0.164ns (59.419%)  route 0.112ns (40.581%))
  Logic Levels:           0  
  Clock Path Skew:        0.022ns (DCD - SCD - CPR)
    Destination Clock Delay (DCD):    0.432ns
    Source Clock Delay      (SCD):    0.410ns
    Clock Pessimism Removal (CPR):    -0.000ns

    Location             Delay type                Incr(ns)  Path(ns)    Netlist Resource(s)
  -------------------------------------------------------------------    -------------------
                         (clock sys_clk rise edge)    0.000     0.000 r  <hidden>
                                                      0.000     0.000 r  clock
                         net (fo=77, unset)           0.410     0.410    clock
    SLICE_X32Y68         FDRE                                         r  sA_tempExp_r_reg[4]/C
  -------------------------------------------------------------------    -------------------
    SLICE_X32Y68         FDRE (Prop_fdre_C_Q)         0.164     0.574 r  sA_tempExp_r_reg[4]/Q
                         net (fo=1, routed)           0.112     0.686    sA_tempExp_r[4]
    SLICE_X33Y67         FDRE                                         r  sA_tempExp_r_1_reg[4]/D
  -------------------------------------------------------------------    -------------------

                         (clock sys_clk rise edge)    0.000     0.000 r  <hidden>
                                                      0.000     0.000 r  clock
                         net (fo=77, unset)           0.432     0.432    clock
    SLICE_X33Y67         FDRE                                         r  sA_tempExp_r_1_reg[4]/C
                         clock pessimism              0.000     0.432    <hidden>
    SLICE_X33Y67         FDRE (Hold_fdre_C_D)         0.066     0.498    sA_tempExp_r_1_reg[4]
  -------------------------------------------------------------------
                         required time                         -0.498    <hidden>
                         arrival time                           0.686    <hidden>
  -------------------------------------------------------------------
                         slack                                  0.188    <hidden>

Slack (MET) :             0.189ns  (arrival time - required time)
  Source:                 sA_tempExp_r_1_reg[1]/C
                            (rising edge-triggered cell FDRE clocked by sys_clk  {rise@0.000ns fall@2.500ns period=5.000ns})
  Destination:            sA_tempExp_reg[1]/D
                            (rising edge-triggered cell FDRE clocked by sys_clk  {rise@0.000ns fall@2.500ns period=5.000ns})
  Path Group:             sys_clk
  Path Type:              Hold (Min at Fast Process Corner)
  Requirement:            0.000ns  (sys_clk rise@0.000ns - sys_clk rise@0.000ns)
  Data Path Delay:        0.274ns  (logic 0.164ns (59.853%)  route 0.110ns (40.147%))
  Logic Levels:           0  
  Clock Path Skew:        0.022ns (DCD - SCD - CPR)
    Destination Clock Delay (DCD):    0.432ns
    Source Clock Delay      (SCD):    0.410ns
    Clock Pessimism Removal (CPR):    -0.000ns

    Location             Delay type                Incr(ns)  Path(ns)    Netlist Resource(s)
  -------------------------------------------------------------------    -------------------
                         (clock sys_clk rise edge)    0.000     0.000 r  <hidden>
                                                      0.000     0.000 r  clock
                         net (fo=77, unset)           0.410     0.410    clock
    SLICE_X32Y65         FDRE                                         r  sA_tempExp_r_1_reg[1]/C
  -------------------------------------------------------------------    -------------------
    SLICE_X32Y65         FDRE (Prop_fdre_C_Q)         0.164     0.574 r  sA_tempExp_r_1_reg[1]/Q
                         net (fo=1, routed)           0.110     0.684    sA_tempExp_r_1[1]
    SLICE_X32Y65         FDRE                                         r  sA_tempExp_reg[1]/D
  -------------------------------------------------------------------    -------------------

                         (clock sys_clk rise edge)    0.000     0.000 r  <hidden>
                                                      0.000     0.000 r  clock
                         net (fo=77, unset)           0.432     0.432    clock
    SLICE_X32Y65         FDRE                                         r  sA_tempExp_reg[1]/C
                         clock pessimism              0.000     0.432    <hidden>
    SLICE_X32Y65         FDRE (Hold_fdre_C_D)         0.063     0.495    sA_tempExp_reg[1]
  -------------------------------------------------------------------
                         required time                         -0.495    <hidden>
                         arrival time                           0.684    <hidden>
  -------------------------------------------------------------------
                         slack                                  0.189    <hidden>

Slack (MET) :             0.193ns  (arrival time - required time)
  Source:                 sA_tempExp_reg[5]/C
                            (rising edge-triggered cell FDRE clocked by sys_clk  {rise@0.000ns fall@2.500ns period=5.000ns})
  Destination:            sB_tempExp2_reg[5]/D
                            (rising edge-triggered cell FDRE clocked by sys_clk  {rise@0.000ns fall@2.500ns period=5.000ns})
  Path Group:             sys_clk
  Path Type:              Hold (Min at Fast Process Corner)
  Requirement:            0.000ns  (sys_clk rise@0.000ns - sys_clk rise@0.000ns)
  Data Path Delay:        0.335ns  (logic 0.186ns (55.442%)  route 0.149ns (44.558%))
  Logic Levels:           1  (LUT6=1)
  Clock Path Skew:        0.022ns (DCD - SCD - CPR)
    Destination Clock Delay (DCD):    0.432ns
    Source Clock Delay      (SCD):    0.410ns
    Clock Pessimism Removal (CPR):    -0.000ns

    Location             Delay type                Incr(ns)  Path(ns)    Netlist Resource(s)
  -------------------------------------------------------------------    -------------------
                         (clock sys_clk rise edge)    0.000     0.000 r  <hidden>
                                                      0.000     0.000 r  clock
                         net (fo=77, unset)           0.410     0.410    clock
    SLICE_X33Y67         FDRE                                         r  sA_tempExp_reg[5]/C
  -------------------------------------------------------------------    -------------------
    SLICE_X33Y67         FDRE (Prop_fdre_C_Q)         0.141     0.551 r  sA_tempExp_reg[5]/Q
                         net (fo=7, routed)           0.149     0.701    sA_tempExp[5]
    SLICE_X32Y65         LUT6 (Prop_lut6_I5_O)        0.045     0.746 r  sB_tempExp2[5]_i_1/O
                         net (fo=1, routed)           0.000     0.746    sB_tempExp20[5]
    SLICE_X32Y65         FDRE                                         r  sB_tempExp2_reg[5]/D
  -------------------------------------------------------------------    -------------------

                         (clock sys_clk rise edge)    0.000     0.000 r  <hidden>
                                                      0.000     0.000 r  clock
                         net (fo=77, unset)           0.432     0.432    clock
    SLICE_X32Y65         FDRE                                         r  sB_tempExp2_reg[5]/C
                         clock pessimism              0.000     0.432    <hidden>
    SLICE_X32Y65         FDRE (Hold_fdre_C_D)         0.121     0.553    sB_tempExp2_reg[5]
  -------------------------------------------------------------------
                         required time                         -0.553    <hidden>
                         arrival time                           0.746    <hidden>
  -------------------------------------------------------------------
                         slack                                  0.193    <hidden>

Slack (MET) :             0.203ns  (arrival time - required time)
  Source:                 sA_tempExp_reg[7]/C
                            (rising edge-triggered cell FDRE clocked by sys_clk  {rise@0.000ns fall@2.500ns period=5.000ns})
  Destination:            sB_tempExp2_reg[8]/D
                            (rising edge-triggered cell FDRE clocked by sys_clk  {rise@0.000ns fall@2.500ns period=5.000ns})
  Path Group:             sys_clk
  Path Type:              Hold (Min at Fast Process Corner)
  Requirement:            0.000ns  (sys_clk rise@0.000ns - sys_clk rise@0.000ns)
  Data Path Delay:        0.332ns  (logic 0.232ns (69.921%)  route 0.100ns (30.079%))
  Logic Levels:           1  (LUT5=1)
  Clock Path Skew:        0.022ns (DCD - SCD - CPR)
    Destination Clock Delay (DCD):    0.432ns
    Source Clock Delay      (SCD):    0.410ns
    Clock Pessimism Removal (CPR):    -0.000ns

    Location             Delay type                Incr(ns)  Path(ns)    Netlist Resource(s)
  -------------------------------------------------------------------    -------------------
                         (clock sys_clk rise edge)    0.000     0.000 r  <hidden>
                                                      0.000     0.000 r  clock
                         net (fo=77, unset)           0.410     0.410    clock
    SLICE_X33Y64         FDRE                                         r  sA_tempExp_reg[7]/C
  -------------------------------------------------------------------    -------------------
    SLICE_X33Y64         FDRE (Prop_fdre_C_Q)         0.128     0.538 r  sA_tempExp_reg[7]/Q
                         net (fo=5, routed)           0.100     0.638    sA_tempExp[7]
    SLICE_X33Y64         LUT5 (Prop_lut5_I0_O)        0.104     0.742 r  sB_tempExp2[8]_i_1/O
                         net (fo=1, routed)           0.000     0.742    sB_tempExp20[8]
    SLICE_X33Y64         FDRE                                         r  sB_tempExp2_reg[8]/D
  -------------------------------------------------------------------    -------------------

                         (clock sys_clk rise edge)    0.000     0.000 r  <hidden>
                                                      0.000     0.000 r  clock
                         net (fo=77, unset)           0.432     0.432    clock
    SLICE_X33Y64         FDRE                                         r  sB_tempExp2_reg[8]/C
                         clock pessimism              0.000     0.432    <hidden>
    SLICE_X33Y64         FDRE (Hold_fdre_C_D)         0.107     0.539    sB_tempExp2_reg[8]
  -------------------------------------------------------------------
                         required time                         -0.539    <hidden>
                         arrival time                           0.742    <hidden>
  -------------------------------------------------------------------
                         slack                                  0.203    <hidden>

Slack (MET) :             0.209ns  (arrival time - required time)
  Source:                 sA_tempExp_r_1_reg[7]/C
                            (rising edge-triggered cell FDRE clocked by sys_clk  {rise@0.000ns fall@2.500ns period=5.000ns})
  Destination:            sA_tempExp_reg[7]/D
                            (rising edge-triggered cell FDRE clocked by sys_clk  {rise@0.000ns fall@2.500ns period=5.000ns})
  Path Group:             sys_clk
  Path Type:              Hold (Min at Fast Process Corner)
  Requirement:            0.000ns  (sys_clk rise@0.000ns - sys_clk rise@0.000ns)
  Data Path Delay:        0.247ns  (logic 0.128ns (51.736%)  route 0.119ns (48.264%))
  Logic Levels:           0  
  Clock Path Skew:        0.022ns (DCD - SCD - CPR)
    Destination Clock Delay (DCD):    0.432ns
    Source Clock Delay      (SCD):    0.410ns
    Clock Pessimism Removal (CPR):    -0.000ns

    Location             Delay type                Incr(ns)  Path(ns)    Netlist Resource(s)
  -------------------------------------------------------------------    -------------------
                         (clock sys_clk rise edge)    0.000     0.000 r  <hidden>
                                                      0.000     0.000 r  clock
                         net (fo=77, unset)           0.410     0.410    clock
    SLICE_X33Y64         FDRE                                         r  sA_tempExp_r_1_reg[7]/C
  -------------------------------------------------------------------    -------------------
    SLICE_X33Y64         FDRE (Prop_fdre_C_Q)         0.128     0.538 r  sA_tempExp_r_1_reg[7]/Q
                         net (fo=1, routed)           0.119     0.658    sA_tempExp_r_1[7]
    SLICE_X33Y64         FDRE                                         r  sA_tempExp_reg[7]/D
  -------------------------------------------------------------------    -------------------

                         (clock sys_clk rise edge)    0.000     0.000 r  <hidden>
                                                      0.000     0.000 r  clock
                         net (fo=77, unset)           0.432     0.432    clock
    SLICE_X33Y64         FDRE                                         r  sA_tempExp_reg[7]/C
                         clock pessimism              0.000     0.432    <hidden>
    SLICE_X33Y64         FDRE (Hold_fdre_C_D)         0.017     0.449    sA_tempExp_reg[7]
  -------------------------------------------------------------------
                         required time                         -0.449    <hidden>
                         arrival time                           0.658    <hidden>
  -------------------------------------------------------------------
                         slack                                  0.209    <hidden>





Pulse Width Checks
--------------------------------------------------------------------------------------
Clock Name:         sys_clk
Waveform(ns):       { 0.000 2.500 }
Period(ns):         5.000
Sources:            { clock }

Check Type        Corner  Lib Pin      Reference Pin  Required(ns)  Actual(ns)  Slack(ns)  Location      Pin
Min Period        n/a     DSP48E1/CLK  n/a            2.154         5.000       2.846      DSP48_X2Y24   sA_tempSig_reg/CLK
Min Period        n/a     FDRE/C       n/a            1.000         5.000       4.000      SLICE_X35Y65  outReg_reg[0]/C
Min Period        n/a     FDSE/C       n/a            1.000         5.000       4.000      SLICE_X34Y63  outReg_reg[10]/C
Min Period        n/a     FDSE/C       n/a            1.000         5.000       4.000      SLICE_X34Y63  outReg_reg[11]/C
Min Period        n/a     FDSE/C       n/a            1.000         5.000       4.000      SLICE_X34Y63  outReg_reg[12]/C
Min Period        n/a     FDSE/C       n/a            1.000         5.000       4.000      SLICE_X34Y64  outReg_reg[13]/C
Min Period        n/a     FDSE/C       n/a            1.000         5.000       4.000      SLICE_X34Y64  outReg_reg[14]/C
Min Period        n/a     FDRE/C       n/a            1.000         5.000       4.000      SLICE_X35Y62  outReg_reg[15]/C
Min Period        n/a     FDRE/C       n/a            1.000         5.000       4.000      SLICE_X35Y65  outReg_reg[1]/C
Min Period        n/a     FDRE/C       n/a            1.000         5.000       4.000      SLICE_X35Y65  outReg_reg[2]/C
Low Pulse Width   Slow    SRL16E/CLK   n/a            0.980         2.500       1.520      SLICE_X26Y64  sA_infInput_r_1_reg_srl2/CLK
Low Pulse Width   Fast    SRL16E/CLK   n/a            0.980         2.500       1.520      SLICE_X26Y64  sA_infInput_r_1_reg_srl2/CLK
Low Pulse Width   Slow    SRL16E/CLK   n/a            0.980         2.500       1.520      SLICE_X26Y64  sA_isNaN_r_1_reg_srl2/CLK
Low Pulse Width   Fast    SRL16E/CLK   n/a            0.980         2.500       1.520      SLICE_X26Y64  sA_isNaN_r_1_reg_srl2/CLK
Low Pulse Width   Slow    SRL16E/CLK   n/a            0.980         2.500       1.520      SLICE_X34Y61  sA_sign_reg_srl3/CLK
Low Pulse Width   Fast    SRL16E/CLK   n/a            0.980         2.500       1.520      SLICE_X34Y61  sA_sign_reg_srl3/CLK
Low Pulse Width   Slow    SRL16E/CLK   n/a            0.980         2.500       1.520      SLICE_X26Y64  sA_zeroInput_r_1_reg_srl2/CLK
Low Pulse Width   Fast    SRL16E/CLK   n/a            0.980         2.500       1.520      SLICE_X26Y64  sA_zeroInput_r_1_reg_srl2/CLK
Low Pulse Width   Slow    FDRE/C       n/a            0.500         2.500       2.000      SLICE_X35Y65  outReg_reg[0]/C
Low Pulse Width   Fast    FDRE/C       n/a            0.500         2.500       2.000      SLICE_X35Y65  outReg_reg[0]/C
High Pulse Width  Slow    SRL16E/CLK   n/a            0.980         2.500       1.520      SLICE_X26Y64  sA_infInput_r_1_reg_srl2/CLK
High Pulse Width  Fast    SRL16E/CLK   n/a            0.980         2.500       1.520      SLICE_X26Y64  sA_infInput_r_1_reg_srl2/CLK
High Pulse Width  Slow    SRL16E/CLK   n/a            0.980         2.500       1.520      SLICE_X26Y64  sA_isNaN_r_1_reg_srl2/CLK
High Pulse Width  Fast    SRL16E/CLK   n/a            0.980         2.500       1.520      SLICE_X26Y64  sA_isNaN_r_1_reg_srl2/CLK
High Pulse Width  Slow    SRL16E/CLK   n/a            0.980         2.500       1.520      SLICE_X34Y61  sA_sign_reg_srl3/CLK
High Pulse Width  Fast    SRL16E/CLK   n/a            0.980         2.500       1.520      SLICE_X34Y61  sA_sign_reg_srl3/CLK
High Pulse Width  Slow    SRL16E/CLK   n/a            0.980         2.500       1.520      SLICE_X26Y64  sA_zeroInput_r_1_reg_srl2/CLK
High Pulse Width  Fast    SRL16E/CLK   n/a            0.980         2.500       1.520      SLICE_X26Y64  sA_zeroInput_r_1_reg_srl2/CLK
High Pulse Width  Slow    FDRE/C       n/a            0.500         2.500       2.000      SLICE_X35Y65  outReg_reg[0]/C
High Pulse Width  Fast    FDRE/C       n/a            0.500         2.500       2.000      SLICE_X35Y65  outReg_reg[0]/C



