Copyright 1986-2022 Xilinx, Inc. All Rights Reserved. Copyright 2022-2026 Advanced Micro Devices, Inc. All Rights Reserved.
---------------------------------------------------------------------------------------------------------------------------------------------
| Tool Version : Vivado v.2026.1 (lin64) Build 6511674 Tue Jun 16 11:01:26 MDT 2026
| Date         : Sun Sep 13 16:59:32 2026
| Host         : Nix-Los running 64-bit unknown
| Command      : report_timing_summary -max_paths 10 -file ./reports_fp16_d3_run01/timing_summary.rpt
| Design       : FPMul
| Device       : 7z020-clg400
| Speed File   : -1  PRODUCTION 1.12 2019-11-22
| Design State : Routed
---------------------------------------------------------------------------------------------------------------------------------------------

Timing Summary Report

------------------------------------------------------------------------------------------------
| Timer Settings
| --------------
------------------------------------------------------------------------------------------------

  Enable Multi Corner Analysis               :  Yes
  Enable Pessimism Removal                   :  Yes
  Pessimism Removal Resolution               :  Nearest Common Node
  Enable Input Delay Default Clock           :  No
  Enable Preset / Clear Arcs                 :  No
  Disable Flight Delays                      :  No
  Ignore I/O Paths                           :  No
  Timing Early Launch at Borrowing Latches   :  No
  Borrow Time for Max Delay Exceptions       :  Yes
  Merge Timing Exceptions                    :  Yes
  Inter-SLR Compensation                     :  Conservative

  Corner  Analyze    Analyze    
  Name    Max Paths  Min Paths  
  ------  ---------  ---------  
  Slow    Yes        Yes        
  Fast    Yes        Yes        


------------------------------------------------------------------------------------------------
| Report Methodology
| ------------------
------------------------------------------------------------------------------------------------

No report available as report_methodology has not been run prior. Run report_methodology on the current design for the summary of methodology violations.



check_timing report

Table of Contents
-----------------
1. checking no_clock (0)
2. checking constant_clock (0)
3. checking pulse_width_clock (0)
4. checking unconstrained_internal_endpoints (0)
5. checking no_input_delay (32)
6. checking no_output_delay (16)
7. checking multiple_clock (0)
8. checking generated_clocks (0)
9. checking loops (0)
10. checking partial_input_delay (0)
11. checking partial_output_delay (0)
12. checking latch_loops (0)

1. checking no_clock (0)
------------------------
 There are 0 register/latch pins with no clock.


2. checking constant_clock (0)
------------------------------
 There are 0 register/latch pins with constant_clock.


3. checking pulse_width_clock (0)
---------------------------------
 There are 0 register/latch pins which need pulse_width check


4. checking unconstrained_internal_endpoints (0)
------------------------------------------------
 There are 0 pins that are not constrained for maximum delay.

 There are 0 pins that are not constrained for maximum delay due to constant clock.


5. checking no_input_delay (32)
-------------------------------
 There are 32 input ports with no input delay specified. (HIGH)

 There are 0 input ports with no input delay but user has a false path constraint.


6. checking no_output_delay (16)
--------------------------------
 There are 16 ports with no output delay specified. (HIGH)

 There are 0 ports with no output delay but user has a false path constraint

 There are 0 ports with no output delay but with a timing clock defined on it or propagating through it


7. checking multiple_clock (0)
------------------------------
 There are 0 register/latch pins with multiple clocks.


8. checking generated_clocks (0)
--------------------------------
 There are 0 generated clocks that are not connected to a clock source.


9. checking loops (0)
---------------------
 There are 0 combinational loops in the design.


10. checking partial_input_delay (0)
------------------------------------
 There are 0 input ports with partial input delay specified.


11. checking partial_output_delay (0)
-------------------------------------
 There are 0 ports with partial output delay specified.


12. checking latch_loops (0)
----------------------------
 There are 0 combinational latch loops in the design through latch input



------------------------------------------------------------------------------------------------
| Design Timing Summary
| ---------------------
------------------------------------------------------------------------------------------------

    WNS(ns)      TNS(ns)  TNS Failing Endpoints  TNS Total Endpoints      WHS(ns)      THS(ns)  THS Failing Endpoints  THS Total Endpoints     WPWS(ns)     TPWS(ns)  TPWS Failing Endpoints  TPWS Total Endpoints  
    -------      -------  ---------------------  -------------------      -------      -------  ---------------------  -------------------     --------     --------  ----------------------  --------------------  
      0.582        0.000                      0                   64        0.159        0.000                      0                   64        1.520        0.000                       0                    62  


All user specified timing constraints are met.


------------------------------------------------------------------------------------------------
| Clock Summary
| -------------
------------------------------------------------------------------------------------------------

Clock    Waveform(ns)         Period(ns)      Frequency(MHz)
-----    ------------         ----------      --------------
sys_clk  {0.000 2.500}        5.000           200.000         


------------------------------------------------------------------------------------------------
| Intra Clock Table
| -----------------
------------------------------------------------------------------------------------------------

Clock             WNS(ns)      TNS(ns)  TNS Failing Endpoints  TNS Total Endpoints      WHS(ns)      THS(ns)  THS Failing Endpoints  THS Total Endpoints     WPWS(ns)     TPWS(ns)  TPWS Failing Endpoints  TPWS Total Endpoints  
-----             -------      -------  ---------------------  -------------------      -------      -------  ---------------------  -------------------     --------     --------  ----------------------  --------------------  
sys_clk             0.582        0.000                      0                   64        0.159        0.000                      0                   64        1.520        0.000                       0                    62  


------------------------------------------------------------------------------------------------
| Inter Clock Table
| -----------------
------------------------------------------------------------------------------------------------

From Clock    To Clock          WNS(ns)      TNS(ns)  TNS Failing Endpoints  TNS Total Endpoints      WHS(ns)      THS(ns)  THS Failing Endpoints  THS Total Endpoints  
----------    --------          -------      -------  ---------------------  -------------------      -------      -------  ---------------------  -------------------  


------------------------------------------------------------------------------------------------
| Other Path Groups Table
| -----------------------
------------------------------------------------------------------------------------------------

Path Group    From Clock    To Clock          WNS(ns)      TNS(ns)  TNS Failing Endpoints  TNS Total Endpoints      WHS(ns)      THS(ns)  THS Failing Endpoints  THS Total Endpoints  
----------    ----------    --------          -------      -------  ---------------------  -------------------      -------      -------  ---------------------  -------------------  


------------------------------------------------------------------------------------------------
| Timing Details
| --------------
------------------------------------------------------------------------------------------------


---------------------------------------------------------------------------------------------------
From Clock:  sys_clk
  To Clock:  sys_clk

Setup :            0  Failing Endpoints,  Worst Slack        0.582ns,  Total Violation        0.000ns
Hold  :            0  Failing Endpoints,  Worst Slack        0.159ns,  Total Violation        0.000ns
PW    :            0  Failing Endpoints,  Worst Slack        1.520ns,  Total Violation        0.000ns
---------------------------------------------------------------------------------------------------


Max Delay Paths
--------------------------------------------------------------------------------------
Slack (MET) :             0.582ns  (required time - arrival time)
  Source:                 sB_sig_reg[4]/C
                            (rising edge-triggered cell FDRE clocked by sys_clk  {rise@0.000ns fall@2.500ns period=5.000ns})
  Destination:            outReg_reg[1]/R
                            (rising edge-triggered cell FDRE clocked by sys_clk  {rise@0.000ns fall@2.500ns period=5.000ns})
  Path Group:             sys_clk
  Path Type:              Setup (Max at Slow Process Corner)
  Requirement:            5.000ns  (sys_clk rise@5.000ns - sys_clk rise@0.000ns)
  Data Path Delay:        3.810ns  (logic 1.379ns (36.194%)  route 2.431ns (63.806%))
  Logic Levels:           4  (LUT3=1 LUT4=1 LUT5=1 LUT6=1)
  Clock Path Skew:        -0.049ns (DCD - SCD + CPR)
    Destination Clock Delay (DCD):    0.924ns = ( 5.924 - 5.000 ) 
    Source Clock Delay      (SCD):    0.973ns
    Clock Pessimism Removal (CPR):    0.000ns
  Clock Uncertainty:      0.035ns  ((TSJ^2 + TIJ^2)^1/2 + DJ) / 2 + PE
    Total System Jitter     (TSJ):    0.071ns
    Total Input Jitter      (TIJ):    0.000ns
    Discrete Jitter          (DJ):    0.000ns
    Phase Error              (PE):    0.000ns

    Location             Delay type                Incr(ns)  Path(ns)    Netlist Resource(s)
  -------------------------------------------------------------------    -------------------
                         (clock sys_clk rise edge)    0.000     0.000 r  <hidden>
                                                      0.000     0.000 r  clock
                         net (fo=61, unset)           0.973     0.973    clock
    SLICE_X38Y73         FDRE                                         r  sB_sig_reg[4]/C
  -------------------------------------------------------------------    -------------------
    SLICE_X38Y73         FDRE (Prop_fdre_C_Q)         0.478     1.451 r  sB_sig_reg[4]/Q
                         net (fo=7, routed)           0.642     2.093    sB_sig_reg_n_0_[4]
    SLICE_X39Y73         LUT4 (Prop_lut4_I0_O)        0.301     2.394 f  outReg[14]_i_7/O
                         net (fo=1, routed)           0.403     2.797    outReg[14]_i_7_n_0
    SLICE_X39Y71         LUT6 (Prop_lut6_I1_O)        0.124     2.921 r  outReg[14]_i_4/O
                         net (fo=6, routed)           0.599     3.520    p_0_in3_out
    SLICE_X39Y71         LUT5 (Prop_lut5_I1_O)        0.150     3.670 r  outReg[9]_i_2/O
                         net (fo=2, routed)           0.303     3.973    p_1_in
    SLICE_X39Y72         LUT3 (Prop_lut3_I2_O)        0.326     4.299 r  outReg[8]_i_1/O
                         net (fo=9, routed)           0.484     4.783    outReg[8]_i_1_n_0
    SLICE_X36Y73         FDRE                                         r  outReg_reg[1]/R
  -------------------------------------------------------------------    -------------------

                         (clock sys_clk rise edge)    5.000     5.000 r  <hidden>
                                                      0.000     5.000 r  clock
                         net (fo=61, unset)           0.924     5.924    clock
    SLICE_X36Y73         FDRE                                         r  outReg_reg[1]/C
                         clock pessimism              0.000     5.924    <hidden>
                         clock uncertainty           -0.035     5.889    <hidden>
    SLICE_X36Y73         FDRE (Setup_fdre_C_R)       -0.524     5.365    outReg_reg[1]
  -------------------------------------------------------------------
                         required time                          5.365    <hidden>
                         arrival time                          -4.783    <hidden>
  -------------------------------------------------------------------
                         slack                                  0.582    <hidden>

Slack (MET) :             0.582ns  (required time - arrival time)
  Source:                 sB_sig_reg[4]/C
                            (rising edge-triggered cell FDRE clocked by sys_clk  {rise@0.000ns fall@2.500ns period=5.000ns})
  Destination:            outReg_reg[2]/R
                            (rising edge-triggered cell FDRE clocked by sys_clk  {rise@0.000ns fall@2.500ns period=5.000ns})
  Path Group:             sys_clk
  Path Type:              Setup (Max at Slow Process Corner)
  Requirement:            5.000ns  (sys_clk rise@5.000ns - sys_clk rise@0.000ns)
  Data Path Delay:        3.810ns  (logic 1.379ns (36.194%)  route 2.431ns (63.806%))
  Logic Levels:           4  (LUT3=1 LUT4=1 LUT5=1 LUT6=1)
  Clock Path Skew:        -0.049ns (DCD - SCD + CPR)
    Destination Clock Delay (DCD):    0.924ns = ( 5.924 - 5.000 ) 
    Source Clock Delay      (SCD):    0.973ns
    Clock Pessimism Removal (CPR):    0.000ns
  Clock Uncertainty:      0.035ns  ((TSJ^2 + TIJ^2)^1/2 + DJ) / 2 + PE
    Total System Jitter     (TSJ):    0.071ns
    Total Input Jitter      (TIJ):    0.000ns
    Discrete Jitter          (DJ):    0.000ns
    Phase Error              (PE):    0.000ns

    Location             Delay type                Incr(ns)  Path(ns)    Netlist Resource(s)
  -------------------------------------------------------------------    -------------------
                         (clock sys_clk rise edge)    0.000     0.000 r  <hidden>
                                                      0.000     0.000 r  clock
                         net (fo=61, unset)           0.973     0.973    clock
    SLICE_X38Y73         FDRE                                         r  sB_sig_reg[4]/C
  -------------------------------------------------------------------    -------------------
    SLICE_X38Y73         FDRE (Prop_fdre_C_Q)         0.478     1.451 r  sB_sig_reg[4]/Q
                         net (fo=7, routed)           0.642     2.093    sB_sig_reg_n_0_[4]
    SLICE_X39Y73         LUT4 (Prop_lut4_I0_O)        0.301     2.394 f  outReg[14]_i_7/O
                         net (fo=1, routed)           0.403     2.797    outReg[14]_i_7_n_0
    SLICE_X39Y71         LUT6 (Prop_lut6_I1_O)        0.124     2.921 r  outReg[14]_i_4/O
                         net (fo=6, routed)           0.599     3.520    p_0_in3_out
    SLICE_X39Y71         LUT5 (Prop_lut5_I1_O)        0.150     3.670 r  outReg[9]_i_2/O
                         net (fo=2, routed)           0.303     3.973    p_1_in
    SLICE_X39Y72         LUT3 (Prop_lut3_I2_O)        0.326     4.299 r  outReg[8]_i_1/O
                         net (fo=9, routed)           0.484     4.783    outReg[8]_i_1_n_0
    SLICE_X36Y73         FDRE                                         r  outReg_reg[2]/R
  -------------------------------------------------------------------    -------------------

                         (clock sys_clk rise edge)    5.000     5.000 r  <hidden>
                                                      0.000     5.000 r  clock
                         net (fo=61, unset)           0.924     5.924    clock
    SLICE_X36Y73         FDRE                                         r  outReg_reg[2]/C
                         clock pessimism              0.000     5.924    <hidden>
                         clock uncertainty           -0.035     5.889    <hidden>
    SLICE_X36Y73         FDRE (Setup_fdre_C_R)       -0.524     5.365    outReg_reg[2]
  -------------------------------------------------------------------
                         required time                          5.365    <hidden>
                         arrival time                          -4.783    <hidden>
  -------------------------------------------------------------------
                         slack                                  0.582    <hidden>

Slack (MET) :             0.809ns  (required time - arrival time)
  Source:                 sB_sig_reg[4]/C
                            (rising edge-triggered cell FDRE clocked by sys_clk  {rise@0.000ns fall@2.500ns period=5.000ns})
  Destination:            outReg_reg[0]/R
                            (rising edge-triggered cell FDRE clocked by sys_clk  {rise@0.000ns fall@2.500ns period=5.000ns})
  Path Group:             sys_clk
  Path Type:              Setup (Max at Slow Process Corner)
  Requirement:            5.000ns  (sys_clk rise@5.000ns - sys_clk rise@0.000ns)
  Data Path Delay:        3.678ns  (logic 1.379ns (37.492%)  route 2.299ns (62.508%))
  Logic Levels:           4  (LUT3=1 LUT4=1 LUT5=1 LUT6=1)
  Clock Path Skew:        -0.049ns (DCD - SCD + CPR)
    Destination Clock Delay (DCD):    0.924ns = ( 5.924 - 5.000 ) 
    Source Clock Delay      (SCD):    0.973ns
    Clock Pessimism Removal (CPR):    0.000ns
  Clock Uncertainty:      0.035ns  ((TSJ^2 + TIJ^2)^1/2 + DJ) / 2 + PE
    Total System Jitter     (TSJ):    0.071ns
    Total Input Jitter      (TIJ):    0.000ns
    Discrete Jitter          (DJ):    0.000ns
    Phase Error              (PE):    0.000ns

    Location             Delay type                Incr(ns)  Path(ns)    Netlist Resource(s)
  -------------------------------------------------------------------    -------------------
                         (clock sys_clk rise edge)    0.000     0.000 r  <hidden>
                                                      0.000     0.000 r  clock
                         net (fo=61, unset)           0.973     0.973    clock
    SLICE_X38Y73         FDRE                                         r  sB_sig_reg[4]/C
  -------------------------------------------------------------------    -------------------
    SLICE_X38Y73         FDRE (Prop_fdre_C_Q)         0.478     1.451 r  sB_sig_reg[4]/Q
                         net (fo=7, routed)           0.642     2.093    sB_sig_reg_n_0_[4]
    SLICE_X39Y73         LUT4 (Prop_lut4_I0_O)        0.301     2.394 f  outReg[14]_i_7/O
                         net (fo=1, routed)           0.403     2.797    outReg[14]_i_7_n_0
    SLICE_X39Y71         LUT6 (Prop_lut6_I1_O)        0.124     2.921 r  outReg[14]_i_4/O
                         net (fo=6, routed)           0.599     3.520    p_0_in3_out
    SLICE_X39Y71         LUT5 (Prop_lut5_I1_O)        0.150     3.670 r  outReg[9]_i_2/O
                         net (fo=2, routed)           0.303     3.973    p_1_in
    SLICE_X39Y72         LUT3 (Prop_lut3_I2_O)        0.326     4.299 r  outReg[8]_i_1/O
                         net (fo=9, routed)           0.352     4.651    outReg[8]_i_1_n_0
    SLICE_X39Y73         FDRE                                         r  outReg_reg[0]/R
  -------------------------------------------------------------------    -------------------

                         (clock sys_clk rise edge)    5.000     5.000 r  <hidden>
                                                      0.000     5.000 r  clock
                         net (fo=61, unset)           0.924     5.924    clock
    SLICE_X39Y73         FDRE                                         r  outReg_reg[0]/C
                         clock pessimism              0.000     5.924    <hidden>
                         clock uncertainty           -0.035     5.889    <hidden>
    SLICE_X39Y73         FDRE (Setup_fdre_C_R)       -0.429     5.460    outReg_reg[0]
  -------------------------------------------------------------------
                         required time                          5.460    <hidden>
                         arrival time                          -4.651    <hidden>
  -------------------------------------------------------------------
                         slack                                  0.809    <hidden>

Slack (MET) :             0.809ns  (required time - arrival time)
  Source:                 sB_sig_reg[4]/C
                            (rising edge-triggered cell FDRE clocked by sys_clk  {rise@0.000ns fall@2.500ns period=5.000ns})
  Destination:            outReg_reg[3]/R
                            (rising edge-triggered cell FDRE clocked by sys_clk  {rise@0.000ns fall@2.500ns period=5.000ns})
  Path Group:             sys_clk
  Path Type:              Setup (Max at Slow Process Corner)
  Requirement:            5.000ns  (sys_clk rise@5.000ns - sys_clk rise@0.000ns)
  Data Path Delay:        3.678ns  (logic 1.379ns (37.492%)  route 2.299ns (62.508%))
  Logic Levels:           4  (LUT3=1 LUT4=1 LUT5=1 LUT6=1)
  Clock Path Skew:        -0.049ns (DCD - SCD + CPR)
    Destination Clock Delay (DCD):    0.924ns = ( 5.924 - 5.000 ) 
    Source Clock Delay      (SCD):    0.973ns
    Clock Pessimism Removal (CPR):    0.000ns
  Clock Uncertainty:      0.035ns  ((TSJ^2 + TIJ^2)^1/2 + DJ) / 2 + PE
    Total System Jitter     (TSJ):    0.071ns
    Total Input Jitter      (TIJ):    0.000ns
    Discrete Jitter          (DJ):    0.000ns
    Phase Error              (PE):    0.000ns

    Location             Delay type                Incr(ns)  Path(ns)    Netlist Resource(s)
  -------------------------------------------------------------------    -------------------
                         (clock sys_clk rise edge)    0.000     0.000 r  <hidden>
                                                      0.000     0.000 r  clock
                         net (fo=61, unset)           0.973     0.973    clock
    SLICE_X38Y73         FDRE                                         r  sB_sig_reg[4]/C
  -------------------------------------------------------------------    -------------------
    SLICE_X38Y73         FDRE (Prop_fdre_C_Q)         0.478     1.451 r  sB_sig_reg[4]/Q
                         net (fo=7, routed)           0.642     2.093    sB_sig_reg_n_0_[4]
    SLICE_X39Y73         LUT4 (Prop_lut4_I0_O)        0.301     2.394 f  outReg[14]_i_7/O
                         net (fo=1, routed)           0.403     2.797    outReg[14]_i_7_n_0
    SLICE_X39Y71         LUT6 (Prop_lut6_I1_O)        0.124     2.921 r  outReg[14]_i_4/O
                         net (fo=6, routed)           0.599     3.520    p_0_in3_out
    SLICE_X39Y71         LUT5 (Prop_lut5_I1_O)        0.150     3.670 r  outReg[9]_i_2/O
                         net (fo=2, routed)           0.303     3.973    p_1_in
    SLICE_X39Y72         LUT3 (Prop_lut3_I2_O)        0.326     4.299 r  outReg[8]_i_1/O
                         net (fo=9, routed)           0.352     4.651    outReg[8]_i_1_n_0
    SLICE_X39Y73         FDRE                                         r  outReg_reg[3]/R
  -------------------------------------------------------------------    -------------------

                         (clock sys_clk rise edge)    5.000     5.000 r  <hidden>
                                                      0.000     5.000 r  clock
                         net (fo=61, unset)           0.924     5.924    clock
    SLICE_X39Y73         FDRE                                         r  outReg_reg[3]/C
                         clock pessimism              0.000     5.924    <hidden>
                         clock uncertainty           -0.035     5.889    <hidden>
    SLICE_X39Y73         FDRE (Setup_fdre_C_R)       -0.429     5.460    outReg_reg[3]
  -------------------------------------------------------------------
                         required time                          5.460    <hidden>
                         arrival time                          -4.651    <hidden>
  -------------------------------------------------------------------
                         slack                                  0.809    <hidden>

Slack (MET) :             0.809ns  (required time - arrival time)
  Source:                 sB_sig_reg[4]/C
                            (rising edge-triggered cell FDRE clocked by sys_clk  {rise@0.000ns fall@2.500ns period=5.000ns})
  Destination:            outReg_reg[4]/R
                            (rising edge-triggered cell FDRE clocked by sys_clk  {rise@0.000ns fall@2.500ns period=5.000ns})
  Path Group:             sys_clk
  Path Type:              Setup (Max at Slow Process Corner)
  Requirement:            5.000ns  (sys_clk rise@5.000ns - sys_clk rise@0.000ns)
  Data Path Delay:        3.678ns  (logic 1.379ns (37.492%)  route 2.299ns (62.508%))
  Logic Levels:           4  (LUT3=1 LUT4=1 LUT5=1 LUT6=1)
  Clock Path Skew:        -0.049ns (DCD - SCD + CPR)
    Destination Clock Delay (DCD):    0.924ns = ( 5.924 - 5.000 ) 
    Source Clock Delay      (SCD):    0.973ns
    Clock Pessimism Removal (CPR):    0.000ns
  Clock Uncertainty:      0.035ns  ((TSJ^2 + TIJ^2)^1/2 + DJ) / 2 + PE
    Total System Jitter     (TSJ):    0.071ns
    Total Input Jitter      (TIJ):    0.000ns
    Discrete Jitter          (DJ):    0.000ns
    Phase Error              (PE):    0.000ns

    Location             Delay type                Incr(ns)  Path(ns)    Netlist Resource(s)
  -------------------------------------------------------------------    -------------------
                         (clock sys_clk rise edge)    0.000     0.000 r  <hidden>
                                                      0.000     0.000 r  clock
                         net (fo=61, unset)           0.973     0.973    clock
    SLICE_X38Y73         FDRE                                         r  sB_sig_reg[4]/C
  -------------------------------------------------------------------    -------------------
    SLICE_X38Y73         FDRE (Prop_fdre_C_Q)         0.478     1.451 r  sB_sig_reg[4]/Q
                         net (fo=7, routed)           0.642     2.093    sB_sig_reg_n_0_[4]
    SLICE_X39Y73         LUT4 (Prop_lut4_I0_O)        0.301     2.394 f  outReg[14]_i_7/O
                         net (fo=1, routed)           0.403     2.797    outReg[14]_i_7_n_0
    SLICE_X39Y71         LUT6 (Prop_lut6_I1_O)        0.124     2.921 r  outReg[14]_i_4/O
                         net (fo=6, routed)           0.599     3.520    p_0_in3_out
    SLICE_X39Y71         LUT5 (Prop_lut5_I1_O)        0.150     3.670 r  outReg[9]_i_2/O
                         net (fo=2, routed)           0.303     3.973    p_1_in
    SLICE_X39Y72         LUT3 (Prop_lut3_I2_O)        0.326     4.299 r  outReg[8]_i_1/O
                         net (fo=9, routed)           0.352     4.651    outReg[8]_i_1_n_0
    SLICE_X39Y73         FDRE                                         r  outReg_reg[4]/R
  -------------------------------------------------------------------    -------------------

                         (clock sys_clk rise edge)    5.000     5.000 r  <hidden>
                                                      0.000     5.000 r  clock
                         net (fo=61, unset)           0.924     5.924    clock
    SLICE_X39Y73         FDRE                                         r  outReg_reg[4]/C
                         clock pessimism              0.000     5.924    <hidden>
                         clock uncertainty           -0.035     5.889    <hidden>
    SLICE_X39Y73         FDRE (Setup_fdre_C_R)       -0.429     5.460    outReg_reg[4]
  -------------------------------------------------------------------
                         required time                          5.460    <hidden>
                         arrival time                          -4.651    <hidden>
  -------------------------------------------------------------------
                         slack                                  0.809    <hidden>

Slack (MET) :             0.809ns  (required time - arrival time)
  Source:                 sB_sig_reg[4]/C
                            (rising edge-triggered cell FDRE clocked by sys_clk  {rise@0.000ns fall@2.500ns period=5.000ns})
  Destination:            outReg_reg[5]/R
                            (rising edge-triggered cell FDRE clocked by sys_clk  {rise@0.000ns fall@2.500ns period=5.000ns})
  Path Group:             sys_clk
  Path Type:              Setup (Max at Slow Process Corner)
  Requirement:            5.000ns  (sys_clk rise@5.000ns - sys_clk rise@0.000ns)
  Data Path Delay:        3.678ns  (logic 1.379ns (37.492%)  route 2.299ns (62.508%))
  Logic Levels:           4  (LUT3=1 LUT4=1 LUT5=1 LUT6=1)
  Clock Path Skew:        -0.049ns (DCD - SCD + CPR)
    Destination Clock Delay (DCD):    0.924ns = ( 5.924 - 5.000 ) 
    Source Clock Delay      (SCD):    0.973ns
    Clock Pessimism Removal (CPR):    0.000ns
  Clock Uncertainty:      0.035ns  ((TSJ^2 + TIJ^2)^1/2 + DJ) / 2 + PE
    Total System Jitter     (TSJ):    0.071ns
    Total Input Jitter      (TIJ):    0.000ns
    Discrete Jitter          (DJ):    0.000ns
    Phase Error              (PE):    0.000ns

    Location             Delay type                Incr(ns)  Path(ns)    Netlist Resource(s)
  -------------------------------------------------------------------    -------------------
                         (clock sys_clk rise edge)    0.000     0.000 r  <hidden>
                                                      0.000     0.000 r  clock
                         net (fo=61, unset)           0.973     0.973    clock
    SLICE_X38Y73         FDRE                                         r  sB_sig_reg[4]/C
  -------------------------------------------------------------------    -------------------
    SLICE_X38Y73         FDRE (Prop_fdre_C_Q)         0.478     1.451 r  sB_sig_reg[4]/Q
                         net (fo=7, routed)           0.642     2.093    sB_sig_reg_n_0_[4]
    SLICE_X39Y73         LUT4 (Prop_lut4_I0_O)        0.301     2.394 f  outReg[14]_i_7/O
                         net (fo=1, routed)           0.403     2.797    outReg[14]_i_7_n_0
    SLICE_X39Y71         LUT6 (Prop_lut6_I1_O)        0.124     2.921 r  outReg[14]_i_4/O
                         net (fo=6, routed)           0.599     3.520    p_0_in3_out
    SLICE_X39Y71         LUT5 (Prop_lut5_I1_O)        0.150     3.670 r  outReg[9]_i_2/O
                         net (fo=2, routed)           0.303     3.973    p_1_in
    SLICE_X39Y72         LUT3 (Prop_lut3_I2_O)        0.326     4.299 r  outReg[8]_i_1/O
                         net (fo=9, routed)           0.352     4.651    outReg[8]_i_1_n_0
    SLICE_X39Y73         FDRE                                         r  outReg_reg[5]/R
  -------------------------------------------------------------------    -------------------

                         (clock sys_clk rise edge)    5.000     5.000 r  <hidden>
                                                      0.000     5.000 r  clock
                         net (fo=61, unset)           0.924     5.924    clock
    SLICE_X39Y73         FDRE                                         r  outReg_reg[5]/C
                         clock pessimism              0.000     5.924    <hidden>
                         clock uncertainty           -0.035     5.889    <hidden>
    SLICE_X39Y73         FDRE (Setup_fdre_C_R)       -0.429     5.460    outReg_reg[5]
  -------------------------------------------------------------------
                         required time                          5.460    <hidden>
                         arrival time                          -4.651    <hidden>
  -------------------------------------------------------------------
                         slack                                  0.809    <hidden>

Slack (MET) :             0.809ns  (required time - arrival time)
  Source:                 sB_sig_reg[4]/C
                            (rising edge-triggered cell FDRE clocked by sys_clk  {rise@0.000ns fall@2.500ns period=5.000ns})
  Destination:            outReg_reg[6]/R
                            (rising edge-triggered cell FDRE clocked by sys_clk  {rise@0.000ns fall@2.500ns period=5.000ns})
  Path Group:             sys_clk
  Path Type:              Setup (Max at Slow Process Corner)
  Requirement:            5.000ns  (sys_clk rise@5.000ns - sys_clk rise@0.000ns)
  Data Path Delay:        3.678ns  (logic 1.379ns (37.492%)  route 2.299ns (62.508%))
  Logic Levels:           4  (LUT3=1 LUT4=1 LUT5=1 LUT6=1)
  Clock Path Skew:        -0.049ns (DCD - SCD + CPR)
    Destination Clock Delay (DCD):    0.924ns = ( 5.924 - 5.000 ) 
    Source Clock Delay      (SCD):    0.973ns
    Clock Pessimism Removal (CPR):    0.000ns
  Clock Uncertainty:      0.035ns  ((TSJ^2 + TIJ^2)^1/2 + DJ) / 2 + PE
    Total System Jitter     (TSJ):    0.071ns
    Total Input Jitter      (TIJ):    0.000ns
    Discrete Jitter          (DJ):    0.000ns
    Phase Error              (PE):    0.000ns

    Location             Delay type                Incr(ns)  Path(ns)    Netlist Resource(s)
  -------------------------------------------------------------------    -------------------
                         (clock sys_clk rise edge)    0.000     0.000 r  <hidden>
                                                      0.000     0.000 r  clock
                         net (fo=61, unset)           0.973     0.973    clock
    SLICE_X38Y73         FDRE                                         r  sB_sig_reg[4]/C
  -------------------------------------------------------------------    -------------------
    SLICE_X38Y73         FDRE (Prop_fdre_C_Q)         0.478     1.451 r  sB_sig_reg[4]/Q
                         net (fo=7, routed)           0.642     2.093    sB_sig_reg_n_0_[4]
    SLICE_X39Y73         LUT4 (Prop_lut4_I0_O)        0.301     2.394 f  outReg[14]_i_7/O
                         net (fo=1, routed)           0.403     2.797    outReg[14]_i_7_n_0
    SLICE_X39Y71         LUT6 (Prop_lut6_I1_O)        0.124     2.921 r  outReg[14]_i_4/O
                         net (fo=6, routed)           0.599     3.520    p_0_in3_out
    SLICE_X39Y71         LUT5 (Prop_lut5_I1_O)        0.150     3.670 r  outReg[9]_i_2/O
                         net (fo=2, routed)           0.303     3.973    p_1_in
    SLICE_X39Y72         LUT3 (Prop_lut3_I2_O)        0.326     4.299 r  outReg[8]_i_1/O
                         net (fo=9, routed)           0.352     4.651    outReg[8]_i_1_n_0
    SLICE_X39Y73         FDRE                                         r  outReg_reg[6]/R
  -------------------------------------------------------------------    -------------------

                         (clock sys_clk rise edge)    5.000     5.000 r  <hidden>
                                                      0.000     5.000 r  clock
                         net (fo=61, unset)           0.924     5.924    clock
    SLICE_X39Y73         FDRE                                         r  outReg_reg[6]/C
                         clock pessimism              0.000     5.924    <hidden>
                         clock uncertainty           -0.035     5.889    <hidden>
    SLICE_X39Y73         FDRE (Setup_fdre_C_R)       -0.429     5.460    outReg_reg[6]
  -------------------------------------------------------------------
                         required time                          5.460    <hidden>
                         arrival time                          -4.651    <hidden>
  -------------------------------------------------------------------
                         slack                                  0.809    <hidden>

Slack (MET) :             0.809ns  (required time - arrival time)
  Source:                 sB_sig_reg[4]/C
                            (rising edge-triggered cell FDRE clocked by sys_clk  {rise@0.000ns fall@2.500ns period=5.000ns})
  Destination:            outReg_reg[7]/R
                            (rising edge-triggered cell FDRE clocked by sys_clk  {rise@0.000ns fall@2.500ns period=5.000ns})
  Path Group:             sys_clk
  Path Type:              Setup (Max at Slow Process Corner)
  Requirement:            5.000ns  (sys_clk rise@5.000ns - sys_clk rise@0.000ns)
  Data Path Delay:        3.678ns  (logic 1.379ns (37.492%)  route 2.299ns (62.508%))
  Logic Levels:           4  (LUT3=1 LUT4=1 LUT5=1 LUT6=1)
  Clock Path Skew:        -0.049ns (DCD - SCD + CPR)
    Destination Clock Delay (DCD):    0.924ns = ( 5.924 - 5.000 ) 
    Source Clock Delay      (SCD):    0.973ns
    Clock Pessimism Removal (CPR):    0.000ns
  Clock Uncertainty:      0.035ns  ((TSJ^2 + TIJ^2)^1/2 + DJ) / 2 + PE
    Total System Jitter     (TSJ):    0.071ns
    Total Input Jitter      (TIJ):    0.000ns
    Discrete Jitter          (DJ):    0.000ns
    Phase Error              (PE):    0.000ns

    Location             Delay type                Incr(ns)  Path(ns)    Netlist Resource(s)
  -------------------------------------------------------------------    -------------------
                         (clock sys_clk rise edge)    0.000     0.000 r  <hidden>
                                                      0.000     0.000 r  clock
                         net (fo=61, unset)           0.973     0.973    clock
    SLICE_X38Y73         FDRE                                         r  sB_sig_reg[4]/C
  -------------------------------------------------------------------    -------------------
    SLICE_X38Y73         FDRE (Prop_fdre_C_Q)         0.478     1.451 r  sB_sig_reg[4]/Q
                         net (fo=7, routed)           0.642     2.093    sB_sig_reg_n_0_[4]
    SLICE_X39Y73         LUT4 (Prop_lut4_I0_O)        0.301     2.394 f  outReg[14]_i_7/O
                         net (fo=1, routed)           0.403     2.797    outReg[14]_i_7_n_0
    SLICE_X39Y71         LUT6 (Prop_lut6_I1_O)        0.124     2.921 r  outReg[14]_i_4/O
                         net (fo=6, routed)           0.599     3.520    p_0_in3_out
    SLICE_X39Y71         LUT5 (Prop_lut5_I1_O)        0.150     3.670 r  outReg[9]_i_2/O
                         net (fo=2, routed)           0.303     3.973    p_1_in
    SLICE_X39Y72         LUT3 (Prop_lut3_I2_O)        0.326     4.299 r  outReg[8]_i_1/O
                         net (fo=9, routed)           0.352     4.651    outReg[8]_i_1_n_0
    SLICE_X39Y73         FDRE                                         r  outReg_reg[7]/R
  -------------------------------------------------------------------    -------------------

                         (clock sys_clk rise edge)    5.000     5.000 r  <hidden>
                                                      0.000     5.000 r  clock
                         net (fo=61, unset)           0.924     5.924    clock
    SLICE_X39Y73         FDRE                                         r  outReg_reg[7]/C
                         clock pessimism              0.000     5.924    <hidden>
                         clock uncertainty           -0.035     5.889    <hidden>
    SLICE_X39Y73         FDRE (Setup_fdre_C_R)       -0.429     5.460    outReg_reg[7]
  -------------------------------------------------------------------
                         required time                          5.460    <hidden>
                         arrival time                          -4.651    <hidden>
  -------------------------------------------------------------------
                         slack                                  0.809    <hidden>

Slack (MET) :             0.809ns  (required time - arrival time)
  Source:                 sB_sig_reg[4]/C
                            (rising edge-triggered cell FDRE clocked by sys_clk  {rise@0.000ns fall@2.500ns period=5.000ns})
  Destination:            outReg_reg[8]/R
                            (rising edge-triggered cell FDRE clocked by sys_clk  {rise@0.000ns fall@2.500ns period=5.000ns})
  Path Group:             sys_clk
  Path Type:              Setup (Max at Slow Process Corner)
  Requirement:            5.000ns  (sys_clk rise@5.000ns - sys_clk rise@0.000ns)
  Data Path Delay:        3.678ns  (logic 1.379ns (37.492%)  route 2.299ns (62.508%))
  Logic Levels:           4  (LUT3=1 LUT4=1 LUT5=1 LUT6=1)
  Clock Path Skew:        -0.049ns (DCD - SCD + CPR)
    Destination Clock Delay (DCD):    0.924ns = ( 5.924 - 5.000 ) 
    Source Clock Delay      (SCD):    0.973ns
    Clock Pessimism Removal (CPR):    0.000ns
  Clock Uncertainty:      0.035ns  ((TSJ^2 + TIJ^2)^1/2 + DJ) / 2 + PE
    Total System Jitter     (TSJ):    0.071ns
    Total Input Jitter      (TIJ):    0.000ns
    Discrete Jitter          (DJ):    0.000ns
    Phase Error              (PE):    0.000ns

    Location             Delay type                Incr(ns)  Path(ns)    Netlist Resource(s)
  -------------------------------------------------------------------    -------------------
                         (clock sys_clk rise edge)    0.000     0.000 r  <hidden>
                                                      0.000     0.000 r  clock
                         net (fo=61, unset)           0.973     0.973    clock
    SLICE_X38Y73         FDRE                                         r  sB_sig_reg[4]/C
  -------------------------------------------------------------------    -------------------
    SLICE_X38Y73         FDRE (Prop_fdre_C_Q)         0.478     1.451 r  sB_sig_reg[4]/Q
                         net (fo=7, routed)           0.642     2.093    sB_sig_reg_n_0_[4]
    SLICE_X39Y73         LUT4 (Prop_lut4_I0_O)        0.301     2.394 f  outReg[14]_i_7/O
                         net (fo=1, routed)           0.403     2.797    outReg[14]_i_7_n_0
    SLICE_X39Y71         LUT6 (Prop_lut6_I1_O)        0.124     2.921 r  outReg[14]_i_4/O
                         net (fo=6, routed)           0.599     3.520    p_0_in3_out
    SLICE_X39Y71         LUT5 (Prop_lut5_I1_O)        0.150     3.670 r  outReg[9]_i_2/O
                         net (fo=2, routed)           0.303     3.973    p_1_in
    SLICE_X39Y72         LUT3 (Prop_lut3_I2_O)        0.326     4.299 r  outReg[8]_i_1/O
                         net (fo=9, routed)           0.352     4.651    outReg[8]_i_1_n_0
    SLICE_X39Y73         FDRE                                         r  outReg_reg[8]/R
  -------------------------------------------------------------------    -------------------

                         (clock sys_clk rise edge)    5.000     5.000 r  <hidden>
                                                      0.000     5.000 r  clock
                         net (fo=61, unset)           0.924     5.924    clock
    SLICE_X39Y73         FDRE                                         r  outReg_reg[8]/C
                         clock pessimism              0.000     5.924    <hidden>
                         clock uncertainty           -0.035     5.889    <hidden>
    SLICE_X39Y73         FDRE (Setup_fdre_C_R)       -0.429     5.460    outReg_reg[8]
  -------------------------------------------------------------------
                         required time                          5.460    <hidden>
                         arrival time                          -4.651    <hidden>
  -------------------------------------------------------------------
                         slack                                  0.809    <hidden>

Slack (MET) :             1.046ns  (required time - arrival time)
  Source:                 sB_sig_reg[4]/C
                            (rising edge-triggered cell FDRE clocked by sys_clk  {rise@0.000ns fall@2.500ns period=5.000ns})
  Destination:            outReg_reg[10]/S
                            (rising edge-triggered cell FDSE clocked by sys_clk  {rise@0.000ns fall@2.500ns period=5.000ns})
  Path Group:             sys_clk
  Path Type:              Setup (Max at Slow Process Corner)
  Requirement:            5.000ns  (sys_clk rise@5.000ns - sys_clk rise@0.000ns)
  Data Path Delay:        3.346ns  (logic 1.027ns (30.693%)  route 2.319ns (69.307%))
  Logic Levels:           3  (LUT4=1 LUT5=1 LUT6=1)
  Clock Path Skew:        -0.049ns (DCD - SCD + CPR)
    Destination Clock Delay (DCD):    0.924ns = ( 5.924 - 5.000 ) 
    Source Clock Delay      (SCD):    0.973ns
    Clock Pessimism Removal (CPR):    0.000ns
  Clock Uncertainty:      0.035ns  ((TSJ^2 + TIJ^2)^1/2 + DJ) / 2 + PE
    Total System Jitter     (TSJ):    0.071ns
    Total Input Jitter      (TIJ):    0.000ns
    Discrete Jitter          (DJ):    0.000ns
    Phase Error              (PE):    0.000ns

    Location             Delay type                Incr(ns)  Path(ns)    Netlist Resource(s)
  -------------------------------------------------------------------    -------------------
                         (clock sys_clk rise edge)    0.000     0.000 r  <hidden>
                                                      0.000     0.000 r  clock
                         net (fo=61, unset)           0.973     0.973    clock
    SLICE_X38Y73         FDRE                                         r  sB_sig_reg[4]/C
  -------------------------------------------------------------------    -------------------
    SLICE_X38Y73         FDRE (Prop_fdre_C_Q)         0.478     1.451 r  sB_sig_reg[4]/Q
                         net (fo=7, routed)           0.642     2.093    sB_sig_reg_n_0_[4]
    SLICE_X39Y73         LUT4 (Prop_lut4_I0_O)        0.301     2.394 f  outReg[14]_i_7/O
                         net (fo=1, routed)           0.403     2.797    outReg[14]_i_7_n_0
    SLICE_X39Y71         LUT6 (Prop_lut6_I1_O)        0.124     2.921 r  outReg[14]_i_4/O
                         net (fo=6, routed)           0.599     3.520    p_0_in3_out
    SLICE_X39Y71         LUT5 (Prop_lut5_I3_O)        0.124     3.644 r  outReg[14]_i_1/O
                         net (fo=5, routed)           0.675     4.319    p_0_in2_out
    SLICE_X36Y72         FDSE                                         r  outReg_reg[10]/S
  -------------------------------------------------------------------    -------------------

                         (clock sys_clk rise edge)    5.000     5.000 r  <hidden>
                                                      0.000     5.000 r  clock
                         net (fo=61, unset)           0.924     5.924    clock
    SLICE_X36Y72         FDSE                                         r  outReg_reg[10]/C
                         clock pessimism              0.000     5.924    <hidden>
                         clock uncertainty           -0.035     5.889    <hidden>
    SLICE_X36Y72         FDSE (Setup_fdse_C_S)       -0.524     5.365    outReg_reg[10]
  -------------------------------------------------------------------
                         required time                          5.365    <hidden>
                         arrival time                          -4.319    <hidden>
  -------------------------------------------------------------------
                         slack                                  1.046    <hidden>





Min Delay Paths
--------------------------------------------------------------------------------------
Slack (MET) :             0.159ns  (arrival time - required time)
  Source:                 sB_guard_reg/C
                            (rising edge-triggered cell FDRE clocked by sys_clk  {rise@0.000ns fall@2.500ns period=5.000ns})
  Destination:            outReg_reg[2]/D
                            (rising edge-triggered cell FDRE clocked by sys_clk  {rise@0.000ns fall@2.500ns period=5.000ns})
  Path Group:             sys_clk
  Path Type:              Hold (Min at Fast Process Corner)
  Requirement:            0.000ns  (sys_clk rise@0.000ns - sys_clk rise@0.000ns)
  Data Path Delay:        0.311ns  (logic 0.189ns (60.679%)  route 0.122ns (39.321%))
  Logic Levels:           1  (LUT4=1)
  Clock Path Skew:        0.022ns (DCD - SCD - CPR)
    Destination Clock Delay (DCD):    0.432ns
    Source Clock Delay      (SCD):    0.410ns
    Clock Pessimism Removal (CPR):    -0.000ns

    Location             Delay type                Incr(ns)  Path(ns)    Netlist Resource(s)
  -------------------------------------------------------------------    -------------------
                         (clock sys_clk rise edge)    0.000     0.000 r  <hidden>
                                                      0.000     0.000 r  clock
                         net (fo=61, unset)           0.410     0.410    clock
    SLICE_X37Y73         FDRE                                         r  sB_guard_reg/C
  -------------------------------------------------------------------    -------------------
    SLICE_X37Y73         FDRE (Prop_fdre_C_Q)         0.141     0.551 r  sB_guard_reg/Q
                         net (fo=6, routed)           0.122     0.674    sB_guard
    SLICE_X36Y73         LUT4 (Prop_lut4_I0_O)        0.048     0.722 r  outReg[2]_i_1/O
                         net (fo=1, routed)           0.000     0.722    outReg[2]_i_1_n_0
    SLICE_X36Y73         FDRE                                         r  outReg_reg[2]/D
  -------------------------------------------------------------------    -------------------

                         (clock sys_clk rise edge)    0.000     0.000 r  <hidden>
                                                      0.000     0.000 r  clock
                         net (fo=61, unset)           0.432     0.432    clock
    SLICE_X36Y73         FDRE                                         r  outReg_reg[2]/C
                         clock pessimism              0.000     0.432    <hidden>
    SLICE_X36Y73         FDRE (Hold_fdre_C_D)         0.131     0.563    outReg_reg[2]
  -------------------------------------------------------------------
                         required time                         -0.563    <hidden>
                         arrival time                           0.722    <hidden>
  -------------------------------------------------------------------
                         slack                                  0.159    <hidden>

Slack (MET) :             0.167ns  (arrival time - required time)
  Source:                 sB_guard_reg/C
                            (rising edge-triggered cell FDRE clocked by sys_clk  {rise@0.000ns fall@2.500ns period=5.000ns})
  Destination:            outReg_reg[1]/D
                            (rising edge-triggered cell FDRE clocked by sys_clk  {rise@0.000ns fall@2.500ns period=5.000ns})
  Path Group:             sys_clk
  Path Type:              Hold (Min at Fast Process Corner)
  Requirement:            0.000ns  (sys_clk rise@0.000ns - sys_clk rise@0.000ns)
  Data Path Delay:        0.308ns  (logic 0.186ns (60.296%)  route 0.122ns (39.704%))
  Logic Levels:           1  (LUT3=1)
  Clock Path Skew:        0.022ns (DCD - SCD - CPR)
    Destination Clock Delay (DCD):    0.432ns
    Source Clock Delay      (SCD):    0.410ns
    Clock Pessimism Removal (CPR):    -0.000ns

    Location             Delay type                Incr(ns)  Path(ns)    Netlist Resource(s)
  -------------------------------------------------------------------    -------------------
                         (clock sys_clk rise edge)    0.000     0.000 r  <hidden>
                                                      0.000     0.000 r  clock
                         net (fo=61, unset)           0.410     0.410    clock
    SLICE_X37Y73         FDRE                                         r  sB_guard_reg/C
  -------------------------------------------------------------------    -------------------
    SLICE_X37Y73         FDRE (Prop_fdre_C_Q)         0.141     0.551 r  sB_guard_reg/Q
                         net (fo=6, routed)           0.122     0.674    sB_guard
    SLICE_X36Y73         LUT3 (Prop_lut3_I1_O)        0.045     0.719 r  outReg[1]_i_1/O
                         net (fo=1, routed)           0.000     0.719    outReg[1]_i_1_n_0
    SLICE_X36Y73         FDRE                                         r  outReg_reg[1]/D
  -------------------------------------------------------------------    -------------------

                         (clock sys_clk rise edge)    0.000     0.000 r  <hidden>
                                                      0.000     0.000 r  clock
                         net (fo=61, unset)           0.432     0.432    clock
    SLICE_X36Y73         FDRE                                         r  outReg_reg[1]/C
                         clock pessimism              0.000     0.432    <hidden>
    SLICE_X36Y73         FDRE (Hold_fdre_C_D)         0.120     0.552    outReg_reg[1]
  -------------------------------------------------------------------
                         required time                         -0.552    <hidden>
                         arrival time                           0.719    <hidden>
  -------------------------------------------------------------------
                         slack                                  0.167    <hidden>

Slack (MET) :             0.215ns  (arrival time - required time)
  Source:                 sA_tempSig_reg/CLK
                            (rising edge-triggered cell DSP48E1 clocked by sys_clk  {rise@0.000ns fall@2.500ns period=5.000ns})
  Destination:            sB_sticky_reg/D
                            (rising edge-triggered cell FDRE clocked by sys_clk  {rise@0.000ns fall@2.500ns period=5.000ns})
  Path Group:             sys_clk
  Path Type:              Hold (Min at Fast Process Corner)
  Requirement:            0.000ns  (sys_clk rise@0.000ns - sys_clk rise@0.000ns)
  Data Path Delay:        0.358ns  (logic 0.171ns (47.765%)  route 0.187ns (52.235%))
  Logic Levels:           1  (LUT6=1)
  Clock Path Skew:        0.022ns (DCD - SCD - CPR)
    Destination Clock Delay (DCD):    0.432ns
    Source Clock Delay      (SCD):    0.410ns
    Clock Pessimism Removal (CPR):    -0.000ns

    Location             Delay type                Incr(ns)  Path(ns)    Netlist Resource(s)
  -------------------------------------------------------------------    -------------------
                         (clock sys_clk rise edge)    0.000     0.000 r  <hidden>
                                                      0.000     0.000 r  clock
                         net (fo=61, unset)           0.410     0.410    clock
    DSP48_X2Y28          DSP48E1                                      r  sA_tempSig_reg/CLK
  -------------------------------------------------------------------    -------------------
    DSP48_X2Y28          DSP48E1 (Prop_dsp48e1_CLK_P[0])
                                                      0.126     0.536 r  sA_tempSig_reg/P[0]
                         net (fo=1, routed)           0.187     0.723    sA_tempSig_reg_n_105
    SLICE_X36Y70         LUT6 (Prop_lut6_I3_O)        0.045     0.768 r  sB_sticky_i_1/O
                         net (fo=1, routed)           0.000     0.768    sB_sticky_i_1_n_0
    SLICE_X36Y70         FDRE                                         r  sB_sticky_reg/D
  -------------------------------------------------------------------    -------------------

                         (clock sys_clk rise edge)    0.000     0.000 r  <hidden>
                                                      0.000     0.000 r  clock
                         net (fo=61, unset)           0.432     0.432    clock
    SLICE_X36Y70         FDRE                                         r  sB_sticky_reg/C
                         clock pessimism              0.000     0.432    <hidden>
    SLICE_X36Y70         FDRE (Hold_fdre_C_D)         0.121     0.553    sB_sticky_reg
  -------------------------------------------------------------------
                         required time                         -0.553    <hidden>
                         arrival time                           0.768    <hidden>
  -------------------------------------------------------------------
                         slack                                  0.215    <hidden>

Slack (MET) :             0.244ns  (arrival time - required time)
  Source:                 sB_tempExp2_reg[4]/C
                            (rising edge-triggered cell FDRE clocked by sys_clk  {rise@0.000ns fall@2.500ns period=5.000ns})
  Destination:            outReg_reg[14]/D
                            (rising edge-triggered cell FDSE clocked by sys_clk  {rise@0.000ns fall@2.500ns period=5.000ns})
  Path Group:             sys_clk
  Path Type:              Hold (Min at Fast Process Corner)
  Requirement:            0.000ns  (sys_clk rise@0.000ns - sys_clk rise@0.000ns)
  Data Path Delay:        0.397ns  (logic 0.188ns (47.399%)  route 0.209ns (52.601%))
  Logic Levels:           1  (LUT4=1)
  Clock Path Skew:        0.022ns (DCD - SCD - CPR)
    Destination Clock Delay (DCD):    0.432ns
    Source Clock Delay      (SCD):    0.410ns
    Clock Pessimism Removal (CPR):    -0.000ns

    Location             Delay type                Incr(ns)  Path(ns)    Netlist Resource(s)
  -------------------------------------------------------------------    -------------------
                         (clock sys_clk rise edge)    0.000     0.000 r  <hidden>
                                                      0.000     0.000 r  clock
                         net (fo=61, unset)           0.410     0.410    clock
    SLICE_X37Y70         FDRE                                         r  sB_tempExp2_reg[4]/C
  -------------------------------------------------------------------    -------------------
    SLICE_X37Y70         FDRE (Prop_fdre_C_Q)         0.141     0.551 r  sB_tempExp2_reg[4]/Q
                         net (fo=2, routed)           0.209     0.760    sB_tempExp2[4]
    SLICE_X36Y72         LUT4 (Prop_lut4_I0_O)        0.047     0.807 r  outReg[14]_i_2/O
                         net (fo=1, routed)           0.000     0.807    outReg[14]_i_2_n_0
    SLICE_X36Y72         FDSE                                         r  outReg_reg[14]/D
  -------------------------------------------------------------------    -------------------

                         (clock sys_clk rise edge)    0.000     0.000 r  <hidden>
                                                      0.000     0.000 r  clock
                         net (fo=61, unset)           0.432     0.432    clock
    SLICE_X36Y72         FDSE                                         r  outReg_reg[14]/C
                         clock pessimism              0.000     0.432    <hidden>
    SLICE_X36Y72         FDSE (Hold_fdse_C_D)         0.131     0.563    outReg_reg[14]
  -------------------------------------------------------------------
                         required time                         -0.563    <hidden>
                         arrival time                           0.807    <hidden>
  -------------------------------------------------------------------
                         slack                                  0.244    <hidden>

Slack (MET) :             0.272ns  (arrival time - required time)
  Source:                 sA_infInput_reg/C
                            (rising edge-triggered cell FDRE clocked by sys_clk  {rise@0.000ns fall@2.500ns period=5.000ns})
  Destination:            sB_isNaN_reg/D
                            (rising edge-triggered cell FDRE clocked by sys_clk  {rise@0.000ns fall@2.500ns period=5.000ns})
  Path Group:             sys_clk
  Path Type:              Hold (Min at Fast Process Corner)
  Requirement:            0.000ns  (sys_clk rise@0.000ns - sys_clk rise@0.000ns)
  Data Path Delay:        0.386ns  (logic 0.246ns (63.722%)  route 0.140ns (36.278%))
  Logic Levels:           1  (LUT3=1)
  Clock Path Skew:        0.022ns (DCD - SCD - CPR)
    Destination Clock Delay (DCD):    0.432ns
    Source Clock Delay      (SCD):    0.410ns
    Clock Pessimism Removal (CPR):    -0.000ns

    Location             Delay type                Incr(ns)  Path(ns)    Netlist Resource(s)
  -------------------------------------------------------------------    -------------------
                         (clock sys_clk rise edge)    0.000     0.000 r  <hidden>
                                                      0.000     0.000 r  clock
                         net (fo=61, unset)           0.410     0.410    clock
    SLICE_X34Y71         FDRE                                         r  sA_infInput_reg/C
  -------------------------------------------------------------------    -------------------
    SLICE_X34Y71         FDRE (Prop_fdre_C_Q)         0.148     0.558 r  sA_infInput_reg/Q
                         net (fo=2, routed)           0.140     0.698    sA_infInput
    SLICE_X37Y71         LUT3 (Prop_lut3_I1_O)        0.098     0.796 r  sB_isNaN_i_1/O
                         net (fo=1, routed)           0.000     0.796    sB_isNaN0
    SLICE_X37Y71         FDRE                                         r  sB_isNaN_reg/D
  -------------------------------------------------------------------    -------------------

                         (clock sys_clk rise edge)    0.000     0.000 r  <hidden>
                                                      0.000     0.000 r  clock
                         net (fo=61, unset)           0.432     0.432    clock
    SLICE_X37Y71         FDRE                                         r  sB_isNaN_reg/C
                         clock pessimism              0.000     0.432    <hidden>
    SLICE_X37Y71         FDRE (Hold_fdre_C_D)         0.092     0.524    sB_isNaN_reg
  -------------------------------------------------------------------
                         required time                         -0.524    <hidden>
                         arrival time                           0.796    <hidden>
  -------------------------------------------------------------------
                         slack                                  0.272    <hidden>

Slack (MET) :             0.282ns  (arrival time - required time)
  Source:                 sB_sig_reg[7]/C
                            (rising edge-triggered cell FDRE clocked by sys_clk  {rise@0.000ns fall@2.500ns period=5.000ns})
  Destination:            outReg_reg[8]/D
                            (rising edge-triggered cell FDRE clocked by sys_clk  {rise@0.000ns fall@2.500ns period=5.000ns})
  Path Group:             sys_clk
  Path Type:              Hold (Min at Fast Process Corner)
  Requirement:            0.000ns  (sys_clk rise@0.000ns - sys_clk rise@0.000ns)
  Data Path Delay:        0.395ns  (logic 0.186ns (47.031%)  route 0.209ns (52.969%))
  Logic Levels:           1  (LUT6=1)
  Clock Path Skew:        0.022ns (DCD - SCD - CPR)
    Destination Clock Delay (DCD):    0.432ns
    Source Clock Delay      (SCD):    0.410ns
    Clock Pessimism Removal (CPR):    -0.000ns

    Location             Delay type                Incr(ns)  Path(ns)    Netlist Resource(s)
  -------------------------------------------------------------------    -------------------
                         (clock sys_clk rise edge)    0.000     0.000 r  <hidden>
                                                      0.000     0.000 r  clock
                         net (fo=61, unset)           0.410     0.410    clock
    SLICE_X37Y74         FDRE                                         r  sB_sig_reg[7]/C
  -------------------------------------------------------------------    -------------------
    SLICE_X37Y74         FDRE (Prop_fdre_C_Q)         0.141     0.551 r  sB_sig_reg[7]/Q
                         net (fo=4, routed)           0.209     0.761    sB_sig_reg_n_0_[7]
    SLICE_X39Y73         LUT6 (Prop_lut6_I4_O)        0.045     0.806 r  outReg[8]_i_2/O
                         net (fo=1, routed)           0.000     0.806    outReg[8]_i_2_n_0
    SLICE_X39Y73         FDRE                                         r  outReg_reg[8]/D
  -------------------------------------------------------------------    -------------------

                         (clock sys_clk rise edge)    0.000     0.000 r  <hidden>
                                                      0.000     0.000 r  clock
                         net (fo=61, unset)           0.432     0.432    clock
    SLICE_X39Y73         FDRE                                         r  outReg_reg[8]/C
                         clock pessimism              0.000     0.432    <hidden>
    SLICE_X39Y73         FDRE (Hold_fdre_C_D)         0.092     0.524    outReg_reg[8]
  -------------------------------------------------------------------
                         required time                         -0.524    <hidden>
                         arrival time                           0.806    <hidden>
  -------------------------------------------------------------------
                         slack                                  0.282    <hidden>

Slack (MET) :             0.287ns  (arrival time - required time)
  Source:                 sA_tempExp_reg[2]/C
                            (rising edge-triggered cell FDRE clocked by sys_clk  {rise@0.000ns fall@2.500ns period=5.000ns})
  Destination:            sB_tempExp2_reg[4]/D
                            (rising edge-triggered cell FDRE clocked by sys_clk  {rise@0.000ns fall@2.500ns period=5.000ns})
  Path Group:             sys_clk
  Path Type:              Hold (Min at Fast Process Corner)
  Requirement:            0.000ns  (sys_clk rise@0.000ns - sys_clk rise@0.000ns)
  Data Path Delay:        0.401ns  (logic 0.209ns (52.167%)  route 0.192ns (47.833%))
  Logic Levels:           1  (LUT6=1)
  Clock Path Skew:        0.022ns (DCD - SCD - CPR)
    Destination Clock Delay (DCD):    0.432ns
    Source Clock Delay      (SCD):    0.410ns
    Clock Pessimism Removal (CPR):    -0.000ns

    Location             Delay type                Incr(ns)  Path(ns)    Netlist Resource(s)
  -------------------------------------------------------------------    -------------------
                         (clock sys_clk rise edge)    0.000     0.000 r  <hidden>
                                                      0.000     0.000 r  clock
                         net (fo=61, unset)           0.410     0.410    clock
    SLICE_X34Y69         FDRE                                         r  sA_tempExp_reg[2]/C
  -------------------------------------------------------------------    -------------------
    SLICE_X34Y69         FDRE (Prop_fdre_C_Q)         0.164     0.574 r  sA_tempExp_reg[2]/Q
                         net (fo=5, routed)           0.192     0.766    sA_tempExp[2]
    SLICE_X37Y70         LUT6 (Prop_lut6_I4_O)        0.045     0.811 r  sB_tempExp2[4]_i_1/O
                         net (fo=1, routed)           0.000     0.811    sB_tempExp20[4]
    SLICE_X37Y70         FDRE                                         r  sB_tempExp2_reg[4]/D
  -------------------------------------------------------------------    -------------------

                         (clock sys_clk rise edge)    0.000     0.000 r  <hidden>
                                                      0.000     0.000 r  clock
                         net (fo=61, unset)           0.432     0.432    clock
    SLICE_X37Y70         FDRE                                         r  sB_tempExp2_reg[4]/C
                         clock pessimism              0.000     0.432    <hidden>
    SLICE_X37Y70         FDRE (Hold_fdre_C_D)         0.092     0.524    sB_tempExp2_reg[4]
  -------------------------------------------------------------------
                         required time                         -0.524    <hidden>
                         arrival time                           0.811    <hidden>
  -------------------------------------------------------------------
                         slack                                  0.287    <hidden>

Slack (MET) :             0.291ns  (arrival time - required time)
  Source:                 sA_tempSig_reg/CLK
                            (rising edge-triggered cell DSP48E1 clocked by sys_clk  {rise@0.000ns fall@2.500ns period=5.000ns})
  Destination:            sB_sig_reg[8]/D
                            (rising edge-triggered cell FDRE clocked by sys_clk  {rise@0.000ns fall@2.500ns period=5.000ns})
  Path Group:             sys_clk
  Path Type:              Hold (Min at Fast Process Corner)
  Requirement:            0.000ns  (sys_clk rise@0.000ns - sys_clk rise@0.000ns)
  Data Path Delay:        0.420ns  (logic 0.175ns (41.706%)  route 0.245ns (58.294%))
  Logic Levels:           1  (LUT3=1)
  Clock Path Skew:        0.022ns (DCD - SCD - CPR)
    Destination Clock Delay (DCD):    0.432ns
    Source Clock Delay      (SCD):    0.410ns
    Clock Pessimism Removal (CPR):    -0.000ns

    Location             Delay type                Incr(ns)  Path(ns)    Netlist Resource(s)
  -------------------------------------------------------------------    -------------------
                         (clock sys_clk rise edge)    0.000     0.000 r  <hidden>
                                                      0.000     0.000 r  clock
                         net (fo=61, unset)           0.410     0.410    clock
    DSP48_X2Y28          DSP48E1                                      r  sA_tempSig_reg/CLK
  -------------------------------------------------------------------    -------------------
    DSP48_X2Y28          DSP48E1 (Prop_dsp48e1_CLK_P[18])
                                                      0.126     0.536 r  sA_tempSig_reg/P[18]
                         net (fo=2, routed)           0.245     0.781    sA_tempSig_reg_n_87
    SLICE_X37Y74         LUT3 (Prop_lut3_I2_O)        0.049     0.830 r  sB_sig[8]_i_1/O
                         net (fo=1, routed)           0.000     0.830    sB_sig[8]_i_1_n_0
    SLICE_X37Y74         FDRE                                         r  sB_sig_reg[8]/D
  -------------------------------------------------------------------    -------------------

                         (clock sys_clk rise edge)    0.000     0.000 r  <hidden>
                                                      0.000     0.000 r  clock
                         net (fo=61, unset)           0.432     0.432    clock
    SLICE_X37Y74         FDRE                                         r  sB_sig_reg[8]/C
                         clock pessimism              0.000     0.432    <hidden>
    SLICE_X37Y74         FDRE (Hold_fdre_C_D)         0.107     0.539    sB_sig_reg[8]
  -------------------------------------------------------------------
                         required time                         -0.539    <hidden>
                         arrival time                           0.830    <hidden>
  -------------------------------------------------------------------
                         slack                                  0.291    <hidden>

Slack (MET) :             0.295ns  (arrival time - required time)
  Source:                 sB_tempExp2_reg[3]/C
                            (rising edge-triggered cell FDRE clocked by sys_clk  {rise@0.000ns fall@2.500ns period=5.000ns})
  Destination:            outReg_reg[13]/D
                            (rising edge-triggered cell FDSE clocked by sys_clk  {rise@0.000ns fall@2.500ns period=5.000ns})
  Path Group:             sys_clk
  Path Type:              Hold (Min at Fast Process Corner)
  Requirement:            0.000ns  (sys_clk rise@0.000ns - sys_clk rise@0.000ns)
  Data Path Delay:        0.437ns  (logic 0.209ns (47.796%)  route 0.228ns (52.204%))
  Logic Levels:           1  (LUT3=1)
  Clock Path Skew:        0.022ns (DCD - SCD - CPR)
    Destination Clock Delay (DCD):    0.432ns
    Source Clock Delay      (SCD):    0.410ns
    Clock Pessimism Removal (CPR):    -0.000ns

    Location             Delay type                Incr(ns)  Path(ns)    Netlist Resource(s)
  -------------------------------------------------------------------    -------------------
                         (clock sys_clk rise edge)    0.000     0.000 r  <hidden>
                                                      0.000     0.000 r  clock
                         net (fo=61, unset)           0.410     0.410    clock
    SLICE_X36Y71         FDRE                                         r  sB_tempExp2_reg[3]/C
  -------------------------------------------------------------------    -------------------
    SLICE_X36Y71         FDRE (Prop_fdre_C_Q)         0.164     0.574 r  sB_tempExp2_reg[3]/Q
                         net (fo=3, routed)           0.228     0.802    sB_tempExp2[3]
    SLICE_X36Y72         LUT3 (Prop_lut3_I0_O)        0.045     0.847 r  outReg[13]_i_1/O
                         net (fo=1, routed)           0.000     0.847    outReg[13]_i_1_n_0
    SLICE_X36Y72         FDSE                                         r  outReg_reg[13]/D
  -------------------------------------------------------------------    -------------------

                         (clock sys_clk rise edge)    0.000     0.000 r  <hidden>
                                                      0.000     0.000 r  clock
                         net (fo=61, unset)           0.432     0.432    clock
    SLICE_X36Y72         FDSE                                         r  outReg_reg[13]/C
                         clock pessimism              0.000     0.432    <hidden>
    SLICE_X36Y72         FDSE (Hold_fdse_C_D)         0.121     0.553    outReg_reg[13]
  -------------------------------------------------------------------
                         required time                         -0.553    <hidden>
                         arrival time                           0.847    <hidden>
  -------------------------------------------------------------------
                         slack                                  0.295    <hidden>

Slack (MET) :             0.295ns  (arrival time - required time)
  Source:                 sA_tempExp_reg[5]/C
                            (rising edge-triggered cell FDRE clocked by sys_clk  {rise@0.000ns fall@2.500ns period=5.000ns})
  Destination:            sB_isZero_reg/D
                            (rising edge-triggered cell FDRE clocked by sys_clk  {rise@0.000ns fall@2.500ns period=5.000ns})
  Path Group:             sys_clk
  Path Type:              Hold (Min at Fast Process Corner)
  Requirement:            0.000ns  (sys_clk rise@0.000ns - sys_clk rise@0.000ns)
  Data Path Delay:        0.438ns  (logic 0.247ns (56.440%)  route 0.191ns (43.560%))
  Logic Levels:           1  (LUT5=1)
  Clock Path Skew:        0.022ns (DCD - SCD - CPR)
    Destination Clock Delay (DCD):    0.432ns
    Source Clock Delay      (SCD):    0.410ns
    Clock Pessimism Removal (CPR):    -0.000ns

    Location             Delay type                Incr(ns)  Path(ns)    Netlist Resource(s)
  -------------------------------------------------------------------    -------------------
                         (clock sys_clk rise edge)    0.000     0.000 r  <hidden>
                                                      0.000     0.000 r  clock
                         net (fo=61, unset)           0.410     0.410    clock
    SLICE_X34Y69         FDRE                                         r  sA_tempExp_reg[5]/C
  -------------------------------------------------------------------    -------------------
    SLICE_X34Y69         FDRE (Prop_fdre_C_Q)         0.148     0.558 f  sA_tempExp_reg[5]/Q
                         net (fo=4, routed)           0.191     0.749    sA_tempExp[5]
    SLICE_X36Y70         LUT5 (Prop_lut5_I4_O)        0.099     0.848 r  sB_isZero_i_1/O
                         net (fo=1, routed)           0.000     0.848    sB_isZero0
    SLICE_X36Y70         FDRE                                         r  sB_isZero_reg/D
  -------------------------------------------------------------------    -------------------

                         (clock sys_clk rise edge)    0.000     0.000 r  <hidden>
                                                      0.000     0.000 r  clock
                         net (fo=61, unset)           0.432     0.432    clock
    SLICE_X36Y70         FDRE                                         r  sB_isZero_reg/C
                         clock pessimism              0.000     0.432    <hidden>
    SLICE_X36Y70         FDRE (Hold_fdre_C_D)         0.121     0.553    sB_isZero_reg
  -------------------------------------------------------------------
                         required time                         -0.553    <hidden>
                         arrival time                           0.848    <hidden>
  -------------------------------------------------------------------
                         slack                                  0.295    <hidden>





Pulse Width Checks
--------------------------------------------------------------------------------------
Clock Name:         sys_clk
Waveform(ns):       { 0.000 2.500 }
Period(ns):         5.000
Sources:            { clock }

Check Type        Corner  Lib Pin      Reference Pin  Required(ns)  Actual(ns)  Slack(ns)  Location      Pin
Min Period        n/a     DSP48E1/CLK  n/a            2.154         5.000       2.846      DSP48_X2Y28   sA_tempSig_reg/CLK
Min Period        n/a     FDRE/C       n/a            1.000         5.000       4.000      SLICE_X39Y73  outReg_reg[0]/C
Min Period        n/a     FDSE/C       n/a            1.000         5.000       4.000      SLICE_X36Y72  outReg_reg[10]/C
Min Period        n/a     FDSE/C       n/a            1.000         5.000       4.000      SLICE_X36Y72  outReg_reg[11]/C
Min Period        n/a     FDSE/C       n/a            1.000         5.000       4.000      SLICE_X36Y72  outReg_reg[12]/C
Min Period        n/a     FDSE/C       n/a            1.000         5.000       4.000      SLICE_X36Y72  outReg_reg[13]/C
Min Period        n/a     FDSE/C       n/a            1.000         5.000       4.000      SLICE_X36Y72  outReg_reg[14]/C
Min Period        n/a     FDRE/C       n/a            1.000         5.000       4.000      SLICE_X37Y71  outReg_reg[15]/C
Min Period        n/a     FDRE/C       n/a            1.000         5.000       4.000      SLICE_X36Y73  outReg_reg[1]/C
Min Period        n/a     FDRE/C       n/a            1.000         5.000       4.000      SLICE_X36Y73  outReg_reg[2]/C
Low Pulse Width   Slow    SRL16E/CLK   n/a            0.980         2.500       1.520      SLICE_X34Y71  sA_infInput_r_2_reg_srl3/CLK
Low Pulse Width   Fast    SRL16E/CLK   n/a            0.980         2.500       1.520      SLICE_X34Y71  sA_infInput_r_2_reg_srl3/CLK
Low Pulse Width   Slow    SRL16E/CLK   n/a            0.980         2.500       1.520      SLICE_X34Y71  sA_isNaN_r_2_reg_srl3/CLK
Low Pulse Width   Fast    SRL16E/CLK   n/a            0.980         2.500       1.520      SLICE_X34Y71  sA_isNaN_r_2_reg_srl3/CLK
Low Pulse Width   Slow    SRL16E/CLK   n/a            0.980         2.500       1.520      SLICE_X34Y71  sA_sign_reg_srl4/CLK
Low Pulse Width   Fast    SRL16E/CLK   n/a            0.980         2.500       1.520      SLICE_X34Y71  sA_sign_reg_srl4/CLK
Low Pulse Width   Slow    SRL16E/CLK   n/a            0.980         2.500       1.520      SLICE_X34Y69  sA_tempExp_r_2_reg[0]_srl3/CLK
Low Pulse Width   Fast    SRL16E/CLK   n/a            0.980         2.500       1.520      SLICE_X34Y69  sA_tempExp_r_2_reg[0]_srl3/CLK
Low Pulse Width   Slow    SRL16E/CLK   n/a            0.980         2.500       1.520      SLICE_X34Y69  sA_tempExp_r_2_reg[1]_srl3/CLK
Low Pulse Width   Fast    SRL16E/CLK   n/a            0.980         2.500       1.520      SLICE_X34Y69  sA_tempExp_r_2_reg[1]_srl3/CLK
High Pulse Width  Slow    SRL16E/CLK   n/a            0.980         2.500       1.520      SLICE_X34Y71  sA_infInput_r_2_reg_srl3/CLK
High Pulse Width  Fast    SRL16E/CLK   n/a            0.980         2.500       1.520      SLICE_X34Y71  sA_infInput_r_2_reg_srl3/CLK
High Pulse Width  Slow    SRL16E/CLK   n/a            0.980         2.500       1.520      SLICE_X34Y71  sA_isNaN_r_2_reg_srl3/CLK
High Pulse Width  Fast    SRL16E/CLK   n/a            0.980         2.500       1.520      SLICE_X34Y71  sA_isNaN_r_2_reg_srl3/CLK
High Pulse Width  Slow    SRL16E/CLK   n/a            0.980         2.500       1.520      SLICE_X34Y71  sA_sign_reg_srl4/CLK
High Pulse Width  Fast    SRL16E/CLK   n/a            0.980         2.500       1.520      SLICE_X34Y71  sA_sign_reg_srl4/CLK
High Pulse Width  Slow    SRL16E/CLK   n/a            0.980         2.500       1.520      SLICE_X34Y69  sA_tempExp_r_2_reg[0]_srl3/CLK
High Pulse Width  Fast    SRL16E/CLK   n/a            0.980         2.500       1.520      SLICE_X34Y69  sA_tempExp_r_2_reg[0]_srl3/CLK
High Pulse Width  Slow    SRL16E/CLK   n/a            0.980         2.500       1.520      SLICE_X34Y69  sA_tempExp_r_2_reg[1]_srl3/CLK
High Pulse Width  Fast    SRL16E/CLK   n/a            0.980         2.500       1.520      SLICE_X34Y69  sA_tempExp_r_2_reg[1]_srl3/CLK



