Copyright 1986-2022 Xilinx, Inc. All Rights Reserved. Copyright 2022-2026 Advanced Micro Devices, Inc. All Rights Reserved.
---------------------------------------------------------------------------------------------------------------------------------------------
| Tool Version : Vivado v.2026.1 (lin64) Build 6511674 Tue Jun 16 11:01:26 MDT 2026
| Date         : Sun Sep 13 17:06:46 2026
| Host         : Nix-Los running 64-bit unknown
| Command      : report_timing_summary -max_paths 10 -file ./reports_fp16_d5_run01/timing_summary.rpt
| Design       : FPMul
| Device       : 7z020-clg400
| Speed File   : -1  PRODUCTION 1.12 2019-11-22
| Design State : Routed
---------------------------------------------------------------------------------------------------------------------------------------------

Timing Summary Report

------------------------------------------------------------------------------------------------
| Timer Settings
| --------------
------------------------------------------------------------------------------------------------

  Enable Multi Corner Analysis               :  Yes
  Enable Pessimism Removal                   :  Yes
  Pessimism Removal Resolution               :  Nearest Common Node
  Enable Input Delay Default Clock           :  No
  Enable Preset / Clear Arcs                 :  No
  Disable Flight Delays                      :  No
  Ignore I/O Paths                           :  No
  Timing Early Launch at Borrowing Latches   :  No
  Borrow Time for Max Delay Exceptions       :  Yes
  Merge Timing Exceptions                    :  Yes
  Inter-SLR Compensation                     :  Conservative

  Corner  Analyze    Analyze    
  Name    Max Paths  Min Paths  
  ------  ---------  ---------  
  Slow    Yes        Yes        
  Fast    Yes        Yes        


------------------------------------------------------------------------------------------------
| Report Methodology
| ------------------
------------------------------------------------------------------------------------------------

No report available as report_methodology has not been run prior. Run report_methodology on the current design for the summary of methodology violations.



check_timing report

Table of Contents
-----------------
1. checking no_clock (0)
2. checking constant_clock (0)
3. checking pulse_width_clock (0)
4. checking unconstrained_internal_endpoints (0)
5. checking no_input_delay (32)
6. checking no_output_delay (16)
7. checking multiple_clock (0)
8. checking generated_clocks (0)
9. checking loops (0)
10. checking partial_input_delay (0)
11. checking partial_output_delay (0)
12. checking latch_loops (0)

1. checking no_clock (0)
------------------------
 There are 0 register/latch pins with no clock.


2. checking constant_clock (0)
------------------------------
 There are 0 register/latch pins with constant_clock.


3. checking pulse_width_clock (0)
---------------------------------
 There are 0 register/latch pins which need pulse_width check


4. checking unconstrained_internal_endpoints (0)
------------------------------------------------
 There are 0 pins that are not constrained for maximum delay.

 There are 0 pins that are not constrained for maximum delay due to constant clock.


5. checking no_input_delay (32)
-------------------------------
 There are 32 input ports with no input delay specified. (HIGH)

 There are 0 input ports with no input delay but user has a false path constraint.


6. checking no_output_delay (16)
--------------------------------
 There are 16 ports with no output delay specified. (HIGH)

 There are 0 ports with no output delay but user has a false path constraint

 There are 0 ports with no output delay but with a timing clock defined on it or propagating through it


7. checking multiple_clock (0)
------------------------------
 There are 0 register/latch pins with multiple clocks.


8. checking generated_clocks (0)
--------------------------------
 There are 0 generated clocks that are not connected to a clock source.


9. checking loops (0)
---------------------
 There are 0 combinational loops in the design.


10. checking partial_input_delay (0)
------------------------------------
 There are 0 input ports with partial input delay specified.


11. checking partial_output_delay (0)
-------------------------------------
 There are 0 ports with partial output delay specified.


12. checking latch_loops (0)
----------------------------
 There are 0 combinational latch loops in the design through latch input



------------------------------------------------------------------------------------------------
| Design Timing Summary
| ---------------------
------------------------------------------------------------------------------------------------

    WNS(ns)      TNS(ns)  TNS Failing Endpoints  TNS Total Endpoints      WHS(ns)      THS(ns)  THS Failing Endpoints  THS Total Endpoints     WPWS(ns)     TPWS(ns)  TPWS Failing Endpoints  TPWS Total Endpoints  
    -------      -------  ---------------------  -------------------      -------      -------  ---------------------  -------------------     --------     --------  ----------------------  --------------------  
      0.915        0.000                      0                  108        0.157        0.000                      0                  108        1.520        0.000                       0                   106  


All user specified timing constraints are met.


------------------------------------------------------------------------------------------------
| Clock Summary
| -------------
------------------------------------------------------------------------------------------------

Clock    Waveform(ns)         Period(ns)      Frequency(MHz)
-----    ------------         ----------      --------------
sys_clk  {0.000 2.500}        5.000           200.000         


------------------------------------------------------------------------------------------------
| Intra Clock Table
| -----------------
------------------------------------------------------------------------------------------------

Clock             WNS(ns)      TNS(ns)  TNS Failing Endpoints  TNS Total Endpoints      WHS(ns)      THS(ns)  THS Failing Endpoints  THS Total Endpoints     WPWS(ns)     TPWS(ns)  TPWS Failing Endpoints  TPWS Total Endpoints  
-----             -------      -------  ---------------------  -------------------      -------      -------  ---------------------  -------------------     --------     --------  ----------------------  --------------------  
sys_clk             0.915        0.000                      0                  108        0.157        0.000                      0                  108        1.520        0.000                       0                   106  


------------------------------------------------------------------------------------------------
| Inter Clock Table
| -----------------
------------------------------------------------------------------------------------------------

From Clock    To Clock          WNS(ns)      TNS(ns)  TNS Failing Endpoints  TNS Total Endpoints      WHS(ns)      THS(ns)  THS Failing Endpoints  THS Total Endpoints  
----------    --------          -------      -------  ---------------------  -------------------      -------      -------  ---------------------  -------------------  


------------------------------------------------------------------------------------------------
| Other Path Groups Table
| -----------------------
------------------------------------------------------------------------------------------------

Path Group    From Clock    To Clock          WNS(ns)      TNS(ns)  TNS Failing Endpoints  TNS Total Endpoints      WHS(ns)      THS(ns)  THS Failing Endpoints  THS Total Endpoints  
----------    ----------    --------          -------      -------  ---------------------  -------------------      -------      -------  ---------------------  -------------------  


------------------------------------------------------------------------------------------------
| Timing Details
| --------------
------------------------------------------------------------------------------------------------


---------------------------------------------------------------------------------------------------
From Clock:  sys_clk
  To Clock:  sys_clk

Setup :            0  Failing Endpoints,  Worst Slack        0.915ns,  Total Violation        0.000ns
Hold  :            0  Failing Endpoints,  Worst Slack        0.157ns,  Total Violation        0.000ns
PW    :            0  Failing Endpoints,  Worst Slack        1.520ns,  Total Violation        0.000ns
---------------------------------------------------------------------------------------------------


Max Delay Paths
--------------------------------------------------------------------------------------
Slack (MET) :             0.915ns  (required time - arrival time)
  Source:                 sB_tempExp2_reg[2]/C
                            (rising edge-triggered cell FDRE clocked by sys_clk  {rise@0.000ns fall@2.500ns period=5.000ns})
  Destination:            outReg_reg[0]/R
                            (rising edge-triggered cell FDRE clocked by sys_clk  {rise@0.000ns fall@2.500ns period=5.000ns})
  Path Group:             sys_clk
  Path Type:              Setup (Max at Slow Process Corner)
  Requirement:            5.000ns  (sys_clk rise@5.000ns - sys_clk rise@0.000ns)
  Data Path Delay:        3.572ns  (logic 1.087ns (30.434%)  route 2.485ns (69.566%))
  Logic Levels:           4  (LUT3=1 LUT4=2 LUT5=1)
  Clock Path Skew:        -0.049ns (DCD - SCD + CPR)
    Destination Clock Delay (DCD):    0.924ns = ( 5.924 - 5.000 ) 
    Source Clock Delay      (SCD):    0.973ns
    Clock Pessimism Removal (CPR):    0.000ns
  Clock Uncertainty:      0.035ns  ((TSJ^2 + TIJ^2)^1/2 + DJ) / 2 + PE
    Total System Jitter     (TSJ):    0.071ns
    Total Input Jitter      (TIJ):    0.000ns
    Discrete Jitter          (DJ):    0.000ns
    Phase Error              (PE):    0.000ns

    Location             Delay type                Incr(ns)  Path(ns)    Netlist Resource(s)
  -------------------------------------------------------------------    -------------------
                         (clock sys_clk rise edge)    0.000     0.000 r  <hidden>
                                                      0.000     0.000 r  clock
                         net (fo=105, unset)          0.973     0.973    clock
    SLICE_X35Y69         FDRE                                         r  sB_tempExp2_reg[2]/C
  -------------------------------------------------------------------    -------------------
    SLICE_X35Y69         FDRE (Prop_fdre_C_Q)         0.419     1.392 r  sB_tempExp2_reg[2]/Q
                         net (fo=3, routed)           0.867     2.259    sB_tempExp2[2]
    SLICE_X35Y69         LUT4 (Prop_lut4_I0_O)        0.296     2.555 f  outReg[14]_i_6/O
                         net (fo=1, routed)           0.406     2.961    outReg[14]_i_6_n_0
    SLICE_X35Y71         LUT4 (Prop_lut4_I3_O)        0.124     3.085 r  outReg[14]_i_3/O
                         net (fo=2, routed)           0.417     3.502    outReg3
    SLICE_X35Y72         LUT5 (Prop_lut5_I2_O)        0.124     3.626 r  outReg[9]_i_2/O
                         net (fo=2, routed)           0.161     3.786    p_1_in
    SLICE_X35Y72         LUT3 (Prop_lut3_I2_O)        0.124     3.910 r  outReg[8]_i_1/O
                         net (fo=9, routed)           0.634     4.545    outReg[8]_i_1_n_0
    SLICE_X35Y72         FDRE                                         r  outReg_reg[0]/R
  -------------------------------------------------------------------    -------------------

                         (clock sys_clk rise edge)    5.000     5.000 r  <hidden>
                                                      0.000     5.000 r  clock
                         net (fo=105, unset)          0.924     5.924    clock
    SLICE_X35Y72         FDRE                                         r  outReg_reg[0]/C
                         clock pessimism              0.000     5.924    <hidden>
                         clock uncertainty           -0.035     5.889    <hidden>
    SLICE_X35Y72         FDRE (Setup_fdre_C_R)       -0.429     5.460    outReg_reg[0]
  -------------------------------------------------------------------
                         required time                          5.460    <hidden>
                         arrival time                          -4.545    <hidden>
  -------------------------------------------------------------------
                         slack                                  0.915    <hidden>

Slack (MET) :             0.945ns  (required time - arrival time)
  Source:                 sB_tempExp2_reg[2]/C
                            (rising edge-triggered cell FDRE clocked by sys_clk  {rise@0.000ns fall@2.500ns period=5.000ns})
  Destination:            outReg_reg[1]/R
                            (rising edge-triggered cell FDRE clocked by sys_clk  {rise@0.000ns fall@2.500ns period=5.000ns})
  Path Group:             sys_clk
  Path Type:              Setup (Max at Slow Process Corner)
  Requirement:            5.000ns  (sys_clk rise@5.000ns - sys_clk rise@0.000ns)
  Data Path Delay:        3.447ns  (logic 1.087ns (31.539%)  route 2.360ns (68.461%))
  Logic Levels:           4  (LUT3=1 LUT4=2 LUT5=1)
  Clock Path Skew:        -0.049ns (DCD - SCD + CPR)
    Destination Clock Delay (DCD):    0.924ns = ( 5.924 - 5.000 ) 
    Source Clock Delay      (SCD):    0.973ns
    Clock Pessimism Removal (CPR):    0.000ns
  Clock Uncertainty:      0.035ns  ((TSJ^2 + TIJ^2)^1/2 + DJ) / 2 + PE
    Total System Jitter     (TSJ):    0.071ns
    Total Input Jitter      (TIJ):    0.000ns
    Discrete Jitter          (DJ):    0.000ns
    Phase Error              (PE):    0.000ns

    Location             Delay type                Incr(ns)  Path(ns)    Netlist Resource(s)
  -------------------------------------------------------------------    -------------------
                         (clock sys_clk rise edge)    0.000     0.000 r  <hidden>
                                                      0.000     0.000 r  clock
                         net (fo=105, unset)          0.973     0.973    clock
    SLICE_X35Y69         FDRE                                         r  sB_tempExp2_reg[2]/C
  -------------------------------------------------------------------    -------------------
    SLICE_X35Y69         FDRE (Prop_fdre_C_Q)         0.419     1.392 r  sB_tempExp2_reg[2]/Q
                         net (fo=3, routed)           0.867     2.259    sB_tempExp2[2]
    SLICE_X35Y69         LUT4 (Prop_lut4_I0_O)        0.296     2.555 f  outReg[14]_i_6/O
                         net (fo=1, routed)           0.406     2.961    outReg[14]_i_6_n_0
    SLICE_X35Y71         LUT4 (Prop_lut4_I3_O)        0.124     3.085 r  outReg[14]_i_3/O
                         net (fo=2, routed)           0.417     3.502    outReg3
    SLICE_X35Y72         LUT5 (Prop_lut5_I2_O)        0.124     3.626 r  outReg[9]_i_2/O
                         net (fo=2, routed)           0.161     3.786    p_1_in
    SLICE_X35Y72         LUT3 (Prop_lut3_I2_O)        0.124     3.910 r  outReg[8]_i_1/O
                         net (fo=9, routed)           0.509     4.420    outReg[8]_i_1_n_0
    SLICE_X36Y72         FDRE                                         r  outReg_reg[1]/R
  -------------------------------------------------------------------    -------------------

                         (clock sys_clk rise edge)    5.000     5.000 r  <hidden>
                                                      0.000     5.000 r  clock
                         net (fo=105, unset)          0.924     5.924    clock
    SLICE_X36Y72         FDRE                                         r  outReg_reg[1]/C
                         clock pessimism              0.000     5.924    <hidden>
                         clock uncertainty           -0.035     5.889    <hidden>
    SLICE_X36Y72         FDRE (Setup_fdre_C_R)       -0.524     5.365    outReg_reg[1]
  -------------------------------------------------------------------
                         required time                          5.365    <hidden>
                         arrival time                          -4.420    <hidden>
  -------------------------------------------------------------------
                         slack                                  0.945    <hidden>

Slack (MET) :             0.945ns  (required time - arrival time)
  Source:                 sB_tempExp2_reg[2]/C
                            (rising edge-triggered cell FDRE clocked by sys_clk  {rise@0.000ns fall@2.500ns period=5.000ns})
  Destination:            outReg_reg[2]/R
                            (rising edge-triggered cell FDRE clocked by sys_clk  {rise@0.000ns fall@2.500ns period=5.000ns})
  Path Group:             sys_clk
  Path Type:              Setup (Max at Slow Process Corner)
  Requirement:            5.000ns  (sys_clk rise@5.000ns - sys_clk rise@0.000ns)
  Data Path Delay:        3.447ns  (logic 1.087ns (31.539%)  route 2.360ns (68.461%))
  Logic Levels:           4  (LUT3=1 LUT4=2 LUT5=1)
  Clock Path Skew:        -0.049ns (DCD - SCD + CPR)
    Destination Clock Delay (DCD):    0.924ns = ( 5.924 - 5.000 ) 
    Source Clock Delay      (SCD):    0.973ns
    Clock Pessimism Removal (CPR):    0.000ns
  Clock Uncertainty:      0.035ns  ((TSJ^2 + TIJ^2)^1/2 + DJ) / 2 + PE
    Total System Jitter     (TSJ):    0.071ns
    Total Input Jitter      (TIJ):    0.000ns
    Discrete Jitter          (DJ):    0.000ns
    Phase Error              (PE):    0.000ns

    Location             Delay type                Incr(ns)  Path(ns)    Netlist Resource(s)
  -------------------------------------------------------------------    -------------------
                         (clock sys_clk rise edge)    0.000     0.000 r  <hidden>
                                                      0.000     0.000 r  clock
                         net (fo=105, unset)          0.973     0.973    clock
    SLICE_X35Y69         FDRE                                         r  sB_tempExp2_reg[2]/C
  -------------------------------------------------------------------    -------------------
    SLICE_X35Y69         FDRE (Prop_fdre_C_Q)         0.419     1.392 r  sB_tempExp2_reg[2]/Q
                         net (fo=3, routed)           0.867     2.259    sB_tempExp2[2]
    SLICE_X35Y69         LUT4 (Prop_lut4_I0_O)        0.296     2.555 f  outReg[14]_i_6/O
                         net (fo=1, routed)           0.406     2.961    outReg[14]_i_6_n_0
    SLICE_X35Y71         LUT4 (Prop_lut4_I3_O)        0.124     3.085 r  outReg[14]_i_3/O
                         net (fo=2, routed)           0.417     3.502    outReg3
    SLICE_X35Y72         LUT5 (Prop_lut5_I2_O)        0.124     3.626 r  outReg[9]_i_2/O
                         net (fo=2, routed)           0.161     3.786    p_1_in
    SLICE_X35Y72         LUT3 (Prop_lut3_I2_O)        0.124     3.910 r  outReg[8]_i_1/O
                         net (fo=9, routed)           0.509     4.420    outReg[8]_i_1_n_0
    SLICE_X36Y72         FDRE                                         r  outReg_reg[2]/R
  -------------------------------------------------------------------    -------------------

                         (clock sys_clk rise edge)    5.000     5.000 r  <hidden>
                                                      0.000     5.000 r  clock
                         net (fo=105, unset)          0.924     5.924    clock
    SLICE_X36Y72         FDRE                                         r  outReg_reg[2]/C
                         clock pessimism              0.000     5.924    <hidden>
                         clock uncertainty           -0.035     5.889    <hidden>
    SLICE_X36Y72         FDRE (Setup_fdre_C_R)       -0.524     5.365    outReg_reg[2]
  -------------------------------------------------------------------
                         required time                          5.365    <hidden>
                         arrival time                          -4.420    <hidden>
  -------------------------------------------------------------------
                         slack                                  0.945    <hidden>

Slack (MET) :             0.945ns  (required time - arrival time)
  Source:                 sB_tempExp2_reg[2]/C
                            (rising edge-triggered cell FDRE clocked by sys_clk  {rise@0.000ns fall@2.500ns period=5.000ns})
  Destination:            outReg_reg[4]/R
                            (rising edge-triggered cell FDRE clocked by sys_clk  {rise@0.000ns fall@2.500ns period=5.000ns})
  Path Group:             sys_clk
  Path Type:              Setup (Max at Slow Process Corner)
  Requirement:            5.000ns  (sys_clk rise@5.000ns - sys_clk rise@0.000ns)
  Data Path Delay:        3.447ns  (logic 1.087ns (31.539%)  route 2.360ns (68.461%))
  Logic Levels:           4  (LUT3=1 LUT4=2 LUT5=1)
  Clock Path Skew:        -0.049ns (DCD - SCD + CPR)
    Destination Clock Delay (DCD):    0.924ns = ( 5.924 - 5.000 ) 
    Source Clock Delay      (SCD):    0.973ns
    Clock Pessimism Removal (CPR):    0.000ns
  Clock Uncertainty:      0.035ns  ((TSJ^2 + TIJ^2)^1/2 + DJ) / 2 + PE
    Total System Jitter     (TSJ):    0.071ns
    Total Input Jitter      (TIJ):    0.000ns
    Discrete Jitter          (DJ):    0.000ns
    Phase Error              (PE):    0.000ns

    Location             Delay type                Incr(ns)  Path(ns)    Netlist Resource(s)
  -------------------------------------------------------------------    -------------------
                         (clock sys_clk rise edge)    0.000     0.000 r  <hidden>
                                                      0.000     0.000 r  clock
                         net (fo=105, unset)          0.973     0.973    clock
    SLICE_X35Y69         FDRE                                         r  sB_tempExp2_reg[2]/C
  -------------------------------------------------------------------    -------------------
    SLICE_X35Y69         FDRE (Prop_fdre_C_Q)         0.419     1.392 r  sB_tempExp2_reg[2]/Q
                         net (fo=3, routed)           0.867     2.259    sB_tempExp2[2]
    SLICE_X35Y69         LUT4 (Prop_lut4_I0_O)        0.296     2.555 f  outReg[14]_i_6/O
                         net (fo=1, routed)           0.406     2.961    outReg[14]_i_6_n_0
    SLICE_X35Y71         LUT4 (Prop_lut4_I3_O)        0.124     3.085 r  outReg[14]_i_3/O
                         net (fo=2, routed)           0.417     3.502    outReg3
    SLICE_X35Y72         LUT5 (Prop_lut5_I2_O)        0.124     3.626 r  outReg[9]_i_2/O
                         net (fo=2, routed)           0.161     3.786    p_1_in
    SLICE_X35Y72         LUT3 (Prop_lut3_I2_O)        0.124     3.910 r  outReg[8]_i_1/O
                         net (fo=9, routed)           0.509     4.420    outReg[8]_i_1_n_0
    SLICE_X36Y72         FDRE                                         r  outReg_reg[4]/R
  -------------------------------------------------------------------    -------------------

                         (clock sys_clk rise edge)    5.000     5.000 r  <hidden>
                                                      0.000     5.000 r  clock
                         net (fo=105, unset)          0.924     5.924    clock
    SLICE_X36Y72         FDRE                                         r  outReg_reg[4]/C
                         clock pessimism              0.000     5.924    <hidden>
                         clock uncertainty           -0.035     5.889    <hidden>
    SLICE_X36Y72         FDRE (Setup_fdre_C_R)       -0.524     5.365    outReg_reg[4]
  -------------------------------------------------------------------
                         required time                          5.365    <hidden>
                         arrival time                          -4.420    <hidden>
  -------------------------------------------------------------------
                         slack                                  0.945    <hidden>

Slack (MET) :             0.945ns  (required time - arrival time)
  Source:                 sB_tempExp2_reg[2]/C
                            (rising edge-triggered cell FDRE clocked by sys_clk  {rise@0.000ns fall@2.500ns period=5.000ns})
  Destination:            outReg_reg[5]/R
                            (rising edge-triggered cell FDRE clocked by sys_clk  {rise@0.000ns fall@2.500ns period=5.000ns})
  Path Group:             sys_clk
  Path Type:              Setup (Max at Slow Process Corner)
  Requirement:            5.000ns  (sys_clk rise@5.000ns - sys_clk rise@0.000ns)
  Data Path Delay:        3.447ns  (logic 1.087ns (31.539%)  route 2.360ns (68.461%))
  Logic Levels:           4  (LUT3=1 LUT4=2 LUT5=1)
  Clock Path Skew:        -0.049ns (DCD - SCD + CPR)
    Destination Clock Delay (DCD):    0.924ns = ( 5.924 - 5.000 ) 
    Source Clock Delay      (SCD):    0.973ns
    Clock Pessimism Removal (CPR):    0.000ns
  Clock Uncertainty:      0.035ns  ((TSJ^2 + TIJ^2)^1/2 + DJ) / 2 + PE
    Total System Jitter     (TSJ):    0.071ns
    Total Input Jitter      (TIJ):    0.000ns
    Discrete Jitter          (DJ):    0.000ns
    Phase Error              (PE):    0.000ns

    Location             Delay type                Incr(ns)  Path(ns)    Netlist Resource(s)
  -------------------------------------------------------------------    -------------------
                         (clock sys_clk rise edge)    0.000     0.000 r  <hidden>
                                                      0.000     0.000 r  clock
                         net (fo=105, unset)          0.973     0.973    clock
    SLICE_X35Y69         FDRE                                         r  sB_tempExp2_reg[2]/C
  -------------------------------------------------------------------    -------------------
    SLICE_X35Y69         FDRE (Prop_fdre_C_Q)         0.419     1.392 r  sB_tempExp2_reg[2]/Q
                         net (fo=3, routed)           0.867     2.259    sB_tempExp2[2]
    SLICE_X35Y69         LUT4 (Prop_lut4_I0_O)        0.296     2.555 f  outReg[14]_i_6/O
                         net (fo=1, routed)           0.406     2.961    outReg[14]_i_6_n_0
    SLICE_X35Y71         LUT4 (Prop_lut4_I3_O)        0.124     3.085 r  outReg[14]_i_3/O
                         net (fo=2, routed)           0.417     3.502    outReg3
    SLICE_X35Y72         LUT5 (Prop_lut5_I2_O)        0.124     3.626 r  outReg[9]_i_2/O
                         net (fo=2, routed)           0.161     3.786    p_1_in
    SLICE_X35Y72         LUT3 (Prop_lut3_I2_O)        0.124     3.910 r  outReg[8]_i_1/O
                         net (fo=9, routed)           0.509     4.420    outReg[8]_i_1_n_0
    SLICE_X36Y72         FDRE                                         r  outReg_reg[5]/R
  -------------------------------------------------------------------    -------------------

                         (clock sys_clk rise edge)    5.000     5.000 r  <hidden>
                                                      0.000     5.000 r  clock
                         net (fo=105, unset)          0.924     5.924    clock
    SLICE_X36Y72         FDRE                                         r  outReg_reg[5]/C
                         clock pessimism              0.000     5.924    <hidden>
                         clock uncertainty           -0.035     5.889    <hidden>
    SLICE_X36Y72         FDRE (Setup_fdre_C_R)       -0.524     5.365    outReg_reg[5]
  -------------------------------------------------------------------
                         required time                          5.365    <hidden>
                         arrival time                          -4.420    <hidden>
  -------------------------------------------------------------------
                         slack                                  0.945    <hidden>

Slack (MET) :             0.945ns  (required time - arrival time)
  Source:                 sB_tempExp2_reg[2]/C
                            (rising edge-triggered cell FDRE clocked by sys_clk  {rise@0.000ns fall@2.500ns period=5.000ns})
  Destination:            outReg_reg[8]/R
                            (rising edge-triggered cell FDRE clocked by sys_clk  {rise@0.000ns fall@2.500ns period=5.000ns})
  Path Group:             sys_clk
  Path Type:              Setup (Max at Slow Process Corner)
  Requirement:            5.000ns  (sys_clk rise@5.000ns - sys_clk rise@0.000ns)
  Data Path Delay:        3.447ns  (logic 1.087ns (31.539%)  route 2.360ns (68.461%))
  Logic Levels:           4  (LUT3=1 LUT4=2 LUT5=1)
  Clock Path Skew:        -0.049ns (DCD - SCD + CPR)
    Destination Clock Delay (DCD):    0.924ns = ( 5.924 - 5.000 ) 
    Source Clock Delay      (SCD):    0.973ns
    Clock Pessimism Removal (CPR):    0.000ns
  Clock Uncertainty:      0.035ns  ((TSJ^2 + TIJ^2)^1/2 + DJ) / 2 + PE
    Total System Jitter     (TSJ):    0.071ns
    Total Input Jitter      (TIJ):    0.000ns
    Discrete Jitter          (DJ):    0.000ns
    Phase Error              (PE):    0.000ns

    Location             Delay type                Incr(ns)  Path(ns)    Netlist Resource(s)
  -------------------------------------------------------------------    -------------------
                         (clock sys_clk rise edge)    0.000     0.000 r  <hidden>
                                                      0.000     0.000 r  clock
                         net (fo=105, unset)          0.973     0.973    clock
    SLICE_X35Y69         FDRE                                         r  sB_tempExp2_reg[2]/C
  -------------------------------------------------------------------    -------------------
    SLICE_X35Y69         FDRE (Prop_fdre_C_Q)         0.419     1.392 r  sB_tempExp2_reg[2]/Q
                         net (fo=3, routed)           0.867     2.259    sB_tempExp2[2]
    SLICE_X35Y69         LUT4 (Prop_lut4_I0_O)        0.296     2.555 f  outReg[14]_i_6/O
                         net (fo=1, routed)           0.406     2.961    outReg[14]_i_6_n_0
    SLICE_X35Y71         LUT4 (Prop_lut4_I3_O)        0.124     3.085 r  outReg[14]_i_3/O
                         net (fo=2, routed)           0.417     3.502    outReg3
    SLICE_X35Y72         LUT5 (Prop_lut5_I2_O)        0.124     3.626 r  outReg[9]_i_2/O
                         net (fo=2, routed)           0.161     3.786    p_1_in
    SLICE_X35Y72         LUT3 (Prop_lut3_I2_O)        0.124     3.910 r  outReg[8]_i_1/O
                         net (fo=9, routed)           0.509     4.420    outReg[8]_i_1_n_0
    SLICE_X36Y72         FDRE                                         r  outReg_reg[8]/R
  -------------------------------------------------------------------    -------------------

                         (clock sys_clk rise edge)    5.000     5.000 r  <hidden>
                                                      0.000     5.000 r  clock
                         net (fo=105, unset)          0.924     5.924    clock
    SLICE_X36Y72         FDRE                                         r  outReg_reg[8]/C
                         clock pessimism              0.000     5.924    <hidden>
                         clock uncertainty           -0.035     5.889    <hidden>
    SLICE_X36Y72         FDRE (Setup_fdre_C_R)       -0.524     5.365    outReg_reg[8]
  -------------------------------------------------------------------
                         required time                          5.365    <hidden>
                         arrival time                          -4.420    <hidden>
  -------------------------------------------------------------------
                         slack                                  0.945    <hidden>

Slack (MET) :             1.040ns  (required time - arrival time)
  Source:                 sB_tempExp2_reg[2]/C
                            (rising edge-triggered cell FDRE clocked by sys_clk  {rise@0.000ns fall@2.500ns period=5.000ns})
  Destination:            outReg_reg[3]/R
                            (rising edge-triggered cell FDRE clocked by sys_clk  {rise@0.000ns fall@2.500ns period=5.000ns})
  Path Group:             sys_clk
  Path Type:              Setup (Max at Slow Process Corner)
  Requirement:            5.000ns  (sys_clk rise@5.000ns - sys_clk rise@0.000ns)
  Data Path Delay:        3.447ns  (logic 1.087ns (31.539%)  route 2.360ns (68.461%))
  Logic Levels:           4  (LUT3=1 LUT4=2 LUT5=1)
  Clock Path Skew:        -0.049ns (DCD - SCD + CPR)
    Destination Clock Delay (DCD):    0.924ns = ( 5.924 - 5.000 ) 
    Source Clock Delay      (SCD):    0.973ns
    Clock Pessimism Removal (CPR):    0.000ns
  Clock Uncertainty:      0.035ns  ((TSJ^2 + TIJ^2)^1/2 + DJ) / 2 + PE
    Total System Jitter     (TSJ):    0.071ns
    Total Input Jitter      (TIJ):    0.000ns
    Discrete Jitter          (DJ):    0.000ns
    Phase Error              (PE):    0.000ns

    Location             Delay type                Incr(ns)  Path(ns)    Netlist Resource(s)
  -------------------------------------------------------------------    -------------------
                         (clock sys_clk rise edge)    0.000     0.000 r  <hidden>
                                                      0.000     0.000 r  clock
                         net (fo=105, unset)          0.973     0.973    clock
    SLICE_X35Y69         FDRE                                         r  sB_tempExp2_reg[2]/C
  -------------------------------------------------------------------    -------------------
    SLICE_X35Y69         FDRE (Prop_fdre_C_Q)         0.419     1.392 r  sB_tempExp2_reg[2]/Q
                         net (fo=3, routed)           0.867     2.259    sB_tempExp2[2]
    SLICE_X35Y69         LUT4 (Prop_lut4_I0_O)        0.296     2.555 f  outReg[14]_i_6/O
                         net (fo=1, routed)           0.406     2.961    outReg[14]_i_6_n_0
    SLICE_X35Y71         LUT4 (Prop_lut4_I3_O)        0.124     3.085 r  outReg[14]_i_3/O
                         net (fo=2, routed)           0.417     3.502    outReg3
    SLICE_X35Y72         LUT5 (Prop_lut5_I2_O)        0.124     3.626 r  outReg[9]_i_2/O
                         net (fo=2, routed)           0.161     3.786    p_1_in
    SLICE_X35Y72         LUT3 (Prop_lut3_I2_O)        0.124     3.910 r  outReg[8]_i_1/O
                         net (fo=9, routed)           0.509     4.420    outReg[8]_i_1_n_0
    SLICE_X37Y72         FDRE                                         r  outReg_reg[3]/R
  -------------------------------------------------------------------    -------------------

                         (clock sys_clk rise edge)    5.000     5.000 r  <hidden>
                                                      0.000     5.000 r  clock
                         net (fo=105, unset)          0.924     5.924    clock
    SLICE_X37Y72         FDRE                                         r  outReg_reg[3]/C
                         clock pessimism              0.000     5.924    <hidden>
                         clock uncertainty           -0.035     5.889    <hidden>
    SLICE_X37Y72         FDRE (Setup_fdre_C_R)       -0.429     5.460    outReg_reg[3]
  -------------------------------------------------------------------
                         required time                          5.460    <hidden>
                         arrival time                          -4.420    <hidden>
  -------------------------------------------------------------------
                         slack                                  1.040    <hidden>

Slack (MET) :             1.040ns  (required time - arrival time)
  Source:                 sB_tempExp2_reg[2]/C
                            (rising edge-triggered cell FDRE clocked by sys_clk  {rise@0.000ns fall@2.500ns period=5.000ns})
  Destination:            outReg_reg[6]/R
                            (rising edge-triggered cell FDRE clocked by sys_clk  {rise@0.000ns fall@2.500ns period=5.000ns})
  Path Group:             sys_clk
  Path Type:              Setup (Max at Slow Process Corner)
  Requirement:            5.000ns  (sys_clk rise@5.000ns - sys_clk rise@0.000ns)
  Data Path Delay:        3.447ns  (logic 1.087ns (31.539%)  route 2.360ns (68.461%))
  Logic Levels:           4  (LUT3=1 LUT4=2 LUT5=1)
  Clock Path Skew:        -0.049ns (DCD - SCD + CPR)
    Destination Clock Delay (DCD):    0.924ns = ( 5.924 - 5.000 ) 
    Source Clock Delay      (SCD):    0.973ns
    Clock Pessimism Removal (CPR):    0.000ns
  Clock Uncertainty:      0.035ns  ((TSJ^2 + TIJ^2)^1/2 + DJ) / 2 + PE
    Total System Jitter     (TSJ):    0.071ns
    Total Input Jitter      (TIJ):    0.000ns
    Discrete Jitter          (DJ):    0.000ns
    Phase Error              (PE):    0.000ns

    Location             Delay type                Incr(ns)  Path(ns)    Netlist Resource(s)
  -------------------------------------------------------------------    -------------------
                         (clock sys_clk rise edge)    0.000     0.000 r  <hidden>
                                                      0.000     0.000 r  clock
                         net (fo=105, unset)          0.973     0.973    clock
    SLICE_X35Y69         FDRE                                         r  sB_tempExp2_reg[2]/C
  -------------------------------------------------------------------    -------------------
    SLICE_X35Y69         FDRE (Prop_fdre_C_Q)         0.419     1.392 r  sB_tempExp2_reg[2]/Q
                         net (fo=3, routed)           0.867     2.259    sB_tempExp2[2]
    SLICE_X35Y69         LUT4 (Prop_lut4_I0_O)        0.296     2.555 f  outReg[14]_i_6/O
                         net (fo=1, routed)           0.406     2.961    outReg[14]_i_6_n_0
    SLICE_X35Y71         LUT4 (Prop_lut4_I3_O)        0.124     3.085 r  outReg[14]_i_3/O
                         net (fo=2, routed)           0.417     3.502    outReg3
    SLICE_X35Y72         LUT5 (Prop_lut5_I2_O)        0.124     3.626 r  outReg[9]_i_2/O
                         net (fo=2, routed)           0.161     3.786    p_1_in
    SLICE_X35Y72         LUT3 (Prop_lut3_I2_O)        0.124     3.910 r  outReg[8]_i_1/O
                         net (fo=9, routed)           0.509     4.420    outReg[8]_i_1_n_0
    SLICE_X37Y72         FDRE                                         r  outReg_reg[6]/R
  -------------------------------------------------------------------    -------------------

                         (clock sys_clk rise edge)    5.000     5.000 r  <hidden>
                                                      0.000     5.000 r  clock
                         net (fo=105, unset)          0.924     5.924    clock
    SLICE_X37Y72         FDRE                                         r  outReg_reg[6]/C
                         clock pessimism              0.000     5.924    <hidden>
                         clock uncertainty           -0.035     5.889    <hidden>
    SLICE_X37Y72         FDRE (Setup_fdre_C_R)       -0.429     5.460    outReg_reg[6]
  -------------------------------------------------------------------
                         required time                          5.460    <hidden>
                         arrival time                          -4.420    <hidden>
  -------------------------------------------------------------------
                         slack                                  1.040    <hidden>

Slack (MET) :             1.040ns  (required time - arrival time)
  Source:                 sB_tempExp2_reg[2]/C
                            (rising edge-triggered cell FDRE clocked by sys_clk  {rise@0.000ns fall@2.500ns period=5.000ns})
  Destination:            outReg_reg[7]/R
                            (rising edge-triggered cell FDRE clocked by sys_clk  {rise@0.000ns fall@2.500ns period=5.000ns})
  Path Group:             sys_clk
  Path Type:              Setup (Max at Slow Process Corner)
  Requirement:            5.000ns  (sys_clk rise@5.000ns - sys_clk rise@0.000ns)
  Data Path Delay:        3.447ns  (logic 1.087ns (31.539%)  route 2.360ns (68.461%))
  Logic Levels:           4  (LUT3=1 LUT4=2 LUT5=1)
  Clock Path Skew:        -0.049ns (DCD - SCD + CPR)
    Destination Clock Delay (DCD):    0.924ns = ( 5.924 - 5.000 ) 
    Source Clock Delay      (SCD):    0.973ns
    Clock Pessimism Removal (CPR):    0.000ns
  Clock Uncertainty:      0.035ns  ((TSJ^2 + TIJ^2)^1/2 + DJ) / 2 + PE
    Total System Jitter     (TSJ):    0.071ns
    Total Input Jitter      (TIJ):    0.000ns
    Discrete Jitter          (DJ):    0.000ns
    Phase Error              (PE):    0.000ns

    Location             Delay type                Incr(ns)  Path(ns)    Netlist Resource(s)
  -------------------------------------------------------------------    -------------------
                         (clock sys_clk rise edge)    0.000     0.000 r  <hidden>
                                                      0.000     0.000 r  clock
                         net (fo=105, unset)          0.973     0.973    clock
    SLICE_X35Y69         FDRE                                         r  sB_tempExp2_reg[2]/C
  -------------------------------------------------------------------    -------------------
    SLICE_X35Y69         FDRE (Prop_fdre_C_Q)         0.419     1.392 r  sB_tempExp2_reg[2]/Q
                         net (fo=3, routed)           0.867     2.259    sB_tempExp2[2]
    SLICE_X35Y69         LUT4 (Prop_lut4_I0_O)        0.296     2.555 f  outReg[14]_i_6/O
                         net (fo=1, routed)           0.406     2.961    outReg[14]_i_6_n_0
    SLICE_X35Y71         LUT4 (Prop_lut4_I3_O)        0.124     3.085 r  outReg[14]_i_3/O
                         net (fo=2, routed)           0.417     3.502    outReg3
    SLICE_X35Y72         LUT5 (Prop_lut5_I2_O)        0.124     3.626 r  outReg[9]_i_2/O
                         net (fo=2, routed)           0.161     3.786    p_1_in
    SLICE_X35Y72         LUT3 (Prop_lut3_I2_O)        0.124     3.910 r  outReg[8]_i_1/O
                         net (fo=9, routed)           0.509     4.420    outReg[8]_i_1_n_0
    SLICE_X37Y72         FDRE                                         r  outReg_reg[7]/R
  -------------------------------------------------------------------    -------------------

                         (clock sys_clk rise edge)    5.000     5.000 r  <hidden>
                                                      0.000     5.000 r  clock
                         net (fo=105, unset)          0.924     5.924    clock
    SLICE_X37Y72         FDRE                                         r  outReg_reg[7]/C
                         clock pessimism              0.000     5.924    <hidden>
                         clock uncertainty           -0.035     5.889    <hidden>
    SLICE_X37Y72         FDRE (Setup_fdre_C_R)       -0.429     5.460    outReg_reg[7]
  -------------------------------------------------------------------
                         required time                          5.460    <hidden>
                         arrival time                          -4.420    <hidden>
  -------------------------------------------------------------------
                         slack                                  1.040    <hidden>

Slack (MET) :             1.085ns  (required time - arrival time)
  Source:                 sB_sig_reg[3]/C
                            (rising edge-triggered cell FDRE clocked by sys_clk  {rise@0.000ns fall@2.500ns period=5.000ns})
  Destination:            outReg_reg[10]/S
                            (rising edge-triggered cell FDSE clocked by sys_clk  {rise@0.000ns fall@2.500ns period=5.000ns})
  Path Group:             sys_clk
  Path Type:              Setup (Max at Slow Process Corner)
  Requirement:            5.000ns  (sys_clk rise@5.000ns - sys_clk rise@0.000ns)
  Data Path Delay:        3.307ns  (logic 0.890ns (26.911%)  route 2.417ns (73.089%))
  Logic Levels:           3  (LUT4=1 LUT5=1 LUT6=1)
  Clock Path Skew:        -0.049ns (DCD - SCD + CPR)
    Destination Clock Delay (DCD):    0.924ns = ( 5.924 - 5.000 ) 
    Source Clock Delay      (SCD):    0.973ns
    Clock Pessimism Removal (CPR):    0.000ns
  Clock Uncertainty:      0.035ns  ((TSJ^2 + TIJ^2)^1/2 + DJ) / 2 + PE
    Total System Jitter     (TSJ):    0.071ns
    Total Input Jitter      (TIJ):    0.000ns
    Discrete Jitter          (DJ):    0.000ns
    Phase Error              (PE):    0.000ns

    Location             Delay type                Incr(ns)  Path(ns)    Netlist Resource(s)
  -------------------------------------------------------------------    -------------------
                         (clock sys_clk rise edge)    0.000     0.000 r  <hidden>
                                                      0.000     0.000 r  clock
                         net (fo=105, unset)          0.973     0.973    clock
    SLICE_X38Y72         FDRE                                         r  sB_sig_reg[3]/C
  -------------------------------------------------------------------    -------------------
    SLICE_X38Y72         FDRE (Prop_fdre_C_Q)         0.518     1.491 r  sB_sig_reg[3]/Q
                         net (fo=3, routed)           0.798     2.289    sB_sig_reg_n_0_[3]
    SLICE_X37Y72         LUT4 (Prop_lut4_I1_O)        0.124     2.413 f  outReg[14]_i_7/O
                         net (fo=1, routed)           0.476     2.889    outReg[14]_i_7_n_0
    SLICE_X36Y72         LUT6 (Prop_lut6_I1_O)        0.124     3.013 r  outReg[14]_i_4/O
                         net (fo=6, routed)           0.603     3.616    p_0_in3_out
    SLICE_X35Y71         LUT5 (Prop_lut5_I3_O)        0.124     3.740 r  outReg[14]_i_1/O
                         net (fo=5, routed)           0.540     4.280    p_0_in2_out
    SLICE_X34Y72         FDSE                                         r  outReg_reg[10]/S
  -------------------------------------------------------------------    -------------------

                         (clock sys_clk rise edge)    5.000     5.000 r  <hidden>
                                                      0.000     5.000 r  clock
                         net (fo=105, unset)          0.924     5.924    clock
    SLICE_X34Y72         FDSE                                         r  outReg_reg[10]/C
                         clock pessimism              0.000     5.924    <hidden>
                         clock uncertainty           -0.035     5.889    <hidden>
    SLICE_X34Y72         FDSE (Setup_fdse_C_S)       -0.524     5.365    outReg_reg[10]
  -------------------------------------------------------------------
                         required time                          5.365    <hidden>
                         arrival time                          -4.280    <hidden>
  -------------------------------------------------------------------
                         slack                                  1.085    <hidden>





Min Delay Paths
--------------------------------------------------------------------------------------
Slack (MET) :             0.157ns  (arrival time - required time)
  Source:                 sA_tempSig_r_4_reg[14]/C
                            (rising edge-triggered cell FDRE clocked by sys_clk  {rise@0.000ns fall@2.500ns period=5.000ns})
  Destination:            sA_tempSig_reg[14]/D
                            (rising edge-triggered cell FDRE clocked by sys_clk  {rise@0.000ns fall@2.500ns period=5.000ns})
  Path Group:             sys_clk
  Path Type:              Hold (Min at Fast Process Corner)
  Requirement:            0.000ns  (sys_clk rise@0.000ns - sys_clk rise@0.000ns)
  Data Path Delay:        0.251ns  (logic 0.141ns (56.174%)  route 0.110ns (43.826%))
  Logic Levels:           0  
  Clock Path Skew:        0.022ns (DCD - SCD - CPR)
    Destination Clock Delay (DCD):    0.432ns
    Source Clock Delay      (SCD):    0.410ns
    Clock Pessimism Removal (CPR):    -0.000ns

    Location             Delay type                Incr(ns)  Path(ns)    Netlist Resource(s)
  -------------------------------------------------------------------    -------------------
                         (clock sys_clk rise edge)    0.000     0.000 r  <hidden>
                                                      0.000     0.000 r  clock
                         net (fo=105, unset)          0.410     0.410    clock
    SLICE_X39Y73         FDRE                                         r  sA_tempSig_r_4_reg[14]/C
  -------------------------------------------------------------------    -------------------
    SLICE_X39Y73         FDRE (Prop_fdre_C_Q)         0.141     0.551 r  sA_tempSig_r_4_reg[14]/Q
                         net (fo=1, routed)           0.110     0.661    sA_tempSig_r_4[14]
    SLICE_X39Y73         FDRE                                         r  sA_tempSig_reg[14]/D
  -------------------------------------------------------------------    -------------------

                         (clock sys_clk rise edge)    0.000     0.000 r  <hidden>
                                                      0.000     0.000 r  clock
                         net (fo=105, unset)          0.432     0.432    clock
    SLICE_X39Y73         FDRE                                         r  sA_tempSig_reg[14]/C
                         clock pessimism              0.000     0.432    <hidden>
    SLICE_X39Y73         FDRE (Hold_fdre_C_D)         0.072     0.504    sA_tempSig_reg[14]
  -------------------------------------------------------------------
                         required time                         -0.504    <hidden>
                         arrival time                           0.661    <hidden>
  -------------------------------------------------------------------
                         slack                                  0.157    <hidden>

Slack (MET) :             0.184ns  (arrival time - required time)
  Source:                 sB_sig_reg[5]/C
                            (rising edge-triggered cell FDRE clocked by sys_clk  {rise@0.000ns fall@2.500ns period=5.000ns})
  Destination:            outReg_reg[8]/D
                            (rising edge-triggered cell FDRE clocked by sys_clk  {rise@0.000ns fall@2.500ns period=5.000ns})
  Path Group:             sys_clk
  Path Type:              Hold (Min at Fast Process Corner)
  Requirement:            0.000ns  (sys_clk rise@0.000ns - sys_clk rise@0.000ns)
  Data Path Delay:        0.326ns  (logic 0.186ns (57.018%)  route 0.140ns (42.982%))
  Logic Levels:           1  (LUT6=1)
  Clock Path Skew:        0.022ns (DCD - SCD - CPR)
    Destination Clock Delay (DCD):    0.432ns
    Source Clock Delay      (SCD):    0.410ns
    Clock Pessimism Removal (CPR):    -0.000ns

    Location             Delay type                Incr(ns)  Path(ns)    Netlist Resource(s)
  -------------------------------------------------------------------    -------------------
                         (clock sys_clk rise edge)    0.000     0.000 r  <hidden>
                                                      0.000     0.000 r  clock
                         net (fo=105, unset)          0.410     0.410    clock
    SLICE_X37Y73         FDRE                                         r  sB_sig_reg[5]/C
  -------------------------------------------------------------------    -------------------
    SLICE_X37Y73         FDRE (Prop_fdre_C_Q)         0.141     0.551 r  sB_sig_reg[5]/Q
                         net (fo=6, routed)           0.140     0.691    sB_sig_reg_n_0_[5]
    SLICE_X36Y72         LUT6 (Prop_lut6_I3_O)        0.045     0.736 r  outReg[8]_i_2/O
                         net (fo=1, routed)           0.000     0.736    outReg[8]_i_2_n_0
    SLICE_X36Y72         FDRE                                         r  outReg_reg[8]/D
  -------------------------------------------------------------------    -------------------

                         (clock sys_clk rise edge)    0.000     0.000 r  <hidden>
                                                      0.000     0.000 r  clock
                         net (fo=105, unset)          0.432     0.432    clock
    SLICE_X36Y72         FDRE                                         r  outReg_reg[8]/C
                         clock pessimism              0.000     0.432    <hidden>
    SLICE_X36Y72         FDRE (Hold_fdre_C_D)         0.121     0.553    outReg_reg[8]
  -------------------------------------------------------------------
                         required time                         -0.553    <hidden>
                         arrival time                           0.736    <hidden>
  -------------------------------------------------------------------
                         slack                                  0.184    <hidden>

Slack (MET) :             0.189ns  (arrival time - required time)
  Source:                 sA_tempSig_r_4_reg[10]/C
                            (rising edge-triggered cell FDRE clocked by sys_clk  {rise@0.000ns fall@2.500ns period=5.000ns})
  Destination:            sA_tempSig_reg[10]/D
                            (rising edge-triggered cell FDRE clocked by sys_clk  {rise@0.000ns fall@2.500ns period=5.000ns})
  Path Group:             sys_clk
  Path Type:              Hold (Min at Fast Process Corner)
  Requirement:            0.000ns  (sys_clk rise@0.000ns - sys_clk rise@0.000ns)
  Data Path Delay:        0.274ns  (logic 0.164ns (59.853%)  route 0.110ns (40.147%))
  Logic Levels:           0  
  Clock Path Skew:        0.022ns (DCD - SCD - CPR)
    Destination Clock Delay (DCD):    0.432ns
    Source Clock Delay      (SCD):    0.410ns
    Clock Pessimism Removal (CPR):    -0.000ns

    Location             Delay type                Incr(ns)  Path(ns)    Netlist Resource(s)
  -------------------------------------------------------------------    -------------------
                         (clock sys_clk rise edge)    0.000     0.000 r  <hidden>
                                                      0.000     0.000 r  clock
                         net (fo=105, unset)          0.410     0.410    clock
    SLICE_X38Y73         FDRE                                         r  sA_tempSig_r_4_reg[10]/C
  -------------------------------------------------------------------    -------------------
    SLICE_X38Y73         FDRE (Prop_fdre_C_Q)         0.164     0.574 r  sA_tempSig_r_4_reg[10]/Q
                         net (fo=1, routed)           0.110     0.684    sA_tempSig_r_4[10]
    SLICE_X38Y73         FDRE                                         r  sA_tempSig_reg[10]/D
  -------------------------------------------------------------------    -------------------

                         (clock sys_clk rise edge)    0.000     0.000 r  <hidden>
                                                      0.000     0.000 r  clock
                         net (fo=105, unset)          0.432     0.432    clock
    SLICE_X38Y73         FDRE                                         r  sA_tempSig_reg[10]/C
                         clock pessimism              0.000     0.432    <hidden>
    SLICE_X38Y73         FDRE (Hold_fdre_C_D)         0.063     0.495    sA_tempSig_reg[10]
  -------------------------------------------------------------------
                         required time                         -0.495    <hidden>
                         arrival time                           0.684    <hidden>
  -------------------------------------------------------------------
                         slack                                  0.189    <hidden>

Slack (MET) :             0.189ns  (arrival time - required time)
  Source:                 sA_tempSig_r_4_reg[15]/C
                            (rising edge-triggered cell FDRE clocked by sys_clk  {rise@0.000ns fall@2.500ns period=5.000ns})
  Destination:            sA_tempSig_reg[15]/D
                            (rising edge-triggered cell FDRE clocked by sys_clk  {rise@0.000ns fall@2.500ns period=5.000ns})
  Path Group:             sys_clk
  Path Type:              Hold (Min at Fast Process Corner)
  Requirement:            0.000ns  (sys_clk rise@0.000ns - sys_clk rise@0.000ns)
  Data Path Delay:        0.274ns  (logic 0.164ns (59.853%)  route 0.110ns (40.147%))
  Logic Levels:           0  
  Clock Path Skew:        0.022ns (DCD - SCD - CPR)
    Destination Clock Delay (DCD):    0.432ns
    Source Clock Delay      (SCD):    0.410ns
    Clock Pessimism Removal (CPR):    -0.000ns

    Location             Delay type                Incr(ns)  Path(ns)    Netlist Resource(s)
  -------------------------------------------------------------------    -------------------
                         (clock sys_clk rise edge)    0.000     0.000 r  <hidden>
                                                      0.000     0.000 r  clock
                         net (fo=105, unset)          0.410     0.410    clock
    SLICE_X36Y73         FDRE                                         r  sA_tempSig_r_4_reg[15]/C
  -------------------------------------------------------------------    -------------------
    SLICE_X36Y73         FDRE (Prop_fdre_C_Q)         0.164     0.574 r  sA_tempSig_r_4_reg[15]/Q
                         net (fo=1, routed)           0.110     0.684    sA_tempSig_r_4[15]
    SLICE_X36Y73         FDRE                                         r  sA_tempSig_reg[15]/D
  -------------------------------------------------------------------    -------------------

                         (clock sys_clk rise edge)    0.000     0.000 r  <hidden>
                                                      0.000     0.000 r  clock
                         net (fo=105, unset)          0.432     0.432    clock
    SLICE_X36Y73         FDRE                                         r  sA_tempSig_reg[15]/C
                         clock pessimism              0.000     0.432    <hidden>
    SLICE_X36Y73         FDRE (Hold_fdre_C_D)         0.063     0.495    sA_tempSig_reg[15]
  -------------------------------------------------------------------
                         required time                         -0.495    <hidden>
                         arrival time                           0.684    <hidden>
  -------------------------------------------------------------------
                         slack                                  0.189    <hidden>

Slack (MET) :             0.199ns  (arrival time - required time)
  Source:                 sA_tempSig_reg[4]/C
                            (rising edge-triggered cell FDRE clocked by sys_clk  {rise@0.000ns fall@2.500ns period=5.000ns})
  Destination:            sB_sticky_reg/D
                            (rising edge-triggered cell FDRE clocked by sys_clk  {rise@0.000ns fall@2.500ns period=5.000ns})
  Path Group:             sys_clk
  Path Type:              Hold (Min at Fast Process Corner)
  Requirement:            0.000ns  (sys_clk rise@0.000ns - sys_clk rise@0.000ns)
  Data Path Delay:        0.311ns  (logic 0.226ns (72.621%)  route 0.085ns (27.379%))
  Logic Levels:           1  (LUT6=1)
  Clock Path Skew:        0.022ns (DCD - SCD - CPR)
    Destination Clock Delay (DCD):    0.432ns
    Source Clock Delay      (SCD):    0.410ns
    Clock Pessimism Removal (CPR):    -0.000ns

    Location             Delay type                Incr(ns)  Path(ns)    Netlist Resource(s)
  -------------------------------------------------------------------    -------------------
                         (clock sys_clk rise edge)    0.000     0.000 r  <hidden>
                                                      0.000     0.000 r  clock
                         net (fo=105, unset)          0.410     0.410    clock
    SLICE_X35Y71         FDRE                                         r  sA_tempSig_reg[4]/C
  -------------------------------------------------------------------    -------------------
    SLICE_X35Y71         FDRE (Prop_fdre_C_Q)         0.128     0.538 r  sA_tempSig_reg[4]/Q
                         net (fo=1, routed)           0.085     0.623    sA_tempSig_reg_n_0_[4]
    SLICE_X35Y71         LUT6 (Prop_lut6_I5_O)        0.098     0.721 r  sB_sticky_i_1/O
                         net (fo=1, routed)           0.000     0.721    sB_sticky_i_1_n_0
    SLICE_X35Y71         FDRE                                         r  sB_sticky_reg/D
  -------------------------------------------------------------------    -------------------

                         (clock sys_clk rise edge)    0.000     0.000 r  <hidden>
                                                      0.000     0.000 r  clock
                         net (fo=105, unset)          0.432     0.432    clock
    SLICE_X35Y71         FDRE                                         r  sB_sticky_reg/C
                         clock pessimism              0.000     0.432    <hidden>
    SLICE_X35Y71         FDRE (Hold_fdre_C_D)         0.091     0.523    sB_sticky_reg
  -------------------------------------------------------------------
                         required time                         -0.523    <hidden>
                         arrival time                           0.721    <hidden>
  -------------------------------------------------------------------
                         slack                                  0.199    <hidden>

Slack (MET) :             0.210ns  (arrival time - required time)
  Source:                 sA_tempSig_r_3_reg/CLK
                            (rising edge-triggered cell DSP48E1 clocked by sys_clk  {rise@0.000ns fall@2.500ns period=5.000ns})
  Destination:            sA_tempSig_r_4_reg[5]/D
                            (rising edge-triggered cell FDRE clocked by sys_clk  {rise@0.000ns fall@2.500ns period=5.000ns})
  Path Group:             sys_clk
  Path Type:              Hold (Min at Fast Process Corner)
  Requirement:            0.000ns  (sys_clk rise@0.000ns - sys_clk rise@0.000ns)
  Data Path Delay:        0.291ns  (logic 0.126ns (43.272%)  route 0.165ns (56.728%))
  Logic Levels:           0  
  Clock Path Skew:        0.022ns (DCD - SCD - CPR)
    Destination Clock Delay (DCD):    0.432ns
    Source Clock Delay      (SCD):    0.410ns
    Clock Pessimism Removal (CPR):    -0.000ns

    Location             Delay type                Incr(ns)  Path(ns)    Netlist Resource(s)
  -------------------------------------------------------------------    -------------------
                         (clock sys_clk rise edge)    0.000     0.000 r  <hidden>
                                                      0.000     0.000 r  clock
                         net (fo=105, unset)          0.410     0.410    clock
    DSP48_X2Y28          DSP48E1                                      r  sA_tempSig_r_3_reg/CLK
  -------------------------------------------------------------------    -------------------
    DSP48_X2Y28          DSP48E1 (Prop_dsp48e1_CLK_P[5])
                                                      0.126     0.536 r  sA_tempSig_r_3_reg/P[5]
                         net (fo=1, routed)           0.165     0.701    sA_tempSig_r_3_reg_n_100
    SLICE_X34Y71         FDRE                                         r  sA_tempSig_r_4_reg[5]/D
  -------------------------------------------------------------------    -------------------

                         (clock sys_clk rise edge)    0.000     0.000 r  <hidden>
                                                      0.000     0.000 r  clock
                         net (fo=105, unset)          0.432     0.432    clock
    SLICE_X34Y71         FDRE                                         r  sA_tempSig_r_4_reg[5]/C
                         clock pessimism              0.000     0.432    <hidden>
    SLICE_X34Y71         FDRE (Hold_fdre_C_D)         0.060     0.492    sA_tempSig_r_4_reg[5]
  -------------------------------------------------------------------
                         required time                         -0.492    <hidden>
                         arrival time                           0.701    <hidden>
  -------------------------------------------------------------------
                         slack                                  0.210    <hidden>

Slack (MET) :             0.213ns  (arrival time - required time)
  Source:                 sA_tempSig_r_3_reg/CLK
                            (rising edge-triggered cell DSP48E1 clocked by sys_clk  {rise@0.000ns fall@2.500ns period=5.000ns})
  Destination:            sA_tempSig_r_4_reg[4]/D
                            (rising edge-triggered cell FDRE clocked by sys_clk  {rise@0.000ns fall@2.500ns period=5.000ns})
  Path Group:             sys_clk
  Path Type:              Hold (Min at Fast Process Corner)
  Requirement:            0.000ns  (sys_clk rise@0.000ns - sys_clk rise@0.000ns)
  Data Path Delay:        0.311ns  (logic 0.126ns (40.515%)  route 0.185ns (59.485%))
  Logic Levels:           0  
  Clock Path Skew:        0.022ns (DCD - SCD - CPR)
    Destination Clock Delay (DCD):    0.432ns
    Source Clock Delay      (SCD):    0.410ns
    Clock Pessimism Removal (CPR):    -0.000ns

    Location             Delay type                Incr(ns)  Path(ns)    Netlist Resource(s)
  -------------------------------------------------------------------    -------------------
                         (clock sys_clk rise edge)    0.000     0.000 r  <hidden>
                                                      0.000     0.000 r  clock
                         net (fo=105, unset)          0.410     0.410    clock
    DSP48_X2Y28          DSP48E1                                      r  sA_tempSig_r_3_reg/CLK
  -------------------------------------------------------------------    -------------------
    DSP48_X2Y28          DSP48E1 (Prop_dsp48e1_CLK_P[4])
                                                      0.126     0.536 r  sA_tempSig_r_3_reg/P[4]
                         net (fo=1, routed)           0.185     0.721    sA_tempSig_r_3_reg_n_101
    SLICE_X36Y71         FDRE                                         r  sA_tempSig_r_4_reg[4]/D
  -------------------------------------------------------------------    -------------------

                         (clock sys_clk rise edge)    0.000     0.000 r  <hidden>
                                                      0.000     0.000 r  clock
                         net (fo=105, unset)          0.432     0.432    clock
    SLICE_X36Y71         FDRE                                         r  sA_tempSig_r_4_reg[4]/C
                         clock pessimism              0.000     0.432    <hidden>
    SLICE_X36Y71         FDRE (Hold_fdre_C_D)         0.076     0.508    sA_tempSig_r_4_reg[4]
  -------------------------------------------------------------------
                         required time                         -0.508    <hidden>
                         arrival time                           0.721    <hidden>
  -------------------------------------------------------------------
                         slack                                  0.213    <hidden>

Slack (MET) :             0.217ns  (arrival time - required time)
  Source:                 sA_tempSig_r_3_reg/CLK
                            (rising edge-triggered cell DSP48E1 clocked by sys_clk  {rise@0.000ns fall@2.500ns period=5.000ns})
  Destination:            sA_tempSig_r_4_reg[6]/D
                            (rising edge-triggered cell FDRE clocked by sys_clk  {rise@0.000ns fall@2.500ns period=5.000ns})
  Path Group:             sys_clk
  Path Type:              Hold (Min at Fast Process Corner)
  Requirement:            0.000ns  (sys_clk rise@0.000ns - sys_clk rise@0.000ns)
  Data Path Delay:        0.291ns  (logic 0.126ns (43.272%)  route 0.165ns (56.728%))
  Logic Levels:           0  
  Clock Path Skew:        0.022ns (DCD - SCD - CPR)
    Destination Clock Delay (DCD):    0.432ns
    Source Clock Delay      (SCD):    0.410ns
    Clock Pessimism Removal (CPR):    -0.000ns

    Location             Delay type                Incr(ns)  Path(ns)    Netlist Resource(s)
  -------------------------------------------------------------------    -------------------
                         (clock sys_clk rise edge)    0.000     0.000 r  <hidden>
                                                      0.000     0.000 r  clock
                         net (fo=105, unset)          0.410     0.410    clock
    DSP48_X2Y28          DSP48E1                                      r  sA_tempSig_r_3_reg/CLK
  -------------------------------------------------------------------    -------------------
    DSP48_X2Y28          DSP48E1 (Prop_dsp48e1_CLK_P[6])
                                                      0.126     0.536 r  sA_tempSig_r_3_reg/P[6]
                         net (fo=1, routed)           0.165     0.701    sA_tempSig_r_3_reg_n_99
    SLICE_X34Y71         FDRE                                         r  sA_tempSig_r_4_reg[6]/D
  -------------------------------------------------------------------    -------------------

                         (clock sys_clk rise edge)    0.000     0.000 r  <hidden>
                                                      0.000     0.000 r  clock
                         net (fo=105, unset)          0.432     0.432    clock
    SLICE_X34Y71         FDRE                                         r  sA_tempSig_r_4_reg[6]/C
                         clock pessimism              0.000     0.432    <hidden>
    SLICE_X34Y71         FDRE (Hold_fdre_C_D)         0.053     0.485    sA_tempSig_r_4_reg[6]
  -------------------------------------------------------------------
                         required time                         -0.485    <hidden>
                         arrival time                           0.701    <hidden>
  -------------------------------------------------------------------
                         slack                                  0.217    <hidden>

Slack (MET) :             0.224ns  (arrival time - required time)
  Source:                 sA_tempSig_r_4_reg[7]/C
                            (rising edge-triggered cell FDRE clocked by sys_clk  {rise@0.000ns fall@2.500ns period=5.000ns})
  Destination:            sA_tempSig_reg[7]/D
                            (rising edge-triggered cell FDRE clocked by sys_clk  {rise@0.000ns fall@2.500ns period=5.000ns})
  Path Group:             sys_clk
  Path Type:              Hold (Min at Fast Process Corner)
  Requirement:            0.000ns  (sys_clk rise@0.000ns - sys_clk rise@0.000ns)
  Data Path Delay:        0.311ns  (logic 0.141ns (45.298%)  route 0.170ns (54.702%))
  Logic Levels:           0  
  Clock Path Skew:        0.022ns (DCD - SCD - CPR)
    Destination Clock Delay (DCD):    0.432ns
    Source Clock Delay      (SCD):    0.410ns
    Clock Pessimism Removal (CPR):    -0.000ns

    Location             Delay type                Incr(ns)  Path(ns)    Netlist Resource(s)
  -------------------------------------------------------------------    -------------------
                         (clock sys_clk rise edge)    0.000     0.000 r  <hidden>
                                                      0.000     0.000 r  clock
                         net (fo=105, unset)          0.410     0.410    clock
    SLICE_X33Y71         FDRE                                         r  sA_tempSig_r_4_reg[7]/C
  -------------------------------------------------------------------    -------------------
    SLICE_X33Y71         FDRE (Prop_fdre_C_Q)         0.141     0.551 r  sA_tempSig_r_4_reg[7]/Q
                         net (fo=1, routed)           0.170     0.721    sA_tempSig_r_4[7]
    SLICE_X33Y71         FDRE                                         r  sA_tempSig_reg[7]/D
  -------------------------------------------------------------------    -------------------

                         (clock sys_clk rise edge)    0.000     0.000 r  <hidden>
                                                      0.000     0.000 r  clock
                         net (fo=105, unset)          0.432     0.432    clock
    SLICE_X33Y71         FDRE                                         r  sA_tempSig_reg[7]/C
                         clock pessimism              0.000     0.432    <hidden>
    SLICE_X33Y71         FDRE (Hold_fdre_C_D)         0.066     0.498    sA_tempSig_reg[7]
  -------------------------------------------------------------------
                         required time                         -0.498    <hidden>
                         arrival time                           0.721    <hidden>
  -------------------------------------------------------------------
                         slack                                  0.224    <hidden>

Slack (MET) :             0.227ns  (arrival time - required time)
  Source:                 sA_tempSig_r_4_reg[1]/C
                            (rising edge-triggered cell FDRE clocked by sys_clk  {rise@0.000ns fall@2.500ns period=5.000ns})
  Destination:            sA_tempSig_reg[1]/D
                            (rising edge-triggered cell FDRE clocked by sys_clk  {rise@0.000ns fall@2.500ns period=5.000ns})
  Path Group:             sys_clk
  Path Type:              Hold (Min at Fast Process Corner)
  Requirement:            0.000ns  (sys_clk rise@0.000ns - sys_clk rise@0.000ns)
  Data Path Delay:        0.311ns  (logic 0.141ns (45.298%)  route 0.170ns (54.702%))
  Logic Levels:           0  
  Clock Path Skew:        0.022ns (DCD - SCD - CPR)
    Destination Clock Delay (DCD):    0.432ns
    Source Clock Delay      (SCD):    0.410ns
    Clock Pessimism Removal (CPR):    -0.000ns

    Location             Delay type                Incr(ns)  Path(ns)    Netlist Resource(s)
  -------------------------------------------------------------------    -------------------
                         (clock sys_clk rise edge)    0.000     0.000 r  <hidden>
                                                      0.000     0.000 r  clock
                         net (fo=105, unset)          0.410     0.410    clock
    SLICE_X37Y70         FDRE                                         r  sA_tempSig_r_4_reg[1]/C
  -------------------------------------------------------------------    -------------------
    SLICE_X37Y70         FDRE (Prop_fdre_C_Q)         0.141     0.551 r  sA_tempSig_r_4_reg[1]/Q
                         net (fo=1, routed)           0.170     0.721    sA_tempSig_r_4[1]
    SLICE_X36Y70         FDRE                                         r  sA_tempSig_reg[1]/D
  -------------------------------------------------------------------    -------------------

                         (clock sys_clk rise edge)    0.000     0.000 r  <hidden>
                                                      0.000     0.000 r  clock
                         net (fo=105, unset)          0.432     0.432    clock
    SLICE_X36Y70         FDRE                                         r  sA_tempSig_reg[1]/C
                         clock pessimism              0.000     0.432    <hidden>
    SLICE_X36Y70         FDRE (Hold_fdre_C_D)         0.063     0.495    sA_tempSig_reg[1]
  -------------------------------------------------------------------
                         required time                         -0.495    <hidden>
                         arrival time                           0.721    <hidden>
  -------------------------------------------------------------------
                         slack                                  0.227    <hidden>





Pulse Width Checks
--------------------------------------------------------------------------------------
Clock Name:         sys_clk
Waveform(ns):       { 0.000 2.500 }
Period(ns):         5.000
Sources:            { clock }

Check Type        Corner  Lib Pin      Reference Pin  Required(ns)  Actual(ns)  Slack(ns)  Location      Pin
Min Period        n/a     DSP48E1/CLK  n/a            2.154         5.000       2.846      DSP48_X2Y28   sA_tempSig_r_3_reg/CLK
Min Period        n/a     FDRE/C       n/a            1.000         5.000       4.000      SLICE_X35Y72  outReg_reg[0]/C
Min Period        n/a     FDSE/C       n/a            1.000         5.000       4.000      SLICE_X34Y72  outReg_reg[10]/C
Min Period        n/a     FDSE/C       n/a            1.000         5.000       4.000      SLICE_X34Y72  outReg_reg[11]/C
Min Period        n/a     FDSE/C       n/a            1.000         5.000       4.000      SLICE_X35Y70  outReg_reg[12]/C
Min Period        n/a     FDSE/C       n/a            1.000         5.000       4.000      SLICE_X35Y70  outReg_reg[13]/C
Min Period        n/a     FDSE/C       n/a            1.000         5.000       4.000      SLICE_X35Y70  outReg_reg[14]/C
Min Period        n/a     FDRE/C       n/a            1.000         5.000       4.000      SLICE_X31Y73  outReg_reg[15]/C
Min Period        n/a     FDRE/C       n/a            1.000         5.000       4.000      SLICE_X36Y72  outReg_reg[1]/C
Min Period        n/a     FDRE/C       n/a            1.000         5.000       4.000      SLICE_X36Y72  outReg_reg[2]/C
Low Pulse Width   Slow    SRL16E/CLK   n/a            0.980         2.500       1.520      SLICE_X30Y73  sA_infInput_r_4_reg_srl5/CLK
Low Pulse Width   Fast    SRL16E/CLK   n/a            0.980         2.500       1.520      SLICE_X30Y73  sA_infInput_r_4_reg_srl5/CLK
Low Pulse Width   Slow    SRL16E/CLK   n/a            0.980         2.500       1.520      SLICE_X30Y73  sA_isNaN_r_4_reg_srl5/CLK
Low Pulse Width   Fast    SRL16E/CLK   n/a            0.980         2.500       1.520      SLICE_X30Y73  sA_isNaN_r_4_reg_srl5/CLK
Low Pulse Width   Slow    SRL16E/CLK   n/a            0.980         2.500       1.520      SLICE_X30Y73  sA_sign_reg_srl6/CLK
Low Pulse Width   Fast    SRL16E/CLK   n/a            0.980         2.500       1.520      SLICE_X30Y73  sA_sign_reg_srl6/CLK
Low Pulse Width   Slow    SRL16E/CLK   n/a            0.980         2.500       1.520      SLICE_X34Y70  sA_tempExp_r_4_reg[0]_srl5/CLK
Low Pulse Width   Fast    SRL16E/CLK   n/a            0.980         2.500       1.520      SLICE_X34Y70  sA_tempExp_r_4_reg[0]_srl5/CLK
Low Pulse Width   Slow    SRL16E/CLK   n/a            0.980         2.500       1.520      SLICE_X34Y70  sA_tempExp_r_4_reg[1]_srl5/CLK
Low Pulse Width   Fast    SRL16E/CLK   n/a            0.980         2.500       1.520      SLICE_X34Y70  sA_tempExp_r_4_reg[1]_srl5/CLK
High Pulse Width  Slow    SRL16E/CLK   n/a            0.980         2.500       1.520      SLICE_X30Y73  sA_infInput_r_4_reg_srl5/CLK
High Pulse Width  Fast    SRL16E/CLK   n/a            0.980         2.500       1.520      SLICE_X30Y73  sA_infInput_r_4_reg_srl5/CLK
High Pulse Width  Slow    SRL16E/CLK   n/a            0.980         2.500       1.520      SLICE_X30Y73  sA_isNaN_r_4_reg_srl5/CLK
High Pulse Width  Fast    SRL16E/CLK   n/a            0.980         2.500       1.520      SLICE_X30Y73  sA_isNaN_r_4_reg_srl5/CLK
High Pulse Width  Slow    SRL16E/CLK   n/a            0.980         2.500       1.520      SLICE_X30Y73  sA_sign_reg_srl6/CLK
High Pulse Width  Fast    SRL16E/CLK   n/a            0.980         2.500       1.520      SLICE_X30Y73  sA_sign_reg_srl6/CLK
High Pulse Width  Slow    SRL16E/CLK   n/a            0.980         2.500       1.520      SLICE_X34Y70  sA_tempExp_r_4_reg[0]_srl5/CLK
High Pulse Width  Fast    SRL16E/CLK   n/a            0.980         2.500       1.520      SLICE_X34Y70  sA_tempExp_r_4_reg[0]_srl5/CLK
High Pulse Width  Slow    SRL16E/CLK   n/a            0.980         2.500       1.520      SLICE_X34Y70  sA_tempExp_r_4_reg[1]_srl5/CLK
High Pulse Width  Fast    SRL16E/CLK   n/a            0.980         2.500       1.520      SLICE_X34Y70  sA_tempExp_r_4_reg[1]_srl5/CLK



