Copyright 1986-2022 Xilinx, Inc. All Rights Reserved. Copyright 2022-2026 Advanced Micro Devices, Inc. All Rights Reserved.
---------------------------------------------------------------------------------------------------------------------------------------------
| Tool Version : Vivado v.2026.1 (lin64) Build 6511674 Tue Jun 16 11:01:26 MDT 2026
| Date         : Sun Sep 13 17:56:54 2026
| Host         : Nix-Los running 64-bit unknown
| Command      : report_timing_summary -max_paths 10 -file ./reports_fp64_d4_run01/timing_summary.rpt
| Design       : FPMul
| Device       : 7z020-clg400
| Speed File   : -1  PRODUCTION 1.12 2019-11-22
| Design State : Routed
---------------------------------------------------------------------------------------------------------------------------------------------

Timing Summary Report

------------------------------------------------------------------------------------------------
| Timer Settings
| --------------
------------------------------------------------------------------------------------------------

  Enable Multi Corner Analysis               :  Yes
  Enable Pessimism Removal                   :  Yes
  Pessimism Removal Resolution               :  Nearest Common Node
  Enable Input Delay Default Clock           :  No
  Enable Preset / Clear Arcs                 :  No
  Disable Flight Delays                      :  No
  Ignore I/O Paths                           :  No
  Timing Early Launch at Borrowing Latches   :  No
  Borrow Time for Max Delay Exceptions       :  Yes
  Merge Timing Exceptions                    :  Yes
  Inter-SLR Compensation                     :  Conservative

  Corner  Analyze    Analyze    
  Name    Max Paths  Min Paths  
  ------  ---------  ---------  
  Slow    Yes        Yes        
  Fast    Yes        Yes        


------------------------------------------------------------------------------------------------
| Report Methodology
| ------------------
------------------------------------------------------------------------------------------------

No report available as report_methodology has not been run prior. Run report_methodology on the current design for the summary of methodology violations.



check_timing report

Table of Contents
-----------------
1. checking no_clock (0)
2. checking constant_clock (0)
3. checking pulse_width_clock (0)
4. checking unconstrained_internal_endpoints (0)
5. checking no_input_delay (128)
6. checking no_output_delay (64)
7. checking multiple_clock (0)
8. checking generated_clocks (0)
9. checking loops (0)
10. checking partial_input_delay (0)
11. checking partial_output_delay (0)
12. checking latch_loops (0)

1. checking no_clock (0)
------------------------
 There are 0 register/latch pins with no clock.


2. checking constant_clock (0)
------------------------------
 There are 0 register/latch pins with constant_clock.


3. checking pulse_width_clock (0)
---------------------------------
 There are 0 register/latch pins which need pulse_width check


4. checking unconstrained_internal_endpoints (0)
------------------------------------------------
 There are 0 pins that are not constrained for maximum delay.

 There are 0 pins that are not constrained for maximum delay due to constant clock.


5. checking no_input_delay (128)
--------------------------------
 There are 128 input ports with no input delay specified. (HIGH)

 There are 0 input ports with no input delay but user has a false path constraint.


6. checking no_output_delay (64)
--------------------------------
 There are 64 ports with no output delay specified. (HIGH)

 There are 0 ports with no output delay but user has a false path constraint

 There are 0 ports with no output delay but with a timing clock defined on it or propagating through it


7. checking multiple_clock (0)
------------------------------
 There are 0 register/latch pins with multiple clocks.


8. checking generated_clocks (0)
--------------------------------
 There are 0 generated clocks that are not connected to a clock source.


9. checking loops (0)
---------------------
 There are 0 combinational loops in the design.


10. checking partial_input_delay (0)
------------------------------------
 There are 0 input ports with partial input delay specified.


11. checking partial_output_delay (0)
-------------------------------------
 There are 0 ports with partial output delay specified.


12. checking latch_loops (0)
----------------------------
 There are 0 combinational latch loops in the design through latch input



------------------------------------------------------------------------------------------------
| Design Timing Summary
| ---------------------
------------------------------------------------------------------------------------------------

    WNS(ns)      TNS(ns)  TNS Failing Endpoints  TNS Total Endpoints      WHS(ns)      THS(ns)  THS Failing Endpoints  THS Total Endpoints     WPWS(ns)     TPWS(ns)  TPWS Failing Endpoints  TPWS Total Endpoints  
    -------      -------  ---------------------  -------------------      -------      -------  ---------------------  -------------------     --------     --------  ----------------------  --------------------  
      0.172        0.000                      0                  754        0.046        0.000                      0                  754        1.520        0.000                       0                   497  


All user specified timing constraints are met.


------------------------------------------------------------------------------------------------
| Clock Summary
| -------------
------------------------------------------------------------------------------------------------

Clock    Waveform(ns)         Period(ns)      Frequency(MHz)
-----    ------------         ----------      --------------
sys_clk  {0.000 2.500}        5.000           200.000         


------------------------------------------------------------------------------------------------
| Intra Clock Table
| -----------------
------------------------------------------------------------------------------------------------

Clock             WNS(ns)      TNS(ns)  TNS Failing Endpoints  TNS Total Endpoints      WHS(ns)      THS(ns)  THS Failing Endpoints  THS Total Endpoints     WPWS(ns)     TPWS(ns)  TPWS Failing Endpoints  TPWS Total Endpoints  
-----             -------      -------  ---------------------  -------------------      -------      -------  ---------------------  -------------------     --------     --------  ----------------------  --------------------  
sys_clk             0.172        0.000                      0                  754        0.046        0.000                      0                  754        1.520        0.000                       0                   497  


------------------------------------------------------------------------------------------------
| Inter Clock Table
| -----------------
------------------------------------------------------------------------------------------------

From Clock    To Clock          WNS(ns)      TNS(ns)  TNS Failing Endpoints  TNS Total Endpoints      WHS(ns)      THS(ns)  THS Failing Endpoints  THS Total Endpoints  
----------    --------          -------      -------  ---------------------  -------------------      -------      -------  ---------------------  -------------------  


------------------------------------------------------------------------------------------------
| Other Path Groups Table
| -----------------------
------------------------------------------------------------------------------------------------

Path Group    From Clock    To Clock          WNS(ns)      TNS(ns)  TNS Failing Endpoints  TNS Total Endpoints      WHS(ns)      THS(ns)  THS Failing Endpoints  THS Total Endpoints  
----------    ----------    --------          -------      -------  ---------------------  -------------------      -------      -------  ---------------------  -------------------  


------------------------------------------------------------------------------------------------
| Timing Details
| --------------
------------------------------------------------------------------------------------------------


---------------------------------------------------------------------------------------------------
From Clock:  sys_clk
  To Clock:  sys_clk

Setup :            0  Failing Endpoints,  Worst Slack        0.172ns,  Total Violation        0.000ns
Hold  :            0  Failing Endpoints,  Worst Slack        0.046ns,  Total Violation        0.000ns
PW    :            0  Failing Endpoints,  Worst Slack        1.520ns,  Total Violation        0.000ns
---------------------------------------------------------------------------------------------------


Max Delay Paths
--------------------------------------------------------------------------------------
Slack (MET) :             0.172ns  (required time - arrival time)
  Source:                 sB_sig_reg[0]/C
                            (rising edge-triggered cell FDRE clocked by sys_clk  {rise@0.000ns fall@2.500ns period=5.000ns})
  Destination:            outReg_reg[61]/D
                            (rising edge-triggered cell FDSE clocked by sys_clk  {rise@0.000ns fall@2.500ns period=5.000ns})
  Path Group:             sys_clk
  Path Type:              Setup (Max at Slow Process Corner)
  Requirement:            5.000ns  (sys_clk rise@5.000ns - sys_clk rise@0.000ns)
  Data Path Delay:        4.775ns  (logic 2.349ns (49.191%)  route 2.426ns (50.809%))
  Logic Levels:           8  (CARRY4=3 LUT2=2 LUT5=2 LUT6=1)
  Clock Path Skew:        -0.049ns (DCD - SCD + CPR)
    Destination Clock Delay (DCD):    0.924ns = ( 5.924 - 5.000 ) 
    Source Clock Delay      (SCD):    0.973ns
    Clock Pessimism Removal (CPR):    0.000ns
  Clock Uncertainty:      0.035ns  ((TSJ^2 + TIJ^2)^1/2 + DJ) / 2 + PE
    Total System Jitter     (TSJ):    0.071ns
    Total Input Jitter      (TIJ):    0.000ns
    Discrete Jitter          (DJ):    0.000ns
    Phase Error              (PE):    0.000ns

    Location             Delay type                Incr(ns)  Path(ns)    Netlist Resource(s)
  -------------------------------------------------------------------    -------------------
                         (clock sys_clk rise edge)    0.000     0.000 r  <hidden>
                                                      0.000     0.000 r  clock
                         net (fo=496, unset)          0.973     0.973    clock
    SLICE_X28Y73         FDRE                                         r  sB_sig_reg[0]/C
  -------------------------------------------------------------------    -------------------
    SLICE_X28Y73         FDRE (Prop_fdre_C_Q)         0.419     1.392 r  sB_sig_reg[0]/Q
                         net (fo=3, routed)           0.818     2.210    sB_sig_reg_n_0_[0]
    SLICE_X28Y74         LUT5 (Prop_lut5_I0_O)        0.299     2.509 f  outReg[62]_i_19/O
                         net (fo=1, routed)           0.787     3.297    outReg[62]_i_19_n_0
    SLICE_X30Y73         LUT5 (Prop_lut5_I0_O)        0.124     3.421 f  outReg[62]_i_12/O
                         net (fo=1, routed)           0.162     3.583    outReg[62]_i_12_n_0
    SLICE_X30Y73         LUT6 (Prop_lut6_I5_O)        0.124     3.707 r  outReg[62]_i_4/O
                         net (fo=4, routed)           0.342     4.049    p_0_in3_out
    SLICE_X26Y73         LUT2 (Prop_lut2_I1_O)        0.124     4.173 r  outReg[55]_i_6/O
                         net (fo=1, routed)           0.000     4.173    outReg[55]_i_6_n_0
    SLICE_X26Y73         CARRY4 (Prop_carry4_S[0]_CO[3])
                                                      0.513     4.686 r  outReg_reg[55]_i_2/CO[3]
                         net (fo=1, routed)           0.000     4.686    outReg_reg[55]_i_2_n_0
    SLICE_X26Y74         CARRY4 (Prop_carry4_CI_CO[3])
                                                      0.117     4.803 r  outReg_reg[59]_i_2/CO[3]
                         net (fo=1, routed)           0.009     4.812    outReg_reg[59]_i_2_n_0
    SLICE_X26Y75         CARRY4 (Prop_carry4_CI_O[1])
                                                      0.323     5.135 r  outReg_reg[62]_i_5/O[1]
                         net (fo=1, routed)           0.307     5.442    outReg_reg[62]_i_5_n_6
    SLICE_X28Y75         LUT2 (Prop_lut2_I0_O)        0.306     5.748 r  outReg[61]_i_1/O
                         net (fo=1, routed)           0.000     5.748    outReg[61]_i_1_n_0
    SLICE_X28Y75         FDSE                                         r  outReg_reg[61]/D
  -------------------------------------------------------------------    -------------------

                         (clock sys_clk rise edge)    5.000     5.000 r  <hidden>
                                                      0.000     5.000 r  clock
                         net (fo=496, unset)          0.924     5.924    clock
    SLICE_X28Y75         FDSE                                         r  outReg_reg[61]/C
                         clock pessimism              0.000     5.924    <hidden>
                         clock uncertainty           -0.035     5.889    <hidden>
    SLICE_X28Y75         FDSE (Setup_fdse_C_D)        0.031     5.920    outReg_reg[61]
  -------------------------------------------------------------------
                         required time                          5.920    <hidden>
                         arrival time                          -5.748    <hidden>
  -------------------------------------------------------------------
                         slack                                  0.172    <hidden>

Slack (MET) :             0.246ns  (required time - arrival time)
  Source:                 sB_sig_reg[0]/C
                            (rising edge-triggered cell FDRE clocked by sys_clk  {rise@0.000ns fall@2.500ns period=5.000ns})
  Destination:            outReg_reg[60]/D
                            (rising edge-triggered cell FDSE clocked by sys_clk  {rise@0.000ns fall@2.500ns period=5.000ns})
  Path Group:             sys_clk
  Path Type:              Setup (Max at Slow Process Corner)
  Requirement:            5.000ns  (sys_clk rise@5.000ns - sys_clk rise@0.000ns)
  Data Path Delay:        4.701ns  (logic 2.234ns (47.523%)  route 2.467ns (52.477%))
  Logic Levels:           8  (CARRY4=3 LUT2=2 LUT5=2 LUT6=1)
  Clock Path Skew:        -0.049ns (DCD - SCD + CPR)
    Destination Clock Delay (DCD):    0.924ns = ( 5.924 - 5.000 ) 
    Source Clock Delay      (SCD):    0.973ns
    Clock Pessimism Removal (CPR):    0.000ns
  Clock Uncertainty:      0.035ns  ((TSJ^2 + TIJ^2)^1/2 + DJ) / 2 + PE
    Total System Jitter     (TSJ):    0.071ns
    Total Input Jitter      (TIJ):    0.000ns
    Discrete Jitter          (DJ):    0.000ns
    Phase Error              (PE):    0.000ns

    Location             Delay type                Incr(ns)  Path(ns)    Netlist Resource(s)
  -------------------------------------------------------------------    -------------------
                         (clock sys_clk rise edge)    0.000     0.000 r  <hidden>
                                                      0.000     0.000 r  clock
                         net (fo=496, unset)          0.973     0.973    clock
    SLICE_X28Y73         FDRE                                         r  sB_sig_reg[0]/C
  -------------------------------------------------------------------    -------------------
    SLICE_X28Y73         FDRE (Prop_fdre_C_Q)         0.419     1.392 r  sB_sig_reg[0]/Q
                         net (fo=3, routed)           0.818     2.210    sB_sig_reg_n_0_[0]
    SLICE_X28Y74         LUT5 (Prop_lut5_I0_O)        0.299     2.509 f  outReg[62]_i_19/O
                         net (fo=1, routed)           0.787     3.297    outReg[62]_i_19_n_0
    SLICE_X30Y73         LUT5 (Prop_lut5_I0_O)        0.124     3.421 f  outReg[62]_i_12/O
                         net (fo=1, routed)           0.162     3.583    outReg[62]_i_12_n_0
    SLICE_X30Y73         LUT6 (Prop_lut6_I5_O)        0.124     3.707 r  outReg[62]_i_4/O
                         net (fo=4, routed)           0.342     4.049    p_0_in3_out
    SLICE_X26Y73         LUT2 (Prop_lut2_I1_O)        0.124     4.173 r  outReg[55]_i_6/O
                         net (fo=1, routed)           0.000     4.173    outReg[55]_i_6_n_0
    SLICE_X26Y73         CARRY4 (Prop_carry4_S[0]_CO[3])
                                                      0.513     4.686 r  outReg_reg[55]_i_2/CO[3]
                         net (fo=1, routed)           0.000     4.686    outReg_reg[55]_i_2_n_0
    SLICE_X26Y74         CARRY4 (Prop_carry4_CI_CO[3])
                                                      0.117     4.803 r  outReg_reg[59]_i_2/CO[3]
                         net (fo=1, routed)           0.009     4.812    outReg_reg[59]_i_2_n_0
    SLICE_X26Y75         CARRY4 (Prop_carry4_CI_O[0])
                                                      0.219     5.031 r  outReg_reg[62]_i_5/O[0]
                         net (fo=1, routed)           0.348     5.379    outReg_reg[62]_i_5_n_7
    SLICE_X29Y74         LUT2 (Prop_lut2_I0_O)        0.295     5.674 r  outReg[60]_i_1/O
                         net (fo=1, routed)           0.000     5.674    outReg[60]_i_1_n_0
    SLICE_X29Y74         FDSE                                         r  outReg_reg[60]/D
  -------------------------------------------------------------------    -------------------

                         (clock sys_clk rise edge)    5.000     5.000 r  <hidden>
                                                      0.000     5.000 r  clock
                         net (fo=496, unset)          0.924     5.924    clock
    SLICE_X29Y74         FDSE                                         r  outReg_reg[60]/C
                         clock pessimism              0.000     5.924    <hidden>
                         clock uncertainty           -0.035     5.889    <hidden>
    SLICE_X29Y74         FDSE (Setup_fdse_C_D)        0.031     5.920    outReg_reg[60]
  -------------------------------------------------------------------
                         required time                          5.920    <hidden>
                         arrival time                          -5.674    <hidden>
  -------------------------------------------------------------------
                         slack                                  0.246    <hidden>

Slack (MET) :             0.250ns  (required time - arrival time)
  Source:                 sB_sig_reg[0]/C
                            (rising edge-triggered cell FDRE clocked by sys_clk  {rise@0.000ns fall@2.500ns period=5.000ns})
  Destination:            outReg_reg[12]/R
                            (rising edge-triggered cell FDRE clocked by sys_clk  {rise@0.000ns fall@2.500ns period=5.000ns})
  Path Group:             sys_clk
  Path Type:              Setup (Max at Slow Process Corner)
  Requirement:            5.000ns  (sys_clk rise@5.000ns - sys_clk rise@0.000ns)
  Data Path Delay:        4.142ns  (logic 1.090ns (26.316%)  route 3.052ns (73.684%))
  Logic Levels:           4  (LUT5=3 LUT6=1)
  Clock Path Skew:        -0.049ns (DCD - SCD + CPR)
    Destination Clock Delay (DCD):    0.924ns = ( 5.924 - 5.000 ) 
    Source Clock Delay      (SCD):    0.973ns
    Clock Pessimism Removal (CPR):    0.000ns
  Clock Uncertainty:      0.035ns  ((TSJ^2 + TIJ^2)^1/2 + DJ) / 2 + PE
    Total System Jitter     (TSJ):    0.071ns
    Total Input Jitter      (TIJ):    0.000ns
    Discrete Jitter          (DJ):    0.000ns
    Phase Error              (PE):    0.000ns

    Location             Delay type                Incr(ns)  Path(ns)    Netlist Resource(s)
  -------------------------------------------------------------------    -------------------
                         (clock sys_clk rise edge)    0.000     0.000 r  <hidden>
                                                      0.000     0.000 r  clock
                         net (fo=496, unset)          0.973     0.973    clock
    SLICE_X28Y73         FDRE                                         r  sB_sig_reg[0]/C
  -------------------------------------------------------------------    -------------------
    SLICE_X28Y73         FDRE (Prop_fdre_C_Q)         0.419     1.392 r  sB_sig_reg[0]/Q
                         net (fo=3, routed)           0.818     2.210    sB_sig_reg_n_0_[0]
    SLICE_X28Y74         LUT5 (Prop_lut5_I0_O)        0.299     2.509 f  outReg[62]_i_19/O
                         net (fo=1, routed)           0.787     3.297    outReg[62]_i_19_n_0
    SLICE_X30Y73         LUT5 (Prop_lut5_I0_O)        0.124     3.421 f  outReg[62]_i_12/O
                         net (fo=1, routed)           0.162     3.583    outReg[62]_i_12_n_0
    SLICE_X30Y73         LUT6 (Prop_lut6_I5_O)        0.124     3.707 r  outReg[62]_i_4/O
                         net (fo=4, routed)           0.332     4.039    p_0_in3_out
    SLICE_X29Y74         LUT5 (Prop_lut5_I2_O)        0.124     4.163 r  outReg[50]_i_1/O
                         net (fo=51, routed)          0.952     5.115    outReg[50]_i_1_n_0
    SLICE_X32Y71         FDRE                                         r  outReg_reg[12]/R
  -------------------------------------------------------------------    -------------------

                         (clock sys_clk rise edge)    5.000     5.000 r  <hidden>
                                                      0.000     5.000 r  clock
                         net (fo=496, unset)          0.924     5.924    clock
    SLICE_X32Y71         FDRE                                         r  outReg_reg[12]/C
                         clock pessimism              0.000     5.924    <hidden>
                         clock uncertainty           -0.035     5.889    <hidden>
    SLICE_X32Y71         FDRE (Setup_fdre_C_R)       -0.524     5.365    outReg_reg[12]
  -------------------------------------------------------------------
                         required time                          5.365    <hidden>
                         arrival time                          -5.115    <hidden>
  -------------------------------------------------------------------
                         slack                                  0.250    <hidden>

Slack (MET) :             0.250ns  (required time - arrival time)
  Source:                 sB_sig_reg[0]/C
                            (rising edge-triggered cell FDRE clocked by sys_clk  {rise@0.000ns fall@2.500ns period=5.000ns})
  Destination:            outReg_reg[13]/R
                            (rising edge-triggered cell FDRE clocked by sys_clk  {rise@0.000ns fall@2.500ns period=5.000ns})
  Path Group:             sys_clk
  Path Type:              Setup (Max at Slow Process Corner)
  Requirement:            5.000ns  (sys_clk rise@5.000ns - sys_clk rise@0.000ns)
  Data Path Delay:        4.142ns  (logic 1.090ns (26.316%)  route 3.052ns (73.684%))
  Logic Levels:           4  (LUT5=3 LUT6=1)
  Clock Path Skew:        -0.049ns (DCD - SCD + CPR)
    Destination Clock Delay (DCD):    0.924ns = ( 5.924 - 5.000 ) 
    Source Clock Delay      (SCD):    0.973ns
    Clock Pessimism Removal (CPR):    0.000ns
  Clock Uncertainty:      0.035ns  ((TSJ^2 + TIJ^2)^1/2 + DJ) / 2 + PE
    Total System Jitter     (TSJ):    0.071ns
    Total Input Jitter      (TIJ):    0.000ns
    Discrete Jitter          (DJ):    0.000ns
    Phase Error              (PE):    0.000ns

    Location             Delay type                Incr(ns)  Path(ns)    Netlist Resource(s)
  -------------------------------------------------------------------    -------------------
                         (clock sys_clk rise edge)    0.000     0.000 r  <hidden>
                                                      0.000     0.000 r  clock
                         net (fo=496, unset)          0.973     0.973    clock
    SLICE_X28Y73         FDRE                                         r  sB_sig_reg[0]/C
  -------------------------------------------------------------------    -------------------
    SLICE_X28Y73         FDRE (Prop_fdre_C_Q)         0.419     1.392 r  sB_sig_reg[0]/Q
                         net (fo=3, routed)           0.818     2.210    sB_sig_reg_n_0_[0]
    SLICE_X28Y74         LUT5 (Prop_lut5_I0_O)        0.299     2.509 f  outReg[62]_i_19/O
                         net (fo=1, routed)           0.787     3.297    outReg[62]_i_19_n_0
    SLICE_X30Y73         LUT5 (Prop_lut5_I0_O)        0.124     3.421 f  outReg[62]_i_12/O
                         net (fo=1, routed)           0.162     3.583    outReg[62]_i_12_n_0
    SLICE_X30Y73         LUT6 (Prop_lut6_I5_O)        0.124     3.707 r  outReg[62]_i_4/O
                         net (fo=4, routed)           0.332     4.039    p_0_in3_out
    SLICE_X29Y74         LUT5 (Prop_lut5_I2_O)        0.124     4.163 r  outReg[50]_i_1/O
                         net (fo=51, routed)          0.952     5.115    outReg[50]_i_1_n_0
    SLICE_X32Y71         FDRE                                         r  outReg_reg[13]/R
  -------------------------------------------------------------------    -------------------

                         (clock sys_clk rise edge)    5.000     5.000 r  <hidden>
                                                      0.000     5.000 r  clock
                         net (fo=496, unset)          0.924     5.924    clock
    SLICE_X32Y71         FDRE                                         r  outReg_reg[13]/C
                         clock pessimism              0.000     5.924    <hidden>
                         clock uncertainty           -0.035     5.889    <hidden>
    SLICE_X32Y71         FDRE (Setup_fdre_C_R)       -0.524     5.365    outReg_reg[13]
  -------------------------------------------------------------------
                         required time                          5.365    <hidden>
                         arrival time                          -5.115    <hidden>
  -------------------------------------------------------------------
                         slack                                  0.250    <hidden>

Slack (MET) :             0.250ns  (required time - arrival time)
  Source:                 sB_sig_reg[0]/C
                            (rising edge-triggered cell FDRE clocked by sys_clk  {rise@0.000ns fall@2.500ns period=5.000ns})
  Destination:            outReg_reg[14]/R
                            (rising edge-triggered cell FDRE clocked by sys_clk  {rise@0.000ns fall@2.500ns period=5.000ns})
  Path Group:             sys_clk
  Path Type:              Setup (Max at Slow Process Corner)
  Requirement:            5.000ns  (sys_clk rise@5.000ns - sys_clk rise@0.000ns)
  Data Path Delay:        4.142ns  (logic 1.090ns (26.316%)  route 3.052ns (73.684%))
  Logic Levels:           4  (LUT5=3 LUT6=1)
  Clock Path Skew:        -0.049ns (DCD - SCD + CPR)
    Destination Clock Delay (DCD):    0.924ns = ( 5.924 - 5.000 ) 
    Source Clock Delay      (SCD):    0.973ns
    Clock Pessimism Removal (CPR):    0.000ns
  Clock Uncertainty:      0.035ns  ((TSJ^2 + TIJ^2)^1/2 + DJ) / 2 + PE
    Total System Jitter     (TSJ):    0.071ns
    Total Input Jitter      (TIJ):    0.000ns
    Discrete Jitter          (DJ):    0.000ns
    Phase Error              (PE):    0.000ns

    Location             Delay type                Incr(ns)  Path(ns)    Netlist Resource(s)
  -------------------------------------------------------------------    -------------------
                         (clock sys_clk rise edge)    0.000     0.000 r  <hidden>
                                                      0.000     0.000 r  clock
                         net (fo=496, unset)          0.973     0.973    clock
    SLICE_X28Y73         FDRE                                         r  sB_sig_reg[0]/C
  -------------------------------------------------------------------    -------------------
    SLICE_X28Y73         FDRE (Prop_fdre_C_Q)         0.419     1.392 r  sB_sig_reg[0]/Q
                         net (fo=3, routed)           0.818     2.210    sB_sig_reg_n_0_[0]
    SLICE_X28Y74         LUT5 (Prop_lut5_I0_O)        0.299     2.509 f  outReg[62]_i_19/O
                         net (fo=1, routed)           0.787     3.297    outReg[62]_i_19_n_0
    SLICE_X30Y73         LUT5 (Prop_lut5_I0_O)        0.124     3.421 f  outReg[62]_i_12/O
                         net (fo=1, routed)           0.162     3.583    outReg[62]_i_12_n_0
    SLICE_X30Y73         LUT6 (Prop_lut6_I5_O)        0.124     3.707 r  outReg[62]_i_4/O
                         net (fo=4, routed)           0.332     4.039    p_0_in3_out
    SLICE_X29Y74         LUT5 (Prop_lut5_I2_O)        0.124     4.163 r  outReg[50]_i_1/O
                         net (fo=51, routed)          0.952     5.115    outReg[50]_i_1_n_0
    SLICE_X32Y71         FDRE                                         r  outReg_reg[14]/R
  -------------------------------------------------------------------    -------------------

                         (clock sys_clk rise edge)    5.000     5.000 r  <hidden>
                                                      0.000     5.000 r  clock
                         net (fo=496, unset)          0.924     5.924    clock
    SLICE_X32Y71         FDRE                                         r  outReg_reg[14]/C
                         clock pessimism              0.000     5.924    <hidden>
                         clock uncertainty           -0.035     5.889    <hidden>
    SLICE_X32Y71         FDRE (Setup_fdre_C_R)       -0.524     5.365    outReg_reg[14]
  -------------------------------------------------------------------
                         required time                          5.365    <hidden>
                         arrival time                          -5.115    <hidden>
  -------------------------------------------------------------------
                         slack                                  0.250    <hidden>

Slack (MET) :             0.250ns  (required time - arrival time)
  Source:                 sB_sig_reg[0]/C
                            (rising edge-triggered cell FDRE clocked by sys_clk  {rise@0.000ns fall@2.500ns period=5.000ns})
  Destination:            outReg_reg[15]/R
                            (rising edge-triggered cell FDRE clocked by sys_clk  {rise@0.000ns fall@2.500ns period=5.000ns})
  Path Group:             sys_clk
  Path Type:              Setup (Max at Slow Process Corner)
  Requirement:            5.000ns  (sys_clk rise@5.000ns - sys_clk rise@0.000ns)
  Data Path Delay:        4.142ns  (logic 1.090ns (26.316%)  route 3.052ns (73.684%))
  Logic Levels:           4  (LUT5=3 LUT6=1)
  Clock Path Skew:        -0.049ns (DCD - SCD + CPR)
    Destination Clock Delay (DCD):    0.924ns = ( 5.924 - 5.000 ) 
    Source Clock Delay      (SCD):    0.973ns
    Clock Pessimism Removal (CPR):    0.000ns
  Clock Uncertainty:      0.035ns  ((TSJ^2 + TIJ^2)^1/2 + DJ) / 2 + PE
    Total System Jitter     (TSJ):    0.071ns
    Total Input Jitter      (TIJ):    0.000ns
    Discrete Jitter          (DJ):    0.000ns
    Phase Error              (PE):    0.000ns

    Location             Delay type                Incr(ns)  Path(ns)    Netlist Resource(s)
  -------------------------------------------------------------------    -------------------
                         (clock sys_clk rise edge)    0.000     0.000 r  <hidden>
                                                      0.000     0.000 r  clock
                         net (fo=496, unset)          0.973     0.973    clock
    SLICE_X28Y73         FDRE                                         r  sB_sig_reg[0]/C
  -------------------------------------------------------------------    -------------------
    SLICE_X28Y73         FDRE (Prop_fdre_C_Q)         0.419     1.392 r  sB_sig_reg[0]/Q
                         net (fo=3, routed)           0.818     2.210    sB_sig_reg_n_0_[0]
    SLICE_X28Y74         LUT5 (Prop_lut5_I0_O)        0.299     2.509 f  outReg[62]_i_19/O
                         net (fo=1, routed)           0.787     3.297    outReg[62]_i_19_n_0
    SLICE_X30Y73         LUT5 (Prop_lut5_I0_O)        0.124     3.421 f  outReg[62]_i_12/O
                         net (fo=1, routed)           0.162     3.583    outReg[62]_i_12_n_0
    SLICE_X30Y73         LUT6 (Prop_lut6_I5_O)        0.124     3.707 r  outReg[62]_i_4/O
                         net (fo=4, routed)           0.332     4.039    p_0_in3_out
    SLICE_X29Y74         LUT5 (Prop_lut5_I2_O)        0.124     4.163 r  outReg[50]_i_1/O
                         net (fo=51, routed)          0.952     5.115    outReg[50]_i_1_n_0
    SLICE_X32Y71         FDRE                                         r  outReg_reg[15]/R
  -------------------------------------------------------------------    -------------------

                         (clock sys_clk rise edge)    5.000     5.000 r  <hidden>
                                                      0.000     5.000 r  clock
                         net (fo=496, unset)          0.924     5.924    clock
    SLICE_X32Y71         FDRE                                         r  outReg_reg[15]/C
                         clock pessimism              0.000     5.924    <hidden>
                         clock uncertainty           -0.035     5.889    <hidden>
    SLICE_X32Y71         FDRE (Setup_fdre_C_R)       -0.524     5.365    outReg_reg[15]
  -------------------------------------------------------------------
                         required time                          5.365    <hidden>
                         arrival time                          -5.115    <hidden>
  -------------------------------------------------------------------
                         slack                                  0.250    <hidden>

Slack (MET) :             0.257ns  (required time - arrival time)
  Source:                 sB_sig_reg[0]/C
                            (rising edge-triggered cell FDRE clocked by sys_clk  {rise@0.000ns fall@2.500ns period=5.000ns})
  Destination:            outReg_reg[62]/D
                            (rising edge-triggered cell FDSE clocked by sys_clk  {rise@0.000ns fall@2.500ns period=5.000ns})
  Path Group:             sys_clk
  Path Type:              Setup (Max at Slow Process Corner)
  Requirement:            5.000ns  (sys_clk rise@5.000ns - sys_clk rise@0.000ns)
  Data Path Delay:        4.690ns  (logic 2.260ns (48.191%)  route 2.430ns (51.809%))
  Logic Levels:           8  (CARRY4=3 LUT2=2 LUT5=2 LUT6=1)
  Clock Path Skew:        -0.049ns (DCD - SCD + CPR)
    Destination Clock Delay (DCD):    0.924ns = ( 5.924 - 5.000 ) 
    Source Clock Delay      (SCD):    0.973ns
    Clock Pessimism Removal (CPR):    0.000ns
  Clock Uncertainty:      0.035ns  ((TSJ^2 + TIJ^2)^1/2 + DJ) / 2 + PE
    Total System Jitter     (TSJ):    0.071ns
    Total Input Jitter      (TIJ):    0.000ns
    Discrete Jitter          (DJ):    0.000ns
    Phase Error              (PE):    0.000ns

    Location             Delay type                Incr(ns)  Path(ns)    Netlist Resource(s)
  -------------------------------------------------------------------    -------------------
                         (clock sys_clk rise edge)    0.000     0.000 r  <hidden>
                                                      0.000     0.000 r  clock
                         net (fo=496, unset)          0.973     0.973    clock
    SLICE_X28Y73         FDRE                                         r  sB_sig_reg[0]/C
  -------------------------------------------------------------------    -------------------
    SLICE_X28Y73         FDRE (Prop_fdre_C_Q)         0.419     1.392 r  sB_sig_reg[0]/Q
                         net (fo=3, routed)           0.818     2.210    sB_sig_reg_n_0_[0]
    SLICE_X28Y74         LUT5 (Prop_lut5_I0_O)        0.299     2.509 f  outReg[62]_i_19/O
                         net (fo=1, routed)           0.787     3.297    outReg[62]_i_19_n_0
    SLICE_X30Y73         LUT5 (Prop_lut5_I0_O)        0.124     3.421 f  outReg[62]_i_12/O
                         net (fo=1, routed)           0.162     3.583    outReg[62]_i_12_n_0
    SLICE_X30Y73         LUT6 (Prop_lut6_I5_O)        0.124     3.707 r  outReg[62]_i_4/O
                         net (fo=4, routed)           0.342     4.049    p_0_in3_out
    SLICE_X26Y73         LUT2 (Prop_lut2_I1_O)        0.124     4.173 r  outReg[55]_i_6/O
                         net (fo=1, routed)           0.000     4.173    outReg[55]_i_6_n_0
    SLICE_X26Y73         CARRY4 (Prop_carry4_S[0]_CO[3])
                                                      0.513     4.686 r  outReg_reg[55]_i_2/CO[3]
                         net (fo=1, routed)           0.000     4.686    outReg_reg[55]_i_2_n_0
    SLICE_X26Y74         CARRY4 (Prop_carry4_CI_CO[3])
                                                      0.117     4.803 r  outReg_reg[59]_i_2/CO[3]
                         net (fo=1, routed)           0.009     4.812    outReg_reg[59]_i_2_n_0
    SLICE_X26Y75         CARRY4 (Prop_carry4_CI_O[2])
                                                      0.239     5.051 r  outReg_reg[62]_i_5/O[2]
                         net (fo=1, routed)           0.311     5.362    outReg_reg[62]_i_5_n_5
    SLICE_X28Y75         LUT2 (Prop_lut2_I0_O)        0.301     5.663 r  outReg[62]_i_2/O
                         net (fo=1, routed)           0.000     5.663    outReg[62]_i_2_n_0
    SLICE_X28Y75         FDSE                                         r  outReg_reg[62]/D
  -------------------------------------------------------------------    -------------------

                         (clock sys_clk rise edge)    5.000     5.000 r  <hidden>
                                                      0.000     5.000 r  clock
                         net (fo=496, unset)          0.924     5.924    clock
    SLICE_X28Y75         FDSE                                         r  outReg_reg[62]/C
                         clock pessimism              0.000     5.924    <hidden>
                         clock uncertainty           -0.035     5.889    <hidden>
    SLICE_X28Y75         FDSE (Setup_fdse_C_D)        0.031     5.920    outReg_reg[62]
  -------------------------------------------------------------------
                         required time                          5.920    <hidden>
                         arrival time                          -5.663    <hidden>
  -------------------------------------------------------------------
                         slack                                  0.257    <hidden>

Slack (MET) :             0.276ns  (required time - arrival time)
  Source:                 sB_sig_reg[0]/C
                            (rising edge-triggered cell FDRE clocked by sys_clk  {rise@0.000ns fall@2.500ns period=5.000ns})
  Destination:            outReg_reg[40]/R
                            (rising edge-triggered cell FDRE clocked by sys_clk  {rise@0.000ns fall@2.500ns period=5.000ns})
  Path Group:             sys_clk
  Path Type:              Setup (Max at Slow Process Corner)
  Requirement:            5.000ns  (sys_clk rise@5.000ns - sys_clk rise@0.000ns)
  Data Path Delay:        4.116ns  (logic 1.090ns (26.483%)  route 3.026ns (73.517%))
  Logic Levels:           4  (LUT5=3 LUT6=1)
  Clock Path Skew:        -0.049ns (DCD - SCD + CPR)
    Destination Clock Delay (DCD):    0.924ns = ( 5.924 - 5.000 ) 
    Source Clock Delay      (SCD):    0.973ns
    Clock Pessimism Removal (CPR):    0.000ns
  Clock Uncertainty:      0.035ns  ((TSJ^2 + TIJ^2)^1/2 + DJ) / 2 + PE
    Total System Jitter     (TSJ):    0.071ns
    Total Input Jitter      (TIJ):    0.000ns
    Discrete Jitter          (DJ):    0.000ns
    Phase Error              (PE):    0.000ns

    Location             Delay type                Incr(ns)  Path(ns)    Netlist Resource(s)
  -------------------------------------------------------------------    -------------------
                         (clock sys_clk rise edge)    0.000     0.000 r  <hidden>
                                                      0.000     0.000 r  clock
                         net (fo=496, unset)          0.973     0.973    clock
    SLICE_X28Y73         FDRE                                         r  sB_sig_reg[0]/C
  -------------------------------------------------------------------    -------------------
    SLICE_X28Y73         FDRE (Prop_fdre_C_Q)         0.419     1.392 r  sB_sig_reg[0]/Q
                         net (fo=3, routed)           0.818     2.210    sB_sig_reg_n_0_[0]
    SLICE_X28Y74         LUT5 (Prop_lut5_I0_O)        0.299     2.509 f  outReg[62]_i_19/O
                         net (fo=1, routed)           0.787     3.297    outReg[62]_i_19_n_0
    SLICE_X30Y73         LUT5 (Prop_lut5_I0_O)        0.124     3.421 f  outReg[62]_i_12/O
                         net (fo=1, routed)           0.162     3.583    outReg[62]_i_12_n_0
    SLICE_X30Y73         LUT6 (Prop_lut6_I5_O)        0.124     3.707 r  outReg[62]_i_4/O
                         net (fo=4, routed)           0.332     4.039    p_0_in3_out
    SLICE_X29Y74         LUT5 (Prop_lut5_I2_O)        0.124     4.163 r  outReg[50]_i_1/O
                         net (fo=51, routed)          0.926     5.089    outReg[50]_i_1_n_0
    SLICE_X32Y78         FDRE                                         r  outReg_reg[40]/R
  -------------------------------------------------------------------    -------------------

                         (clock sys_clk rise edge)    5.000     5.000 r  <hidden>
                                                      0.000     5.000 r  clock
                         net (fo=496, unset)          0.924     5.924    clock
    SLICE_X32Y78         FDRE                                         r  outReg_reg[40]/C
                         clock pessimism              0.000     5.924    <hidden>
                         clock uncertainty           -0.035     5.889    <hidden>
    SLICE_X32Y78         FDRE (Setup_fdre_C_R)       -0.524     5.365    outReg_reg[40]
  -------------------------------------------------------------------
                         required time                          5.365    <hidden>
                         arrival time                          -5.089    <hidden>
  -------------------------------------------------------------------
                         slack                                  0.276    <hidden>

Slack (MET) :             0.276ns  (required time - arrival time)
  Source:                 sB_sig_reg[0]/C
                            (rising edge-triggered cell FDRE clocked by sys_clk  {rise@0.000ns fall@2.500ns period=5.000ns})
  Destination:            outReg_reg[41]/R
                            (rising edge-triggered cell FDRE clocked by sys_clk  {rise@0.000ns fall@2.500ns period=5.000ns})
  Path Group:             sys_clk
  Path Type:              Setup (Max at Slow Process Corner)
  Requirement:            5.000ns  (sys_clk rise@5.000ns - sys_clk rise@0.000ns)
  Data Path Delay:        4.116ns  (logic 1.090ns (26.483%)  route 3.026ns (73.517%))
  Logic Levels:           4  (LUT5=3 LUT6=1)
  Clock Path Skew:        -0.049ns (DCD - SCD + CPR)
    Destination Clock Delay (DCD):    0.924ns = ( 5.924 - 5.000 ) 
    Source Clock Delay      (SCD):    0.973ns
    Clock Pessimism Removal (CPR):    0.000ns
  Clock Uncertainty:      0.035ns  ((TSJ^2 + TIJ^2)^1/2 + DJ) / 2 + PE
    Total System Jitter     (TSJ):    0.071ns
    Total Input Jitter      (TIJ):    0.000ns
    Discrete Jitter          (DJ):    0.000ns
    Phase Error              (PE):    0.000ns

    Location             Delay type                Incr(ns)  Path(ns)    Netlist Resource(s)
  -------------------------------------------------------------------    -------------------
                         (clock sys_clk rise edge)    0.000     0.000 r  <hidden>
                                                      0.000     0.000 r  clock
                         net (fo=496, unset)          0.973     0.973    clock
    SLICE_X28Y73         FDRE                                         r  sB_sig_reg[0]/C
  -------------------------------------------------------------------    -------------------
    SLICE_X28Y73         FDRE (Prop_fdre_C_Q)         0.419     1.392 r  sB_sig_reg[0]/Q
                         net (fo=3, routed)           0.818     2.210    sB_sig_reg_n_0_[0]
    SLICE_X28Y74         LUT5 (Prop_lut5_I0_O)        0.299     2.509 f  outReg[62]_i_19/O
                         net (fo=1, routed)           0.787     3.297    outReg[62]_i_19_n_0
    SLICE_X30Y73         LUT5 (Prop_lut5_I0_O)        0.124     3.421 f  outReg[62]_i_12/O
                         net (fo=1, routed)           0.162     3.583    outReg[62]_i_12_n_0
    SLICE_X30Y73         LUT6 (Prop_lut6_I5_O)        0.124     3.707 r  outReg[62]_i_4/O
                         net (fo=4, routed)           0.332     4.039    p_0_in3_out
    SLICE_X29Y74         LUT5 (Prop_lut5_I2_O)        0.124     4.163 r  outReg[50]_i_1/O
                         net (fo=51, routed)          0.926     5.089    outReg[50]_i_1_n_0
    SLICE_X32Y78         FDRE                                         r  outReg_reg[41]/R
  -------------------------------------------------------------------    -------------------

                         (clock sys_clk rise edge)    5.000     5.000 r  <hidden>
                                                      0.000     5.000 r  clock
                         net (fo=496, unset)          0.924     5.924    clock
    SLICE_X32Y78         FDRE                                         r  outReg_reg[41]/C
                         clock pessimism              0.000     5.924    <hidden>
                         clock uncertainty           -0.035     5.889    <hidden>
    SLICE_X32Y78         FDRE (Setup_fdre_C_R)       -0.524     5.365    outReg_reg[41]
  -------------------------------------------------------------------
                         required time                          5.365    <hidden>
                         arrival time                          -5.089    <hidden>
  -------------------------------------------------------------------
                         slack                                  0.276    <hidden>

Slack (MET) :             0.276ns  (required time - arrival time)
  Source:                 sB_sig_reg[0]/C
                            (rising edge-triggered cell FDRE clocked by sys_clk  {rise@0.000ns fall@2.500ns period=5.000ns})
  Destination:            outReg_reg[42]/R
                            (rising edge-triggered cell FDRE clocked by sys_clk  {rise@0.000ns fall@2.500ns period=5.000ns})
  Path Group:             sys_clk
  Path Type:              Setup (Max at Slow Process Corner)
  Requirement:            5.000ns  (sys_clk rise@5.000ns - sys_clk rise@0.000ns)
  Data Path Delay:        4.116ns  (logic 1.090ns (26.483%)  route 3.026ns (73.517%))
  Logic Levels:           4  (LUT5=3 LUT6=1)
  Clock Path Skew:        -0.049ns (DCD - SCD + CPR)
    Destination Clock Delay (DCD):    0.924ns = ( 5.924 - 5.000 ) 
    Source Clock Delay      (SCD):    0.973ns
    Clock Pessimism Removal (CPR):    0.000ns
  Clock Uncertainty:      0.035ns  ((TSJ^2 + TIJ^2)^1/2 + DJ) / 2 + PE
    Total System Jitter     (TSJ):    0.071ns
    Total Input Jitter      (TIJ):    0.000ns
    Discrete Jitter          (DJ):    0.000ns
    Phase Error              (PE):    0.000ns

    Location             Delay type                Incr(ns)  Path(ns)    Netlist Resource(s)
  -------------------------------------------------------------------    -------------------
                         (clock sys_clk rise edge)    0.000     0.000 r  <hidden>
                                                      0.000     0.000 r  clock
                         net (fo=496, unset)          0.973     0.973    clock
    SLICE_X28Y73         FDRE                                         r  sB_sig_reg[0]/C
  -------------------------------------------------------------------    -------------------
    SLICE_X28Y73         FDRE (Prop_fdre_C_Q)         0.419     1.392 r  sB_sig_reg[0]/Q
                         net (fo=3, routed)           0.818     2.210    sB_sig_reg_n_0_[0]
    SLICE_X28Y74         LUT5 (Prop_lut5_I0_O)        0.299     2.509 f  outReg[62]_i_19/O
                         net (fo=1, routed)           0.787     3.297    outReg[62]_i_19_n_0
    SLICE_X30Y73         LUT5 (Prop_lut5_I0_O)        0.124     3.421 f  outReg[62]_i_12/O
                         net (fo=1, routed)           0.162     3.583    outReg[62]_i_12_n_0
    SLICE_X30Y73         LUT6 (Prop_lut6_I5_O)        0.124     3.707 r  outReg[62]_i_4/O
                         net (fo=4, routed)           0.332     4.039    p_0_in3_out
    SLICE_X29Y74         LUT5 (Prop_lut5_I2_O)        0.124     4.163 r  outReg[50]_i_1/O
                         net (fo=51, routed)          0.926     5.089    outReg[50]_i_1_n_0
    SLICE_X32Y78         FDRE                                         r  outReg_reg[42]/R
  -------------------------------------------------------------------    -------------------

                         (clock sys_clk rise edge)    5.000     5.000 r  <hidden>
                                                      0.000     5.000 r  clock
                         net (fo=496, unset)          0.924     5.924    clock
    SLICE_X32Y78         FDRE                                         r  outReg_reg[42]/C
                         clock pessimism              0.000     5.924    <hidden>
                         clock uncertainty           -0.035     5.889    <hidden>
    SLICE_X32Y78         FDRE (Setup_fdre_C_R)       -0.524     5.365    outReg_reg[42]
  -------------------------------------------------------------------
                         required time                          5.365    <hidden>
                         arrival time                          -5.089    <hidden>
  -------------------------------------------------------------------
                         slack                                  0.276    <hidden>





Min Delay Paths
--------------------------------------------------------------------------------------
Slack (MET) :             0.046ns  (arrival time - required time)
  Source:                 sA_tempExp_r_reg[7]/C
                            (rising edge-triggered cell FDRE clocked by sys_clk  {rise@0.000ns fall@2.500ns period=5.000ns})
  Destination:            sA_tempExp_r_3_reg[7]_srl3/D
                            (rising edge-triggered cell SRL16E clocked by sys_clk  {rise@0.000ns fall@2.500ns period=5.000ns})
  Path Group:             sys_clk
  Path Type:              Hold (Min at Fast Process Corner)
  Requirement:            0.000ns  (sys_clk rise@0.000ns - sys_clk rise@0.000ns)
  Data Path Delay:        0.251ns  (logic 0.141ns (56.174%)  route 0.110ns (43.826%))
  Logic Levels:           0  
  Clock Path Skew:        0.022ns (DCD - SCD - CPR)
    Destination Clock Delay (DCD):    0.432ns
    Source Clock Delay      (SCD):    0.410ns
    Clock Pessimism Removal (CPR):    -0.000ns

    Location             Delay type                Incr(ns)  Path(ns)    Netlist Resource(s)
  -------------------------------------------------------------------    -------------------
                         (clock sys_clk rise edge)    0.000     0.000 r  <hidden>
                                                      0.000     0.000 r  clock
                         net (fo=496, unset)          0.410     0.410    clock
    SLICE_X27Y78         FDRE                                         r  sA_tempExp_r_reg[7]/C
  -------------------------------------------------------------------    -------------------
    SLICE_X27Y78         FDRE (Prop_fdre_C_Q)         0.141     0.551 r  sA_tempExp_r_reg[7]/Q
                         net (fo=1, routed)           0.110     0.661    sA_tempExp_r_reg_n_0_[7]
    SLICE_X26Y77         SRL16E                                       r  sA_tempExp_r_3_reg[7]_srl3/D
  -------------------------------------------------------------------    -------------------

                         (clock sys_clk rise edge)    0.000     0.000 r  <hidden>
                                                      0.000     0.000 r  clock
                         net (fo=496, unset)          0.432     0.432    clock
    SLICE_X26Y77         SRL16E                                       r  sA_tempExp_r_3_reg[7]_srl3/CLK
                         clock pessimism              0.000     0.432    <hidden>
    SLICE_X26Y77         SRL16E (Hold_srl16e_CLK_D)
                                                      0.183     0.615    sA_tempExp_r_3_reg[7]_srl3
  -------------------------------------------------------------------
                         required time                         -0.615    <hidden>
                         arrival time                           0.661    <hidden>
  -------------------------------------------------------------------
                         slack                                  0.046    <hidden>

Slack (MET) :             0.086ns  (arrival time - required time)
  Source:                 sA_tempSig_r_reg__0/CLK
                            (rising edge-triggered cell DSP48E1 clocked by sys_clk  {rise@0.000ns fall@2.500ns period=5.000ns})
  Destination:            sA_tempSig_r_3_reg[3]__3_srl3/D
                            (rising edge-triggered cell SRL16E clocked by sys_clk  {rise@0.000ns fall@2.500ns period=5.000ns})
  Path Group:             sys_clk
  Path Type:              Hold (Min at Fast Process Corner)
  Requirement:            0.000ns  (sys_clk rise@0.000ns - sys_clk rise@0.000ns)
  Data Path Delay:        0.290ns  (logic 0.126ns (43.387%)  route 0.164ns (56.613%))
  Logic Levels:           0  
  Clock Path Skew:        0.022ns (DCD - SCD - CPR)
    Destination Clock Delay (DCD):    0.432ns
    Source Clock Delay      (SCD):    0.410ns
    Clock Pessimism Removal (CPR):    -0.000ns

    Location             Delay type                Incr(ns)  Path(ns)    Netlist Resource(s)
  -------------------------------------------------------------------    -------------------
                         (clock sys_clk rise edge)    0.000     0.000 r  <hidden>
                                                      0.000     0.000 r  clock
                         net (fo=496, unset)          0.410     0.410    clock
    DSP48_X2Y22          DSP48E1                                      r  sA_tempSig_r_reg__0/CLK
  -------------------------------------------------------------------    -------------------
    DSP48_X2Y22          DSP48E1 (Prop_dsp48e1_CLK_P[3])
                                                      0.126     0.536 r  sA_tempSig_r_reg__0/P[3]
                         net (fo=1, routed)           0.164     0.701    sA_tempSig_r_reg__0_n_102
    SLICE_X34Y55         SRL16E                                       r  sA_tempSig_r_3_reg[3]__3_srl3/D
  -------------------------------------------------------------------    -------------------

                         (clock sys_clk rise edge)    0.000     0.000 r  <hidden>
                                                      0.000     0.000 r  clock
                         net (fo=496, unset)          0.432     0.432    clock
    SLICE_X34Y55         SRL16E                                       r  sA_tempSig_r_3_reg[3]__3_srl3/CLK
                         clock pessimism              0.000     0.432    <hidden>
    SLICE_X34Y55         SRL16E (Hold_srl16e_CLK_D)
                                                      0.183     0.615    sA_tempSig_r_3_reg[3]__3_srl3
  -------------------------------------------------------------------
                         required time                         -0.615    <hidden>
                         arrival time                           0.701    <hidden>
  -------------------------------------------------------------------
                         slack                                  0.086    <hidden>

Slack (MET) :             0.086ns  (arrival time - required time)
  Source:                 sA_tempSig_r_reg__0/CLK
                            (rising edge-triggered cell DSP48E1 clocked by sys_clk  {rise@0.000ns fall@2.500ns period=5.000ns})
  Destination:            sA_tempSig_r_3_reg[8]__3_srl3/D
                            (rising edge-triggered cell SRL16E clocked by sys_clk  {rise@0.000ns fall@2.500ns period=5.000ns})
  Path Group:             sys_clk
  Path Type:              Hold (Min at Fast Process Corner)
  Requirement:            0.000ns  (sys_clk rise@0.000ns - sys_clk rise@0.000ns)
  Data Path Delay:        0.290ns  (logic 0.126ns (43.387%)  route 0.164ns (56.613%))
  Logic Levels:           0  
  Clock Path Skew:        0.022ns (DCD - SCD - CPR)
    Destination Clock Delay (DCD):    0.432ns
    Source Clock Delay      (SCD):    0.410ns
    Clock Pessimism Removal (CPR):    -0.000ns

    Location             Delay type                Incr(ns)  Path(ns)    Netlist Resource(s)
  -------------------------------------------------------------------    -------------------
                         (clock sys_clk rise edge)    0.000     0.000 r  <hidden>
                                                      0.000     0.000 r  clock
                         net (fo=496, unset)          0.410     0.410    clock
    DSP48_X2Y22          DSP48E1                                      r  sA_tempSig_r_reg__0/CLK
  -------------------------------------------------------------------    -------------------
    DSP48_X2Y22          DSP48E1 (Prop_dsp48e1_CLK_P[8])
                                                      0.126     0.536 r  sA_tempSig_r_reg__0/P[8]
                         net (fo=1, routed)           0.164     0.701    sA_tempSig_r_reg__0_n_97
    SLICE_X34Y56         SRL16E                                       r  sA_tempSig_r_3_reg[8]__3_srl3/D
  -------------------------------------------------------------------    -------------------

                         (clock sys_clk rise edge)    0.000     0.000 r  <hidden>
                                                      0.000     0.000 r  clock
                         net (fo=496, unset)          0.432     0.432    clock
    SLICE_X34Y56         SRL16E                                       r  sA_tempSig_r_3_reg[8]__3_srl3/CLK
                         clock pessimism              0.000     0.432    <hidden>
    SLICE_X34Y56         SRL16E (Hold_srl16e_CLK_D)
                                                      0.183     0.615    sA_tempSig_r_3_reg[8]__3_srl3
  -------------------------------------------------------------------
                         required time                         -0.615    <hidden>
                         arrival time                           0.701    <hidden>
  -------------------------------------------------------------------
                         slack                                  0.086    <hidden>

Slack (MET) :             0.087ns  (arrival time - required time)
  Source:                 sA_tempSig_r_reg/CLK
                            (rising edge-triggered cell DSP48E1 clocked by sys_clk  {rise@0.000ns fall@2.500ns period=5.000ns})
  Destination:            sA_tempSig_r_2_reg[15]_srl2/D
                            (rising edge-triggered cell SRL16E clocked by sys_clk  {rise@0.000ns fall@2.500ns period=5.000ns})
  Path Group:             sys_clk
  Path Type:              Hold (Min at Fast Process Corner)
  Requirement:            0.000ns  (sys_clk rise@0.000ns - sys_clk rise@0.000ns)
  Data Path Delay:        0.291ns  (logic 0.126ns (43.272%)  route 0.165ns (56.728%))
  Logic Levels:           0  
  Clock Path Skew:        0.022ns (DCD - SCD - CPR)
    Destination Clock Delay (DCD):    0.432ns
    Source Clock Delay      (SCD):    0.410ns
    Clock Pessimism Removal (CPR):    -0.000ns

    Location             Delay type                Incr(ns)  Path(ns)    Netlist Resource(s)
  -------------------------------------------------------------------    -------------------
                         (clock sys_clk rise edge)    0.000     0.000 r  <hidden>
                                                      0.000     0.000 r  clock
                         net (fo=496, unset)          0.410     0.410    clock
    DSP48_X2Y28          DSP48E1                                      r  sA_tempSig_r_reg/CLK
  -------------------------------------------------------------------    -------------------
    DSP48_X2Y28          DSP48E1 (Prop_dsp48e1_CLK_P[15])
                                                      0.126     0.536 r  sA_tempSig_r_reg/P[15]
                         net (fo=1, routed)           0.165     0.701    sA_tempSig_r_reg_n_90
    SLICE_X34Y72         SRL16E                                       r  sA_tempSig_r_2_reg[15]_srl2/D
  -------------------------------------------------------------------    -------------------

                         (clock sys_clk rise edge)    0.000     0.000 r  <hidden>
                                                      0.000     0.000 r  clock
                         net (fo=496, unset)          0.432     0.432    clock
    SLICE_X34Y72         SRL16E                                       r  sA_tempSig_r_2_reg[15]_srl2/CLK
                         clock pessimism              0.000     0.432    <hidden>
    SLICE_X34Y72         SRL16E (Hold_srl16e_CLK_D)
                                                      0.183     0.615    sA_tempSig_r_2_reg[15]_srl2
  -------------------------------------------------------------------
                         required time                         -0.615    <hidden>
                         arrival time                           0.701    <hidden>
  -------------------------------------------------------------------
                         slack                                  0.087    <hidden>

Slack (MET) :             0.087ns  (arrival time - required time)
  Source:                 sA_tempSig_r_reg/CLK
                            (rising edge-triggered cell DSP48E1 clocked by sys_clk  {rise@0.000ns fall@2.500ns period=5.000ns})
  Destination:            sA_tempSig_r_2_reg[7]_srl2/D
                            (rising edge-triggered cell SRL16E clocked by sys_clk  {rise@0.000ns fall@2.500ns period=5.000ns})
  Path Group:             sys_clk
  Path Type:              Hold (Min at Fast Process Corner)
  Requirement:            0.000ns  (sys_clk rise@0.000ns - sys_clk rise@0.000ns)
  Data Path Delay:        0.291ns  (logic 0.126ns (43.272%)  route 0.165ns (56.728%))
  Logic Levels:           0  
  Clock Path Skew:        0.022ns (DCD - SCD - CPR)
    Destination Clock Delay (DCD):    0.432ns
    Source Clock Delay      (SCD):    0.410ns
    Clock Pessimism Removal (CPR):    -0.000ns

    Location             Delay type                Incr(ns)  Path(ns)    Netlist Resource(s)
  -------------------------------------------------------------------    -------------------
                         (clock sys_clk rise edge)    0.000     0.000 r  <hidden>
                                                      0.000     0.000 r  clock
                         net (fo=496, unset)          0.410     0.410    clock
    DSP48_X2Y28          DSP48E1                                      r  sA_tempSig_r_reg/CLK
  -------------------------------------------------------------------    -------------------
    DSP48_X2Y28          DSP48E1 (Prop_dsp48e1_CLK_P[7])
                                                      0.126     0.536 r  sA_tempSig_r_reg/P[7]
                         net (fo=1, routed)           0.165     0.701    sA_tempSig_r_reg_n_98
    SLICE_X34Y70         SRL16E                                       r  sA_tempSig_r_2_reg[7]_srl2/D
  -------------------------------------------------------------------    -------------------

                         (clock sys_clk rise edge)    0.000     0.000 r  <hidden>
                                                      0.000     0.000 r  clock
                         net (fo=496, unset)          0.432     0.432    clock
    SLICE_X34Y70         SRL16E                                       r  sA_tempSig_r_2_reg[7]_srl2/CLK
                         clock pessimism              0.000     0.432    <hidden>
    SLICE_X34Y70         SRL16E (Hold_srl16e_CLK_D)
                                                      0.183     0.615    sA_tempSig_r_2_reg[7]_srl2
  -------------------------------------------------------------------
                         required time                         -0.615    <hidden>
                         arrival time                           0.701    <hidden>
  -------------------------------------------------------------------
                         slack                                  0.087    <hidden>

Slack (MET) :             0.112ns  (arrival time - required time)
  Source:                 sA_tempExp_r_reg[12]/C
                            (rising edge-triggered cell FDRE clocked by sys_clk  {rise@0.000ns fall@2.500ns period=5.000ns})
  Destination:            sA_tempExp_r_3_reg[12]_srl3/D
                            (rising edge-triggered cell SRL16E clocked by sys_clk  {rise@0.000ns fall@2.500ns period=5.000ns})
  Path Group:             sys_clk
  Path Type:              Hold (Min at Fast Process Corner)
  Requirement:            0.000ns  (sys_clk rise@0.000ns - sys_clk rise@0.000ns)
  Data Path Delay:        0.251ns  (logic 0.141ns (56.174%)  route 0.110ns (43.826%))
  Logic Levels:           0  
  Clock Path Skew:        0.022ns (DCD - SCD - CPR)
    Destination Clock Delay (DCD):    0.432ns
    Source Clock Delay      (SCD):    0.410ns
    Clock Pessimism Removal (CPR):    -0.000ns

    Location             Delay type                Incr(ns)  Path(ns)    Netlist Resource(s)
  -------------------------------------------------------------------    -------------------
                         (clock sys_clk rise edge)    0.000     0.000 r  <hidden>
                                                      0.000     0.000 r  clock
                         net (fo=496, unset)          0.410     0.410    clock
    SLICE_X27Y80         FDRE                                         r  sA_tempExp_r_reg[12]/C
  -------------------------------------------------------------------    -------------------
    SLICE_X27Y80         FDRE (Prop_fdre_C_Q)         0.141     0.551 r  sA_tempExp_r_reg[12]/Q
                         net (fo=1, routed)           0.110     0.661    sA_tempExp_r_reg_n_0_[12]
    SLICE_X26Y79         SRL16E                                       r  sA_tempExp_r_3_reg[12]_srl3/D
  -------------------------------------------------------------------    -------------------

                         (clock sys_clk rise edge)    0.000     0.000 r  <hidden>
                                                      0.000     0.000 r  clock
                         net (fo=496, unset)          0.432     0.432    clock
    SLICE_X26Y79         SRL16E                                       r  sA_tempExp_r_3_reg[12]_srl3/CLK
                         clock pessimism              0.000     0.432    <hidden>
    SLICE_X26Y79         SRL16E (Hold_srl16e_CLK_D)
                                                      0.117     0.549    sA_tempExp_r_3_reg[12]_srl3
  -------------------------------------------------------------------
                         required time                         -0.549    <hidden>
                         arrival time                           0.661    <hidden>
  -------------------------------------------------------------------
                         slack                                  0.112    <hidden>

Slack (MET) :             0.112ns  (arrival time - required time)
  Source:                 sA_tempExp_r_reg[4]/C
                            (rising edge-triggered cell FDRE clocked by sys_clk  {rise@0.000ns fall@2.500ns period=5.000ns})
  Destination:            sA_tempExp_r_3_reg[4]_srl3/D
                            (rising edge-triggered cell SRL16E clocked by sys_clk  {rise@0.000ns fall@2.500ns period=5.000ns})
  Path Group:             sys_clk
  Path Type:              Hold (Min at Fast Process Corner)
  Requirement:            0.000ns  (sys_clk rise@0.000ns - sys_clk rise@0.000ns)
  Data Path Delay:        0.251ns  (logic 0.141ns (56.174%)  route 0.110ns (43.826%))
  Logic Levels:           0  
  Clock Path Skew:        0.022ns (DCD - SCD - CPR)
    Destination Clock Delay (DCD):    0.432ns
    Source Clock Delay      (SCD):    0.410ns
    Clock Pessimism Removal (CPR):    -0.000ns

    Location             Delay type                Incr(ns)  Path(ns)    Netlist Resource(s)
  -------------------------------------------------------------------    -------------------
                         (clock sys_clk rise edge)    0.000     0.000 r  <hidden>
                                                      0.000     0.000 r  clock
                         net (fo=496, unset)          0.410     0.410    clock
    SLICE_X27Y78         FDRE                                         r  sA_tempExp_r_reg[4]/C
  -------------------------------------------------------------------    -------------------
    SLICE_X27Y78         FDRE (Prop_fdre_C_Q)         0.141     0.551 r  sA_tempExp_r_reg[4]/Q
                         net (fo=1, routed)           0.110     0.661    sA_tempExp_r_reg_n_0_[4]
    SLICE_X26Y77         SRL16E                                       r  sA_tempExp_r_3_reg[4]_srl3/D
  -------------------------------------------------------------------    -------------------

                         (clock sys_clk rise edge)    0.000     0.000 r  <hidden>
                                                      0.000     0.000 r  clock
                         net (fo=496, unset)          0.432     0.432    clock
    SLICE_X26Y77         SRL16E                                       r  sA_tempExp_r_3_reg[4]_srl3/CLK
                         clock pessimism              0.000     0.432    <hidden>
    SLICE_X26Y77         SRL16E (Hold_srl16e_CLK_D)
                                                      0.117     0.549    sA_tempExp_r_3_reg[4]_srl3
  -------------------------------------------------------------------
                         required time                         -0.549    <hidden>
                         arrival time                           0.661    <hidden>
  -------------------------------------------------------------------
                         slack                                  0.112    <hidden>

Slack (MET) :             0.114ns  (arrival time - required time)
  Source:                 sA_tempExp_r_reg[5]/C
                            (rising edge-triggered cell FDRE clocked by sys_clk  {rise@0.000ns fall@2.500ns period=5.000ns})
  Destination:            sA_tempExp_r_3_reg[5]_srl3/D
                            (rising edge-triggered cell SRL16E clocked by sys_clk  {rise@0.000ns fall@2.500ns period=5.000ns})
  Path Group:             sys_clk
  Path Type:              Hold (Min at Fast Process Corner)
  Requirement:            0.000ns  (sys_clk rise@0.000ns - sys_clk rise@0.000ns)
  Data Path Delay:        0.251ns  (logic 0.141ns (56.174%)  route 0.110ns (43.826%))
  Logic Levels:           0  
  Clock Path Skew:        0.022ns (DCD - SCD - CPR)
    Destination Clock Delay (DCD):    0.432ns
    Source Clock Delay      (SCD):    0.410ns
    Clock Pessimism Removal (CPR):    -0.000ns

    Location             Delay type                Incr(ns)  Path(ns)    Netlist Resource(s)
  -------------------------------------------------------------------    -------------------
                         (clock sys_clk rise edge)    0.000     0.000 r  <hidden>
                                                      0.000     0.000 r  clock
                         net (fo=496, unset)          0.410     0.410    clock
    SLICE_X27Y78         FDRE                                         r  sA_tempExp_r_reg[5]/C
  -------------------------------------------------------------------    -------------------
    SLICE_X27Y78         FDRE (Prop_fdre_C_Q)         0.141     0.551 r  sA_tempExp_r_reg[5]/Q
                         net (fo=1, routed)           0.110     0.661    sA_tempExp_r_reg_n_0_[5]
    SLICE_X26Y77         SRL16E                                       r  sA_tempExp_r_3_reg[5]_srl3/D
  -------------------------------------------------------------------    -------------------

                         (clock sys_clk rise edge)    0.000     0.000 r  <hidden>
                                                      0.000     0.000 r  clock
                         net (fo=496, unset)          0.432     0.432    clock
    SLICE_X26Y77         SRL16E                                       r  sA_tempExp_r_3_reg[5]_srl3/CLK
                         clock pessimism              0.000     0.432    <hidden>
    SLICE_X26Y77         SRL16E (Hold_srl16e_CLK_D)
                                                      0.115     0.547    sA_tempExp_r_3_reg[5]_srl3
  -------------------------------------------------------------------
                         required time                         -0.547    <hidden>
                         arrival time                           0.661    <hidden>
  -------------------------------------------------------------------
                         slack                                  0.114    <hidden>

Slack (MET) :             0.119ns  (arrival time - required time)
  Source:                 sA_tempSig_r_reg__0/CLK
                            (rising edge-triggered cell DSP48E1 clocked by sys_clk  {rise@0.000ns fall@2.500ns period=5.000ns})
  Destination:            sA_tempSig_r_3_reg[16]__3_srl3/D
                            (rising edge-triggered cell SRL16E clocked by sys_clk  {rise@0.000ns fall@2.500ns period=5.000ns})
  Path Group:             sys_clk
  Path Type:              Hold (Min at Fast Process Corner)
  Requirement:            0.000ns  (sys_clk rise@0.000ns - sys_clk rise@0.000ns)
  Data Path Delay:        0.323ns  (logic 0.126ns (38.997%)  route 0.197ns (61.003%))
  Logic Levels:           0  
  Clock Path Skew:        0.022ns (DCD - SCD - CPR)
    Destination Clock Delay (DCD):    0.432ns
    Source Clock Delay      (SCD):    0.410ns
    Clock Pessimism Removal (CPR):    -0.000ns

    Location             Delay type                Incr(ns)  Path(ns)    Netlist Resource(s)
  -------------------------------------------------------------------    -------------------
                         (clock sys_clk rise edge)    0.000     0.000 r  <hidden>
                                                      0.000     0.000 r  clock
                         net (fo=496, unset)          0.410     0.410    clock
    DSP48_X2Y22          DSP48E1                                      r  sA_tempSig_r_reg__0/CLK
  -------------------------------------------------------------------    -------------------
    DSP48_X2Y22          DSP48E1 (Prop_dsp48e1_CLK_P[16])
                                                      0.126     0.536 r  sA_tempSig_r_reg__0/P[16]
                         net (fo=1, routed)           0.197     0.733    sA_tempSig_r_reg__0_n_89
    SLICE_X38Y59         SRL16E                                       r  sA_tempSig_r_3_reg[16]__3_srl3/D
  -------------------------------------------------------------------    -------------------

                         (clock sys_clk rise edge)    0.000     0.000 r  <hidden>
                                                      0.000     0.000 r  clock
                         net (fo=496, unset)          0.432     0.432    clock
    SLICE_X38Y59         SRL16E                                       r  sA_tempSig_r_3_reg[16]__3_srl3/CLK
                         clock pessimism              0.000     0.432    <hidden>
    SLICE_X38Y59         SRL16E (Hold_srl16e_CLK_D)
                                                      0.183     0.615    sA_tempSig_r_3_reg[16]__3_srl3
  -------------------------------------------------------------------
                         required time                         -0.615    <hidden>
                         arrival time                           0.733    <hidden>
  -------------------------------------------------------------------
                         slack                                  0.119    <hidden>

Slack (MET) :             0.120ns  (arrival time - required time)
  Source:                 sA_tempExp_r_reg[6]/C
                            (rising edge-triggered cell FDRE clocked by sys_clk  {rise@0.000ns fall@2.500ns period=5.000ns})
  Destination:            sA_tempExp_r_3_reg[6]_srl3/D
                            (rising edge-triggered cell SRL16E clocked by sys_clk  {rise@0.000ns fall@2.500ns period=5.000ns})
  Path Group:             sys_clk
  Path Type:              Hold (Min at Fast Process Corner)
  Requirement:            0.000ns  (sys_clk rise@0.000ns - sys_clk rise@0.000ns)
  Data Path Delay:        0.251ns  (logic 0.141ns (56.174%)  route 0.110ns (43.826%))
  Logic Levels:           0  
  Clock Path Skew:        0.022ns (DCD - SCD - CPR)
    Destination Clock Delay (DCD):    0.432ns
    Source Clock Delay      (SCD):    0.410ns
    Clock Pessimism Removal (CPR):    -0.000ns

    Location             Delay type                Incr(ns)  Path(ns)    Netlist Resource(s)
  -------------------------------------------------------------------    -------------------
                         (clock sys_clk rise edge)    0.000     0.000 r  <hidden>
                                                      0.000     0.000 r  clock
                         net (fo=496, unset)          0.410     0.410    clock
    SLICE_X27Y78         FDRE                                         r  sA_tempExp_r_reg[6]/C
  -------------------------------------------------------------------    -------------------
    SLICE_X27Y78         FDRE (Prop_fdre_C_Q)         0.141     0.551 r  sA_tempExp_r_reg[6]/Q
                         net (fo=1, routed)           0.110     0.661    sA_tempExp_r_reg_n_0_[6]
    SLICE_X26Y77         SRL16E                                       r  sA_tempExp_r_3_reg[6]_srl3/D
  -------------------------------------------------------------------    -------------------

                         (clock sys_clk rise edge)    0.000     0.000 r  <hidden>
                                                      0.000     0.000 r  clock
                         net (fo=496, unset)          0.432     0.432    clock
    SLICE_X26Y77         SRL16E                                       r  sA_tempExp_r_3_reg[6]_srl3/CLK
                         clock pessimism              0.000     0.432    <hidden>
    SLICE_X26Y77         SRL16E (Hold_srl16e_CLK_D)
                                                      0.109     0.541    sA_tempExp_r_3_reg[6]_srl3
  -------------------------------------------------------------------
                         required time                         -0.541    <hidden>
                         arrival time                           0.661    <hidden>
  -------------------------------------------------------------------
                         slack                                  0.120    <hidden>





Pulse Width Checks
--------------------------------------------------------------------------------------
Clock Name:         sys_clk
Waveform(ns):       { 0.000 2.500 }
Period(ns):         5.000
Sources:            { clock }

Check Type        Corner  Lib Pin      Reference Pin  Required(ns)  Actual(ns)  Slack(ns)  Location      Pin
Min Period        n/a     DSP48E1/CLK  n/a            2.154         5.000       2.846      DSP48_X2Y30   sA_tempSig_r0/CLK
Min Period        n/a     DSP48E1/CLK  n/a            2.154         5.000       2.846      DSP48_X2Y24   sA_tempSig_r0__0/CLK
Min Period        n/a     DSP48E1/CLK  n/a            2.154         5.000       2.846      DSP48_X2Y29   sA_tempSig_r_1_reg/CLK
Min Period        n/a     DSP48E1/CLK  n/a            2.154         5.000       2.846      DSP48_X2Y23   sA_tempSig_r_1_reg__0/CLK
Min Period        n/a     DSP48E1/CLK  n/a            2.154         5.000       2.846      DSP48_X2Y31   sA_tempSig_r_2_reg/CLK
Min Period        n/a     DSP48E1/CLK  n/a            2.154         5.000       2.846      DSP48_X2Y25   sA_tempSig_r_2_reg__0/CLK
Min Period        n/a     DSP48E1/CLK  n/a            2.154         5.000       2.846      DSP48_X2Y26   sA_tempSig_r_3_reg/CLK
Min Period        n/a     DSP48E1/CLK  n/a            2.154         5.000       2.846      DSP48_X2Y28   sA_tempSig_r_reg/CLK
Min Period        n/a     DSP48E1/CLK  n/a            2.154         5.000       2.846      DSP48_X2Y22   sA_tempSig_r_reg__0/CLK
Min Period        n/a     FDRE/C       n/a            1.000         5.000       4.000      SLICE_X32Y68  outReg_reg[0]/C
Low Pulse Width   Slow    SRL16E/CLK   n/a            0.980         2.500       1.520      SLICE_X26Y70  sA_infInput_r_3_reg_srl4/CLK
Low Pulse Width   Fast    SRL16E/CLK   n/a            0.980         2.500       1.520      SLICE_X26Y70  sA_infInput_r_3_reg_srl4/CLK
Low Pulse Width   Slow    SRL16E/CLK   n/a            0.980         2.500       1.520      SLICE_X26Y70  sA_isNaN_r_3_reg_srl4/CLK
Low Pulse Width   Fast    SRL16E/CLK   n/a            0.980         2.500       1.520      SLICE_X26Y70  sA_isNaN_r_3_reg_srl4/CLK
Low Pulse Width   Slow    SRL16E/CLK   n/a            0.980         2.500       1.520      SLICE_X26Y70  sA_sign_reg_srl5/CLK
Low Pulse Width   Fast    SRL16E/CLK   n/a            0.980         2.500       1.520      SLICE_X26Y70  sA_sign_reg_srl5/CLK
Low Pulse Width   Slow    SRL16E/CLK   n/a            0.980         2.500       1.520      SLICE_X26Y77  sA_tempExp_r_3_reg[0]_srl3/CLK
Low Pulse Width   Fast    SRL16E/CLK   n/a            0.980         2.500       1.520      SLICE_X26Y77  sA_tempExp_r_3_reg[0]_srl3/CLK
Low Pulse Width   Slow    SRL16E/CLK   n/a            0.980         2.500       1.520      SLICE_X26Y79  sA_tempExp_r_3_reg[10]_srl3/CLK
Low Pulse Width   Fast    SRL16E/CLK   n/a            0.980         2.500       1.520      SLICE_X26Y79  sA_tempExp_r_3_reg[10]_srl3/CLK
High Pulse Width  Slow    SRL16E/CLK   n/a            0.980         2.500       1.520      SLICE_X26Y70  sA_infInput_r_3_reg_srl4/CLK
High Pulse Width  Fast    SRL16E/CLK   n/a            0.980         2.500       1.520      SLICE_X26Y70  sA_infInput_r_3_reg_srl4/CLK
High Pulse Width  Slow    SRL16E/CLK   n/a            0.980         2.500       1.520      SLICE_X26Y70  sA_isNaN_r_3_reg_srl4/CLK
High Pulse Width  Fast    SRL16E/CLK   n/a            0.980         2.500       1.520      SLICE_X26Y70  sA_isNaN_r_3_reg_srl4/CLK
High Pulse Width  Slow    SRL16E/CLK   n/a            0.980         2.500       1.520      SLICE_X26Y70  sA_sign_reg_srl5/CLK
High Pulse Width  Fast    SRL16E/CLK   n/a            0.980         2.500       1.520      SLICE_X26Y70  sA_sign_reg_srl5/CLK
High Pulse Width  Slow    SRL16E/CLK   n/a            0.980         2.500       1.520      SLICE_X26Y77  sA_tempExp_r_3_reg[0]_srl3/CLK
High Pulse Width  Fast    SRL16E/CLK   n/a            0.980         2.500       1.520      SLICE_X26Y77  sA_tempExp_r_3_reg[0]_srl3/CLK
High Pulse Width  Slow    SRL16E/CLK   n/a            0.980         2.500       1.520      SLICE_X26Y79  sA_tempExp_r_3_reg[10]_srl3/CLK
High Pulse Width  Fast    SRL16E/CLK   n/a            0.980         2.500       1.520      SLICE_X26Y79  sA_tempExp_r_3_reg[10]_srl3/CLK



