Copyright 1986-2022 Xilinx, Inc. All Rights Reserved. Copyright 2022-2026 Advanced Micro Devices, Inc. All Rights Reserved.
---------------------------------------------------------------------------------------------------------------------------------------------
| Tool Version : Vivado v.2026.1 (lin64) Build 6511674 Tue Jun 16 11:01:26 MDT 2026
| Date         : Sun Sep 13 17:03:48 2026
| Host         : Nix-Los running 64-bit unknown
| Command      : report_timing_summary -max_paths 10 -file ./reports_fp16_d4_run02/timing_summary.rpt
| Design       : FPMul
| Device       : 7z020-clg400
| Speed File   : -1  PRODUCTION 1.12 2019-11-22
| Design State : Routed
---------------------------------------------------------------------------------------------------------------------------------------------

Timing Summary Report

------------------------------------------------------------------------------------------------
| Timer Settings
| --------------
------------------------------------------------------------------------------------------------

  Enable Multi Corner Analysis               :  Yes
  Enable Pessimism Removal                   :  Yes
  Pessimism Removal Resolution               :  Nearest Common Node
  Enable Input Delay Default Clock           :  No
  Enable Preset / Clear Arcs                 :  No
  Disable Flight Delays                      :  No
  Ignore I/O Paths                           :  No
  Timing Early Launch at Borrowing Latches   :  No
  Borrow Time for Max Delay Exceptions       :  Yes
  Merge Timing Exceptions                    :  Yes
  Inter-SLR Compensation                     :  Conservative

  Corner  Analyze    Analyze    
  Name    Max Paths  Min Paths  
  ------  ---------  ---------  
  Slow    Yes        Yes        
  Fast    Yes        Yes        


------------------------------------------------------------------------------------------------
| Report Methodology
| ------------------
------------------------------------------------------------------------------------------------

No report available as report_methodology has not been run prior. Run report_methodology on the current design for the summary of methodology violations.



check_timing report

Table of Contents
-----------------
1. checking no_clock (0)
2. checking constant_clock (0)
3. checking pulse_width_clock (0)
4. checking unconstrained_internal_endpoints (0)
5. checking no_input_delay (32)
6. checking no_output_delay (16)
7. checking multiple_clock (0)
8. checking generated_clocks (0)
9. checking loops (0)
10. checking partial_input_delay (0)
11. checking partial_output_delay (0)
12. checking latch_loops (0)

1. checking no_clock (0)
------------------------
 There are 0 register/latch pins with no clock.


2. checking constant_clock (0)
------------------------------
 There are 0 register/latch pins with constant_clock.


3. checking pulse_width_clock (0)
---------------------------------
 There are 0 register/latch pins which need pulse_width check


4. checking unconstrained_internal_endpoints (0)
------------------------------------------------
 There are 0 pins that are not constrained for maximum delay.

 There are 0 pins that are not constrained for maximum delay due to constant clock.


5. checking no_input_delay (32)
-------------------------------
 There are 32 input ports with no input delay specified. (HIGH)

 There are 0 input ports with no input delay but user has a false path constraint.


6. checking no_output_delay (16)
--------------------------------
 There are 16 ports with no output delay specified. (HIGH)

 There are 0 ports with no output delay but user has a false path constraint

 There are 0 ports with no output delay but with a timing clock defined on it or propagating through it


7. checking multiple_clock (0)
------------------------------
 There are 0 register/latch pins with multiple clocks.


8. checking generated_clocks (0)
--------------------------------
 There are 0 generated clocks that are not connected to a clock source.


9. checking loops (0)
---------------------
 There are 0 combinational loops in the design.


10. checking partial_input_delay (0)
------------------------------------
 There are 0 input ports with partial input delay specified.


11. checking partial_output_delay (0)
-------------------------------------
 There are 0 ports with partial output delay specified.


12. checking latch_loops (0)
----------------------------
 There are 0 combinational latch loops in the design through latch input



------------------------------------------------------------------------------------------------
| Design Timing Summary
| ---------------------
------------------------------------------------------------------------------------------------

    WNS(ns)      TNS(ns)  TNS Failing Endpoints  TNS Total Endpoints      WHS(ns)      THS(ns)  THS Failing Endpoints  THS Total Endpoints     WPWS(ns)     TPWS(ns)  TPWS Failing Endpoints  TPWS Total Endpoints  
    -------      -------  ---------------------  -------------------      -------      -------  ---------------------  -------------------     --------     --------  ----------------------  --------------------  
      0.534        0.000                      0                   86        0.132        0.000                      0                   86        1.520        0.000                       0                    84  


All user specified timing constraints are met.


------------------------------------------------------------------------------------------------
| Clock Summary
| -------------
------------------------------------------------------------------------------------------------

Clock    Waveform(ns)         Period(ns)      Frequency(MHz)
-----    ------------         ----------      --------------
sys_clk  {0.000 2.500}        5.000           200.000         


------------------------------------------------------------------------------------------------
| Intra Clock Table
| -----------------
------------------------------------------------------------------------------------------------

Clock             WNS(ns)      TNS(ns)  TNS Failing Endpoints  TNS Total Endpoints      WHS(ns)      THS(ns)  THS Failing Endpoints  THS Total Endpoints     WPWS(ns)     TPWS(ns)  TPWS Failing Endpoints  TPWS Total Endpoints  
-----             -------      -------  ---------------------  -------------------      -------      -------  ---------------------  -------------------     --------     --------  ----------------------  --------------------  
sys_clk             0.534        0.000                      0                   86        0.132        0.000                      0                   86        1.520        0.000                       0                    84  


------------------------------------------------------------------------------------------------
| Inter Clock Table
| -----------------
------------------------------------------------------------------------------------------------

From Clock    To Clock          WNS(ns)      TNS(ns)  TNS Failing Endpoints  TNS Total Endpoints      WHS(ns)      THS(ns)  THS Failing Endpoints  THS Total Endpoints  
----------    --------          -------      -------  ---------------------  -------------------      -------      -------  ---------------------  -------------------  


------------------------------------------------------------------------------------------------
| Other Path Groups Table
| -----------------------
------------------------------------------------------------------------------------------------

Path Group    From Clock    To Clock          WNS(ns)      TNS(ns)  TNS Failing Endpoints  TNS Total Endpoints      WHS(ns)      THS(ns)  THS Failing Endpoints  THS Total Endpoints  
----------    ----------    --------          -------      -------  ---------------------  -------------------      -------      -------  ---------------------  -------------------  


------------------------------------------------------------------------------------------------
| Timing Details
| --------------
------------------------------------------------------------------------------------------------


---------------------------------------------------------------------------------------------------
From Clock:  sys_clk
  To Clock:  sys_clk

Setup :            0  Failing Endpoints,  Worst Slack        0.534ns,  Total Violation        0.000ns
Hold  :            0  Failing Endpoints,  Worst Slack        0.132ns,  Total Violation        0.000ns
PW    :            0  Failing Endpoints,  Worst Slack        1.520ns,  Total Violation        0.000ns
---------------------------------------------------------------------------------------------------


Max Delay Paths
--------------------------------------------------------------------------------------
Slack (MET) :             0.534ns  (required time - arrival time)
  Source:                 sB_sig_reg[4]/C
                            (rising edge-triggered cell FDRE clocked by sys_clk  {rise@0.000ns fall@2.500ns period=5.000ns})
  Destination:            outReg_reg[0]/R
                            (rising edge-triggered cell FDRE clocked by sys_clk  {rise@0.000ns fall@2.500ns period=5.000ns})
  Path Group:             sys_clk
  Path Type:              Setup (Max at Slow Process Corner)
  Requirement:            5.000ns  (sys_clk rise@5.000ns - sys_clk rise@0.000ns)
  Data Path Delay:        3.953ns  (logic 1.387ns (35.086%)  route 2.566ns (64.914%))
  Logic Levels:           4  (LUT3=1 LUT4=1 LUT5=1 LUT6=1)
  Clock Path Skew:        -0.049ns (DCD - SCD + CPR)
    Destination Clock Delay (DCD):    0.924ns = ( 5.924 - 5.000 ) 
    Source Clock Delay      (SCD):    0.973ns
    Clock Pessimism Removal (CPR):    0.000ns
  Clock Uncertainty:      0.035ns  ((TSJ^2 + TIJ^2)^1/2 + DJ) / 2 + PE
    Total System Jitter     (TSJ):    0.071ns
    Total Input Jitter      (TIJ):    0.000ns
    Discrete Jitter          (DJ):    0.000ns
    Phase Error              (PE):    0.000ns

    Location             Delay type                Incr(ns)  Path(ns)    Netlist Resource(s)
  -------------------------------------------------------------------    -------------------
                         (clock sys_clk rise edge)    0.000     0.000 r  <hidden>
                                                      0.000     0.000 r  clock
                         net (fo=83, unset)           0.973     0.973    clock
    SLICE_X34Y74         FDRE                                         r  sB_sig_reg[4]/C
  -------------------------------------------------------------------    -------------------
    SLICE_X34Y74         FDRE (Prop_fdre_C_Q)         0.478     1.451 r  sB_sig_reg[4]/Q
                         net (fo=7, routed)           0.658     2.109    sB_sig_reg_n_0_[4]
    SLICE_X35Y74         LUT4 (Prop_lut4_I0_O)        0.301     2.410 f  outReg[14]_i_7/O
                         net (fo=1, routed)           0.426     2.836    outReg[14]_i_7_n_0
    SLICE_X33Y73         LUT6 (Prop_lut6_I1_O)        0.124     2.960 r  outReg[14]_i_4/O
                         net (fo=6, routed)           0.602     3.562    p_0_in3_out
    SLICE_X32Y72         LUT5 (Prop_lut5_I1_O)        0.153     3.715 r  outReg[9]_i_2/O
                         net (fo=2, routed)           0.322     4.037    p_1_in
    SLICE_X35Y72         LUT3 (Prop_lut3_I2_O)        0.331     4.368 r  outReg[8]_i_1/O
                         net (fo=9, routed)           0.558     4.926    outReg[8]_i_1_n_0
    SLICE_X37Y72         FDRE                                         r  outReg_reg[0]/R
  -------------------------------------------------------------------    -------------------

                         (clock sys_clk rise edge)    5.000     5.000 r  <hidden>
                                                      0.000     5.000 r  clock
                         net (fo=83, unset)           0.924     5.924    clock
    SLICE_X37Y72         FDRE                                         r  outReg_reg[0]/C
                         clock pessimism              0.000     5.924    <hidden>
                         clock uncertainty           -0.035     5.889    <hidden>
    SLICE_X37Y72         FDRE (Setup_fdre_C_R)       -0.429     5.460    outReg_reg[0]
  -------------------------------------------------------------------
                         required time                          5.460    <hidden>
                         arrival time                          -4.926    <hidden>
  -------------------------------------------------------------------
                         slack                                  0.534    <hidden>

Slack (MET) :             0.534ns  (required time - arrival time)
  Source:                 sB_sig_reg[4]/C
                            (rising edge-triggered cell FDRE clocked by sys_clk  {rise@0.000ns fall@2.500ns period=5.000ns})
  Destination:            outReg_reg[8]/R
                            (rising edge-triggered cell FDRE clocked by sys_clk  {rise@0.000ns fall@2.500ns period=5.000ns})
  Path Group:             sys_clk
  Path Type:              Setup (Max at Slow Process Corner)
  Requirement:            5.000ns  (sys_clk rise@5.000ns - sys_clk rise@0.000ns)
  Data Path Delay:        3.953ns  (logic 1.387ns (35.086%)  route 2.566ns (64.914%))
  Logic Levels:           4  (LUT3=1 LUT4=1 LUT5=1 LUT6=1)
  Clock Path Skew:        -0.049ns (DCD - SCD + CPR)
    Destination Clock Delay (DCD):    0.924ns = ( 5.924 - 5.000 ) 
    Source Clock Delay      (SCD):    0.973ns
    Clock Pessimism Removal (CPR):    0.000ns
  Clock Uncertainty:      0.035ns  ((TSJ^2 + TIJ^2)^1/2 + DJ) / 2 + PE
    Total System Jitter     (TSJ):    0.071ns
    Total Input Jitter      (TIJ):    0.000ns
    Discrete Jitter          (DJ):    0.000ns
    Phase Error              (PE):    0.000ns

    Location             Delay type                Incr(ns)  Path(ns)    Netlist Resource(s)
  -------------------------------------------------------------------    -------------------
                         (clock sys_clk rise edge)    0.000     0.000 r  <hidden>
                                                      0.000     0.000 r  clock
                         net (fo=83, unset)           0.973     0.973    clock
    SLICE_X34Y74         FDRE                                         r  sB_sig_reg[4]/C
  -------------------------------------------------------------------    -------------------
    SLICE_X34Y74         FDRE (Prop_fdre_C_Q)         0.478     1.451 r  sB_sig_reg[4]/Q
                         net (fo=7, routed)           0.658     2.109    sB_sig_reg_n_0_[4]
    SLICE_X35Y74         LUT4 (Prop_lut4_I0_O)        0.301     2.410 f  outReg[14]_i_7/O
                         net (fo=1, routed)           0.426     2.836    outReg[14]_i_7_n_0
    SLICE_X33Y73         LUT6 (Prop_lut6_I1_O)        0.124     2.960 r  outReg[14]_i_4/O
                         net (fo=6, routed)           0.602     3.562    p_0_in3_out
    SLICE_X32Y72         LUT5 (Prop_lut5_I1_O)        0.153     3.715 r  outReg[9]_i_2/O
                         net (fo=2, routed)           0.322     4.037    p_1_in
    SLICE_X35Y72         LUT3 (Prop_lut3_I2_O)        0.331     4.368 r  outReg[8]_i_1/O
                         net (fo=9, routed)           0.558     4.926    outReg[8]_i_1_n_0
    SLICE_X37Y72         FDRE                                         r  outReg_reg[8]/R
  -------------------------------------------------------------------    -------------------

                         (clock sys_clk rise edge)    5.000     5.000 r  <hidden>
                                                      0.000     5.000 r  clock
                         net (fo=83, unset)           0.924     5.924    clock
    SLICE_X37Y72         FDRE                                         r  outReg_reg[8]/C
                         clock pessimism              0.000     5.924    <hidden>
                         clock uncertainty           -0.035     5.889    <hidden>
    SLICE_X37Y72         FDRE (Setup_fdre_C_R)       -0.429     5.460    outReg_reg[8]
  -------------------------------------------------------------------
                         required time                          5.460    <hidden>
                         arrival time                          -4.926    <hidden>
  -------------------------------------------------------------------
                         slack                                  0.534    <hidden>

Slack (MET) :             0.588ns  (required time - arrival time)
  Source:                 sB_sig_reg[4]/C
                            (rising edge-triggered cell FDRE clocked by sys_clk  {rise@0.000ns fall@2.500ns period=5.000ns})
  Destination:            outReg_reg[4]/R
                            (rising edge-triggered cell FDRE clocked by sys_clk  {rise@0.000ns fall@2.500ns period=5.000ns})
  Path Group:             sys_clk
  Path Type:              Setup (Max at Slow Process Corner)
  Requirement:            5.000ns  (sys_clk rise@5.000ns - sys_clk rise@0.000ns)
  Data Path Delay:        3.804ns  (logic 1.387ns (36.464%)  route 2.417ns (63.536%))
  Logic Levels:           4  (LUT3=1 LUT4=1 LUT5=1 LUT6=1)
  Clock Path Skew:        -0.049ns (DCD - SCD + CPR)
    Destination Clock Delay (DCD):    0.924ns = ( 5.924 - 5.000 ) 
    Source Clock Delay      (SCD):    0.973ns
    Clock Pessimism Removal (CPR):    0.000ns
  Clock Uncertainty:      0.035ns  ((TSJ^2 + TIJ^2)^1/2 + DJ) / 2 + PE
    Total System Jitter     (TSJ):    0.071ns
    Total Input Jitter      (TIJ):    0.000ns
    Discrete Jitter          (DJ):    0.000ns
    Phase Error              (PE):    0.000ns

    Location             Delay type                Incr(ns)  Path(ns)    Netlist Resource(s)
  -------------------------------------------------------------------    -------------------
                         (clock sys_clk rise edge)    0.000     0.000 r  <hidden>
                                                      0.000     0.000 r  clock
                         net (fo=83, unset)           0.973     0.973    clock
    SLICE_X34Y74         FDRE                                         r  sB_sig_reg[4]/C
  -------------------------------------------------------------------    -------------------
    SLICE_X34Y74         FDRE (Prop_fdre_C_Q)         0.478     1.451 r  sB_sig_reg[4]/Q
                         net (fo=7, routed)           0.658     2.109    sB_sig_reg_n_0_[4]
    SLICE_X35Y74         LUT4 (Prop_lut4_I0_O)        0.301     2.410 f  outReg[14]_i_7/O
                         net (fo=1, routed)           0.426     2.836    outReg[14]_i_7_n_0
    SLICE_X33Y73         LUT6 (Prop_lut6_I1_O)        0.124     2.960 r  outReg[14]_i_4/O
                         net (fo=6, routed)           0.602     3.562    p_0_in3_out
    SLICE_X32Y72         LUT5 (Prop_lut5_I1_O)        0.153     3.715 r  outReg[9]_i_2/O
                         net (fo=2, routed)           0.322     4.037    p_1_in
    SLICE_X35Y72         LUT3 (Prop_lut3_I2_O)        0.331     4.368 r  outReg[8]_i_1/O
                         net (fo=9, routed)           0.409     4.777    outReg[8]_i_1_n_0
    SLICE_X34Y72         FDRE                                         r  outReg_reg[4]/R
  -------------------------------------------------------------------    -------------------

                         (clock sys_clk rise edge)    5.000     5.000 r  <hidden>
                                                      0.000     5.000 r  clock
                         net (fo=83, unset)           0.924     5.924    clock
    SLICE_X34Y72         FDRE                                         r  outReg_reg[4]/C
                         clock pessimism              0.000     5.924    <hidden>
                         clock uncertainty           -0.035     5.889    <hidden>
    SLICE_X34Y72         FDRE (Setup_fdre_C_R)       -0.524     5.365    outReg_reg[4]
  -------------------------------------------------------------------
                         required time                          5.365    <hidden>
                         arrival time                          -4.777    <hidden>
  -------------------------------------------------------------------
                         slack                                  0.588    <hidden>

Slack (MET) :             0.588ns  (required time - arrival time)
  Source:                 sB_sig_reg[4]/C
                            (rising edge-triggered cell FDRE clocked by sys_clk  {rise@0.000ns fall@2.500ns period=5.000ns})
  Destination:            outReg_reg[5]/R
                            (rising edge-triggered cell FDRE clocked by sys_clk  {rise@0.000ns fall@2.500ns period=5.000ns})
  Path Group:             sys_clk
  Path Type:              Setup (Max at Slow Process Corner)
  Requirement:            5.000ns  (sys_clk rise@5.000ns - sys_clk rise@0.000ns)
  Data Path Delay:        3.804ns  (logic 1.387ns (36.464%)  route 2.417ns (63.536%))
  Logic Levels:           4  (LUT3=1 LUT4=1 LUT5=1 LUT6=1)
  Clock Path Skew:        -0.049ns (DCD - SCD + CPR)
    Destination Clock Delay (DCD):    0.924ns = ( 5.924 - 5.000 ) 
    Source Clock Delay      (SCD):    0.973ns
    Clock Pessimism Removal (CPR):    0.000ns
  Clock Uncertainty:      0.035ns  ((TSJ^2 + TIJ^2)^1/2 + DJ) / 2 + PE
    Total System Jitter     (TSJ):    0.071ns
    Total Input Jitter      (TIJ):    0.000ns
    Discrete Jitter          (DJ):    0.000ns
    Phase Error              (PE):    0.000ns

    Location             Delay type                Incr(ns)  Path(ns)    Netlist Resource(s)
  -------------------------------------------------------------------    -------------------
                         (clock sys_clk rise edge)    0.000     0.000 r  <hidden>
                                                      0.000     0.000 r  clock
                         net (fo=83, unset)           0.973     0.973    clock
    SLICE_X34Y74         FDRE                                         r  sB_sig_reg[4]/C
  -------------------------------------------------------------------    -------------------
    SLICE_X34Y74         FDRE (Prop_fdre_C_Q)         0.478     1.451 r  sB_sig_reg[4]/Q
                         net (fo=7, routed)           0.658     2.109    sB_sig_reg_n_0_[4]
    SLICE_X35Y74         LUT4 (Prop_lut4_I0_O)        0.301     2.410 f  outReg[14]_i_7/O
                         net (fo=1, routed)           0.426     2.836    outReg[14]_i_7_n_0
    SLICE_X33Y73         LUT6 (Prop_lut6_I1_O)        0.124     2.960 r  outReg[14]_i_4/O
                         net (fo=6, routed)           0.602     3.562    p_0_in3_out
    SLICE_X32Y72         LUT5 (Prop_lut5_I1_O)        0.153     3.715 r  outReg[9]_i_2/O
                         net (fo=2, routed)           0.322     4.037    p_1_in
    SLICE_X35Y72         LUT3 (Prop_lut3_I2_O)        0.331     4.368 r  outReg[8]_i_1/O
                         net (fo=9, routed)           0.409     4.777    outReg[8]_i_1_n_0
    SLICE_X34Y72         FDRE                                         r  outReg_reg[5]/R
  -------------------------------------------------------------------    -------------------

                         (clock sys_clk rise edge)    5.000     5.000 r  <hidden>
                                                      0.000     5.000 r  clock
                         net (fo=83, unset)           0.924     5.924    clock
    SLICE_X34Y72         FDRE                                         r  outReg_reg[5]/C
                         clock pessimism              0.000     5.924    <hidden>
                         clock uncertainty           -0.035     5.889    <hidden>
    SLICE_X34Y72         FDRE (Setup_fdre_C_R)       -0.524     5.365    outReg_reg[5]
  -------------------------------------------------------------------
                         required time                          5.365    <hidden>
                         arrival time                          -4.777    <hidden>
  -------------------------------------------------------------------
                         slack                                  0.588    <hidden>

Slack (MET) :             0.683ns  (required time - arrival time)
  Source:                 sB_sig_reg[4]/C
                            (rising edge-triggered cell FDRE clocked by sys_clk  {rise@0.000ns fall@2.500ns period=5.000ns})
  Destination:            outReg_reg[1]/R
                            (rising edge-triggered cell FDRE clocked by sys_clk  {rise@0.000ns fall@2.500ns period=5.000ns})
  Path Group:             sys_clk
  Path Type:              Setup (Max at Slow Process Corner)
  Requirement:            5.000ns  (sys_clk rise@5.000ns - sys_clk rise@0.000ns)
  Data Path Delay:        3.804ns  (logic 1.387ns (36.464%)  route 2.417ns (63.536%))
  Logic Levels:           4  (LUT3=1 LUT4=1 LUT5=1 LUT6=1)
  Clock Path Skew:        -0.049ns (DCD - SCD + CPR)
    Destination Clock Delay (DCD):    0.924ns = ( 5.924 - 5.000 ) 
    Source Clock Delay      (SCD):    0.973ns
    Clock Pessimism Removal (CPR):    0.000ns
  Clock Uncertainty:      0.035ns  ((TSJ^2 + TIJ^2)^1/2 + DJ) / 2 + PE
    Total System Jitter     (TSJ):    0.071ns
    Total Input Jitter      (TIJ):    0.000ns
    Discrete Jitter          (DJ):    0.000ns
    Phase Error              (PE):    0.000ns

    Location             Delay type                Incr(ns)  Path(ns)    Netlist Resource(s)
  -------------------------------------------------------------------    -------------------
                         (clock sys_clk rise edge)    0.000     0.000 r  <hidden>
                                                      0.000     0.000 r  clock
                         net (fo=83, unset)           0.973     0.973    clock
    SLICE_X34Y74         FDRE                                         r  sB_sig_reg[4]/C
  -------------------------------------------------------------------    -------------------
    SLICE_X34Y74         FDRE (Prop_fdre_C_Q)         0.478     1.451 r  sB_sig_reg[4]/Q
                         net (fo=7, routed)           0.658     2.109    sB_sig_reg_n_0_[4]
    SLICE_X35Y74         LUT4 (Prop_lut4_I0_O)        0.301     2.410 f  outReg[14]_i_7/O
                         net (fo=1, routed)           0.426     2.836    outReg[14]_i_7_n_0
    SLICE_X33Y73         LUT6 (Prop_lut6_I1_O)        0.124     2.960 r  outReg[14]_i_4/O
                         net (fo=6, routed)           0.602     3.562    p_0_in3_out
    SLICE_X32Y72         LUT5 (Prop_lut5_I1_O)        0.153     3.715 r  outReg[9]_i_2/O
                         net (fo=2, routed)           0.322     4.037    p_1_in
    SLICE_X35Y72         LUT3 (Prop_lut3_I2_O)        0.331     4.368 r  outReg[8]_i_1/O
                         net (fo=9, routed)           0.409     4.777    outReg[8]_i_1_n_0
    SLICE_X35Y72         FDRE                                         r  outReg_reg[1]/R
  -------------------------------------------------------------------    -------------------

                         (clock sys_clk rise edge)    5.000     5.000 r  <hidden>
                                                      0.000     5.000 r  clock
                         net (fo=83, unset)           0.924     5.924    clock
    SLICE_X35Y72         FDRE                                         r  outReg_reg[1]/C
                         clock pessimism              0.000     5.924    <hidden>
                         clock uncertainty           -0.035     5.889    <hidden>
    SLICE_X35Y72         FDRE (Setup_fdre_C_R)       -0.429     5.460    outReg_reg[1]
  -------------------------------------------------------------------
                         required time                          5.460    <hidden>
                         arrival time                          -4.777    <hidden>
  -------------------------------------------------------------------
                         slack                                  0.683    <hidden>

Slack (MET) :             0.683ns  (required time - arrival time)
  Source:                 sB_sig_reg[4]/C
                            (rising edge-triggered cell FDRE clocked by sys_clk  {rise@0.000ns fall@2.500ns period=5.000ns})
  Destination:            outReg_reg[2]/R
                            (rising edge-triggered cell FDRE clocked by sys_clk  {rise@0.000ns fall@2.500ns period=5.000ns})
  Path Group:             sys_clk
  Path Type:              Setup (Max at Slow Process Corner)
  Requirement:            5.000ns  (sys_clk rise@5.000ns - sys_clk rise@0.000ns)
  Data Path Delay:        3.804ns  (logic 1.387ns (36.464%)  route 2.417ns (63.536%))
  Logic Levels:           4  (LUT3=1 LUT4=1 LUT5=1 LUT6=1)
  Clock Path Skew:        -0.049ns (DCD - SCD + CPR)
    Destination Clock Delay (DCD):    0.924ns = ( 5.924 - 5.000 ) 
    Source Clock Delay      (SCD):    0.973ns
    Clock Pessimism Removal (CPR):    0.000ns
  Clock Uncertainty:      0.035ns  ((TSJ^2 + TIJ^2)^1/2 + DJ) / 2 + PE
    Total System Jitter     (TSJ):    0.071ns
    Total Input Jitter      (TIJ):    0.000ns
    Discrete Jitter          (DJ):    0.000ns
    Phase Error              (PE):    0.000ns

    Location             Delay type                Incr(ns)  Path(ns)    Netlist Resource(s)
  -------------------------------------------------------------------    -------------------
                         (clock sys_clk rise edge)    0.000     0.000 r  <hidden>
                                                      0.000     0.000 r  clock
                         net (fo=83, unset)           0.973     0.973    clock
    SLICE_X34Y74         FDRE                                         r  sB_sig_reg[4]/C
  -------------------------------------------------------------------    -------------------
    SLICE_X34Y74         FDRE (Prop_fdre_C_Q)         0.478     1.451 r  sB_sig_reg[4]/Q
                         net (fo=7, routed)           0.658     2.109    sB_sig_reg_n_0_[4]
    SLICE_X35Y74         LUT4 (Prop_lut4_I0_O)        0.301     2.410 f  outReg[14]_i_7/O
                         net (fo=1, routed)           0.426     2.836    outReg[14]_i_7_n_0
    SLICE_X33Y73         LUT6 (Prop_lut6_I1_O)        0.124     2.960 r  outReg[14]_i_4/O
                         net (fo=6, routed)           0.602     3.562    p_0_in3_out
    SLICE_X32Y72         LUT5 (Prop_lut5_I1_O)        0.153     3.715 r  outReg[9]_i_2/O
                         net (fo=2, routed)           0.322     4.037    p_1_in
    SLICE_X35Y72         LUT3 (Prop_lut3_I2_O)        0.331     4.368 r  outReg[8]_i_1/O
                         net (fo=9, routed)           0.409     4.777    outReg[8]_i_1_n_0
    SLICE_X35Y72         FDRE                                         r  outReg_reg[2]/R
  -------------------------------------------------------------------    -------------------

                         (clock sys_clk rise edge)    5.000     5.000 r  <hidden>
                                                      0.000     5.000 r  clock
                         net (fo=83, unset)           0.924     5.924    clock
    SLICE_X35Y72         FDRE                                         r  outReg_reg[2]/C
                         clock pessimism              0.000     5.924    <hidden>
                         clock uncertainty           -0.035     5.889    <hidden>
    SLICE_X35Y72         FDRE (Setup_fdre_C_R)       -0.429     5.460    outReg_reg[2]
  -------------------------------------------------------------------
                         required time                          5.460    <hidden>
                         arrival time                          -4.777    <hidden>
  -------------------------------------------------------------------
                         slack                                  0.683    <hidden>

Slack (MET) :             0.683ns  (required time - arrival time)
  Source:                 sB_sig_reg[4]/C
                            (rising edge-triggered cell FDRE clocked by sys_clk  {rise@0.000ns fall@2.500ns period=5.000ns})
  Destination:            outReg_reg[3]/R
                            (rising edge-triggered cell FDRE clocked by sys_clk  {rise@0.000ns fall@2.500ns period=5.000ns})
  Path Group:             sys_clk
  Path Type:              Setup (Max at Slow Process Corner)
  Requirement:            5.000ns  (sys_clk rise@5.000ns - sys_clk rise@0.000ns)
  Data Path Delay:        3.804ns  (logic 1.387ns (36.464%)  route 2.417ns (63.536%))
  Logic Levels:           4  (LUT3=1 LUT4=1 LUT5=1 LUT6=1)
  Clock Path Skew:        -0.049ns (DCD - SCD + CPR)
    Destination Clock Delay (DCD):    0.924ns = ( 5.924 - 5.000 ) 
    Source Clock Delay      (SCD):    0.973ns
    Clock Pessimism Removal (CPR):    0.000ns
  Clock Uncertainty:      0.035ns  ((TSJ^2 + TIJ^2)^1/2 + DJ) / 2 + PE
    Total System Jitter     (TSJ):    0.071ns
    Total Input Jitter      (TIJ):    0.000ns
    Discrete Jitter          (DJ):    0.000ns
    Phase Error              (PE):    0.000ns

    Location             Delay type                Incr(ns)  Path(ns)    Netlist Resource(s)
  -------------------------------------------------------------------    -------------------
                         (clock sys_clk rise edge)    0.000     0.000 r  <hidden>
                                                      0.000     0.000 r  clock
                         net (fo=83, unset)           0.973     0.973    clock
    SLICE_X34Y74         FDRE                                         r  sB_sig_reg[4]/C
  -------------------------------------------------------------------    -------------------
    SLICE_X34Y74         FDRE (Prop_fdre_C_Q)         0.478     1.451 r  sB_sig_reg[4]/Q
                         net (fo=7, routed)           0.658     2.109    sB_sig_reg_n_0_[4]
    SLICE_X35Y74         LUT4 (Prop_lut4_I0_O)        0.301     2.410 f  outReg[14]_i_7/O
                         net (fo=1, routed)           0.426     2.836    outReg[14]_i_7_n_0
    SLICE_X33Y73         LUT6 (Prop_lut6_I1_O)        0.124     2.960 r  outReg[14]_i_4/O
                         net (fo=6, routed)           0.602     3.562    p_0_in3_out
    SLICE_X32Y72         LUT5 (Prop_lut5_I1_O)        0.153     3.715 r  outReg[9]_i_2/O
                         net (fo=2, routed)           0.322     4.037    p_1_in
    SLICE_X35Y72         LUT3 (Prop_lut3_I2_O)        0.331     4.368 r  outReg[8]_i_1/O
                         net (fo=9, routed)           0.409     4.777    outReg[8]_i_1_n_0
    SLICE_X35Y72         FDRE                                         r  outReg_reg[3]/R
  -------------------------------------------------------------------    -------------------

                         (clock sys_clk rise edge)    5.000     5.000 r  <hidden>
                                                      0.000     5.000 r  clock
                         net (fo=83, unset)           0.924     5.924    clock
    SLICE_X35Y72         FDRE                                         r  outReg_reg[3]/C
                         clock pessimism              0.000     5.924    <hidden>
                         clock uncertainty           -0.035     5.889    <hidden>
    SLICE_X35Y72         FDRE (Setup_fdre_C_R)       -0.429     5.460    outReg_reg[3]
  -------------------------------------------------------------------
                         required time                          5.460    <hidden>
                         arrival time                          -4.777    <hidden>
  -------------------------------------------------------------------
                         slack                                  0.683    <hidden>

Slack (MET) :             0.683ns  (required time - arrival time)
  Source:                 sB_sig_reg[4]/C
                            (rising edge-triggered cell FDRE clocked by sys_clk  {rise@0.000ns fall@2.500ns period=5.000ns})
  Destination:            outReg_reg[6]/R
                            (rising edge-triggered cell FDRE clocked by sys_clk  {rise@0.000ns fall@2.500ns period=5.000ns})
  Path Group:             sys_clk
  Path Type:              Setup (Max at Slow Process Corner)
  Requirement:            5.000ns  (sys_clk rise@5.000ns - sys_clk rise@0.000ns)
  Data Path Delay:        3.804ns  (logic 1.387ns (36.464%)  route 2.417ns (63.536%))
  Logic Levels:           4  (LUT3=1 LUT4=1 LUT5=1 LUT6=1)
  Clock Path Skew:        -0.049ns (DCD - SCD + CPR)
    Destination Clock Delay (DCD):    0.924ns = ( 5.924 - 5.000 ) 
    Source Clock Delay      (SCD):    0.973ns
    Clock Pessimism Removal (CPR):    0.000ns
  Clock Uncertainty:      0.035ns  ((TSJ^2 + TIJ^2)^1/2 + DJ) / 2 + PE
    Total System Jitter     (TSJ):    0.071ns
    Total Input Jitter      (TIJ):    0.000ns
    Discrete Jitter          (DJ):    0.000ns
    Phase Error              (PE):    0.000ns

    Location             Delay type                Incr(ns)  Path(ns)    Netlist Resource(s)
  -------------------------------------------------------------------    -------------------
                         (clock sys_clk rise edge)    0.000     0.000 r  <hidden>
                                                      0.000     0.000 r  clock
                         net (fo=83, unset)           0.973     0.973    clock
    SLICE_X34Y74         FDRE                                         r  sB_sig_reg[4]/C
  -------------------------------------------------------------------    -------------------
    SLICE_X34Y74         FDRE (Prop_fdre_C_Q)         0.478     1.451 r  sB_sig_reg[4]/Q
                         net (fo=7, routed)           0.658     2.109    sB_sig_reg_n_0_[4]
    SLICE_X35Y74         LUT4 (Prop_lut4_I0_O)        0.301     2.410 f  outReg[14]_i_7/O
                         net (fo=1, routed)           0.426     2.836    outReg[14]_i_7_n_0
    SLICE_X33Y73         LUT6 (Prop_lut6_I1_O)        0.124     2.960 r  outReg[14]_i_4/O
                         net (fo=6, routed)           0.602     3.562    p_0_in3_out
    SLICE_X32Y72         LUT5 (Prop_lut5_I1_O)        0.153     3.715 r  outReg[9]_i_2/O
                         net (fo=2, routed)           0.322     4.037    p_1_in
    SLICE_X35Y72         LUT3 (Prop_lut3_I2_O)        0.331     4.368 r  outReg[8]_i_1/O
                         net (fo=9, routed)           0.409     4.777    outReg[8]_i_1_n_0
    SLICE_X35Y72         FDRE                                         r  outReg_reg[6]/R
  -------------------------------------------------------------------    -------------------

                         (clock sys_clk rise edge)    5.000     5.000 r  <hidden>
                                                      0.000     5.000 r  clock
                         net (fo=83, unset)           0.924     5.924    clock
    SLICE_X35Y72         FDRE                                         r  outReg_reg[6]/C
                         clock pessimism              0.000     5.924    <hidden>
                         clock uncertainty           -0.035     5.889    <hidden>
    SLICE_X35Y72         FDRE (Setup_fdre_C_R)       -0.429     5.460    outReg_reg[6]
  -------------------------------------------------------------------
                         required time                          5.460    <hidden>
                         arrival time                          -4.777    <hidden>
  -------------------------------------------------------------------
                         slack                                  0.683    <hidden>

Slack (MET) :             0.683ns  (required time - arrival time)
  Source:                 sB_sig_reg[4]/C
                            (rising edge-triggered cell FDRE clocked by sys_clk  {rise@0.000ns fall@2.500ns period=5.000ns})
  Destination:            outReg_reg[7]/R
                            (rising edge-triggered cell FDRE clocked by sys_clk  {rise@0.000ns fall@2.500ns period=5.000ns})
  Path Group:             sys_clk
  Path Type:              Setup (Max at Slow Process Corner)
  Requirement:            5.000ns  (sys_clk rise@5.000ns - sys_clk rise@0.000ns)
  Data Path Delay:        3.804ns  (logic 1.387ns (36.464%)  route 2.417ns (63.536%))
  Logic Levels:           4  (LUT3=1 LUT4=1 LUT5=1 LUT6=1)
  Clock Path Skew:        -0.049ns (DCD - SCD + CPR)
    Destination Clock Delay (DCD):    0.924ns = ( 5.924 - 5.000 ) 
    Source Clock Delay      (SCD):    0.973ns
    Clock Pessimism Removal (CPR):    0.000ns
  Clock Uncertainty:      0.035ns  ((TSJ^2 + TIJ^2)^1/2 + DJ) / 2 + PE
    Total System Jitter     (TSJ):    0.071ns
    Total Input Jitter      (TIJ):    0.000ns
    Discrete Jitter          (DJ):    0.000ns
    Phase Error              (PE):    0.000ns

    Location             Delay type                Incr(ns)  Path(ns)    Netlist Resource(s)
  -------------------------------------------------------------------    -------------------
                         (clock sys_clk rise edge)    0.000     0.000 r  <hidden>
                                                      0.000     0.000 r  clock
                         net (fo=83, unset)           0.973     0.973    clock
    SLICE_X34Y74         FDRE                                         r  sB_sig_reg[4]/C
  -------------------------------------------------------------------    -------------------
    SLICE_X34Y74         FDRE (Prop_fdre_C_Q)         0.478     1.451 r  sB_sig_reg[4]/Q
                         net (fo=7, routed)           0.658     2.109    sB_sig_reg_n_0_[4]
    SLICE_X35Y74         LUT4 (Prop_lut4_I0_O)        0.301     2.410 f  outReg[14]_i_7/O
                         net (fo=1, routed)           0.426     2.836    outReg[14]_i_7_n_0
    SLICE_X33Y73         LUT6 (Prop_lut6_I1_O)        0.124     2.960 r  outReg[14]_i_4/O
                         net (fo=6, routed)           0.602     3.562    p_0_in3_out
    SLICE_X32Y72         LUT5 (Prop_lut5_I1_O)        0.153     3.715 r  outReg[9]_i_2/O
                         net (fo=2, routed)           0.322     4.037    p_1_in
    SLICE_X35Y72         LUT3 (Prop_lut3_I2_O)        0.331     4.368 r  outReg[8]_i_1/O
                         net (fo=9, routed)           0.409     4.777    outReg[8]_i_1_n_0
    SLICE_X35Y72         FDRE                                         r  outReg_reg[7]/R
  -------------------------------------------------------------------    -------------------

                         (clock sys_clk rise edge)    5.000     5.000 r  <hidden>
                                                      0.000     5.000 r  clock
                         net (fo=83, unset)           0.924     5.924    clock
    SLICE_X35Y72         FDRE                                         r  outReg_reg[7]/C
                         clock pessimism              0.000     5.924    <hidden>
                         clock uncertainty           -0.035     5.889    <hidden>
    SLICE_X35Y72         FDRE (Setup_fdre_C_R)       -0.429     5.460    outReg_reg[7]
  -------------------------------------------------------------------
                         required time                          5.460    <hidden>
                         arrival time                          -4.777    <hidden>
  -------------------------------------------------------------------
                         slack                                  0.683    <hidden>

Slack (MET) :             1.091ns  (required time - arrival time)
  Source:                 sB_sig_reg[4]/C
                            (rising edge-triggered cell FDRE clocked by sys_clk  {rise@0.000ns fall@2.500ns period=5.000ns})
  Destination:            outReg_reg[12]/S
                            (rising edge-triggered cell FDSE clocked by sys_clk  {rise@0.000ns fall@2.500ns period=5.000ns})
  Path Group:             sys_clk
  Path Type:              Setup (Max at Slow Process Corner)
  Requirement:            5.000ns  (sys_clk rise@5.000ns - sys_clk rise@0.000ns)
  Data Path Delay:        3.301ns  (logic 1.027ns (31.108%)  route 2.274ns (68.892%))
  Logic Levels:           3  (LUT4=1 LUT5=1 LUT6=1)
  Clock Path Skew:        -0.049ns (DCD - SCD + CPR)
    Destination Clock Delay (DCD):    0.924ns = ( 5.924 - 5.000 ) 
    Source Clock Delay      (SCD):    0.973ns
    Clock Pessimism Removal (CPR):    0.000ns
  Clock Uncertainty:      0.035ns  ((TSJ^2 + TIJ^2)^1/2 + DJ) / 2 + PE
    Total System Jitter     (TSJ):    0.071ns
    Total Input Jitter      (TIJ):    0.000ns
    Discrete Jitter          (DJ):    0.000ns
    Phase Error              (PE):    0.000ns

    Location             Delay type                Incr(ns)  Path(ns)    Netlist Resource(s)
  -------------------------------------------------------------------    -------------------
                         (clock sys_clk rise edge)    0.000     0.000 r  <hidden>
                                                      0.000     0.000 r  clock
                         net (fo=83, unset)           0.973     0.973    clock
    SLICE_X34Y74         FDRE                                         r  sB_sig_reg[4]/C
  -------------------------------------------------------------------    -------------------
    SLICE_X34Y74         FDRE (Prop_fdre_C_Q)         0.478     1.451 r  sB_sig_reg[4]/Q
                         net (fo=7, routed)           0.658     2.109    sB_sig_reg_n_0_[4]
    SLICE_X35Y74         LUT4 (Prop_lut4_I0_O)        0.301     2.410 f  outReg[14]_i_7/O
                         net (fo=1, routed)           0.426     2.836    outReg[14]_i_7_n_0
    SLICE_X33Y73         LUT6 (Prop_lut6_I1_O)        0.124     2.960 r  outReg[14]_i_4/O
                         net (fo=6, routed)           0.602     3.562    p_0_in3_out
    SLICE_X32Y72         LUT5 (Prop_lut5_I3_O)        0.124     3.686 r  outReg[14]_i_1/O
                         net (fo=5, routed)           0.588     4.274    p_0_in2_out
    SLICE_X32Y72         FDSE                                         r  outReg_reg[12]/S
  -------------------------------------------------------------------    -------------------

                         (clock sys_clk rise edge)    5.000     5.000 r  <hidden>
                                                      0.000     5.000 r  clock
                         net (fo=83, unset)           0.924     5.924    clock
    SLICE_X32Y72         FDSE                                         r  outReg_reg[12]/C
                         clock pessimism              0.000     5.924    <hidden>
                         clock uncertainty           -0.035     5.889    <hidden>
    SLICE_X32Y72         FDSE (Setup_fdse_C_S)       -0.524     5.365    outReg_reg[12]
  -------------------------------------------------------------------
                         required time                          5.365    <hidden>
                         arrival time                          -4.274    <hidden>
  -------------------------------------------------------------------
                         slack                                  1.091    <hidden>





Min Delay Paths
--------------------------------------------------------------------------------------
Slack (MET) :             0.132ns  (arrival time - required time)
  Source:                 sA_tempSig_reg[0]/C
                            (rising edge-triggered cell FDRE clocked by sys_clk  {rise@0.000ns fall@2.500ns period=5.000ns})
  Destination:            sB_sticky_reg/D
                            (rising edge-triggered cell FDRE clocked by sys_clk  {rise@0.000ns fall@2.500ns period=5.000ns})
  Path Group:             sys_clk
  Path Type:              Hold (Min at Fast Process Corner)
  Requirement:            0.000ns  (sys_clk rise@0.000ns - sys_clk rise@0.000ns)
  Data Path Delay:        0.273ns  (logic 0.186ns (68.106%)  route 0.087ns (31.894%))
  Logic Levels:           1  (LUT6=1)
  Clock Path Skew:        0.022ns (DCD - SCD - CPR)
    Destination Clock Delay (DCD):    0.432ns
    Source Clock Delay      (SCD):    0.410ns
    Clock Pessimism Removal (CPR):    -0.000ns

    Location             Delay type                Incr(ns)  Path(ns)    Netlist Resource(s)
  -------------------------------------------------------------------    -------------------
                         (clock sys_clk rise edge)    0.000     0.000 r  <hidden>
                                                      0.000     0.000 r  clock
                         net (fo=83, unset)           0.410     0.410    clock
    SLICE_X37Y70         FDRE                                         r  sA_tempSig_reg[0]/C
  -------------------------------------------------------------------    -------------------
    SLICE_X37Y70         FDRE (Prop_fdre_C_Q)         0.141     0.551 r  sA_tempSig_reg[0]/Q
                         net (fo=1, routed)           0.087     0.638    sA_tempSig_reg_n_0_[0]
    SLICE_X36Y70         LUT6 (Prop_lut6_I3_O)        0.045     0.683 r  sB_sticky_i_1/O
                         net (fo=1, routed)           0.000     0.683    sB_sticky_i_1_n_0
    SLICE_X36Y70         FDRE                                         r  sB_sticky_reg/D
  -------------------------------------------------------------------    -------------------

                         (clock sys_clk rise edge)    0.000     0.000 r  <hidden>
                                                      0.000     0.000 r  clock
                         net (fo=83, unset)           0.432     0.432    clock
    SLICE_X36Y70         FDRE                                         r  sB_sticky_reg/C
                         clock pessimism              0.000     0.432    <hidden>
    SLICE_X36Y70         FDRE (Hold_fdre_C_D)         0.120     0.552    sB_sticky_reg
  -------------------------------------------------------------------
                         required time                         -0.552    <hidden>
                         arrival time                           0.683    <hidden>
  -------------------------------------------------------------------
                         slack                                  0.132    <hidden>

Slack (MET) :             0.140ns  (arrival time - required time)
  Source:                 sA_tempSig_reg[13]/C
                            (rising edge-triggered cell FDRE clocked by sys_clk  {rise@0.000ns fall@2.500ns period=5.000ns})
  Destination:            sB_sig_reg[2]/D
                            (rising edge-triggered cell FDRE clocked by sys_clk  {rise@0.000ns fall@2.500ns period=5.000ns})
  Path Group:             sys_clk
  Path Type:              Hold (Min at Fast Process Corner)
  Requirement:            0.000ns  (sys_clk rise@0.000ns - sys_clk rise@0.000ns)
  Data Path Delay:        0.292ns  (logic 0.189ns (64.659%)  route 0.103ns (35.341%))
  Logic Levels:           1  (LUT3=1)
  Clock Path Skew:        0.022ns (DCD - SCD - CPR)
    Destination Clock Delay (DCD):    0.432ns
    Source Clock Delay      (SCD):    0.410ns
    Clock Pessimism Removal (CPR):    -0.000ns

    Location             Delay type                Incr(ns)  Path(ns)    Netlist Resource(s)
  -------------------------------------------------------------------    -------------------
                         (clock sys_clk rise edge)    0.000     0.000 r  <hidden>
                                                      0.000     0.000 r  clock
                         net (fo=83, unset)           0.410     0.410    clock
    SLICE_X37Y73         FDRE                                         r  sA_tempSig_reg[13]/C
  -------------------------------------------------------------------    -------------------
    SLICE_X37Y73         FDRE (Prop_fdre_C_Q)         0.141     0.551 r  sA_tempSig_reg[13]/Q
                         net (fo=2, routed)           0.103     0.654    sA_tempSig_reg_n_0_[13]
    SLICE_X36Y73         LUT3 (Prop_lut3_I0_O)        0.048     0.702 r  sB_sig[2]_i_1/O
                         net (fo=1, routed)           0.000     0.702    sB_sig[2]_i_1_n_0
    SLICE_X36Y73         FDRE                                         r  sB_sig_reg[2]/D
  -------------------------------------------------------------------    -------------------

                         (clock sys_clk rise edge)    0.000     0.000 r  <hidden>
                                                      0.000     0.000 r  clock
                         net (fo=83, unset)           0.432     0.432    clock
    SLICE_X36Y73         FDRE                                         r  sB_sig_reg[2]/C
                         clock pessimism              0.000     0.432    <hidden>
    SLICE_X36Y73         FDRE (Hold_fdre_C_D)         0.131     0.563    sB_sig_reg[2]
  -------------------------------------------------------------------
                         required time                         -0.563    <hidden>
                         arrival time                           0.702    <hidden>
  -------------------------------------------------------------------
                         slack                                  0.140    <hidden>

Slack (MET) :             0.169ns  (arrival time - required time)
  Source:                 sA_tempSig_reg[17]/C
                            (rising edge-triggered cell FDRE clocked by sys_clk  {rise@0.000ns fall@2.500ns period=5.000ns})
  Destination:            sB_sig_reg[6]/D
                            (rising edge-triggered cell FDRE clocked by sys_clk  {rise@0.000ns fall@2.500ns period=5.000ns})
  Path Group:             sys_clk
  Path Type:              Hold (Min at Fast Process Corner)
  Requirement:            0.000ns  (sys_clk rise@0.000ns - sys_clk rise@0.000ns)
  Data Path Delay:        0.322ns  (logic 0.189ns (58.695%)  route 0.133ns (41.305%))
  Logic Levels:           1  (LUT3=1)
  Clock Path Skew:        0.022ns (DCD - SCD - CPR)
    Destination Clock Delay (DCD):    0.432ns
    Source Clock Delay      (SCD):    0.410ns
    Clock Pessimism Removal (CPR):    -0.000ns

    Location             Delay type                Incr(ns)  Path(ns)    Netlist Resource(s)
  -------------------------------------------------------------------    -------------------
                         (clock sys_clk rise edge)    0.000     0.000 r  <hidden>
                                                      0.000     0.000 r  clock
                         net (fo=83, unset)           0.410     0.410    clock
    SLICE_X35Y73         FDRE                                         r  sA_tempSig_reg[17]/C
  -------------------------------------------------------------------    -------------------
    SLICE_X35Y73         FDRE (Prop_fdre_C_Q)         0.141     0.551 r  sA_tempSig_reg[17]/Q
                         net (fo=2, routed)           0.133     0.684    sA_tempSig_reg_n_0_[17]
    SLICE_X34Y73         LUT3 (Prop_lut3_I0_O)        0.048     0.732 r  sB_sig[6]_i_1/O
                         net (fo=1, routed)           0.000     0.732    sB_sig[6]_i_1_n_0
    SLICE_X34Y73         FDRE                                         r  sB_sig_reg[6]/D
  -------------------------------------------------------------------    -------------------

                         (clock sys_clk rise edge)    0.000     0.000 r  <hidden>
                                                      0.000     0.000 r  clock
                         net (fo=83, unset)           0.432     0.432    clock
    SLICE_X34Y73         FDRE                                         r  sB_sig_reg[6]/C
                         clock pessimism              0.000     0.432    <hidden>
    SLICE_X34Y73         FDRE (Hold_fdre_C_D)         0.131     0.563    sB_sig_reg[6]
  -------------------------------------------------------------------
                         required time                         -0.563    <hidden>
                         arrival time                           0.732    <hidden>
  -------------------------------------------------------------------
                         slack                                  0.169    <hidden>

Slack (MET) :             0.196ns  (arrival time - required time)
  Source:                 sA_tempSig_r_3_reg/CLK
                            (rising edge-triggered cell DSP48E1 clocked by sys_clk  {rise@0.000ns fall@2.500ns period=5.000ns})
  Destination:            sA_tempSig_reg[20]/D
                            (rising edge-triggered cell FDRE clocked by sys_clk  {rise@0.000ns fall@2.500ns period=5.000ns})
  Path Group:             sys_clk
  Path Type:              Hold (Min at Fast Process Corner)
  Requirement:            0.000ns  (sys_clk rise@0.000ns - sys_clk rise@0.000ns)
  Data Path Delay:        0.292ns  (logic 0.126ns (43.124%)  route 0.166ns (56.876%))
  Logic Levels:           0  
  Clock Path Skew:        0.022ns (DCD - SCD - CPR)
    Destination Clock Delay (DCD):    0.432ns
    Source Clock Delay      (SCD):    0.410ns
    Clock Pessimism Removal (CPR):    -0.000ns

    Location             Delay type                Incr(ns)  Path(ns)    Netlist Resource(s)
  -------------------------------------------------------------------    -------------------
                         (clock sys_clk rise edge)    0.000     0.000 r  <hidden>
                                                      0.000     0.000 r  clock
                         net (fo=83, unset)           0.410     0.410    clock
    DSP48_X2Y28          DSP48E1                                      r  sA_tempSig_r_3_reg/CLK
  -------------------------------------------------------------------    -------------------
    DSP48_X2Y28          DSP48E1 (Prop_dsp48e1_CLK_P[20])
                                                      0.126     0.536 r  sA_tempSig_r_3_reg/P[20]
                         net (fo=1, routed)           0.166     0.702    sA_tempSig_r_3_reg_n_85
    SLICE_X35Y71         FDRE                                         r  sA_tempSig_reg[20]/D
  -------------------------------------------------------------------    -------------------

                         (clock sys_clk rise edge)    0.000     0.000 r  <hidden>
                                                      0.000     0.000 r  clock
                         net (fo=83, unset)           0.432     0.432    clock
    SLICE_X35Y71         FDRE                                         r  sA_tempSig_reg[20]/C
                         clock pessimism              0.000     0.432    <hidden>
    SLICE_X35Y71         FDRE (Hold_fdre_C_D)         0.075     0.507    sA_tempSig_reg[20]
  -------------------------------------------------------------------
                         required time                         -0.507    <hidden>
                         arrival time                           0.702    <hidden>
  -------------------------------------------------------------------
                         slack                                  0.196    <hidden>

Slack (MET) :             0.200ns  (arrival time - required time)
  Source:                 sA_tempSig_reg[19]/C
                            (rising edge-triggered cell FDRE clocked by sys_clk  {rise@0.000ns fall@2.500ns period=5.000ns})
  Destination:            sB_sig_reg[9]/D
                            (rising edge-triggered cell FDRE clocked by sys_clk  {rise@0.000ns fall@2.500ns period=5.000ns})
  Path Group:             sys_clk
  Path Type:              Hold (Min at Fast Process Corner)
  Requirement:            0.000ns  (sys_clk rise@0.000ns - sys_clk rise@0.000ns)
  Data Path Delay:        0.328ns  (logic 0.229ns (69.730%)  route 0.099ns (30.270%))
  Logic Levels:           1  (LUT3=1)
  Clock Path Skew:        0.022ns (DCD - SCD - CPR)
    Destination Clock Delay (DCD):    0.432ns
    Source Clock Delay      (SCD):    0.410ns
    Clock Pessimism Removal (CPR):    -0.000ns

    Location             Delay type                Incr(ns)  Path(ns)    Netlist Resource(s)
  -------------------------------------------------------------------    -------------------
                         (clock sys_clk rise edge)    0.000     0.000 r  <hidden>
                                                      0.000     0.000 r  clock
                         net (fo=83, unset)           0.410     0.410    clock
    SLICE_X35Y73         FDRE                                         r  sA_tempSig_reg[19]/C
  -------------------------------------------------------------------    -------------------
    SLICE_X35Y73         FDRE (Prop_fdre_C_Q)         0.128     0.538 r  sA_tempSig_reg[19]/Q
                         net (fo=2, routed)           0.099     0.638    sA_tempSig_reg_n_0_[19]
    SLICE_X35Y73         LUT3 (Prop_lut3_I2_O)        0.101     0.739 r  sB_sig[9]_i_1/O
                         net (fo=1, routed)           0.000     0.739    sB_sig[9]_i_1_n_0
    SLICE_X35Y73         FDRE                                         r  sB_sig_reg[9]/D
  -------------------------------------------------------------------    -------------------

                         (clock sys_clk rise edge)    0.000     0.000 r  <hidden>
                                                      0.000     0.000 r  clock
                         net (fo=83, unset)           0.432     0.432    clock
    SLICE_X35Y73         FDRE                                         r  sB_sig_reg[9]/C
                         clock pessimism              0.000     0.432    <hidden>
    SLICE_X35Y73         FDRE (Hold_fdre_C_D)         0.107     0.539    sB_sig_reg[9]
  -------------------------------------------------------------------
                         required time                         -0.539    <hidden>
                         arrival time                           0.739    <hidden>
  -------------------------------------------------------------------
                         slack                                  0.200    <hidden>

Slack (MET) :             0.202ns  (arrival time - required time)
  Source:                 sA_tempSig_reg[16]/C
                            (rising edge-triggered cell FDRE clocked by sys_clk  {rise@0.000ns fall@2.500ns period=5.000ns})
  Destination:            sB_sig_reg[5]/D
                            (rising edge-triggered cell FDRE clocked by sys_clk  {rise@0.000ns fall@2.500ns period=5.000ns})
  Path Group:             sys_clk
  Path Type:              Hold (Min at Fast Process Corner)
  Requirement:            0.000ns  (sys_clk rise@0.000ns - sys_clk rise@0.000ns)
  Data Path Delay:        0.344ns  (logic 0.186ns (54.047%)  route 0.158ns (45.953%))
  Logic Levels:           1  (LUT3=1)
  Clock Path Skew:        0.022ns (DCD - SCD - CPR)
    Destination Clock Delay (DCD):    0.432ns
    Source Clock Delay      (SCD):    0.410ns
    Clock Pessimism Removal (CPR):    -0.000ns

    Location             Delay type                Incr(ns)  Path(ns)    Netlist Resource(s)
  -------------------------------------------------------------------    -------------------
                         (clock sys_clk rise edge)    0.000     0.000 r  <hidden>
                                                      0.000     0.000 r  clock
                         net (fo=83, unset)           0.410     0.410    clock
    SLICE_X37Y73         FDRE                                         r  sA_tempSig_reg[16]/C
  -------------------------------------------------------------------    -------------------
    SLICE_X37Y73         FDRE (Prop_fdre_C_Q)         0.141     0.551 r  sA_tempSig_reg[16]/Q
                         net (fo=2, routed)           0.158     0.709    sA_tempSig_reg_n_0_[16]
    SLICE_X34Y73         LUT3 (Prop_lut3_I0_O)        0.045     0.754 r  sB_sig[5]_i_1/O
                         net (fo=1, routed)           0.000     0.754    sB_sig[5]_i_1_n_0
    SLICE_X34Y73         FDRE                                         r  sB_sig_reg[5]/D
  -------------------------------------------------------------------    -------------------

                         (clock sys_clk rise edge)    0.000     0.000 r  <hidden>
                                                      0.000     0.000 r  clock
                         net (fo=83, unset)           0.432     0.432    clock
    SLICE_X34Y73         FDRE                                         r  sB_sig_reg[5]/C
                         clock pessimism              0.000     0.432    <hidden>
    SLICE_X34Y73         FDRE (Hold_fdre_C_D)         0.121     0.553    sB_sig_reg[5]
  -------------------------------------------------------------------
                         required time                         -0.553    <hidden>
                         arrival time                           0.754    <hidden>
  -------------------------------------------------------------------
                         slack                                  0.202    <hidden>

Slack (MET) :             0.202ns  (arrival time - required time)
  Source:                 sA_tempSig_reg[19]/C
                            (rising edge-triggered cell FDRE clocked by sys_clk  {rise@0.000ns fall@2.500ns period=5.000ns})
  Destination:            sB_sig_reg[8]/D
                            (rising edge-triggered cell FDRE clocked by sys_clk  {rise@0.000ns fall@2.500ns period=5.000ns})
  Path Group:             sys_clk
  Path Type:              Hold (Min at Fast Process Corner)
  Requirement:            0.000ns  (sys_clk rise@0.000ns - sys_clk rise@0.000ns)
  Data Path Delay:        0.330ns  (logic 0.230ns (69.610%)  route 0.100ns (30.390%))
  Logic Levels:           1  (LUT3=1)
  Clock Path Skew:        0.022ns (DCD - SCD - CPR)
    Destination Clock Delay (DCD):    0.432ns
    Source Clock Delay      (SCD):    0.410ns
    Clock Pessimism Removal (CPR):    -0.000ns

    Location             Delay type                Incr(ns)  Path(ns)    Netlist Resource(s)
  -------------------------------------------------------------------    -------------------
                         (clock sys_clk rise edge)    0.000     0.000 r  <hidden>
                                                      0.000     0.000 r  clock
                         net (fo=83, unset)           0.410     0.410    clock
    SLICE_X35Y73         FDRE                                         r  sA_tempSig_reg[19]/C
  -------------------------------------------------------------------    -------------------
    SLICE_X35Y73         FDRE (Prop_fdre_C_Q)         0.128     0.538 r  sA_tempSig_reg[19]/Q
                         net (fo=2, routed)           0.100     0.639    sA_tempSig_reg_n_0_[19]
    SLICE_X35Y73         LUT3 (Prop_lut3_I0_O)        0.102     0.741 r  sB_sig[8]_i_1/O
                         net (fo=1, routed)           0.000     0.741    sB_sig[8]_i_1_n_0
    SLICE_X35Y73         FDRE                                         r  sB_sig_reg[8]/D
  -------------------------------------------------------------------    -------------------

                         (clock sys_clk rise edge)    0.000     0.000 r  <hidden>
                                                      0.000     0.000 r  clock
                         net (fo=83, unset)           0.432     0.432    clock
    SLICE_X35Y73         FDRE                                         r  sB_sig_reg[8]/C
                         clock pessimism              0.000     0.432    <hidden>
    SLICE_X35Y73         FDRE (Hold_fdre_C_D)         0.107     0.539    sB_sig_reg[8]
  -------------------------------------------------------------------
                         required time                         -0.539    <hidden>
                         arrival time                           0.741    <hidden>
  -------------------------------------------------------------------
                         slack                                  0.202    <hidden>

Slack (MET) :             0.207ns  (arrival time - required time)
  Source:                 sA_tempExp_reg[1]/C
                            (rising edge-triggered cell FDRE clocked by sys_clk  {rise@0.000ns fall@2.500ns period=5.000ns})
  Destination:            sB_tempExp2_reg[4]/D
                            (rising edge-triggered cell FDRE clocked by sys_clk  {rise@0.000ns fall@2.500ns period=5.000ns})
  Path Group:             sys_clk
  Path Type:              Hold (Min at Fast Process Corner)
  Requirement:            0.000ns  (sys_clk rise@0.000ns - sys_clk rise@0.000ns)
  Data Path Delay:        0.349ns  (logic 0.209ns (59.809%)  route 0.140ns (40.191%))
  Logic Levels:           1  (LUT6=1)
  Clock Path Skew:        0.022ns (DCD - SCD - CPR)
    Destination Clock Delay (DCD):    0.432ns
    Source Clock Delay      (SCD):    0.410ns
    Clock Pessimism Removal (CPR):    -0.000ns

    Location             Delay type                Incr(ns)  Path(ns)    Netlist Resource(s)
  -------------------------------------------------------------------    -------------------
                         (clock sys_clk rise edge)    0.000     0.000 r  <hidden>
                                                      0.000     0.000 r  clock
                         net (fo=83, unset)           0.410     0.410    clock
    SLICE_X30Y72         FDRE                                         r  sA_tempExp_reg[1]/C
  -------------------------------------------------------------------    -------------------
    SLICE_X30Y72         FDRE (Prop_fdre_C_Q)         0.164     0.574 r  sA_tempExp_reg[1]/Q
                         net (fo=6, routed)           0.140     0.715    sA_tempExp[1]
    SLICE_X30Y71         LUT6 (Prop_lut6_I1_O)        0.045     0.760 r  sB_tempExp2[4]_i_1/O
                         net (fo=1, routed)           0.000     0.760    sB_tempExp20[4]
    SLICE_X30Y71         FDRE                                         r  sB_tempExp2_reg[4]/D
  -------------------------------------------------------------------    -------------------

                         (clock sys_clk rise edge)    0.000     0.000 r  <hidden>
                                                      0.000     0.000 r  clock
                         net (fo=83, unset)           0.432     0.432    clock
    SLICE_X30Y71         FDRE                                         r  sB_tempExp2_reg[4]/C
                         clock pessimism              0.000     0.432    <hidden>
    SLICE_X30Y71         FDRE (Hold_fdre_C_D)         0.121     0.553    sB_tempExp2_reg[4]
  -------------------------------------------------------------------
                         required time                         -0.553    <hidden>
                         arrival time                           0.760    <hidden>
  -------------------------------------------------------------------
                         slack                                  0.207    <hidden>

Slack (MET) :             0.216ns  (arrival time - required time)
  Source:                 sA_tempSig_reg[21]/C
                            (rising edge-triggered cell FDRE clocked by sys_clk  {rise@0.000ns fall@2.500ns period=5.000ns})
  Destination:            sB_sig_reg[0]/D
                            (rising edge-triggered cell FDRE clocked by sys_clk  {rise@0.000ns fall@2.500ns period=5.000ns})
  Path Group:             sys_clk
  Path Type:              Hold (Min at Fast Process Corner)
  Requirement:            0.000ns  (sys_clk rise@0.000ns - sys_clk rise@0.000ns)
  Data Path Delay:        0.369ns  (logic 0.189ns (51.229%)  route 0.180ns (48.771%))
  Logic Levels:           1  (LUT3=1)
  Clock Path Skew:        0.022ns (DCD - SCD - CPR)
    Destination Clock Delay (DCD):    0.432ns
    Source Clock Delay      (SCD):    0.410ns
    Clock Pessimism Removal (CPR):    -0.000ns

    Location             Delay type                Incr(ns)  Path(ns)    Netlist Resource(s)
  -------------------------------------------------------------------    -------------------
                         (clock sys_clk rise edge)    0.000     0.000 r  <hidden>
                                                      0.000     0.000 r  clock
                         net (fo=83, unset)           0.410     0.410    clock
    SLICE_X37Y71         FDRE                                         r  sA_tempSig_reg[21]/C
  -------------------------------------------------------------------    -------------------
    SLICE_X37Y71         FDRE (Prop_fdre_C_Q)         0.141     0.551 r  sA_tempSig_reg[21]/Q
                         net (fo=20, routed)          0.180     0.731    p_0_in
    SLICE_X36Y73         LUT3 (Prop_lut3_I1_O)        0.048     0.779 r  sB_sig[0]_i_1/O
                         net (fo=1, routed)           0.000     0.779    sB_sig[0]_i_1_n_0
    SLICE_X36Y73         FDRE                                         r  sB_sig_reg[0]/D
  -------------------------------------------------------------------    -------------------

                         (clock sys_clk rise edge)    0.000     0.000 r  <hidden>
                                                      0.000     0.000 r  clock
                         net (fo=83, unset)           0.432     0.432    clock
    SLICE_X36Y73         FDRE                                         r  sB_sig_reg[0]/C
                         clock pessimism              0.000     0.432    <hidden>
    SLICE_X36Y73         FDRE (Hold_fdre_C_D)         0.131     0.563    sB_sig_reg[0]
  -------------------------------------------------------------------
                         required time                         -0.563    <hidden>
                         arrival time                           0.779    <hidden>
  -------------------------------------------------------------------
                         slack                                  0.216    <hidden>

Slack (MET) :             0.221ns  (arrival time - required time)
  Source:                 sA_tempSig_r_3_reg/CLK
                            (rising edge-triggered cell DSP48E1 clocked by sys_clk  {rise@0.000ns fall@2.500ns period=5.000ns})
  Destination:            sA_tempSig_reg[16]/D
                            (rising edge-triggered cell FDRE clocked by sys_clk  {rise@0.000ns fall@2.500ns period=5.000ns})
  Path Group:             sys_clk
  Path Type:              Hold (Min at Fast Process Corner)
  Requirement:            0.000ns  (sys_clk rise@0.000ns - sys_clk rise@0.000ns)
  Data Path Delay:        0.314ns  (logic 0.126ns (40.103%)  route 0.188ns (59.897%))
  Logic Levels:           0  
  Clock Path Skew:        0.022ns (DCD - SCD - CPR)
    Destination Clock Delay (DCD):    0.432ns
    Source Clock Delay      (SCD):    0.410ns
    Clock Pessimism Removal (CPR):    -0.000ns

    Location             Delay type                Incr(ns)  Path(ns)    Netlist Resource(s)
  -------------------------------------------------------------------    -------------------
                         (clock sys_clk rise edge)    0.000     0.000 r  <hidden>
                                                      0.000     0.000 r  clock
                         net (fo=83, unset)           0.410     0.410    clock
    DSP48_X2Y28          DSP48E1                                      r  sA_tempSig_r_3_reg/CLK
  -------------------------------------------------------------------    -------------------
    DSP48_X2Y28          DSP48E1 (Prop_dsp48e1_CLK_P[16])
                                                      0.126     0.536 r  sA_tempSig_r_3_reg/P[16]
                         net (fo=1, routed)           0.188     0.724    sA_tempSig_r_3_reg_n_89
    SLICE_X37Y73         FDRE                                         r  sA_tempSig_reg[16]/D
  -------------------------------------------------------------------    -------------------

                         (clock sys_clk rise edge)    0.000     0.000 r  <hidden>
                                                      0.000     0.000 r  clock
                         net (fo=83, unset)           0.432     0.432    clock
    SLICE_X37Y73         FDRE                                         r  sA_tempSig_reg[16]/C
                         clock pessimism              0.000     0.432    <hidden>
    SLICE_X37Y73         FDRE (Hold_fdre_C_D)         0.072     0.504    sA_tempSig_reg[16]
  -------------------------------------------------------------------
                         required time                         -0.504    <hidden>
                         arrival time                           0.724    <hidden>
  -------------------------------------------------------------------
                         slack                                  0.221    <hidden>





Pulse Width Checks
--------------------------------------------------------------------------------------
Clock Name:         sys_clk
Waveform(ns):       { 0.000 2.500 }
Period(ns):         5.000
Sources:            { clock }

Check Type        Corner  Lib Pin      Reference Pin  Required(ns)  Actual(ns)  Slack(ns)  Location      Pin
Min Period        n/a     DSP48E1/CLK  n/a            2.154         5.000       2.846      DSP48_X2Y28   sA_tempSig_r_3_reg/CLK
Min Period        n/a     FDRE/C       n/a            1.000         5.000       4.000      SLICE_X37Y72  outReg_reg[0]/C
Min Period        n/a     FDSE/C       n/a            1.000         5.000       4.000      SLICE_X33Y73  outReg_reg[10]/C
Min Period        n/a     FDSE/C       n/a            1.000         5.000       4.000      SLICE_X33Y73  outReg_reg[11]/C
Min Period        n/a     FDSE/C       n/a            1.000         5.000       4.000      SLICE_X32Y72  outReg_reg[12]/C
Min Period        n/a     FDSE/C       n/a            1.000         5.000       4.000      SLICE_X32Y72  outReg_reg[13]/C
Min Period        n/a     FDSE/C       n/a            1.000         5.000       4.000      SLICE_X32Y72  outReg_reg[14]/C
Min Period        n/a     FDRE/C       n/a            1.000         5.000       4.000      SLICE_X35Y71  outReg_reg[15]/C
Min Period        n/a     FDRE/C       n/a            1.000         5.000       4.000      SLICE_X35Y72  outReg_reg[1]/C
Min Period        n/a     FDRE/C       n/a            1.000         5.000       4.000      SLICE_X35Y72  outReg_reg[2]/C
Low Pulse Width   Slow    SRL16E/CLK   n/a            0.980         2.500       1.520      SLICE_X30Y73  sA_infInput_r_3_reg_srl4/CLK
Low Pulse Width   Fast    SRL16E/CLK   n/a            0.980         2.500       1.520      SLICE_X30Y73  sA_infInput_r_3_reg_srl4/CLK
Low Pulse Width   Slow    SRL16E/CLK   n/a            0.980         2.500       1.520      SLICE_X26Y74  sA_isNaN_r_3_reg_srl4/CLK
Low Pulse Width   Fast    SRL16E/CLK   n/a            0.980         2.500       1.520      SLICE_X26Y74  sA_isNaN_r_3_reg_srl4/CLK
Low Pulse Width   Slow    SRL16E/CLK   n/a            0.980         2.500       1.520      SLICE_X34Y71  sA_sign_reg_srl5/CLK
Low Pulse Width   Fast    SRL16E/CLK   n/a            0.980         2.500       1.520      SLICE_X34Y71  sA_sign_reg_srl5/CLK
Low Pulse Width   Slow    SRL16E/CLK   n/a            0.980         2.500       1.520      SLICE_X30Y72  sA_tempExp_r_3_reg[0]_srl4/CLK
Low Pulse Width   Fast    SRL16E/CLK   n/a            0.980         2.500       1.520      SLICE_X30Y72  sA_tempExp_r_3_reg[0]_srl4/CLK
Low Pulse Width   Slow    SRL16E/CLK   n/a            0.980         2.500       1.520      SLICE_X30Y72  sA_tempExp_r_3_reg[1]_srl4/CLK
Low Pulse Width   Fast    SRL16E/CLK   n/a            0.980         2.500       1.520      SLICE_X30Y72  sA_tempExp_r_3_reg[1]_srl4/CLK
High Pulse Width  Slow    SRL16E/CLK   n/a            0.980         2.500       1.520      SLICE_X30Y73  sA_infInput_r_3_reg_srl4/CLK
High Pulse Width  Fast    SRL16E/CLK   n/a            0.980         2.500       1.520      SLICE_X30Y73  sA_infInput_r_3_reg_srl4/CLK
High Pulse Width  Slow    SRL16E/CLK   n/a            0.980         2.500       1.520      SLICE_X26Y74  sA_isNaN_r_3_reg_srl4/CLK
High Pulse Width  Fast    SRL16E/CLK   n/a            0.980         2.500       1.520      SLICE_X26Y74  sA_isNaN_r_3_reg_srl4/CLK
High Pulse Width  Slow    SRL16E/CLK   n/a            0.980         2.500       1.520      SLICE_X34Y71  sA_sign_reg_srl5/CLK
High Pulse Width  Fast    SRL16E/CLK   n/a            0.980         2.500       1.520      SLICE_X34Y71  sA_sign_reg_srl5/CLK
High Pulse Width  Slow    SRL16E/CLK   n/a            0.980         2.500       1.520      SLICE_X30Y72  sA_tempExp_r_3_reg[0]_srl4/CLK
High Pulse Width  Fast    SRL16E/CLK   n/a            0.980         2.500       1.520      SLICE_X30Y72  sA_tempExp_r_3_reg[0]_srl4/CLK
High Pulse Width  Slow    SRL16E/CLK   n/a            0.980         2.500       1.520      SLICE_X30Y72  sA_tempExp_r_3_reg[1]_srl4/CLK
High Pulse Width  Fast    SRL16E/CLK   n/a            0.980         2.500       1.520      SLICE_X30Y72  sA_tempExp_r_3_reg[1]_srl4/CLK



