Copyright 1986-2022 Xilinx, Inc. All Rights Reserved. Copyright 2022-2026 Advanced Micro Devices, Inc. All Rights Reserved.
---------------------------------------------------------------------------------------------------------------------------------------------
| Tool Version : Vivado v.2026.1 (lin64) Build 6511674 Tue Jun 16 11:01:26 MDT 2026
| Date         : Sun Sep 13 17:51:33 2026
| Host         : Nix-Los running 64-bit unknown
| Command      : report_timing_summary -max_paths 10 -file ./reports_fp64_d2_run03/timing_summary.rpt
| Design       : FPMul
| Device       : 7z020-clg400
| Speed File   : -1  PRODUCTION 1.12 2019-11-22
| Design State : Routed
---------------------------------------------------------------------------------------------------------------------------------------------

Timing Summary Report

------------------------------------------------------------------------------------------------
| Timer Settings
| --------------
------------------------------------------------------------------------------------------------

  Enable Multi Corner Analysis               :  Yes
  Enable Pessimism Removal                   :  Yes
  Pessimism Removal Resolution               :  Nearest Common Node
  Enable Input Delay Default Clock           :  No
  Enable Preset / Clear Arcs                 :  No
  Disable Flight Delays                      :  No
  Ignore I/O Paths                           :  No
  Timing Early Launch at Borrowing Latches   :  No
  Borrow Time for Max Delay Exceptions       :  Yes
  Merge Timing Exceptions                    :  Yes
  Inter-SLR Compensation                     :  Conservative

  Corner  Analyze    Analyze    
  Name    Max Paths  Min Paths  
  ------  ---------  ---------  
  Slow    Yes        Yes        
  Fast    Yes        Yes        


------------------------------------------------------------------------------------------------
| Report Methodology
| ------------------
------------------------------------------------------------------------------------------------

No report available as report_methodology has not been run prior. Run report_methodology on the current design for the summary of methodology violations.



check_timing report

Table of Contents
-----------------
1. checking no_clock (0)
2. checking constant_clock (0)
3. checking pulse_width_clock (0)
4. checking unconstrained_internal_endpoints (0)
5. checking no_input_delay (128)
6. checking no_output_delay (64)
7. checking multiple_clock (0)
8. checking generated_clocks (0)
9. checking loops (0)
10. checking partial_input_delay (0)
11. checking partial_output_delay (0)
12. checking latch_loops (0)

1. checking no_clock (0)
------------------------
 There are 0 register/latch pins with no clock.


2. checking constant_clock (0)
------------------------------
 There are 0 register/latch pins with constant_clock.


3. checking pulse_width_clock (0)
---------------------------------
 There are 0 register/latch pins which need pulse_width check


4. checking unconstrained_internal_endpoints (0)
------------------------------------------------
 There are 0 pins that are not constrained for maximum delay.

 There are 0 pins that are not constrained for maximum delay due to constant clock.


5. checking no_input_delay (128)
--------------------------------
 There are 128 input ports with no input delay specified. (HIGH)

 There are 0 input ports with no input delay but user has a false path constraint.


6. checking no_output_delay (64)
--------------------------------
 There are 64 ports with no output delay specified. (HIGH)

 There are 0 ports with no output delay but user has a false path constraint

 There are 0 ports with no output delay but with a timing clock defined on it or propagating through it


7. checking multiple_clock (0)
------------------------------
 There are 0 register/latch pins with multiple clocks.


8. checking generated_clocks (0)
--------------------------------
 There are 0 generated clocks that are not connected to a clock source.


9. checking loops (0)
---------------------
 There are 0 combinational loops in the design.


10. checking partial_input_delay (0)
------------------------------------
 There are 0 input ports with partial input delay specified.


11. checking partial_output_delay (0)
-------------------------------------
 There are 0 ports with partial output delay specified.


12. checking latch_loops (0)
----------------------------
 There are 0 combinational latch loops in the design through latch input



------------------------------------------------------------------------------------------------
| Design Timing Summary
| ---------------------
------------------------------------------------------------------------------------------------

    WNS(ns)      TNS(ns)  TNS Failing Endpoints  TNS Total Endpoints      WHS(ns)      THS(ns)  THS Failing Endpoints  THS Total Endpoints     WPWS(ns)     TPWS(ns)  TPWS Failing Endpoints  TPWS Total Endpoints  
    -------      -------  ---------------------  -------------------      -------      -------  ---------------------  -------------------     --------     --------  ----------------------  --------------------  
      0.310        0.000                      0                  532        0.163        0.000                      0                  532        1.520        0.000                       0                   370  


All user specified timing constraints are met.


------------------------------------------------------------------------------------------------
| Clock Summary
| -------------
------------------------------------------------------------------------------------------------

Clock    Waveform(ns)         Period(ns)      Frequency(MHz)
-----    ------------         ----------      --------------
sys_clk  {0.000 2.500}        5.000           200.000         


------------------------------------------------------------------------------------------------
| Intra Clock Table
| -----------------
------------------------------------------------------------------------------------------------

Clock             WNS(ns)      TNS(ns)  TNS Failing Endpoints  TNS Total Endpoints      WHS(ns)      THS(ns)  THS Failing Endpoints  THS Total Endpoints     WPWS(ns)     TPWS(ns)  TPWS Failing Endpoints  TPWS Total Endpoints  
-----             -------      -------  ---------------------  -------------------      -------      -------  ---------------------  -------------------     --------     --------  ----------------------  --------------------  
sys_clk             0.310        0.000                      0                  532        0.163        0.000                      0                  532        1.520        0.000                       0                   370  


------------------------------------------------------------------------------------------------
| Inter Clock Table
| -----------------
------------------------------------------------------------------------------------------------

From Clock    To Clock          WNS(ns)      TNS(ns)  TNS Failing Endpoints  TNS Total Endpoints      WHS(ns)      THS(ns)  THS Failing Endpoints  THS Total Endpoints  
----------    --------          -------      -------  ---------------------  -------------------      -------      -------  ---------------------  -------------------  


------------------------------------------------------------------------------------------------
| Other Path Groups Table
| -----------------------
------------------------------------------------------------------------------------------------

Path Group    From Clock    To Clock          WNS(ns)      TNS(ns)  TNS Failing Endpoints  TNS Total Endpoints      WHS(ns)      THS(ns)  THS Failing Endpoints  THS Total Endpoints  
----------    ----------    --------          -------      -------  ---------------------  -------------------      -------      -------  ---------------------  -------------------  


------------------------------------------------------------------------------------------------
| Timing Details
| --------------
------------------------------------------------------------------------------------------------


---------------------------------------------------------------------------------------------------
From Clock:  sys_clk
  To Clock:  sys_clk

Setup :            0  Failing Endpoints,  Worst Slack        0.310ns,  Total Violation        0.000ns
Hold  :            0  Failing Endpoints,  Worst Slack        0.163ns,  Total Violation        0.000ns
PW    :            0  Failing Endpoints,  Worst Slack        1.520ns,  Total Violation        0.000ns
---------------------------------------------------------------------------------------------------


Max Delay Paths
--------------------------------------------------------------------------------------
Slack (MET) :             0.310ns  (required time - arrival time)
  Source:                 sB_sig_reg[9]/C
                            (rising edge-triggered cell FDRE clocked by sys_clk  {rise@0.000ns fall@2.500ns period=5.000ns})
  Destination:            outReg_reg[61]/D
                            (rising edge-triggered cell FDSE clocked by sys_clk  {rise@0.000ns fall@2.500ns period=5.000ns})
  Path Group:             sys_clk
  Path Type:              Setup (Max at Slow Process Corner)
  Requirement:            5.000ns  (sys_clk rise@5.000ns - sys_clk rise@0.000ns)
  Data Path Delay:        4.637ns  (logic 2.349ns (50.658%)  route 2.288ns (49.342%))
  Logic Levels:           8  (CARRY4=3 LUT2=2 LUT4=1 LUT5=1 LUT6=1)
  Clock Path Skew:        -0.049ns (DCD - SCD + CPR)
    Destination Clock Delay (DCD):    0.924ns = ( 5.924 - 5.000 ) 
    Source Clock Delay      (SCD):    0.973ns
    Clock Pessimism Removal (CPR):    0.000ns
  Clock Uncertainty:      0.035ns  ((TSJ^2 + TIJ^2)^1/2 + DJ) / 2 + PE
    Total System Jitter     (TSJ):    0.071ns
    Total Input Jitter      (TIJ):    0.000ns
    Discrete Jitter          (DJ):    0.000ns
    Phase Error              (PE):    0.000ns

    Location             Delay type                Incr(ns)  Path(ns)    Netlist Resource(s)
  -------------------------------------------------------------------    -------------------
                         (clock sys_clk rise edge)    0.000     0.000 r  <hidden>
                                                      0.000     0.000 r  clock
                         net (fo=372, unset)          0.973     0.973    clock
    SLICE_X33Y55         FDRE                                         r  sB_sig_reg[9]/C
  -------------------------------------------------------------------    -------------------
    SLICE_X33Y55         FDRE (Prop_fdre_C_Q)         0.419     1.392 r  sB_sig_reg[9]/Q
                         net (fo=2, routed)           1.048     2.440    sB_sig_reg_n_0_[9]
    SLICE_X29Y58         LUT4 (Prop_lut4_I1_O)        0.299     2.739 r  outReg[62]_i_23/O
                         net (fo=1, routed)           0.300     3.039    outReg[62]_i_23_n_0
    SLICE_X31Y57         LUT5 (Prop_lut5_I4_O)        0.124     3.163 f  outReg[62]_i_12/O
                         net (fo=1, routed)           0.291     3.454    outReg[62]_i_12_n_0
    SLICE_X28Y57         LUT6 (Prop_lut6_I5_O)        0.124     3.578 r  outReg[62]_i_4/O
                         net (fo=4, routed)           0.354     3.932    p_0_in3_out
    SLICE_X30Y58         LUT2 (Prop_lut2_I1_O)        0.124     4.056 r  outReg[55]_i_6/O
                         net (fo=1, routed)           0.000     4.056    outReg[55]_i_6_n_0
    SLICE_X30Y58         CARRY4 (Prop_carry4_S[0]_CO[3])
                                                      0.513     4.569 r  outReg_reg[55]_i_2/CO[3]
                         net (fo=1, routed)           0.000     4.569    outReg_reg[55]_i_2_n_0
    SLICE_X30Y59         CARRY4 (Prop_carry4_CI_CO[3])
                                                      0.117     4.686 r  outReg_reg[59]_i_2/CO[3]
                         net (fo=1, routed)           0.000     4.686    outReg_reg[59]_i_2_n_0
    SLICE_X30Y60         CARRY4 (Prop_carry4_CI_O[1])
                                                      0.323     5.009 r  outReg_reg[62]_i_5/O[1]
                         net (fo=1, routed)           0.295     5.304    outReg_reg[62]_i_5_n_6
    SLICE_X31Y60         LUT2 (Prop_lut2_I0_O)        0.306     5.610 r  outReg[61]_i_1/O
                         net (fo=1, routed)           0.000     5.610    outReg[61]_i_1_n_0
    SLICE_X31Y60         FDSE                                         r  outReg_reg[61]/D
  -------------------------------------------------------------------    -------------------

                         (clock sys_clk rise edge)    5.000     5.000 r  <hidden>
                                                      0.000     5.000 r  clock
                         net (fo=372, unset)          0.924     5.924    clock
    SLICE_X31Y60         FDSE                                         r  outReg_reg[61]/C
                         clock pessimism              0.000     5.924    <hidden>
                         clock uncertainty           -0.035     5.889    <hidden>
    SLICE_X31Y60         FDSE (Setup_fdse_C_D)        0.031     5.920    outReg_reg[61]
  -------------------------------------------------------------------
                         required time                          5.920    <hidden>
                         arrival time                          -5.610    <hidden>
  -------------------------------------------------------------------
                         slack                                  0.310    <hidden>

Slack (MET) :             0.358ns  (required time - arrival time)
  Source:                 sA_tempSig_r_1_reg__1/CLK
                            (rising edge-triggered cell DSP48E1 clocked by sys_clk  {rise@0.000ns fall@2.500ns period=5.000ns})
  Destination:            sA_tempSig_reg[105]/D
                            (rising edge-triggered cell FDRE clocked by sys_clk  {rise@0.000ns fall@2.500ns period=5.000ns})
  Path Group:             sys_clk
  Path Type:              Setup (Max at Slow Process Corner)
  Requirement:            5.000ns  (sys_clk rise@5.000ns - sys_clk rise@0.000ns)
  Data Path Delay:        4.620ns  (logic 2.792ns (60.435%)  route 1.828ns (39.565%))
  Logic Levels:           15  (CARRY4=13 LUT3=1 LUT4=1)
  Clock Path Skew:        -0.049ns (DCD - SCD + CPR)
    Destination Clock Delay (DCD):    0.924ns = ( 5.924 - 5.000 ) 
    Source Clock Delay      (SCD):    0.973ns
    Clock Pessimism Removal (CPR):    0.000ns
  Clock Uncertainty:      0.035ns  ((TSJ^2 + TIJ^2)^1/2 + DJ) / 2 + PE
    Total System Jitter     (TSJ):    0.071ns
    Total Input Jitter      (TIJ):    0.000ns
    Discrete Jitter          (DJ):    0.000ns
    Phase Error              (PE):    0.000ns

    Location             Delay type                Incr(ns)  Path(ns)    Netlist Resource(s)
  -------------------------------------------------------------------    -------------------
                         (clock sys_clk rise edge)    0.000     0.000 r  <hidden>
                                                      0.000     0.000 r  clock
                         net (fo=372, unset)          0.973     0.973    clock
    DSP48_X2Y18          DSP48E1                                      r  sA_tempSig_r_1_reg__1/CLK
  -------------------------------------------------------------------    -------------------
    DSP48_X2Y18          DSP48E1 (Prop_dsp48e1_CLK_P[42])
                                                      0.434     1.407 r  sA_tempSig_r_1_reg__1/P[42]
                         net (fo=2, routed)           1.178     2.585    sA_tempSig_r_1_reg__1_n_63
    SLICE_X35Y52         LUT3 (Prop_lut3_I2_O)        0.153     2.738 r  sA_tempSig[60]_i_2/O
                         net (fo=2, routed)           0.649     3.388    sA_tempSig[60]_i_2_n_0
    SLICE_X35Y52         LUT4 (Prop_lut4_I3_O)        0.327     3.715 r  sA_tempSig[60]_i_6/O
                         net (fo=1, routed)           0.000     3.715    sA_tempSig[60]_i_6_n_0
    SLICE_X35Y52         CARRY4 (Prop_carry4_S[3]_CO[3])
                                                      0.401     4.116 r  sA_tempSig_reg[60]_i_1/CO[3]
                         net (fo=1, routed)           0.000     4.116    sA_tempSig_reg[60]_i_1_n_0
    SLICE_X35Y53         CARRY4 (Prop_carry4_CI_CO[3])
                                                      0.114     4.230 r  sA_tempSig_reg[64]_i_1/CO[3]
                         net (fo=1, routed)           0.000     4.230    sA_tempSig_reg[64]_i_1_n_0
    SLICE_X35Y54         CARRY4 (Prop_carry4_CI_CO[3])
                                                      0.114     4.344 r  sA_tempSig_reg[68]_i_1/CO[3]
                         net (fo=1, routed)           0.000     4.344    sA_tempSig_reg[68]_i_1_n_0
    SLICE_X35Y55         CARRY4 (Prop_carry4_CI_CO[3])
                                                      0.114     4.458 r  sA_tempSig_reg[72]_i_1/CO[3]
                         net (fo=1, routed)           0.000     4.458    sA_tempSig_reg[72]_i_1_n_0
    SLICE_X35Y56         CARRY4 (Prop_carry4_CI_CO[3])
                                                      0.114     4.572 r  sA_tempSig_reg[76]_i_1/CO[3]
                         net (fo=1, routed)           0.000     4.572    sA_tempSig_reg[76]_i_1_n_0
    SLICE_X35Y57         CARRY4 (Prop_carry4_CI_CO[3])
                                                      0.114     4.686 r  sA_tempSig_reg[80]_i_1/CO[3]
                         net (fo=1, routed)           0.000     4.686    sA_tempSig_reg[80]_i_1_n_0
    SLICE_X35Y58         CARRY4 (Prop_carry4_CI_CO[3])
                                                      0.114     4.800 r  sA_tempSig_reg[84]_i_1/CO[3]
                         net (fo=1, routed)           0.000     4.800    sA_tempSig_reg[84]_i_1_n_0
    SLICE_X35Y59         CARRY4 (Prop_carry4_CI_CO[3])
                                                      0.114     4.914 r  sA_tempSig_reg[88]_i_1/CO[3]
                         net (fo=1, routed)           0.000     4.914    sA_tempSig_reg[88]_i_1_n_0
    SLICE_X35Y60         CARRY4 (Prop_carry4_CI_CO[3])
                                                      0.114     5.028 r  sA_tempSig_reg[92]_i_1/CO[3]
                         net (fo=1, routed)           0.000     5.028    sA_tempSig_reg[92]_i_1_n_0
    SLICE_X35Y61         CARRY4 (Prop_carry4_CI_CO[3])
                                                      0.114     5.142 r  sA_tempSig_reg[96]_i_1/CO[3]
                         net (fo=1, routed)           0.000     5.142    sA_tempSig_reg[96]_i_1_n_0
    SLICE_X35Y62         CARRY4 (Prop_carry4_CI_CO[3])
                                                      0.114     5.256 r  sA_tempSig_reg[100]_i_1/CO[3]
                         net (fo=1, routed)           0.000     5.256    sA_tempSig_reg[100]_i_1_n_0
    SLICE_X35Y63         CARRY4 (Prop_carry4_CI_CO[3])
                                                      0.114     5.370 r  sA_tempSig_reg[104]_i_1/CO[3]
                         net (fo=1, routed)           0.000     5.370    sA_tempSig_reg[104]_i_1_n_0
    SLICE_X35Y64         CARRY4 (Prop_carry4_CI_O[0])
                                                      0.223     5.593 r  sA_tempSig_reg[105]_i_1/O[0]
                         net (fo=1, routed)           0.000     5.593    sA_tempSig_r_1_reg__2[105]
    SLICE_X35Y64         FDRE                                         r  sA_tempSig_reg[105]/D
  -------------------------------------------------------------------    -------------------

                         (clock sys_clk rise edge)    5.000     5.000 r  <hidden>
                                                      0.000     5.000 r  clock
                         net (fo=372, unset)          0.924     5.924    clock
    SLICE_X35Y64         FDRE                                         r  sA_tempSig_reg[105]/C
                         clock pessimism              0.000     5.924    <hidden>
                         clock uncertainty           -0.035     5.889    <hidden>
    SLICE_X35Y64         FDRE (Setup_fdre_C_D)        0.062     5.951    sA_tempSig_reg[105]
  -------------------------------------------------------------------
                         required time                          5.951    <hidden>
                         arrival time                          -5.593    <hidden>
  -------------------------------------------------------------------
                         slack                                  0.358    <hidden>

Slack (MET) :             0.361ns  (required time - arrival time)
  Source:                 sA_tempSig_r_1_reg__1/CLK
                            (rising edge-triggered cell DSP48E1 clocked by sys_clk  {rise@0.000ns fall@2.500ns period=5.000ns})
  Destination:            sA_tempSig_reg[102]/D
                            (rising edge-triggered cell FDRE clocked by sys_clk  {rise@0.000ns fall@2.500ns period=5.000ns})
  Path Group:             sys_clk
  Path Type:              Setup (Max at Slow Process Corner)
  Requirement:            5.000ns  (sys_clk rise@5.000ns - sys_clk rise@0.000ns)
  Data Path Delay:        4.617ns  (logic 2.789ns (60.409%)  route 1.828ns (39.591%))
  Logic Levels:           14  (CARRY4=12 LUT3=1 LUT4=1)
  Clock Path Skew:        -0.049ns (DCD - SCD + CPR)
    Destination Clock Delay (DCD):    0.924ns = ( 5.924 - 5.000 ) 
    Source Clock Delay      (SCD):    0.973ns
    Clock Pessimism Removal (CPR):    0.000ns
  Clock Uncertainty:      0.035ns  ((TSJ^2 + TIJ^2)^1/2 + DJ) / 2 + PE
    Total System Jitter     (TSJ):    0.071ns
    Total Input Jitter      (TIJ):    0.000ns
    Discrete Jitter          (DJ):    0.000ns
    Phase Error              (PE):    0.000ns

    Location             Delay type                Incr(ns)  Path(ns)    Netlist Resource(s)
  -------------------------------------------------------------------    -------------------
                         (clock sys_clk rise edge)    0.000     0.000 r  <hidden>
                                                      0.000     0.000 r  clock
                         net (fo=372, unset)          0.973     0.973    clock
    DSP48_X2Y18          DSP48E1                                      r  sA_tempSig_r_1_reg__1/CLK
  -------------------------------------------------------------------    -------------------
    DSP48_X2Y18          DSP48E1 (Prop_dsp48e1_CLK_P[42])
                                                      0.434     1.407 r  sA_tempSig_r_1_reg__1/P[42]
                         net (fo=2, routed)           1.178     2.585    sA_tempSig_r_1_reg__1_n_63
    SLICE_X35Y52         LUT3 (Prop_lut3_I2_O)        0.153     2.738 r  sA_tempSig[60]_i_2/O
                         net (fo=2, routed)           0.649     3.388    sA_tempSig[60]_i_2_n_0
    SLICE_X35Y52         LUT4 (Prop_lut4_I3_O)        0.327     3.715 r  sA_tempSig[60]_i_6/O
                         net (fo=1, routed)           0.000     3.715    sA_tempSig[60]_i_6_n_0
    SLICE_X35Y52         CARRY4 (Prop_carry4_S[3]_CO[3])
                                                      0.401     4.116 r  sA_tempSig_reg[60]_i_1/CO[3]
                         net (fo=1, routed)           0.000     4.116    sA_tempSig_reg[60]_i_1_n_0
    SLICE_X35Y53         CARRY4 (Prop_carry4_CI_CO[3])
                                                      0.114     4.230 r  sA_tempSig_reg[64]_i_1/CO[3]
                         net (fo=1, routed)           0.000     4.230    sA_tempSig_reg[64]_i_1_n_0
    SLICE_X35Y54         CARRY4 (Prop_carry4_CI_CO[3])
                                                      0.114     4.344 r  sA_tempSig_reg[68]_i_1/CO[3]
                         net (fo=1, routed)           0.000     4.344    sA_tempSig_reg[68]_i_1_n_0
    SLICE_X35Y55         CARRY4 (Prop_carry4_CI_CO[3])
                                                      0.114     4.458 r  sA_tempSig_reg[72]_i_1/CO[3]
                         net (fo=1, routed)           0.000     4.458    sA_tempSig_reg[72]_i_1_n_0
    SLICE_X35Y56         CARRY4 (Prop_carry4_CI_CO[3])
                                                      0.114     4.572 r  sA_tempSig_reg[76]_i_1/CO[3]
                         net (fo=1, routed)           0.000     4.572    sA_tempSig_reg[76]_i_1_n_0
    SLICE_X35Y57         CARRY4 (Prop_carry4_CI_CO[3])
                                                      0.114     4.686 r  sA_tempSig_reg[80]_i_1/CO[3]
                         net (fo=1, routed)           0.000     4.686    sA_tempSig_reg[80]_i_1_n_0
    SLICE_X35Y58         CARRY4 (Prop_carry4_CI_CO[3])
                                                      0.114     4.800 r  sA_tempSig_reg[84]_i_1/CO[3]
                         net (fo=1, routed)           0.000     4.800    sA_tempSig_reg[84]_i_1_n_0
    SLICE_X35Y59         CARRY4 (Prop_carry4_CI_CO[3])
                                                      0.114     4.914 r  sA_tempSig_reg[88]_i_1/CO[3]
                         net (fo=1, routed)           0.000     4.914    sA_tempSig_reg[88]_i_1_n_0
    SLICE_X35Y60         CARRY4 (Prop_carry4_CI_CO[3])
                                                      0.114     5.028 r  sA_tempSig_reg[92]_i_1/CO[3]
                         net (fo=1, routed)           0.000     5.028    sA_tempSig_reg[92]_i_1_n_0
    SLICE_X35Y61         CARRY4 (Prop_carry4_CI_CO[3])
                                                      0.114     5.142 r  sA_tempSig_reg[96]_i_1/CO[3]
                         net (fo=1, routed)           0.000     5.142    sA_tempSig_reg[96]_i_1_n_0
    SLICE_X35Y62         CARRY4 (Prop_carry4_CI_CO[3])
                                                      0.114     5.256 r  sA_tempSig_reg[100]_i_1/CO[3]
                         net (fo=1, routed)           0.000     5.256    sA_tempSig_reg[100]_i_1_n_0
    SLICE_X35Y63         CARRY4 (Prop_carry4_CI_O[1])
                                                      0.334     5.590 r  sA_tempSig_reg[104]_i_1/O[1]
                         net (fo=1, routed)           0.000     5.590    sA_tempSig_r_1_reg__2[102]
    SLICE_X35Y63         FDRE                                         r  sA_tempSig_reg[102]/D
  -------------------------------------------------------------------    -------------------

                         (clock sys_clk rise edge)    5.000     5.000 r  <hidden>
                                                      0.000     5.000 r  clock
                         net (fo=372, unset)          0.924     5.924    clock
    SLICE_X35Y63         FDRE                                         r  sA_tempSig_reg[102]/C
                         clock pessimism              0.000     5.924    <hidden>
                         clock uncertainty           -0.035     5.889    <hidden>
    SLICE_X35Y63         FDRE (Setup_fdre_C_D)        0.062     5.951    sA_tempSig_reg[102]
  -------------------------------------------------------------------
                         required time                          5.951    <hidden>
                         arrival time                          -5.590    <hidden>
  -------------------------------------------------------------------
                         slack                                  0.361    <hidden>

Slack (MET) :             0.382ns  (required time - arrival time)
  Source:                 sA_tempSig_r_1_reg__1/CLK
                            (rising edge-triggered cell DSP48E1 clocked by sys_clk  {rise@0.000ns fall@2.500ns period=5.000ns})
  Destination:            sA_tempSig_reg[104]/D
                            (rising edge-triggered cell FDRE clocked by sys_clk  {rise@0.000ns fall@2.500ns period=5.000ns})
  Path Group:             sys_clk
  Path Type:              Setup (Max at Slow Process Corner)
  Requirement:            5.000ns  (sys_clk rise@5.000ns - sys_clk rise@0.000ns)
  Data Path Delay:        4.596ns  (logic 2.768ns (60.229%)  route 1.828ns (39.771%))
  Logic Levels:           14  (CARRY4=12 LUT3=1 LUT4=1)
  Clock Path Skew:        -0.049ns (DCD - SCD + CPR)
    Destination Clock Delay (DCD):    0.924ns = ( 5.924 - 5.000 ) 
    Source Clock Delay      (SCD):    0.973ns
    Clock Pessimism Removal (CPR):    0.000ns
  Clock Uncertainty:      0.035ns  ((TSJ^2 + TIJ^2)^1/2 + DJ) / 2 + PE
    Total System Jitter     (TSJ):    0.071ns
    Total Input Jitter      (TIJ):    0.000ns
    Discrete Jitter          (DJ):    0.000ns
    Phase Error              (PE):    0.000ns

    Location             Delay type                Incr(ns)  Path(ns)    Netlist Resource(s)
  -------------------------------------------------------------------    -------------------
                         (clock sys_clk rise edge)    0.000     0.000 r  <hidden>
                                                      0.000     0.000 r  clock
                         net (fo=372, unset)          0.973     0.973    clock
    DSP48_X2Y18          DSP48E1                                      r  sA_tempSig_r_1_reg__1/CLK
  -------------------------------------------------------------------    -------------------
    DSP48_X2Y18          DSP48E1 (Prop_dsp48e1_CLK_P[42])
                                                      0.434     1.407 r  sA_tempSig_r_1_reg__1/P[42]
                         net (fo=2, routed)           1.178     2.585    sA_tempSig_r_1_reg__1_n_63
    SLICE_X35Y52         LUT3 (Prop_lut3_I2_O)        0.153     2.738 r  sA_tempSig[60]_i_2/O
                         net (fo=2, routed)           0.649     3.388    sA_tempSig[60]_i_2_n_0
    SLICE_X35Y52         LUT4 (Prop_lut4_I3_O)        0.327     3.715 r  sA_tempSig[60]_i_6/O
                         net (fo=1, routed)           0.000     3.715    sA_tempSig[60]_i_6_n_0
    SLICE_X35Y52         CARRY4 (Prop_carry4_S[3]_CO[3])
                                                      0.401     4.116 r  sA_tempSig_reg[60]_i_1/CO[3]
                         net (fo=1, routed)           0.000     4.116    sA_tempSig_reg[60]_i_1_n_0
    SLICE_X35Y53         CARRY4 (Prop_carry4_CI_CO[3])
                                                      0.114     4.230 r  sA_tempSig_reg[64]_i_1/CO[3]
                         net (fo=1, routed)           0.000     4.230    sA_tempSig_reg[64]_i_1_n_0
    SLICE_X35Y54         CARRY4 (Prop_carry4_CI_CO[3])
                                                      0.114     4.344 r  sA_tempSig_reg[68]_i_1/CO[3]
                         net (fo=1, routed)           0.000     4.344    sA_tempSig_reg[68]_i_1_n_0
    SLICE_X35Y55         CARRY4 (Prop_carry4_CI_CO[3])
                                                      0.114     4.458 r  sA_tempSig_reg[72]_i_1/CO[3]
                         net (fo=1, routed)           0.000     4.458    sA_tempSig_reg[72]_i_1_n_0
    SLICE_X35Y56         CARRY4 (Prop_carry4_CI_CO[3])
                                                      0.114     4.572 r  sA_tempSig_reg[76]_i_1/CO[3]
                         net (fo=1, routed)           0.000     4.572    sA_tempSig_reg[76]_i_1_n_0
    SLICE_X35Y57         CARRY4 (Prop_carry4_CI_CO[3])
                                                      0.114     4.686 r  sA_tempSig_reg[80]_i_1/CO[3]
                         net (fo=1, routed)           0.000     4.686    sA_tempSig_reg[80]_i_1_n_0
    SLICE_X35Y58         CARRY4 (Prop_carry4_CI_CO[3])
                                                      0.114     4.800 r  sA_tempSig_reg[84]_i_1/CO[3]
                         net (fo=1, routed)           0.000     4.800    sA_tempSig_reg[84]_i_1_n_0
    SLICE_X35Y59         CARRY4 (Prop_carry4_CI_CO[3])
                                                      0.114     4.914 r  sA_tempSig_reg[88]_i_1/CO[3]
                         net (fo=1, routed)           0.000     4.914    sA_tempSig_reg[88]_i_1_n_0
    SLICE_X35Y60         CARRY4 (Prop_carry4_CI_CO[3])
                                                      0.114     5.028 r  sA_tempSig_reg[92]_i_1/CO[3]
                         net (fo=1, routed)           0.000     5.028    sA_tempSig_reg[92]_i_1_n_0
    SLICE_X35Y61         CARRY4 (Prop_carry4_CI_CO[3])
                                                      0.114     5.142 r  sA_tempSig_reg[96]_i_1/CO[3]
                         net (fo=1, routed)           0.000     5.142    sA_tempSig_reg[96]_i_1_n_0
    SLICE_X35Y62         CARRY4 (Prop_carry4_CI_CO[3])
                                                      0.114     5.256 r  sA_tempSig_reg[100]_i_1/CO[3]
                         net (fo=1, routed)           0.000     5.256    sA_tempSig_reg[100]_i_1_n_0
    SLICE_X35Y63         CARRY4 (Prop_carry4_CI_O[3])
                                                      0.313     5.569 r  sA_tempSig_reg[104]_i_1/O[3]
                         net (fo=1, routed)           0.000     5.569    sA_tempSig_r_1_reg__2[104]
    SLICE_X35Y63         FDRE                                         r  sA_tempSig_reg[104]/D
  -------------------------------------------------------------------    -------------------

                         (clock sys_clk rise edge)    5.000     5.000 r  <hidden>
                                                      0.000     5.000 r  clock
                         net (fo=372, unset)          0.924     5.924    clock
    SLICE_X35Y63         FDRE                                         r  sA_tempSig_reg[104]/C
                         clock pessimism              0.000     5.924    <hidden>
                         clock uncertainty           -0.035     5.889    <hidden>
    SLICE_X35Y63         FDRE (Setup_fdre_C_D)        0.062     5.951    sA_tempSig_reg[104]
  -------------------------------------------------------------------
                         required time                          5.951    <hidden>
                         arrival time                          -5.569    <hidden>
  -------------------------------------------------------------------
                         slack                                  0.382    <hidden>

Slack (MET) :             0.399ns  (required time - arrival time)
  Source:                 sB_sig_reg[9]/C
                            (rising edge-triggered cell FDRE clocked by sys_clk  {rise@0.000ns fall@2.500ns period=5.000ns})
  Destination:            outReg_reg[62]/D
                            (rising edge-triggered cell FDSE clocked by sys_clk  {rise@0.000ns fall@2.500ns period=5.000ns})
  Path Group:             sys_clk
  Path Type:              Setup (Max at Slow Process Corner)
  Requirement:            5.000ns  (sys_clk rise@5.000ns - sys_clk rise@0.000ns)
  Data Path Delay:        4.548ns  (logic 2.260ns (49.687%)  route 2.288ns (50.313%))
  Logic Levels:           8  (CARRY4=3 LUT2=2 LUT4=1 LUT5=1 LUT6=1)
  Clock Path Skew:        -0.049ns (DCD - SCD + CPR)
    Destination Clock Delay (DCD):    0.924ns = ( 5.924 - 5.000 ) 
    Source Clock Delay      (SCD):    0.973ns
    Clock Pessimism Removal (CPR):    0.000ns
  Clock Uncertainty:      0.035ns  ((TSJ^2 + TIJ^2)^1/2 + DJ) / 2 + PE
    Total System Jitter     (TSJ):    0.071ns
    Total Input Jitter      (TIJ):    0.000ns
    Discrete Jitter          (DJ):    0.000ns
    Phase Error              (PE):    0.000ns

    Location             Delay type                Incr(ns)  Path(ns)    Netlist Resource(s)
  -------------------------------------------------------------------    -------------------
                         (clock sys_clk rise edge)    0.000     0.000 r  <hidden>
                                                      0.000     0.000 r  clock
                         net (fo=372, unset)          0.973     0.973    clock
    SLICE_X33Y55         FDRE                                         r  sB_sig_reg[9]/C
  -------------------------------------------------------------------    -------------------
    SLICE_X33Y55         FDRE (Prop_fdre_C_Q)         0.419     1.392 r  sB_sig_reg[9]/Q
                         net (fo=2, routed)           1.048     2.440    sB_sig_reg_n_0_[9]
    SLICE_X29Y58         LUT4 (Prop_lut4_I1_O)        0.299     2.739 r  outReg[62]_i_23/O
                         net (fo=1, routed)           0.300     3.039    outReg[62]_i_23_n_0
    SLICE_X31Y57         LUT5 (Prop_lut5_I4_O)        0.124     3.163 f  outReg[62]_i_12/O
                         net (fo=1, routed)           0.291     3.454    outReg[62]_i_12_n_0
    SLICE_X28Y57         LUT6 (Prop_lut6_I5_O)        0.124     3.578 r  outReg[62]_i_4/O
                         net (fo=4, routed)           0.354     3.932    p_0_in3_out
    SLICE_X30Y58         LUT2 (Prop_lut2_I1_O)        0.124     4.056 r  outReg[55]_i_6/O
                         net (fo=1, routed)           0.000     4.056    outReg[55]_i_6_n_0
    SLICE_X30Y58         CARRY4 (Prop_carry4_S[0]_CO[3])
                                                      0.513     4.569 r  outReg_reg[55]_i_2/CO[3]
                         net (fo=1, routed)           0.000     4.569    outReg_reg[55]_i_2_n_0
    SLICE_X30Y59         CARRY4 (Prop_carry4_CI_CO[3])
                                                      0.117     4.686 r  outReg_reg[59]_i_2/CO[3]
                         net (fo=1, routed)           0.000     4.686    outReg_reg[59]_i_2_n_0
    SLICE_X30Y60         CARRY4 (Prop_carry4_CI_O[2])
                                                      0.239     4.925 r  outReg_reg[62]_i_5/O[2]
                         net (fo=1, routed)           0.296     5.220    outReg_reg[62]_i_5_n_5
    SLICE_X31Y60         LUT2 (Prop_lut2_I0_O)        0.301     5.521 r  outReg[62]_i_2/O
                         net (fo=1, routed)           0.000     5.521    outReg[62]_i_2_n_0
    SLICE_X31Y60         FDSE                                         r  outReg_reg[62]/D
  -------------------------------------------------------------------    -------------------

                         (clock sys_clk rise edge)    5.000     5.000 r  <hidden>
                                                      0.000     5.000 r  clock
                         net (fo=372, unset)          0.924     5.924    clock
    SLICE_X31Y60         FDSE                                         r  outReg_reg[62]/C
                         clock pessimism              0.000     5.924    <hidden>
                         clock uncertainty           -0.035     5.889    <hidden>
    SLICE_X31Y60         FDSE (Setup_fdse_C_D)        0.031     5.920    outReg_reg[62]
  -------------------------------------------------------------------
                         required time                          5.920    <hidden>
                         arrival time                          -5.521    <hidden>
  -------------------------------------------------------------------
                         slack                                  0.399    <hidden>

Slack (MET) :             0.425ns  (required time - arrival time)
  Source:                 sB_sig_reg[9]/C
                            (rising edge-triggered cell FDRE clocked by sys_clk  {rise@0.000ns fall@2.500ns period=5.000ns})
  Destination:            outReg_reg[59]/D
                            (rising edge-triggered cell FDSE clocked by sys_clk  {rise@0.000ns fall@2.500ns period=5.000ns})
  Path Group:             sys_clk
  Path Type:              Setup (Max at Slow Process Corner)
  Requirement:            5.000ns  (sys_clk rise@5.000ns - sys_clk rise@0.000ns)
  Data Path Delay:        4.523ns  (logic 2.225ns (49.194%)  route 2.298ns (50.806%))
  Logic Levels:           7  (CARRY4=2 LUT2=2 LUT4=1 LUT5=1 LUT6=1)
  Clock Path Skew:        -0.049ns (DCD - SCD + CPR)
    Destination Clock Delay (DCD):    0.924ns = ( 5.924 - 5.000 ) 
    Source Clock Delay      (SCD):    0.973ns
    Clock Pessimism Removal (CPR):    0.000ns
  Clock Uncertainty:      0.035ns  ((TSJ^2 + TIJ^2)^1/2 + DJ) / 2 + PE
    Total System Jitter     (TSJ):    0.071ns
    Total Input Jitter      (TIJ):    0.000ns
    Discrete Jitter          (DJ):    0.000ns
    Phase Error              (PE):    0.000ns

    Location             Delay type                Incr(ns)  Path(ns)    Netlist Resource(s)
  -------------------------------------------------------------------    -------------------
                         (clock sys_clk rise edge)    0.000     0.000 r  <hidden>
                                                      0.000     0.000 r  clock
                         net (fo=372, unset)          0.973     0.973    clock
    SLICE_X33Y55         FDRE                                         r  sB_sig_reg[9]/C
  -------------------------------------------------------------------    -------------------
    SLICE_X33Y55         FDRE (Prop_fdre_C_Q)         0.419     1.392 r  sB_sig_reg[9]/Q
                         net (fo=2, routed)           1.048     2.440    sB_sig_reg_n_0_[9]
    SLICE_X29Y58         LUT4 (Prop_lut4_I1_O)        0.299     2.739 r  outReg[62]_i_23/O
                         net (fo=1, routed)           0.300     3.039    outReg[62]_i_23_n_0
    SLICE_X31Y57         LUT5 (Prop_lut5_I4_O)        0.124     3.163 f  outReg[62]_i_12/O
                         net (fo=1, routed)           0.291     3.454    outReg[62]_i_12_n_0
    SLICE_X28Y57         LUT6 (Prop_lut6_I5_O)        0.124     3.578 r  outReg[62]_i_4/O
                         net (fo=4, routed)           0.354     3.932    p_0_in3_out
    SLICE_X30Y58         LUT2 (Prop_lut2_I1_O)        0.124     4.056 r  outReg[55]_i_6/O
                         net (fo=1, routed)           0.000     4.056    outReg[55]_i_6_n_0
    SLICE_X30Y58         CARRY4 (Prop_carry4_S[0]_CO[3])
                                                      0.513     4.569 r  outReg_reg[55]_i_2/CO[3]
                         net (fo=1, routed)           0.000     4.569    outReg_reg[55]_i_2_n_0
    SLICE_X30Y59         CARRY4 (Prop_carry4_CI_O[3])
                                                      0.315     4.884 r  outReg_reg[59]_i_2/O[3]
                         net (fo=1, routed)           0.305     5.189    outReg_reg[59]_i_2_n_4
    SLICE_X29Y60         LUT2 (Prop_lut2_I0_O)        0.307     5.496 r  outReg[59]_i_1/O
                         net (fo=1, routed)           0.000     5.496    outReg[59]_i_1_n_0
    SLICE_X29Y60         FDSE                                         r  outReg_reg[59]/D
  -------------------------------------------------------------------    -------------------

                         (clock sys_clk rise edge)    5.000     5.000 r  <hidden>
                                                      0.000     5.000 r  clock
                         net (fo=372, unset)          0.924     5.924    clock
    SLICE_X29Y60         FDSE                                         r  outReg_reg[59]/C
                         clock pessimism              0.000     5.924    <hidden>
                         clock uncertainty           -0.035     5.889    <hidden>
    SLICE_X29Y60         FDSE (Setup_fdse_C_D)        0.032     5.921    outReg_reg[59]
  -------------------------------------------------------------------
                         required time                          5.921    <hidden>
                         arrival time                          -5.496    <hidden>
  -------------------------------------------------------------------
                         slack                                  0.425    <hidden>

Slack (MET) :             0.433ns  (required time - arrival time)
  Source:                 sB_sig_reg[9]/C
                            (rising edge-triggered cell FDRE clocked by sys_clk  {rise@0.000ns fall@2.500ns period=5.000ns})
  Destination:            outReg_reg[57]/D
                            (rising edge-triggered cell FDSE clocked by sys_clk  {rise@0.000ns fall@2.500ns period=5.000ns})
  Path Group:             sys_clk
  Path Type:              Setup (Max at Slow Process Corner)
  Requirement:            5.000ns  (sys_clk rise@5.000ns - sys_clk rise@0.000ns)
  Data Path Delay:        4.514ns  (logic 2.232ns (49.446%)  route 2.282ns (50.554%))
  Logic Levels:           7  (CARRY4=2 LUT2=2 LUT4=1 LUT5=1 LUT6=1)
  Clock Path Skew:        -0.049ns (DCD - SCD + CPR)
    Destination Clock Delay (DCD):    0.924ns = ( 5.924 - 5.000 ) 
    Source Clock Delay      (SCD):    0.973ns
    Clock Pessimism Removal (CPR):    0.000ns
  Clock Uncertainty:      0.035ns  ((TSJ^2 + TIJ^2)^1/2 + DJ) / 2 + PE
    Total System Jitter     (TSJ):    0.071ns
    Total Input Jitter      (TIJ):    0.000ns
    Discrete Jitter          (DJ):    0.000ns
    Phase Error              (PE):    0.000ns

    Location             Delay type                Incr(ns)  Path(ns)    Netlist Resource(s)
  -------------------------------------------------------------------    -------------------
                         (clock sys_clk rise edge)    0.000     0.000 r  <hidden>
                                                      0.000     0.000 r  clock
                         net (fo=372, unset)          0.973     0.973    clock
    SLICE_X33Y55         FDRE                                         r  sB_sig_reg[9]/C
  -------------------------------------------------------------------    -------------------
    SLICE_X33Y55         FDRE (Prop_fdre_C_Q)         0.419     1.392 r  sB_sig_reg[9]/Q
                         net (fo=2, routed)           1.048     2.440    sB_sig_reg_n_0_[9]
    SLICE_X29Y58         LUT4 (Prop_lut4_I1_O)        0.299     2.739 r  outReg[62]_i_23/O
                         net (fo=1, routed)           0.300     3.039    outReg[62]_i_23_n_0
    SLICE_X31Y57         LUT5 (Prop_lut5_I4_O)        0.124     3.163 f  outReg[62]_i_12/O
                         net (fo=1, routed)           0.291     3.454    outReg[62]_i_12_n_0
    SLICE_X28Y57         LUT6 (Prop_lut6_I5_O)        0.124     3.578 r  outReg[62]_i_4/O
                         net (fo=4, routed)           0.354     3.932    p_0_in3_out
    SLICE_X30Y58         LUT2 (Prop_lut2_I1_O)        0.124     4.056 r  outReg[55]_i_6/O
                         net (fo=1, routed)           0.000     4.056    outReg[55]_i_6_n_0
    SLICE_X30Y58         CARRY4 (Prop_carry4_S[0]_CO[3])
                                                      0.513     4.569 r  outReg_reg[55]_i_2/CO[3]
                         net (fo=1, routed)           0.000     4.569    outReg_reg[55]_i_2_n_0
    SLICE_X30Y59         CARRY4 (Prop_carry4_CI_O[1])
                                                      0.323     4.892 r  outReg_reg[59]_i_2/O[1]
                         net (fo=1, routed)           0.289     5.181    outReg_reg[59]_i_2_n_6
    SLICE_X29Y59         LUT2 (Prop_lut2_I0_O)        0.306     5.487 r  outReg[57]_i_1/O
                         net (fo=1, routed)           0.000     5.487    outReg[57]_i_1_n_0
    SLICE_X29Y59         FDSE                                         r  outReg_reg[57]/D
  -------------------------------------------------------------------    -------------------

                         (clock sys_clk rise edge)    5.000     5.000 r  <hidden>
                                                      0.000     5.000 r  clock
                         net (fo=372, unset)          0.924     5.924    clock
    SLICE_X29Y59         FDSE                                         r  outReg_reg[57]/C
                         clock pessimism              0.000     5.924    <hidden>
                         clock uncertainty           -0.035     5.889    <hidden>
    SLICE_X29Y59         FDSE (Setup_fdse_C_D)        0.031     5.920    outReg_reg[57]
  -------------------------------------------------------------------
                         required time                          5.920    <hidden>
                         arrival time                          -5.487    <hidden>
  -------------------------------------------------------------------
                         slack                                  0.433    <hidden>

Slack (MET) :             0.435ns  (required time - arrival time)
  Source:                 sB_sig_reg[9]/C
                            (rising edge-triggered cell FDRE clocked by sys_clk  {rise@0.000ns fall@2.500ns period=5.000ns})
  Destination:            outReg_reg[60]/D
                            (rising edge-triggered cell FDSE clocked by sys_clk  {rise@0.000ns fall@2.500ns period=5.000ns})
  Path Group:             sys_clk
  Path Type:              Setup (Max at Slow Process Corner)
  Requirement:            5.000ns  (sys_clk rise@5.000ns - sys_clk rise@0.000ns)
  Data Path Delay:        4.512ns  (logic 2.234ns (49.508%)  route 2.278ns (50.492%))
  Logic Levels:           8  (CARRY4=3 LUT2=2 LUT4=1 LUT5=1 LUT6=1)
  Clock Path Skew:        -0.049ns (DCD - SCD + CPR)
    Destination Clock Delay (DCD):    0.924ns = ( 5.924 - 5.000 ) 
    Source Clock Delay      (SCD):    0.973ns
    Clock Pessimism Removal (CPR):    0.000ns
  Clock Uncertainty:      0.035ns  ((TSJ^2 + TIJ^2)^1/2 + DJ) / 2 + PE
    Total System Jitter     (TSJ):    0.071ns
    Total Input Jitter      (TIJ):    0.000ns
    Discrete Jitter          (DJ):    0.000ns
    Phase Error              (PE):    0.000ns

    Location             Delay type                Incr(ns)  Path(ns)    Netlist Resource(s)
  -------------------------------------------------------------------    -------------------
                         (clock sys_clk rise edge)    0.000     0.000 r  <hidden>
                                                      0.000     0.000 r  clock
                         net (fo=372, unset)          0.973     0.973    clock
    SLICE_X33Y55         FDRE                                         r  sB_sig_reg[9]/C
  -------------------------------------------------------------------    -------------------
    SLICE_X33Y55         FDRE (Prop_fdre_C_Q)         0.419     1.392 r  sB_sig_reg[9]/Q
                         net (fo=2, routed)           1.048     2.440    sB_sig_reg_n_0_[9]
    SLICE_X29Y58         LUT4 (Prop_lut4_I1_O)        0.299     2.739 r  outReg[62]_i_23/O
                         net (fo=1, routed)           0.300     3.039    outReg[62]_i_23_n_0
    SLICE_X31Y57         LUT5 (Prop_lut5_I4_O)        0.124     3.163 f  outReg[62]_i_12/O
                         net (fo=1, routed)           0.291     3.454    outReg[62]_i_12_n_0
    SLICE_X28Y57         LUT6 (Prop_lut6_I5_O)        0.124     3.578 r  outReg[62]_i_4/O
                         net (fo=4, routed)           0.354     3.932    p_0_in3_out
    SLICE_X30Y58         LUT2 (Prop_lut2_I1_O)        0.124     4.056 r  outReg[55]_i_6/O
                         net (fo=1, routed)           0.000     4.056    outReg[55]_i_6_n_0
    SLICE_X30Y58         CARRY4 (Prop_carry4_S[0]_CO[3])
                                                      0.513     4.569 r  outReg_reg[55]_i_2/CO[3]
                         net (fo=1, routed)           0.000     4.569    outReg_reg[55]_i_2_n_0
    SLICE_X30Y59         CARRY4 (Prop_carry4_CI_CO[3])
                                                      0.117     4.686 r  outReg_reg[59]_i_2/CO[3]
                         net (fo=1, routed)           0.000     4.686    outReg_reg[59]_i_2_n_0
    SLICE_X30Y60         CARRY4 (Prop_carry4_CI_O[0])
                                                      0.219     4.905 r  outReg_reg[62]_i_5/O[0]
                         net (fo=1, routed)           0.286     5.190    outReg_reg[62]_i_5_n_7
    SLICE_X29Y60         LUT2 (Prop_lut2_I0_O)        0.295     5.485 r  outReg[60]_i_1/O
                         net (fo=1, routed)           0.000     5.485    outReg[60]_i_1_n_0
    SLICE_X29Y60         FDSE                                         r  outReg_reg[60]/D
  -------------------------------------------------------------------    -------------------

                         (clock sys_clk rise edge)    5.000     5.000 r  <hidden>
                                                      0.000     5.000 r  clock
                         net (fo=372, unset)          0.924     5.924    clock
    SLICE_X29Y60         FDSE                                         r  outReg_reg[60]/C
                         clock pessimism              0.000     5.924    <hidden>
                         clock uncertainty           -0.035     5.889    <hidden>
    SLICE_X29Y60         FDSE (Setup_fdse_C_D)        0.031     5.920    outReg_reg[60]
  -------------------------------------------------------------------
                         required time                          5.920    <hidden>
                         arrival time                          -5.485    <hidden>
  -------------------------------------------------------------------
                         slack                                  0.435    <hidden>

Slack (MET) :             0.448ns  (required time - arrival time)
  Source:                 sB_sig_reg[9]/C
                            (rising edge-triggered cell FDRE clocked by sys_clk  {rise@0.000ns fall@2.500ns period=5.000ns})
  Destination:            outReg_reg[4]/R
                            (rising edge-triggered cell FDRE clocked by sys_clk  {rise@0.000ns fall@2.500ns period=5.000ns})
  Path Group:             sys_clk
  Path Type:              Setup (Max at Slow Process Corner)
  Requirement:            5.000ns  (sys_clk rise@5.000ns - sys_clk rise@0.000ns)
  Data Path Delay:        3.944ns  (logic 1.090ns (27.635%)  route 2.854ns (72.365%))
  Logic Levels:           4  (LUT4=1 LUT5=2 LUT6=1)
  Clock Path Skew:        -0.049ns (DCD - SCD + CPR)
    Destination Clock Delay (DCD):    0.924ns = ( 5.924 - 5.000 ) 
    Source Clock Delay      (SCD):    0.973ns
    Clock Pessimism Removal (CPR):    0.000ns
  Clock Uncertainty:      0.035ns  ((TSJ^2 + TIJ^2)^1/2 + DJ) / 2 + PE
    Total System Jitter     (TSJ):    0.071ns
    Total Input Jitter      (TIJ):    0.000ns
    Discrete Jitter          (DJ):    0.000ns
    Phase Error              (PE):    0.000ns

    Location             Delay type                Incr(ns)  Path(ns)    Netlist Resource(s)
  -------------------------------------------------------------------    -------------------
                         (clock sys_clk rise edge)    0.000     0.000 r  <hidden>
                                                      0.000     0.000 r  clock
                         net (fo=372, unset)          0.973     0.973    clock
    SLICE_X33Y55         FDRE                                         r  sB_sig_reg[9]/C
  -------------------------------------------------------------------    -------------------
    SLICE_X33Y55         FDRE (Prop_fdre_C_Q)         0.419     1.392 r  sB_sig_reg[9]/Q
                         net (fo=2, routed)           1.048     2.440    sB_sig_reg_n_0_[9]
    SLICE_X29Y58         LUT4 (Prop_lut4_I1_O)        0.299     2.739 r  outReg[62]_i_23/O
                         net (fo=1, routed)           0.300     3.039    outReg[62]_i_23_n_0
    SLICE_X31Y57         LUT5 (Prop_lut5_I4_O)        0.124     3.163 f  outReg[62]_i_12/O
                         net (fo=1, routed)           0.291     3.454    outReg[62]_i_12_n_0
    SLICE_X28Y57         LUT6 (Prop_lut6_I5_O)        0.124     3.578 r  outReg[62]_i_4/O
                         net (fo=4, routed)           0.337     3.915    p_0_in3_out
    SLICE_X27Y57         LUT5 (Prop_lut5_I2_O)        0.124     4.039 r  outReg[50]_i_1/O
                         net (fo=51, routed)          0.878     4.917    outReg[50]_i_1_n_0
    SLICE_X32Y52         FDRE                                         r  outReg_reg[4]/R
  -------------------------------------------------------------------    -------------------

                         (clock sys_clk rise edge)    5.000     5.000 r  <hidden>
                                                      0.000     5.000 r  clock
                         net (fo=372, unset)          0.924     5.924    clock
    SLICE_X32Y52         FDRE                                         r  outReg_reg[4]/C
                         clock pessimism              0.000     5.924    <hidden>
                         clock uncertainty           -0.035     5.889    <hidden>
    SLICE_X32Y52         FDRE (Setup_fdre_C_R)       -0.524     5.365    outReg_reg[4]
  -------------------------------------------------------------------
                         required time                          5.365    <hidden>
                         arrival time                          -4.917    <hidden>
  -------------------------------------------------------------------
                         slack                                  0.448    <hidden>

Slack (MET) :             0.448ns  (required time - arrival time)
  Source:                 sB_sig_reg[9]/C
                            (rising edge-triggered cell FDRE clocked by sys_clk  {rise@0.000ns fall@2.500ns period=5.000ns})
  Destination:            outReg_reg[5]/R
                            (rising edge-triggered cell FDRE clocked by sys_clk  {rise@0.000ns fall@2.500ns period=5.000ns})
  Path Group:             sys_clk
  Path Type:              Setup (Max at Slow Process Corner)
  Requirement:            5.000ns  (sys_clk rise@5.000ns - sys_clk rise@0.000ns)
  Data Path Delay:        3.944ns  (logic 1.090ns (27.635%)  route 2.854ns (72.365%))
  Logic Levels:           4  (LUT4=1 LUT5=2 LUT6=1)
  Clock Path Skew:        -0.049ns (DCD - SCD + CPR)
    Destination Clock Delay (DCD):    0.924ns = ( 5.924 - 5.000 ) 
    Source Clock Delay      (SCD):    0.973ns
    Clock Pessimism Removal (CPR):    0.000ns
  Clock Uncertainty:      0.035ns  ((TSJ^2 + TIJ^2)^1/2 + DJ) / 2 + PE
    Total System Jitter     (TSJ):    0.071ns
    Total Input Jitter      (TIJ):    0.000ns
    Discrete Jitter          (DJ):    0.000ns
    Phase Error              (PE):    0.000ns

    Location             Delay type                Incr(ns)  Path(ns)    Netlist Resource(s)
  -------------------------------------------------------------------    -------------------
                         (clock sys_clk rise edge)    0.000     0.000 r  <hidden>
                                                      0.000     0.000 r  clock
                         net (fo=372, unset)          0.973     0.973    clock
    SLICE_X33Y55         FDRE                                         r  sB_sig_reg[9]/C
  -------------------------------------------------------------------    -------------------
    SLICE_X33Y55         FDRE (Prop_fdre_C_Q)         0.419     1.392 r  sB_sig_reg[9]/Q
                         net (fo=2, routed)           1.048     2.440    sB_sig_reg_n_0_[9]
    SLICE_X29Y58         LUT4 (Prop_lut4_I1_O)        0.299     2.739 r  outReg[62]_i_23/O
                         net (fo=1, routed)           0.300     3.039    outReg[62]_i_23_n_0
    SLICE_X31Y57         LUT5 (Prop_lut5_I4_O)        0.124     3.163 f  outReg[62]_i_12/O
                         net (fo=1, routed)           0.291     3.454    outReg[62]_i_12_n_0
    SLICE_X28Y57         LUT6 (Prop_lut6_I5_O)        0.124     3.578 r  outReg[62]_i_4/O
                         net (fo=4, routed)           0.337     3.915    p_0_in3_out
    SLICE_X27Y57         LUT5 (Prop_lut5_I2_O)        0.124     4.039 r  outReg[50]_i_1/O
                         net (fo=51, routed)          0.878     4.917    outReg[50]_i_1_n_0
    SLICE_X32Y52         FDRE                                         r  outReg_reg[5]/R
  -------------------------------------------------------------------    -------------------

                         (clock sys_clk rise edge)    5.000     5.000 r  <hidden>
                                                      0.000     5.000 r  clock
                         net (fo=372, unset)          0.924     5.924    clock
    SLICE_X32Y52         FDRE                                         r  outReg_reg[5]/C
                         clock pessimism              0.000     5.924    <hidden>
                         clock uncertainty           -0.035     5.889    <hidden>
    SLICE_X32Y52         FDRE (Setup_fdre_C_R)       -0.524     5.365    outReg_reg[5]
  -------------------------------------------------------------------
                         required time                          5.365    <hidden>
                         arrival time                          -4.917    <hidden>
  -------------------------------------------------------------------
                         slack                                  0.448    <hidden>





Min Delay Paths
--------------------------------------------------------------------------------------
Slack (MET) :             0.163ns  (arrival time - required time)
  Source:                 sA_tempExp_r_1_reg[0]/C
                            (rising edge-triggered cell FDRE clocked by sys_clk  {rise@0.000ns fall@2.500ns period=5.000ns})
  Destination:            sA_tempExp_reg[0]/D
                            (rising edge-triggered cell FDRE clocked by sys_clk  {rise@0.000ns fall@2.500ns period=5.000ns})
  Path Group:             sys_clk
  Path Type:              Hold (Min at Fast Process Corner)
  Requirement:            0.000ns  (sys_clk rise@0.000ns - sys_clk rise@0.000ns)
  Data Path Delay:        0.255ns  (logic 0.141ns (55.385%)  route 0.114ns (44.615%))
  Logic Levels:           0  
  Clock Path Skew:        0.022ns (DCD - SCD - CPR)
    Destination Clock Delay (DCD):    0.432ns
    Source Clock Delay      (SCD):    0.410ns
    Clock Pessimism Removal (CPR):    -0.000ns

    Location             Delay type                Incr(ns)  Path(ns)    Netlist Resource(s)
  -------------------------------------------------------------------    -------------------
                         (clock sys_clk rise edge)    0.000     0.000 r  <hidden>
                                                      0.000     0.000 r  clock
                         net (fo=372, unset)          0.410     0.410    clock
    SLICE_X28Y65         FDRE                                         r  sA_tempExp_r_1_reg[0]/C
  -------------------------------------------------------------------    -------------------
    SLICE_X28Y65         FDRE (Prop_fdre_C_Q)         0.141     0.551 r  sA_tempExp_r_1_reg[0]/Q
                         net (fo=1, routed)           0.114     0.665    sA_tempExp_r_1[0]
    SLICE_X28Y65         FDRE                                         r  sA_tempExp_reg[0]/D
  -------------------------------------------------------------------    -------------------

                         (clock sys_clk rise edge)    0.000     0.000 r  <hidden>
                                                      0.000     0.000 r  clock
                         net (fo=372, unset)          0.432     0.432    clock
    SLICE_X28Y65         FDRE                                         r  sA_tempExp_reg[0]/C
                         clock pessimism              0.000     0.432    <hidden>
    SLICE_X28Y65         FDRE (Hold_fdre_C_D)         0.070     0.502    sA_tempExp_reg[0]
  -------------------------------------------------------------------
                         required time                         -0.502    <hidden>
                         arrival time                           0.665    <hidden>
  -------------------------------------------------------------------
                         slack                                  0.163    <hidden>

Slack (MET) :             0.163ns  (arrival time - required time)
  Source:                 sA_tempExp_r_reg[5]/C
                            (rising edge-triggered cell FDRE clocked by sys_clk  {rise@0.000ns fall@2.500ns period=5.000ns})
  Destination:            sA_tempExp_r_1_reg[5]/D
                            (rising edge-triggered cell FDRE clocked by sys_clk  {rise@0.000ns fall@2.500ns period=5.000ns})
  Path Group:             sys_clk
  Path Type:              Hold (Min at Fast Process Corner)
  Requirement:            0.000ns  (sys_clk rise@0.000ns - sys_clk rise@0.000ns)
  Data Path Delay:        0.251ns  (logic 0.141ns (56.174%)  route 0.110ns (43.826%))
  Logic Levels:           0  
  Clock Path Skew:        0.022ns (DCD - SCD - CPR)
    Destination Clock Delay (DCD):    0.432ns
    Source Clock Delay      (SCD):    0.410ns
    Clock Pessimism Removal (CPR):    -0.000ns

    Location             Delay type                Incr(ns)  Path(ns)    Netlist Resource(s)
  -------------------------------------------------------------------    -------------------
                         (clock sys_clk rise edge)    0.000     0.000 r  <hidden>
                                                      0.000     0.000 r  clock
                         net (fo=372, unset)          0.410     0.410    clock
    SLICE_X29Y66         FDRE                                         r  sA_tempExp_r_reg[5]/C
  -------------------------------------------------------------------    -------------------
    SLICE_X29Y66         FDRE (Prop_fdre_C_Q)         0.141     0.551 r  sA_tempExp_r_reg[5]/Q
                         net (fo=1, routed)           0.110     0.661    sA_tempExp_r[5]
    SLICE_X28Y65         FDRE                                         r  sA_tempExp_r_1_reg[5]/D
  -------------------------------------------------------------------    -------------------

                         (clock sys_clk rise edge)    0.000     0.000 r  <hidden>
                                                      0.000     0.000 r  clock
                         net (fo=372, unset)          0.432     0.432    clock
    SLICE_X28Y65         FDRE                                         r  sA_tempExp_r_1_reg[5]/C
                         clock pessimism              0.000     0.432    <hidden>
    SLICE_X28Y65         FDRE (Hold_fdre_C_D)         0.066     0.498    sA_tempExp_r_1_reg[5]
  -------------------------------------------------------------------
                         required time                         -0.498    <hidden>
                         arrival time                           0.661    <hidden>
  -------------------------------------------------------------------
                         slack                                  0.163    <hidden>

Slack (MET) :             0.164ns  (arrival time - required time)
  Source:                 sA_tempExp_r_1_reg[12]/C
                            (rising edge-triggered cell FDRE clocked by sys_clk  {rise@0.000ns fall@2.500ns period=5.000ns})
  Destination:            sA_tempExp_reg[12]/D
                            (rising edge-triggered cell FDRE clocked by sys_clk  {rise@0.000ns fall@2.500ns period=5.000ns})
  Path Group:             sys_clk
  Path Type:              Hold (Min at Fast Process Corner)
  Requirement:            0.000ns  (sys_clk rise@0.000ns - sys_clk rise@0.000ns)
  Data Path Delay:        0.256ns  (logic 0.141ns (55.115%)  route 0.115ns (44.885%))
  Logic Levels:           0  
  Clock Path Skew:        0.022ns (DCD - SCD - CPR)
    Destination Clock Delay (DCD):    0.432ns
    Source Clock Delay      (SCD):    0.410ns
    Clock Pessimism Removal (CPR):    -0.000ns

    Location             Delay type                Incr(ns)  Path(ns)    Netlist Resource(s)
  -------------------------------------------------------------------    -------------------
                         (clock sys_clk rise edge)    0.000     0.000 r  <hidden>
                                                      0.000     0.000 r  clock
                         net (fo=372, unset)          0.410     0.410    clock
    SLICE_X28Y68         FDRE                                         r  sA_tempExp_r_1_reg[12]/C
  -------------------------------------------------------------------    -------------------
    SLICE_X28Y68         FDRE (Prop_fdre_C_Q)         0.141     0.551 r  sA_tempExp_r_1_reg[12]/Q
                         net (fo=1, routed)           0.115     0.666    sA_tempExp_r_1[12]
    SLICE_X28Y67         FDRE                                         r  sA_tempExp_reg[12]/D
  -------------------------------------------------------------------    -------------------

                         (clock sys_clk rise edge)    0.000     0.000 r  <hidden>
                                                      0.000     0.000 r  clock
                         net (fo=372, unset)          0.432     0.432    clock
    SLICE_X28Y67         FDRE                                         r  sA_tempExp_reg[12]/C
                         clock pessimism              0.000     0.432    <hidden>
    SLICE_X28Y67         FDRE (Hold_fdre_C_D)         0.070     0.502    sA_tempExp_reg[12]
  -------------------------------------------------------------------
                         required time                         -0.502    <hidden>
                         arrival time                           0.666    <hidden>
  -------------------------------------------------------------------
                         slack                                  0.164    <hidden>

Slack (MET) :             0.164ns  (arrival time - required time)
  Source:                 sA_tempExp_r_1_reg[5]/C
                            (rising edge-triggered cell FDRE clocked by sys_clk  {rise@0.000ns fall@2.500ns period=5.000ns})
  Destination:            sA_tempExp_reg[5]/D
                            (rising edge-triggered cell FDRE clocked by sys_clk  {rise@0.000ns fall@2.500ns period=5.000ns})
  Path Group:             sys_clk
  Path Type:              Hold (Min at Fast Process Corner)
  Requirement:            0.000ns  (sys_clk rise@0.000ns - sys_clk rise@0.000ns)
  Data Path Delay:        0.256ns  (logic 0.141ns (55.115%)  route 0.115ns (44.885%))
  Logic Levels:           0  
  Clock Path Skew:        0.022ns (DCD - SCD - CPR)
    Destination Clock Delay (DCD):    0.432ns
    Source Clock Delay      (SCD):    0.410ns
    Clock Pessimism Removal (CPR):    -0.000ns

    Location             Delay type                Incr(ns)  Path(ns)    Netlist Resource(s)
  -------------------------------------------------------------------    -------------------
                         (clock sys_clk rise edge)    0.000     0.000 r  <hidden>
                                                      0.000     0.000 r  clock
                         net (fo=372, unset)          0.410     0.410    clock
    SLICE_X28Y65         FDRE                                         r  sA_tempExp_r_1_reg[5]/C
  -------------------------------------------------------------------    -------------------
    SLICE_X28Y65         FDRE (Prop_fdre_C_Q)         0.141     0.551 r  sA_tempExp_r_1_reg[5]/Q
                         net (fo=1, routed)           0.115     0.666    sA_tempExp_r_1[5]
    SLICE_X28Y64         FDRE                                         r  sA_tempExp_reg[5]/D
  -------------------------------------------------------------------    -------------------

                         (clock sys_clk rise edge)    0.000     0.000 r  <hidden>
                                                      0.000     0.000 r  clock
                         net (fo=372, unset)          0.432     0.432    clock
    SLICE_X28Y64         FDRE                                         r  sA_tempExp_reg[5]/C
                         clock pessimism              0.000     0.432    <hidden>
    SLICE_X28Y64         FDRE (Hold_fdre_C_D)         0.070     0.502    sA_tempExp_reg[5]
  -------------------------------------------------------------------
                         required time                         -0.502    <hidden>
                         arrival time                           0.666    <hidden>
  -------------------------------------------------------------------
                         slack                                  0.164    <hidden>

Slack (MET) :             0.165ns  (arrival time - required time)
  Source:                 sA_tempExp_r_reg[10]/C
                            (rising edge-triggered cell FDRE clocked by sys_clk  {rise@0.000ns fall@2.500ns period=5.000ns})
  Destination:            sA_tempExp_r_1_reg[10]/D
                            (rising edge-triggered cell FDRE clocked by sys_clk  {rise@0.000ns fall@2.500ns period=5.000ns})
  Path Group:             sys_clk
  Path Type:              Hold (Min at Fast Process Corner)
  Requirement:            0.000ns  (sys_clk rise@0.000ns - sys_clk rise@0.000ns)
  Data Path Delay:        0.257ns  (logic 0.141ns (54.893%)  route 0.116ns (45.107%))
  Logic Levels:           0  
  Clock Path Skew:        0.022ns (DCD - SCD - CPR)
    Destination Clock Delay (DCD):    0.432ns
    Source Clock Delay      (SCD):    0.410ns
    Clock Pessimism Removal (CPR):    -0.000ns

    Location             Delay type                Incr(ns)  Path(ns)    Netlist Resource(s)
  -------------------------------------------------------------------    -------------------
                         (clock sys_clk rise edge)    0.000     0.000 r  <hidden>
                                                      0.000     0.000 r  clock
                         net (fo=372, unset)          0.410     0.410    clock
    SLICE_X29Y67         FDRE                                         r  sA_tempExp_r_reg[10]/C
  -------------------------------------------------------------------    -------------------
    SLICE_X29Y67         FDRE (Prop_fdre_C_Q)         0.141     0.551 r  sA_tempExp_r_reg[10]/Q
                         net (fo=1, routed)           0.116     0.667    sA_tempExp_r[10]
    SLICE_X28Y68         FDRE                                         r  sA_tempExp_r_1_reg[10]/D
  -------------------------------------------------------------------    -------------------

                         (clock sys_clk rise edge)    0.000     0.000 r  <hidden>
                                                      0.000     0.000 r  clock
                         net (fo=372, unset)          0.432     0.432    clock
    SLICE_X28Y68         FDRE                                         r  sA_tempExp_r_1_reg[10]/C
                         clock pessimism              0.000     0.432    <hidden>
    SLICE_X28Y68         FDRE (Hold_fdre_C_D)         0.070     0.502    sA_tempExp_r_1_reg[10]
  -------------------------------------------------------------------
                         required time                         -0.502    <hidden>
                         arrival time                           0.667    <hidden>
  -------------------------------------------------------------------
                         slack                                  0.165    <hidden>

Slack (MET) :             0.166ns  (arrival time - required time)
  Source:                 sA_tempSig_r_1_reg[0]__1/C
                            (rising edge-triggered cell FDRE clocked by sys_clk  {rise@0.000ns fall@2.500ns period=5.000ns})
  Destination:            sA_tempSig_reg[0]/D
                            (rising edge-triggered cell FDRE clocked by sys_clk  {rise@0.000ns fall@2.500ns period=5.000ns})
  Path Group:             sys_clk
  Path Type:              Hold (Min at Fast Process Corner)
  Requirement:            0.000ns  (sys_clk rise@0.000ns - sys_clk rise@0.000ns)
  Data Path Delay:        0.251ns  (logic 0.141ns (56.174%)  route 0.110ns (43.826%))
  Logic Levels:           0  
  Clock Path Skew:        0.022ns (DCD - SCD - CPR)
    Destination Clock Delay (DCD):    0.432ns
    Source Clock Delay      (SCD):    0.410ns
    Clock Pessimism Removal (CPR):    -0.000ns

    Location             Delay type                Incr(ns)  Path(ns)    Netlist Resource(s)
  -------------------------------------------------------------------    -------------------
                         (clock sys_clk rise edge)    0.000     0.000 r  <hidden>
                                                      0.000     0.000 r  clock
                         net (fo=372, unset)          0.410     0.410    clock
    SLICE_X37Y41         FDRE                                         r  sA_tempSig_r_1_reg[0]__1/C
  -------------------------------------------------------------------    -------------------
    SLICE_X37Y41         FDRE (Prop_fdre_C_Q)         0.141     0.551 r  sA_tempSig_r_1_reg[0]__1/Q
                         net (fo=1, routed)           0.110     0.661    sA_tempSig_r_1_reg[0]__1_n_0
    SLICE_X36Y41         FDRE                                         r  sA_tempSig_reg[0]/D
  -------------------------------------------------------------------    -------------------

                         (clock sys_clk rise edge)    0.000     0.000 r  <hidden>
                                                      0.000     0.000 r  clock
                         net (fo=372, unset)          0.432     0.432    clock
    SLICE_X36Y41         FDRE                                         r  sA_tempSig_reg[0]/C
                         clock pessimism              0.000     0.432    <hidden>
    SLICE_X36Y41         FDRE (Hold_fdre_C_D)         0.063     0.495    sA_tempSig_reg[0]
  -------------------------------------------------------------------
                         required time                         -0.495    <hidden>
                         arrival time                           0.661    <hidden>
  -------------------------------------------------------------------
                         slack                                  0.166    <hidden>

Slack (MET) :             0.167ns  (arrival time - required time)
  Source:                 sA_tempExp_r_reg[11]/C
                            (rising edge-triggered cell FDRE clocked by sys_clk  {rise@0.000ns fall@2.500ns period=5.000ns})
  Destination:            sA_tempExp_r_1_reg[11]/D
                            (rising edge-triggered cell FDRE clocked by sys_clk  {rise@0.000ns fall@2.500ns period=5.000ns})
  Path Group:             sys_clk
  Path Type:              Hold (Min at Fast Process Corner)
  Requirement:            0.000ns  (sys_clk rise@0.000ns - sys_clk rise@0.000ns)
  Data Path Delay:        0.259ns  (logic 0.141ns (54.469%)  route 0.118ns (45.531%))
  Logic Levels:           0  
  Clock Path Skew:        0.022ns (DCD - SCD - CPR)
    Destination Clock Delay (DCD):    0.432ns
    Source Clock Delay      (SCD):    0.410ns
    Clock Pessimism Removal (CPR):    -0.000ns

    Location             Delay type                Incr(ns)  Path(ns)    Netlist Resource(s)
  -------------------------------------------------------------------    -------------------
                         (clock sys_clk rise edge)    0.000     0.000 r  <hidden>
                                                      0.000     0.000 r  clock
                         net (fo=372, unset)          0.410     0.410    clock
    SLICE_X29Y67         FDRE                                         r  sA_tempExp_r_reg[11]/C
  -------------------------------------------------------------------    -------------------
    SLICE_X29Y67         FDRE (Prop_fdre_C_Q)         0.141     0.551 r  sA_tempExp_r_reg[11]/Q
                         net (fo=1, routed)           0.118     0.669    sA_tempExp_r[11]
    SLICE_X28Y67         FDRE                                         r  sA_tempExp_r_1_reg[11]/D
  -------------------------------------------------------------------    -------------------

                         (clock sys_clk rise edge)    0.000     0.000 r  <hidden>
                                                      0.000     0.000 r  clock
                         net (fo=372, unset)          0.432     0.432    clock
    SLICE_X28Y67         FDRE                                         r  sA_tempExp_r_1_reg[11]/C
                         clock pessimism              0.000     0.432    <hidden>
    SLICE_X28Y67         FDRE (Hold_fdre_C_D)         0.070     0.502    sA_tempExp_r_1_reg[11]
  -------------------------------------------------------------------
                         required time                         -0.502    <hidden>
                         arrival time                           0.669    <hidden>
  -------------------------------------------------------------------
                         slack                                  0.167    <hidden>

Slack (MET) :             0.169ns  (arrival time - required time)
  Source:                 sA_tempExp_r_1_reg[1]/C
                            (rising edge-triggered cell FDRE clocked by sys_clk  {rise@0.000ns fall@2.500ns period=5.000ns})
  Destination:            sA_tempExp_reg[1]/D
                            (rising edge-triggered cell FDRE clocked by sys_clk  {rise@0.000ns fall@2.500ns period=5.000ns})
  Path Group:             sys_clk
  Path Type:              Hold (Min at Fast Process Corner)
  Requirement:            0.000ns  (sys_clk rise@0.000ns - sys_clk rise@0.000ns)
  Data Path Delay:        0.261ns  (logic 0.141ns (54.076%)  route 0.120ns (45.924%))
  Logic Levels:           0  
  Clock Path Skew:        0.022ns (DCD - SCD - CPR)
    Destination Clock Delay (DCD):    0.432ns
    Source Clock Delay      (SCD):    0.410ns
    Clock Pessimism Removal (CPR):    -0.000ns

    Location             Delay type                Incr(ns)  Path(ns)    Netlist Resource(s)
  -------------------------------------------------------------------    -------------------
                         (clock sys_clk rise edge)    0.000     0.000 r  <hidden>
                                                      0.000     0.000 r  clock
                         net (fo=372, unset)          0.410     0.410    clock
    SLICE_X28Y64         FDRE                                         r  sA_tempExp_r_1_reg[1]/C
  -------------------------------------------------------------------    -------------------
    SLICE_X28Y64         FDRE (Prop_fdre_C_Q)         0.141     0.551 r  sA_tempExp_r_1_reg[1]/Q
                         net (fo=1, routed)           0.120     0.671    sA_tempExp_r_1[1]
    SLICE_X28Y63         FDRE                                         r  sA_tempExp_reg[1]/D
  -------------------------------------------------------------------    -------------------

                         (clock sys_clk rise edge)    0.000     0.000 r  <hidden>
                                                      0.000     0.000 r  clock
                         net (fo=372, unset)          0.432     0.432    clock
    SLICE_X28Y63         FDRE                                         r  sA_tempExp_reg[1]/C
                         clock pessimism              0.000     0.432    <hidden>
    SLICE_X28Y63         FDRE (Hold_fdre_C_D)         0.070     0.502    sA_tempExp_reg[1]
  -------------------------------------------------------------------
                         required time                         -0.502    <hidden>
                         arrival time                           0.671    <hidden>
  -------------------------------------------------------------------
                         slack                                  0.169    <hidden>

Slack (MET) :             0.171ns  (arrival time - required time)
  Source:                 sA_tempExp_r_reg[0]/C
                            (rising edge-triggered cell FDRE clocked by sys_clk  {rise@0.000ns fall@2.500ns period=5.000ns})
  Destination:            sA_tempExp_r_1_reg[0]/D
                            (rising edge-triggered cell FDRE clocked by sys_clk  {rise@0.000ns fall@2.500ns period=5.000ns})
  Path Group:             sys_clk
  Path Type:              Hold (Min at Fast Process Corner)
  Requirement:            0.000ns  (sys_clk rise@0.000ns - sys_clk rise@0.000ns)
  Data Path Delay:        0.263ns  (logic 0.141ns (53.607%)  route 0.122ns (46.393%))
  Logic Levels:           0  
  Clock Path Skew:        0.022ns (DCD - SCD - CPR)
    Destination Clock Delay (DCD):    0.432ns
    Source Clock Delay      (SCD):    0.410ns
    Clock Pessimism Removal (CPR):    -0.000ns

    Location             Delay type                Incr(ns)  Path(ns)    Netlist Resource(s)
  -------------------------------------------------------------------    -------------------
                         (clock sys_clk rise edge)    0.000     0.000 r  <hidden>
                                                      0.000     0.000 r  clock
                         net (fo=372, unset)          0.410     0.410    clock
    SLICE_X29Y65         FDRE                                         r  sA_tempExp_r_reg[0]/C
  -------------------------------------------------------------------    -------------------
    SLICE_X29Y65         FDRE (Prop_fdre_C_Q)         0.141     0.551 r  sA_tempExp_r_reg[0]/Q
                         net (fo=1, routed)           0.122     0.673    sA_tempExp_r[0]
    SLICE_X28Y65         FDRE                                         r  sA_tempExp_r_1_reg[0]/D
  -------------------------------------------------------------------    -------------------

                         (clock sys_clk rise edge)    0.000     0.000 r  <hidden>
                                                      0.000     0.000 r  clock
                         net (fo=372, unset)          0.432     0.432    clock
    SLICE_X28Y65         FDRE                                         r  sA_tempExp_r_1_reg[0]/C
                         clock pessimism              0.000     0.432    <hidden>
    SLICE_X28Y65         FDRE (Hold_fdre_C_D)         0.070     0.502    sA_tempExp_r_1_reg[0]
  -------------------------------------------------------------------
                         required time                         -0.502    <hidden>
                         arrival time                           0.673    <hidden>
  -------------------------------------------------------------------
                         slack                                  0.171    <hidden>

Slack (MET) :             0.180ns  (arrival time - required time)
  Source:                 sA_tempSig_r_reg[9]/C
                            (rising edge-triggered cell FDRE clocked by sys_clk  {rise@0.000ns fall@2.500ns period=5.000ns})
  Destination:            sA_tempSig_r_1_reg[9]/D
                            (rising edge-triggered cell FDRE clocked by sys_clk  {rise@0.000ns fall@2.500ns period=5.000ns})
  Path Group:             sys_clk
  Path Type:              Hold (Min at Fast Process Corner)
  Requirement:            0.000ns  (sys_clk rise@0.000ns - sys_clk rise@0.000ns)
  Data Path Delay:        0.274ns  (logic 0.164ns (59.853%)  route 0.110ns (40.147%))
  Logic Levels:           0  
  Clock Path Skew:        0.022ns (DCD - SCD - CPR)
    Destination Clock Delay (DCD):    0.432ns
    Source Clock Delay      (SCD):    0.410ns
    Clock Pessimism Removal (CPR):    -0.000ns

    Location             Delay type                Incr(ns)  Path(ns)    Netlist Resource(s)
  -------------------------------------------------------------------    -------------------
                         (clock sys_clk rise edge)    0.000     0.000 r  <hidden>
                                                      0.000     0.000 r  clock
                         net (fo=372, unset)          0.410     0.410    clock
    SLICE_X36Y61         FDRE                                         r  sA_tempSig_r_reg[9]/C
  -------------------------------------------------------------------    -------------------
    SLICE_X36Y61         FDRE (Prop_fdre_C_Q)         0.164     0.574 r  sA_tempSig_r_reg[9]/Q
                         net (fo=1, routed)           0.110     0.684    sA_tempSig_r_reg_n_0_[9]
    SLICE_X37Y61         FDRE                                         r  sA_tempSig_r_1_reg[9]/D
  -------------------------------------------------------------------    -------------------

                         (clock sys_clk rise edge)    0.000     0.000 r  <hidden>
                                                      0.000     0.000 r  clock
                         net (fo=372, unset)          0.432     0.432    clock
    SLICE_X37Y61         FDRE                                         r  sA_tempSig_r_1_reg[9]/C
                         clock pessimism              0.000     0.432    <hidden>
    SLICE_X37Y61         FDRE (Hold_fdre_C_D)         0.072     0.504    sA_tempSig_r_1_reg[9]
  -------------------------------------------------------------------
                         required time                         -0.504    <hidden>
                         arrival time                           0.684    <hidden>
  -------------------------------------------------------------------
                         slack                                  0.180    <hidden>





Pulse Width Checks
--------------------------------------------------------------------------------------
Clock Name:         sys_clk
Waveform(ns):       { 0.000 2.500 }
Period(ns):         5.000
Sources:            { clock }

Check Type        Corner  Lib Pin      Reference Pin  Required(ns)  Actual(ns)  Slack(ns)  Location      Pin
Min Period        n/a     DSP48E1/CLK  n/a            2.154         5.000       2.846      DSP48_X2Y25   sA_tempSig_r_1_reg/CLK
Min Period        n/a     DSP48E1/CLK  n/a            2.154         5.000       2.846      DSP48_X2Y21   sA_tempSig_r_1_reg__0/CLK
Min Period        n/a     DSP48E1/CLK  n/a            2.154         5.000       2.846      DSP48_X2Y18   sA_tempSig_r_1_reg__1/CLK
Min Period        n/a     DSP48E1/CLK  n/a            2.154         5.000       2.846      DSP48_X2Y23   sA_tempSig_r_reg/CLK
Min Period        n/a     DSP48E1/CLK  n/a            2.154         5.000       2.846      DSP48_X2Y19   sA_tempSig_r_reg__0/CLK
Min Period        n/a     DSP48E1/CLK  n/a            2.154         5.000       2.846      DSP48_X2Y16   sA_tempSig_r_reg__1/CLK
Min Period        n/a     FDRE/C       n/a            1.000         5.000       4.000      SLICE_X32Y51  outReg_reg[0]/C
Min Period        n/a     FDRE/C       n/a            1.000         5.000       4.000      SLICE_X32Y53  outReg_reg[10]/C
Min Period        n/a     FDRE/C       n/a            1.000         5.000       4.000      SLICE_X32Y53  outReg_reg[11]/C
Min Period        n/a     FDRE/C       n/a            1.000         5.000       4.000      SLICE_X32Y54  outReg_reg[12]/C
Low Pulse Width   Slow    SRL16E/CLK   n/a            0.980         2.500       1.520      SLICE_X26Y59  sA_infInput_r_1_reg_srl2/CLK
Low Pulse Width   Fast    SRL16E/CLK   n/a            0.980         2.500       1.520      SLICE_X26Y59  sA_infInput_r_1_reg_srl2/CLK
Low Pulse Width   Slow    SRL16E/CLK   n/a            0.980         2.500       1.520      SLICE_X26Y58  sA_isNaN_r_1_reg_srl2/CLK
Low Pulse Width   Fast    SRL16E/CLK   n/a            0.980         2.500       1.520      SLICE_X26Y58  sA_isNaN_r_1_reg_srl2/CLK
Low Pulse Width   Slow    SRL16E/CLK   n/a            0.980         2.500       1.520      SLICE_X26Y58  sA_sign_reg_srl3/CLK
Low Pulse Width   Fast    SRL16E/CLK   n/a            0.980         2.500       1.520      SLICE_X26Y58  sA_sign_reg_srl3/CLK
Low Pulse Width   Slow    SRL16E/CLK   n/a            0.980         2.500       1.520      SLICE_X26Y58  sA_zeroInput_r_1_reg_srl2/CLK
Low Pulse Width   Fast    SRL16E/CLK   n/a            0.980         2.500       1.520      SLICE_X26Y58  sA_zeroInput_r_1_reg_srl2/CLK
Low Pulse Width   Slow    FDRE/C       n/a            0.500         2.500       2.000      SLICE_X32Y51  outReg_reg[0]/C
Low Pulse Width   Fast    FDRE/C       n/a            0.500         2.500       2.000      SLICE_X32Y51  outReg_reg[0]/C
High Pulse Width  Slow    SRL16E/CLK   n/a            0.980         2.500       1.520      SLICE_X26Y59  sA_infInput_r_1_reg_srl2/CLK
High Pulse Width  Fast    SRL16E/CLK   n/a            0.980         2.500       1.520      SLICE_X26Y59  sA_infInput_r_1_reg_srl2/CLK
High Pulse Width  Slow    SRL16E/CLK   n/a            0.980         2.500       1.520      SLICE_X26Y58  sA_isNaN_r_1_reg_srl2/CLK
High Pulse Width  Fast    SRL16E/CLK   n/a            0.980         2.500       1.520      SLICE_X26Y58  sA_isNaN_r_1_reg_srl2/CLK
High Pulse Width  Slow    SRL16E/CLK   n/a            0.980         2.500       1.520      SLICE_X26Y58  sA_sign_reg_srl3/CLK
High Pulse Width  Fast    SRL16E/CLK   n/a            0.980         2.500       1.520      SLICE_X26Y58  sA_sign_reg_srl3/CLK
High Pulse Width  Slow    SRL16E/CLK   n/a            0.980         2.500       1.520      SLICE_X26Y58  sA_zeroInput_r_1_reg_srl2/CLK
High Pulse Width  Fast    SRL16E/CLK   n/a            0.980         2.500       1.520      SLICE_X26Y58  sA_zeroInput_r_1_reg_srl2/CLK
High Pulse Width  Slow    FDRE/C       n/a            0.500         2.500       2.000      SLICE_X32Y51  outReg_reg[0]/C
High Pulse Width  Fast    FDRE/C       n/a            0.500         2.500       2.000      SLICE_X32Y51  outReg_reg[0]/C



