Copyright 1986-2022 Xilinx, Inc. All Rights Reserved. Copyright 2022-2026 Advanced Micro Devices, Inc. All Rights Reserved.
---------------------------------------------------------------------------------------------------------------------------------------------
| Tool Version : Vivado v.2026.1 (lin64) Build 6511674 Tue Jun 16 11:01:26 MDT 2026
| Date         : Sun Sep 13 17:21:14 2026
| Host         : Nix-Los running 64-bit unknown
| Command      : report_timing_summary -max_paths 10 -file ./reports_fp32_d2_run03/timing_summary.rpt
| Design       : FPMul
| Device       : 7z020-clg400
| Speed File   : -1  PRODUCTION 1.12 2019-11-22
| Design State : Routed
---------------------------------------------------------------------------------------------------------------------------------------------

Timing Summary Report

------------------------------------------------------------------------------------------------
| Timer Settings
| --------------
------------------------------------------------------------------------------------------------

  Enable Multi Corner Analysis               :  Yes
  Enable Pessimism Removal                   :  Yes
  Pessimism Removal Resolution               :  Nearest Common Node
  Enable Input Delay Default Clock           :  No
  Enable Preset / Clear Arcs                 :  No
  Disable Flight Delays                      :  No
  Ignore I/O Paths                           :  No
  Timing Early Launch at Borrowing Latches   :  No
  Borrow Time for Max Delay Exceptions       :  Yes
  Merge Timing Exceptions                    :  Yes
  Inter-SLR Compensation                     :  Conservative

  Corner  Analyze    Analyze    
  Name    Max Paths  Min Paths  
  ------  ---------  ---------  
  Slow    Yes        Yes        
  Fast    Yes        Yes        


------------------------------------------------------------------------------------------------
| Report Methodology
| ------------------
------------------------------------------------------------------------------------------------

No report available as report_methodology has not been run prior. Run report_methodology on the current design for the summary of methodology violations.



check_timing report

Table of Contents
-----------------
1. checking no_clock (0)
2. checking constant_clock (0)
3. checking pulse_width_clock (0)
4. checking unconstrained_internal_endpoints (0)
5. checking no_input_delay (64)
6. checking no_output_delay (32)
7. checking multiple_clock (0)
8. checking generated_clocks (0)
9. checking loops (0)
10. checking partial_input_delay (0)
11. checking partial_output_delay (0)
12. checking latch_loops (0)

1. checking no_clock (0)
------------------------
 There are 0 register/latch pins with no clock.


2. checking constant_clock (0)
------------------------------
 There are 0 register/latch pins with constant_clock.


3. checking pulse_width_clock (0)
---------------------------------
 There are 0 register/latch pins which need pulse_width check


4. checking unconstrained_internal_endpoints (0)
------------------------------------------------
 There are 0 pins that are not constrained for maximum delay.

 There are 0 pins that are not constrained for maximum delay due to constant clock.


5. checking no_input_delay (64)
-------------------------------
 There are 64 input ports with no input delay specified. (HIGH)

 There are 0 input ports with no input delay but user has a false path constraint.


6. checking no_output_delay (32)
--------------------------------
 There are 32 ports with no output delay specified. (HIGH)

 There are 0 ports with no output delay but user has a false path constraint

 There are 0 ports with no output delay but with a timing clock defined on it or propagating through it


7. checking multiple_clock (0)
------------------------------
 There are 0 register/latch pins with multiple clocks.


8. checking generated_clocks (0)
--------------------------------
 There are 0 generated clocks that are not connected to a clock source.


9. checking loops (0)
---------------------
 There are 0 combinational loops in the design.


10. checking partial_input_delay (0)
------------------------------------
 There are 0 input ports with partial input delay specified.


11. checking partial_output_delay (0)
-------------------------------------
 There are 0 ports with partial output delay specified.


12. checking latch_loops (0)
----------------------------
 There are 0 combinational latch loops in the design through latch input



------------------------------------------------------------------------------------------------
| Design Timing Summary
| ---------------------
------------------------------------------------------------------------------------------------

    WNS(ns)      TNS(ns)  TNS Failing Endpoints  TNS Total Endpoints      WHS(ns)      THS(ns)  THS Failing Endpoints  THS Total Endpoints     WPWS(ns)     TPWS(ns)  TPWS Failing Endpoints  TPWS Total Endpoints  
    -------      -------  ---------------------  -------------------      -------      -------  ---------------------  -------------------     --------     --------  ----------------------  --------------------  
     -0.555       -2.537                      6                  252        0.098        0.000                      0                  252        1.520        0.000                       0                   203  


Timing constraints are not met.


------------------------------------------------------------------------------------------------
| Clock Summary
| -------------
------------------------------------------------------------------------------------------------

Clock    Waveform(ns)         Period(ns)      Frequency(MHz)
-----    ------------         ----------      --------------
sys_clk  {0.000 2.500}        5.000           200.000         


------------------------------------------------------------------------------------------------
| Intra Clock Table
| -----------------
------------------------------------------------------------------------------------------------

Clock             WNS(ns)      TNS(ns)  TNS Failing Endpoints  TNS Total Endpoints      WHS(ns)      THS(ns)  THS Failing Endpoints  THS Total Endpoints     WPWS(ns)     TPWS(ns)  TPWS Failing Endpoints  TPWS Total Endpoints  
-----             -------      -------  ---------------------  -------------------      -------      -------  ---------------------  -------------------     --------     --------  ----------------------  --------------------  
sys_clk            -0.555       -2.537                      6                  252        0.098        0.000                      0                  252        1.520        0.000                       0                   203  


------------------------------------------------------------------------------------------------
| Inter Clock Table
| -----------------
------------------------------------------------------------------------------------------------

From Clock    To Clock          WNS(ns)      TNS(ns)  TNS Failing Endpoints  TNS Total Endpoints      WHS(ns)      THS(ns)  THS Failing Endpoints  THS Total Endpoints  
----------    --------          -------      -------  ---------------------  -------------------      -------      -------  ---------------------  -------------------  


------------------------------------------------------------------------------------------------
| Other Path Groups Table
| -----------------------
------------------------------------------------------------------------------------------------

Path Group    From Clock    To Clock          WNS(ns)      TNS(ns)  TNS Failing Endpoints  TNS Total Endpoints      WHS(ns)      THS(ns)  THS Failing Endpoints  THS Total Endpoints  
----------    ----------    --------          -------      -------  ---------------------  -------------------      -------      -------  ---------------------  -------------------  


------------------------------------------------------------------------------------------------
| Timing Details
| --------------
------------------------------------------------------------------------------------------------


---------------------------------------------------------------------------------------------------
From Clock:  sys_clk
  To Clock:  sys_clk

Setup :            6  Failing Endpoints,  Worst Slack       -0.555ns,  Total Violation       -2.537ns
Hold  :            0  Failing Endpoints,  Worst Slack        0.098ns,  Total Violation        0.000ns
PW    :            0  Failing Endpoints,  Worst Slack        1.520ns,  Total Violation        0.000ns
---------------------------------------------------------------------------------------------------


Max Delay Paths
--------------------------------------------------------------------------------------
Slack (VIOLATED) :        -0.555ns  (required time - arrival time)
  Source:                 sA_tempSig_r_reg[2]/C
                            (rising edge-triggered cell FDRE clocked by sys_clk  {rise@0.000ns fall@2.500ns period=5.000ns})
  Destination:            sA_tempSig_r_1_reg[13]/D
                            (rising edge-triggered cell FDRE clocked by sys_clk  {rise@0.000ns fall@2.500ns period=5.000ns})
  Path Group:             sys_clk
  Path Type:              Setup (Max at Slow Process Corner)
  Requirement:            5.000ns  (sys_clk rise@5.000ns - sys_clk rise@0.000ns)
  Data Path Delay:        5.533ns  (logic 2.850ns (51.508%)  route 2.683ns (48.492%))
  Logic Levels:           8  (CARRY4=4 LUT3=1 LUT4=1 LUT6=2)
  Clock Path Skew:        -0.049ns (DCD - SCD + CPR)
    Destination Clock Delay (DCD):    0.924ns = ( 5.924 - 5.000 ) 
    Source Clock Delay      (SCD):    0.973ns
    Clock Pessimism Removal (CPR):    0.000ns
  Clock Uncertainty:      0.035ns  ((TSJ^2 + TIJ^2)^1/2 + DJ) / 2 + PE
    Total System Jitter     (TSJ):    0.071ns
    Total Input Jitter      (TIJ):    0.000ns
    Discrete Jitter          (DJ):    0.000ns
    Phase Error              (PE):    0.000ns

    Location             Delay type                Incr(ns)  Path(ns)    Netlist Resource(s)
  -------------------------------------------------------------------    -------------------
                         (clock sys_clk rise edge)    0.000     0.000 r  <hidden>
                                                      0.000     0.000 r  clock
                         net (fo=202, unset)          0.973     0.973    clock
    SLICE_X36Y71         FDRE                                         r  sA_tempSig_r_reg[2]/C
  -------------------------------------------------------------------    -------------------
    SLICE_X36Y71         FDRE (Prop_fdre_C_Q)         0.518     1.491 r  sA_tempSig_r_reg[2]/Q
                         net (fo=16, routed)          0.914     2.405    sA_tempSig_r_reg_n_0_[2]
    SLICE_X39Y70         LUT6 (Prop_lut6_I0_O)        0.124     2.529 r  sA_tempSig_r_1[11]_i_17/O
                         net (fo=2, routed)           0.444     2.973    sA_tempSig_r_1[11]_i_17_n_0
    SLICE_X36Y71         LUT6 (Prop_lut6_I0_O)        0.124     3.097 r  sA_tempSig_r_1[11]_i_21/O
                         net (fo=1, routed)           0.000     3.097    sA_tempSig_r_1[11]_i_21_n_0
    SLICE_X36Y71         CARRY4 (Prop_carry4_S[1]_O[2])
                                                      0.578     3.675 r  sA_tempSig_r_1_reg[11]_i_11/O[2]
                         net (fo=2, routed)           0.739     4.414    sA_tempSig_r_1_reg[11]_i_11_n_5
    SLICE_X35Y71         LUT3 (Prop_lut3_I2_O)        0.330     4.744 r  sA_tempSig_r_1[7]_i_2/O
                         net (fo=2, routed)           0.586     5.330    sA_tempSig_r_1[7]_i_2_n_0
    SLICE_X35Y71         LUT4 (Prop_lut4_I3_O)        0.327     5.657 r  sA_tempSig_r_1[7]_i_6/O
                         net (fo=1, routed)           0.000     5.657    sA_tempSig_r_1[7]_i_6_n_0
    SLICE_X35Y71         CARRY4 (Prop_carry4_S[3]_CO[3])
                                                      0.401     6.058 r  sA_tempSig_r_1_reg[7]_i_1/CO[3]
                         net (fo=1, routed)           0.000     6.058    sA_tempSig_r_1_reg[7]_i_1_n_0
    SLICE_X35Y72         CARRY4 (Prop_carry4_CI_CO[3])
                                                      0.114     6.172 r  sA_tempSig_r_1_reg[11]_i_1/CO[3]
                         net (fo=1, routed)           0.000     6.172    sA_tempSig_r_1_reg[11]_i_1_n_0
    SLICE_X35Y73         CARRY4 (Prop_carry4_CI_O[1])
                                                      0.334     6.506 r  sA_tempSig_r_1_reg[13]_i_1/O[1]
                         net (fo=1, routed)           0.000     6.506    sA_tempSig_r_1_reg[13]_i_1_n_6
    SLICE_X35Y73         FDRE                                         r  sA_tempSig_r_1_reg[13]/D
  -------------------------------------------------------------------    -------------------

                         (clock sys_clk rise edge)    5.000     5.000 r  <hidden>
                                                      0.000     5.000 r  clock
                         net (fo=202, unset)          0.924     5.924    clock
    SLICE_X35Y73         FDRE                                         r  sA_tempSig_r_1_reg[13]/C
                         clock pessimism              0.000     5.924    <hidden>
                         clock uncertainty           -0.035     5.889    <hidden>
    SLICE_X35Y73         FDRE (Setup_fdre_C_D)        0.062     5.951    sA_tempSig_r_1_reg[13]
  -------------------------------------------------------------------
                         required time                          5.951    <hidden>
                         arrival time                          -6.506    <hidden>
  -------------------------------------------------------------------
                         slack                                 -0.555    <hidden>

Slack (VIOLATED) :        -0.444ns  (required time - arrival time)
  Source:                 sA_tempSig_r_reg[2]/C
                            (rising edge-triggered cell FDRE clocked by sys_clk  {rise@0.000ns fall@2.500ns period=5.000ns})
  Destination:            sA_tempSig_r_1_reg[12]/D
                            (rising edge-triggered cell FDRE clocked by sys_clk  {rise@0.000ns fall@2.500ns period=5.000ns})
  Path Group:             sys_clk
  Path Type:              Setup (Max at Slow Process Corner)
  Requirement:            5.000ns  (sys_clk rise@5.000ns - sys_clk rise@0.000ns)
  Data Path Delay:        5.422ns  (logic 2.739ns (50.515%)  route 2.683ns (49.485%))
  Logic Levels:           8  (CARRY4=4 LUT3=1 LUT4=1 LUT6=2)
  Clock Path Skew:        -0.049ns (DCD - SCD + CPR)
    Destination Clock Delay (DCD):    0.924ns = ( 5.924 - 5.000 ) 
    Source Clock Delay      (SCD):    0.973ns
    Clock Pessimism Removal (CPR):    0.000ns
  Clock Uncertainty:      0.035ns  ((TSJ^2 + TIJ^2)^1/2 + DJ) / 2 + PE
    Total System Jitter     (TSJ):    0.071ns
    Total Input Jitter      (TIJ):    0.000ns
    Discrete Jitter          (DJ):    0.000ns
    Phase Error              (PE):    0.000ns

    Location             Delay type                Incr(ns)  Path(ns)    Netlist Resource(s)
  -------------------------------------------------------------------    -------------------
                         (clock sys_clk rise edge)    0.000     0.000 r  <hidden>
                                                      0.000     0.000 r  clock
                         net (fo=202, unset)          0.973     0.973    clock
    SLICE_X36Y71         FDRE                                         r  sA_tempSig_r_reg[2]/C
  -------------------------------------------------------------------    -------------------
    SLICE_X36Y71         FDRE (Prop_fdre_C_Q)         0.518     1.491 r  sA_tempSig_r_reg[2]/Q
                         net (fo=16, routed)          0.914     2.405    sA_tempSig_r_reg_n_0_[2]
    SLICE_X39Y70         LUT6 (Prop_lut6_I0_O)        0.124     2.529 r  sA_tempSig_r_1[11]_i_17/O
                         net (fo=2, routed)           0.444     2.973    sA_tempSig_r_1[11]_i_17_n_0
    SLICE_X36Y71         LUT6 (Prop_lut6_I0_O)        0.124     3.097 r  sA_tempSig_r_1[11]_i_21/O
                         net (fo=1, routed)           0.000     3.097    sA_tempSig_r_1[11]_i_21_n_0
    SLICE_X36Y71         CARRY4 (Prop_carry4_S[1]_O[2])
                                                      0.578     3.675 r  sA_tempSig_r_1_reg[11]_i_11/O[2]
                         net (fo=2, routed)           0.739     4.414    sA_tempSig_r_1_reg[11]_i_11_n_5
    SLICE_X35Y71         LUT3 (Prop_lut3_I2_O)        0.330     4.744 r  sA_tempSig_r_1[7]_i_2/O
                         net (fo=2, routed)           0.586     5.330    sA_tempSig_r_1[7]_i_2_n_0
    SLICE_X35Y71         LUT4 (Prop_lut4_I3_O)        0.327     5.657 r  sA_tempSig_r_1[7]_i_6/O
                         net (fo=1, routed)           0.000     5.657    sA_tempSig_r_1[7]_i_6_n_0
    SLICE_X35Y71         CARRY4 (Prop_carry4_S[3]_CO[3])
                                                      0.401     6.058 r  sA_tempSig_r_1_reg[7]_i_1/CO[3]
                         net (fo=1, routed)           0.000     6.058    sA_tempSig_r_1_reg[7]_i_1_n_0
    SLICE_X35Y72         CARRY4 (Prop_carry4_CI_CO[3])
                                                      0.114     6.172 r  sA_tempSig_r_1_reg[11]_i_1/CO[3]
                         net (fo=1, routed)           0.000     6.172    sA_tempSig_r_1_reg[11]_i_1_n_0
    SLICE_X35Y73         CARRY4 (Prop_carry4_CI_O[0])
                                                      0.223     6.395 r  sA_tempSig_r_1_reg[13]_i_1/O[0]
                         net (fo=1, routed)           0.000     6.395    sA_tempSig_r_1_reg[13]_i_1_n_7
    SLICE_X35Y73         FDRE                                         r  sA_tempSig_r_1_reg[12]/D
  -------------------------------------------------------------------    -------------------

                         (clock sys_clk rise edge)    5.000     5.000 r  <hidden>
                                                      0.000     5.000 r  clock
                         net (fo=202, unset)          0.924     5.924    clock
    SLICE_X35Y73         FDRE                                         r  sA_tempSig_r_1_reg[12]/C
                         clock pessimism              0.000     5.924    <hidden>
                         clock uncertainty           -0.035     5.889    <hidden>
    SLICE_X35Y73         FDRE (Setup_fdre_C_D)        0.062     5.951    sA_tempSig_r_1_reg[12]
  -------------------------------------------------------------------
                         required time                          5.951    <hidden>
                         arrival time                          -6.395    <hidden>
  -------------------------------------------------------------------
                         slack                                 -0.444    <hidden>

Slack (VIOLATED) :        -0.441ns  (required time - arrival time)
  Source:                 sA_tempSig_r_reg[2]/C
                            (rising edge-triggered cell FDRE clocked by sys_clk  {rise@0.000ns fall@2.500ns period=5.000ns})
  Destination:            sA_tempSig_r_1_reg[9]/D
                            (rising edge-triggered cell FDRE clocked by sys_clk  {rise@0.000ns fall@2.500ns period=5.000ns})
  Path Group:             sys_clk
  Path Type:              Setup (Max at Slow Process Corner)
  Requirement:            5.000ns  (sys_clk rise@5.000ns - sys_clk rise@0.000ns)
  Data Path Delay:        5.419ns  (logic 2.736ns (50.488%)  route 2.683ns (49.512%))
  Logic Levels:           7  (CARRY4=3 LUT3=1 LUT4=1 LUT6=2)
  Clock Path Skew:        -0.049ns (DCD - SCD + CPR)
    Destination Clock Delay (DCD):    0.924ns = ( 5.924 - 5.000 ) 
    Source Clock Delay      (SCD):    0.973ns
    Clock Pessimism Removal (CPR):    0.000ns
  Clock Uncertainty:      0.035ns  ((TSJ^2 + TIJ^2)^1/2 + DJ) / 2 + PE
    Total System Jitter     (TSJ):    0.071ns
    Total Input Jitter      (TIJ):    0.000ns
    Discrete Jitter          (DJ):    0.000ns
    Phase Error              (PE):    0.000ns

    Location             Delay type                Incr(ns)  Path(ns)    Netlist Resource(s)
  -------------------------------------------------------------------    -------------------
                         (clock sys_clk rise edge)    0.000     0.000 r  <hidden>
                                                      0.000     0.000 r  clock
                         net (fo=202, unset)          0.973     0.973    clock
    SLICE_X36Y71         FDRE                                         r  sA_tempSig_r_reg[2]/C
  -------------------------------------------------------------------    -------------------
    SLICE_X36Y71         FDRE (Prop_fdre_C_Q)         0.518     1.491 r  sA_tempSig_r_reg[2]/Q
                         net (fo=16, routed)          0.914     2.405    sA_tempSig_r_reg_n_0_[2]
    SLICE_X39Y70         LUT6 (Prop_lut6_I0_O)        0.124     2.529 r  sA_tempSig_r_1[11]_i_17/O
                         net (fo=2, routed)           0.444     2.973    sA_tempSig_r_1[11]_i_17_n_0
    SLICE_X36Y71         LUT6 (Prop_lut6_I0_O)        0.124     3.097 r  sA_tempSig_r_1[11]_i_21/O
                         net (fo=1, routed)           0.000     3.097    sA_tempSig_r_1[11]_i_21_n_0
    SLICE_X36Y71         CARRY4 (Prop_carry4_S[1]_O[2])
                                                      0.578     3.675 r  sA_tempSig_r_1_reg[11]_i_11/O[2]
                         net (fo=2, routed)           0.739     4.414    sA_tempSig_r_1_reg[11]_i_11_n_5
    SLICE_X35Y71         LUT3 (Prop_lut3_I2_O)        0.330     4.744 r  sA_tempSig_r_1[7]_i_2/O
                         net (fo=2, routed)           0.586     5.330    sA_tempSig_r_1[7]_i_2_n_0
    SLICE_X35Y71         LUT4 (Prop_lut4_I3_O)        0.327     5.657 r  sA_tempSig_r_1[7]_i_6/O
                         net (fo=1, routed)           0.000     5.657    sA_tempSig_r_1[7]_i_6_n_0
    SLICE_X35Y71         CARRY4 (Prop_carry4_S[3]_CO[3])
                                                      0.401     6.058 r  sA_tempSig_r_1_reg[7]_i_1/CO[3]
                         net (fo=1, routed)           0.000     6.058    sA_tempSig_r_1_reg[7]_i_1_n_0
    SLICE_X35Y72         CARRY4 (Prop_carry4_CI_O[1])
                                                      0.334     6.392 r  sA_tempSig_r_1_reg[11]_i_1/O[1]
                         net (fo=1, routed)           0.000     6.392    sA_tempSig_r_1_reg[11]_i_1_n_6
    SLICE_X35Y72         FDRE                                         r  sA_tempSig_r_1_reg[9]/D
  -------------------------------------------------------------------    -------------------

                         (clock sys_clk rise edge)    5.000     5.000 r  <hidden>
                                                      0.000     5.000 r  clock
                         net (fo=202, unset)          0.924     5.924    clock
    SLICE_X35Y72         FDRE                                         r  sA_tempSig_r_1_reg[9]/C
                         clock pessimism              0.000     5.924    <hidden>
                         clock uncertainty           -0.035     5.889    <hidden>
    SLICE_X35Y72         FDRE (Setup_fdre_C_D)        0.062     5.951    sA_tempSig_r_1_reg[9]
  -------------------------------------------------------------------
                         required time                          5.951    <hidden>
                         arrival time                          -6.392    <hidden>
  -------------------------------------------------------------------
                         slack                                 -0.441    <hidden>

Slack (VIOLATED) :        -0.420ns  (required time - arrival time)
  Source:                 sA_tempSig_r_reg[2]/C
                            (rising edge-triggered cell FDRE clocked by sys_clk  {rise@0.000ns fall@2.500ns period=5.000ns})
  Destination:            sA_tempSig_r_1_reg[11]/D
                            (rising edge-triggered cell FDRE clocked by sys_clk  {rise@0.000ns fall@2.500ns period=5.000ns})
  Path Group:             sys_clk
  Path Type:              Setup (Max at Slow Process Corner)
  Requirement:            5.000ns  (sys_clk rise@5.000ns - sys_clk rise@0.000ns)
  Data Path Delay:        5.398ns  (logic 2.715ns (50.295%)  route 2.683ns (49.705%))
  Logic Levels:           7  (CARRY4=3 LUT3=1 LUT4=1 LUT6=2)
  Clock Path Skew:        -0.049ns (DCD - SCD + CPR)
    Destination Clock Delay (DCD):    0.924ns = ( 5.924 - 5.000 ) 
    Source Clock Delay      (SCD):    0.973ns
    Clock Pessimism Removal (CPR):    0.000ns
  Clock Uncertainty:      0.035ns  ((TSJ^2 + TIJ^2)^1/2 + DJ) / 2 + PE
    Total System Jitter     (TSJ):    0.071ns
    Total Input Jitter      (TIJ):    0.000ns
    Discrete Jitter          (DJ):    0.000ns
    Phase Error              (PE):    0.000ns

    Location             Delay type                Incr(ns)  Path(ns)    Netlist Resource(s)
  -------------------------------------------------------------------    -------------------
                         (clock sys_clk rise edge)    0.000     0.000 r  <hidden>
                                                      0.000     0.000 r  clock
                         net (fo=202, unset)          0.973     0.973    clock
    SLICE_X36Y71         FDRE                                         r  sA_tempSig_r_reg[2]/C
  -------------------------------------------------------------------    -------------------
    SLICE_X36Y71         FDRE (Prop_fdre_C_Q)         0.518     1.491 r  sA_tempSig_r_reg[2]/Q
                         net (fo=16, routed)          0.914     2.405    sA_tempSig_r_reg_n_0_[2]
    SLICE_X39Y70         LUT6 (Prop_lut6_I0_O)        0.124     2.529 r  sA_tempSig_r_1[11]_i_17/O
                         net (fo=2, routed)           0.444     2.973    sA_tempSig_r_1[11]_i_17_n_0
    SLICE_X36Y71         LUT6 (Prop_lut6_I0_O)        0.124     3.097 r  sA_tempSig_r_1[11]_i_21/O
                         net (fo=1, routed)           0.000     3.097    sA_tempSig_r_1[11]_i_21_n_0
    SLICE_X36Y71         CARRY4 (Prop_carry4_S[1]_O[2])
                                                      0.578     3.675 r  sA_tempSig_r_1_reg[11]_i_11/O[2]
                         net (fo=2, routed)           0.739     4.414    sA_tempSig_r_1_reg[11]_i_11_n_5
    SLICE_X35Y71         LUT3 (Prop_lut3_I2_O)        0.330     4.744 r  sA_tempSig_r_1[7]_i_2/O
                         net (fo=2, routed)           0.586     5.330    sA_tempSig_r_1[7]_i_2_n_0
    SLICE_X35Y71         LUT4 (Prop_lut4_I3_O)        0.327     5.657 r  sA_tempSig_r_1[7]_i_6/O
                         net (fo=1, routed)           0.000     5.657    sA_tempSig_r_1[7]_i_6_n_0
    SLICE_X35Y71         CARRY4 (Prop_carry4_S[3]_CO[3])
                                                      0.401     6.058 r  sA_tempSig_r_1_reg[7]_i_1/CO[3]
                         net (fo=1, routed)           0.000     6.058    sA_tempSig_r_1_reg[7]_i_1_n_0
    SLICE_X35Y72         CARRY4 (Prop_carry4_CI_O[3])
                                                      0.313     6.371 r  sA_tempSig_r_1_reg[11]_i_1/O[3]
                         net (fo=1, routed)           0.000     6.371    sA_tempSig_r_1_reg[11]_i_1_n_4
    SLICE_X35Y72         FDRE                                         r  sA_tempSig_r_1_reg[11]/D
  -------------------------------------------------------------------    -------------------

                         (clock sys_clk rise edge)    5.000     5.000 r  <hidden>
                                                      0.000     5.000 r  clock
                         net (fo=202, unset)          0.924     5.924    clock
    SLICE_X35Y72         FDRE                                         r  sA_tempSig_r_1_reg[11]/C
                         clock pessimism              0.000     5.924    <hidden>
                         clock uncertainty           -0.035     5.889    <hidden>
    SLICE_X35Y72         FDRE (Setup_fdre_C_D)        0.062     5.951    sA_tempSig_r_1_reg[11]
  -------------------------------------------------------------------
                         required time                          5.951    <hidden>
                         arrival time                          -6.371    <hidden>
  -------------------------------------------------------------------
                         slack                                 -0.420    <hidden>

Slack (VIOLATED) :        -0.346ns  (required time - arrival time)
  Source:                 sA_tempSig_r_reg[2]/C
                            (rising edge-triggered cell FDRE clocked by sys_clk  {rise@0.000ns fall@2.500ns period=5.000ns})
  Destination:            sA_tempSig_r_1_reg[10]/D
                            (rising edge-triggered cell FDRE clocked by sys_clk  {rise@0.000ns fall@2.500ns period=5.000ns})
  Path Group:             sys_clk
  Path Type:              Setup (Max at Slow Process Corner)
  Requirement:            5.000ns  (sys_clk rise@5.000ns - sys_clk rise@0.000ns)
  Data Path Delay:        5.324ns  (logic 2.641ns (49.604%)  route 2.683ns (50.396%))
  Logic Levels:           7  (CARRY4=3 LUT3=1 LUT4=1 LUT6=2)
  Clock Path Skew:        -0.049ns (DCD - SCD + CPR)
    Destination Clock Delay (DCD):    0.924ns = ( 5.924 - 5.000 ) 
    Source Clock Delay      (SCD):    0.973ns
    Clock Pessimism Removal (CPR):    0.000ns
  Clock Uncertainty:      0.035ns  ((TSJ^2 + TIJ^2)^1/2 + DJ) / 2 + PE
    Total System Jitter     (TSJ):    0.071ns
    Total Input Jitter      (TIJ):    0.000ns
    Discrete Jitter          (DJ):    0.000ns
    Phase Error              (PE):    0.000ns

    Location             Delay type                Incr(ns)  Path(ns)    Netlist Resource(s)
  -------------------------------------------------------------------    -------------------
                         (clock sys_clk rise edge)    0.000     0.000 r  <hidden>
                                                      0.000     0.000 r  clock
                         net (fo=202, unset)          0.973     0.973    clock
    SLICE_X36Y71         FDRE                                         r  sA_tempSig_r_reg[2]/C
  -------------------------------------------------------------------    -------------------
    SLICE_X36Y71         FDRE (Prop_fdre_C_Q)         0.518     1.491 r  sA_tempSig_r_reg[2]/Q
                         net (fo=16, routed)          0.914     2.405    sA_tempSig_r_reg_n_0_[2]
    SLICE_X39Y70         LUT6 (Prop_lut6_I0_O)        0.124     2.529 r  sA_tempSig_r_1[11]_i_17/O
                         net (fo=2, routed)           0.444     2.973    sA_tempSig_r_1[11]_i_17_n_0
    SLICE_X36Y71         LUT6 (Prop_lut6_I0_O)        0.124     3.097 r  sA_tempSig_r_1[11]_i_21/O
                         net (fo=1, routed)           0.000     3.097    sA_tempSig_r_1[11]_i_21_n_0
    SLICE_X36Y71         CARRY4 (Prop_carry4_S[1]_O[2])
                                                      0.578     3.675 r  sA_tempSig_r_1_reg[11]_i_11/O[2]
                         net (fo=2, routed)           0.739     4.414    sA_tempSig_r_1_reg[11]_i_11_n_5
    SLICE_X35Y71         LUT3 (Prop_lut3_I2_O)        0.330     4.744 r  sA_tempSig_r_1[7]_i_2/O
                         net (fo=2, routed)           0.586     5.330    sA_tempSig_r_1[7]_i_2_n_0
    SLICE_X35Y71         LUT4 (Prop_lut4_I3_O)        0.327     5.657 r  sA_tempSig_r_1[7]_i_6/O
                         net (fo=1, routed)           0.000     5.657    sA_tempSig_r_1[7]_i_6_n_0
    SLICE_X35Y71         CARRY4 (Prop_carry4_S[3]_CO[3])
                                                      0.401     6.058 r  sA_tempSig_r_1_reg[7]_i_1/CO[3]
                         net (fo=1, routed)           0.000     6.058    sA_tempSig_r_1_reg[7]_i_1_n_0
    SLICE_X35Y72         CARRY4 (Prop_carry4_CI_O[2])
                                                      0.239     6.297 r  sA_tempSig_r_1_reg[11]_i_1/O[2]
                         net (fo=1, routed)           0.000     6.297    sA_tempSig_r_1_reg[11]_i_1_n_5
    SLICE_X35Y72         FDRE                                         r  sA_tempSig_r_1_reg[10]/D
  -------------------------------------------------------------------    -------------------

                         (clock sys_clk rise edge)    5.000     5.000 r  <hidden>
                                                      0.000     5.000 r  clock
                         net (fo=202, unset)          0.924     5.924    clock
    SLICE_X35Y72         FDRE                                         r  sA_tempSig_r_1_reg[10]/C
                         clock pessimism              0.000     5.924    <hidden>
                         clock uncertainty           -0.035     5.889    <hidden>
    SLICE_X35Y72         FDRE (Setup_fdre_C_D)        0.062     5.951    sA_tempSig_r_1_reg[10]
  -------------------------------------------------------------------
                         required time                          5.951    <hidden>
                         arrival time                          -6.297    <hidden>
  -------------------------------------------------------------------
                         slack                                 -0.346    <hidden>

Slack (VIOLATED) :        -0.330ns  (required time - arrival time)
  Source:                 sA_tempSig_r_reg[2]/C
                            (rising edge-triggered cell FDRE clocked by sys_clk  {rise@0.000ns fall@2.500ns period=5.000ns})
  Destination:            sA_tempSig_r_1_reg[8]/D
                            (rising edge-triggered cell FDRE clocked by sys_clk  {rise@0.000ns fall@2.500ns period=5.000ns})
  Path Group:             sys_clk
  Path Type:              Setup (Max at Slow Process Corner)
  Requirement:            5.000ns  (sys_clk rise@5.000ns - sys_clk rise@0.000ns)
  Data Path Delay:        5.308ns  (logic 2.625ns (49.453%)  route 2.683ns (50.547%))
  Logic Levels:           7  (CARRY4=3 LUT3=1 LUT4=1 LUT6=2)
  Clock Path Skew:        -0.049ns (DCD - SCD + CPR)
    Destination Clock Delay (DCD):    0.924ns = ( 5.924 - 5.000 ) 
    Source Clock Delay      (SCD):    0.973ns
    Clock Pessimism Removal (CPR):    0.000ns
  Clock Uncertainty:      0.035ns  ((TSJ^2 + TIJ^2)^1/2 + DJ) / 2 + PE
    Total System Jitter     (TSJ):    0.071ns
    Total Input Jitter      (TIJ):    0.000ns
    Discrete Jitter          (DJ):    0.000ns
    Phase Error              (PE):    0.000ns

    Location             Delay type                Incr(ns)  Path(ns)    Netlist Resource(s)
  -------------------------------------------------------------------    -------------------
                         (clock sys_clk rise edge)    0.000     0.000 r  <hidden>
                                                      0.000     0.000 r  clock
                         net (fo=202, unset)          0.973     0.973    clock
    SLICE_X36Y71         FDRE                                         r  sA_tempSig_r_reg[2]/C
  -------------------------------------------------------------------    -------------------
    SLICE_X36Y71         FDRE (Prop_fdre_C_Q)         0.518     1.491 r  sA_tempSig_r_reg[2]/Q
                         net (fo=16, routed)          0.914     2.405    sA_tempSig_r_reg_n_0_[2]
    SLICE_X39Y70         LUT6 (Prop_lut6_I0_O)        0.124     2.529 r  sA_tempSig_r_1[11]_i_17/O
                         net (fo=2, routed)           0.444     2.973    sA_tempSig_r_1[11]_i_17_n_0
    SLICE_X36Y71         LUT6 (Prop_lut6_I0_O)        0.124     3.097 r  sA_tempSig_r_1[11]_i_21/O
                         net (fo=1, routed)           0.000     3.097    sA_tempSig_r_1[11]_i_21_n_0
    SLICE_X36Y71         CARRY4 (Prop_carry4_S[1]_O[2])
                                                      0.578     3.675 r  sA_tempSig_r_1_reg[11]_i_11/O[2]
                         net (fo=2, routed)           0.739     4.414    sA_tempSig_r_1_reg[11]_i_11_n_5
    SLICE_X35Y71         LUT3 (Prop_lut3_I2_O)        0.330     4.744 r  sA_tempSig_r_1[7]_i_2/O
                         net (fo=2, routed)           0.586     5.330    sA_tempSig_r_1[7]_i_2_n_0
    SLICE_X35Y71         LUT4 (Prop_lut4_I3_O)        0.327     5.657 r  sA_tempSig_r_1[7]_i_6/O
                         net (fo=1, routed)           0.000     5.657    sA_tempSig_r_1[7]_i_6_n_0
    SLICE_X35Y71         CARRY4 (Prop_carry4_S[3]_CO[3])
                                                      0.401     6.058 r  sA_tempSig_r_1_reg[7]_i_1/CO[3]
                         net (fo=1, routed)           0.000     6.058    sA_tempSig_r_1_reg[7]_i_1_n_0
    SLICE_X35Y72         CARRY4 (Prop_carry4_CI_O[0])
                                                      0.223     6.281 r  sA_tempSig_r_1_reg[11]_i_1/O[0]
                         net (fo=1, routed)           0.000     6.281    sA_tempSig_r_1_reg[11]_i_1_n_7
    SLICE_X35Y72         FDRE                                         r  sA_tempSig_r_1_reg[8]/D
  -------------------------------------------------------------------    -------------------

                         (clock sys_clk rise edge)    5.000     5.000 r  <hidden>
                                                      0.000     5.000 r  clock
                         net (fo=202, unset)          0.924     5.924    clock
    SLICE_X35Y72         FDRE                                         r  sA_tempSig_r_1_reg[8]/C
                         clock pessimism              0.000     5.924    <hidden>
                         clock uncertainty           -0.035     5.889    <hidden>
    SLICE_X35Y72         FDRE (Setup_fdre_C_D)        0.062     5.951    sA_tempSig_r_1_reg[8]
  -------------------------------------------------------------------
                         required time                          5.951    <hidden>
                         arrival time                          -6.281    <hidden>
  -------------------------------------------------------------------
                         slack                                 -0.330    <hidden>

Slack (MET) :             0.046ns  (required time - arrival time)
  Source:                 sA_tempSig_r_reg[2]/C
                            (rising edge-triggered cell FDRE clocked by sys_clk  {rise@0.000ns fall@2.500ns period=5.000ns})
  Destination:            sA_tempSig_r_1_reg[7]/D
                            (rising edge-triggered cell FDRE clocked by sys_clk  {rise@0.000ns fall@2.500ns period=5.000ns})
  Path Group:             sys_clk
  Path Type:              Setup (Max at Slow Process Corner)
  Requirement:            5.000ns  (sys_clk rise@5.000ns - sys_clk rise@0.000ns)
  Data Path Delay:        4.932ns  (logic 2.249ns (45.599%)  route 2.683ns (54.401%))
  Logic Levels:           6  (CARRY4=2 LUT3=1 LUT4=1 LUT6=2)
  Clock Path Skew:        -0.049ns (DCD - SCD + CPR)
    Destination Clock Delay (DCD):    0.924ns = ( 5.924 - 5.000 ) 
    Source Clock Delay      (SCD):    0.973ns
    Clock Pessimism Removal (CPR):    0.000ns
  Clock Uncertainty:      0.035ns  ((TSJ^2 + TIJ^2)^1/2 + DJ) / 2 + PE
    Total System Jitter     (TSJ):    0.071ns
    Total Input Jitter      (TIJ):    0.000ns
    Discrete Jitter          (DJ):    0.000ns
    Phase Error              (PE):    0.000ns

    Location             Delay type                Incr(ns)  Path(ns)    Netlist Resource(s)
  -------------------------------------------------------------------    -------------------
                         (clock sys_clk rise edge)    0.000     0.000 r  <hidden>
                                                      0.000     0.000 r  clock
                         net (fo=202, unset)          0.973     0.973    clock
    SLICE_X36Y71         FDRE                                         r  sA_tempSig_r_reg[2]/C
  -------------------------------------------------------------------    -------------------
    SLICE_X36Y71         FDRE (Prop_fdre_C_Q)         0.518     1.491 r  sA_tempSig_r_reg[2]/Q
                         net (fo=16, routed)          0.914     2.405    sA_tempSig_r_reg_n_0_[2]
    SLICE_X39Y70         LUT6 (Prop_lut6_I0_O)        0.124     2.529 r  sA_tempSig_r_1[11]_i_17/O
                         net (fo=2, routed)           0.444     2.973    sA_tempSig_r_1[11]_i_17_n_0
    SLICE_X36Y71         LUT6 (Prop_lut6_I0_O)        0.124     3.097 r  sA_tempSig_r_1[11]_i_21/O
                         net (fo=1, routed)           0.000     3.097    sA_tempSig_r_1[11]_i_21_n_0
    SLICE_X36Y71         CARRY4 (Prop_carry4_S[1]_O[2])
                                                      0.578     3.675 r  sA_tempSig_r_1_reg[11]_i_11/O[2]
                         net (fo=2, routed)           0.739     4.414    sA_tempSig_r_1_reg[11]_i_11_n_5
    SLICE_X35Y71         LUT3 (Prop_lut3_I2_O)        0.330     4.744 r  sA_tempSig_r_1[7]_i_2/O
                         net (fo=2, routed)           0.586     5.330    sA_tempSig_r_1[7]_i_2_n_0
    SLICE_X35Y71         LUT4 (Prop_lut4_I3_O)        0.327     5.657 r  sA_tempSig_r_1[7]_i_6/O
                         net (fo=1, routed)           0.000     5.657    sA_tempSig_r_1[7]_i_6_n_0
    SLICE_X35Y71         CARRY4 (Prop_carry4_S[3]_O[3])
                                                      0.248     5.905 r  sA_tempSig_r_1_reg[7]_i_1/O[3]
                         net (fo=1, routed)           0.000     5.905    sA_tempSig_r_1_reg[7]_i_1_n_4
    SLICE_X35Y71         FDRE                                         r  sA_tempSig_r_1_reg[7]/D
  -------------------------------------------------------------------    -------------------

                         (clock sys_clk rise edge)    5.000     5.000 r  <hidden>
                                                      0.000     5.000 r  clock
                         net (fo=202, unset)          0.924     5.924    clock
    SLICE_X35Y71         FDRE                                         r  sA_tempSig_r_1_reg[7]/C
                         clock pessimism              0.000     5.924    <hidden>
                         clock uncertainty           -0.035     5.889    <hidden>
    SLICE_X35Y71         FDRE (Setup_fdre_C_D)        0.062     5.951    sA_tempSig_r_1_reg[7]
  -------------------------------------------------------------------
                         required time                          5.951    <hidden>
                         arrival time                          -5.905    <hidden>
  -------------------------------------------------------------------
                         slack                                  0.046    <hidden>

Slack (MET) :             0.201ns  (required time - arrival time)
  Source:                 sB_sig_reg[20]/C
                            (rising edge-triggered cell FDRE clocked by sys_clk  {rise@0.000ns fall@2.500ns period=5.000ns})
  Destination:            outReg_reg[0]/R
                            (rising edge-triggered cell FDRE clocked by sys_clk  {rise@0.000ns fall@2.500ns period=5.000ns})
  Path Group:             sys_clk
  Path Type:              Setup (Max at Slow Process Corner)
  Requirement:            5.000ns  (sys_clk rise@5.000ns - sys_clk rise@0.000ns)
  Data Path Delay:        4.286ns  (logic 0.952ns (22.211%)  route 3.334ns (77.789%))
  Logic Levels:           4  (LUT2=1 LUT4=1 LUT6=2)
  Clock Path Skew:        -0.049ns (DCD - SCD + CPR)
    Destination Clock Delay (DCD):    0.924ns = ( 5.924 - 5.000 ) 
    Source Clock Delay      (SCD):    0.973ns
    Clock Pessimism Removal (CPR):    0.000ns
  Clock Uncertainty:      0.035ns  ((TSJ^2 + TIJ^2)^1/2 + DJ) / 2 + PE
    Total System Jitter     (TSJ):    0.071ns
    Total Input Jitter      (TIJ):    0.000ns
    Discrete Jitter          (DJ):    0.000ns
    Phase Error              (PE):    0.000ns

    Location             Delay type                Incr(ns)  Path(ns)    Netlist Resource(s)
  -------------------------------------------------------------------    -------------------
                         (clock sys_clk rise edge)    0.000     0.000 r  <hidden>
                                                      0.000     0.000 r  clock
                         net (fo=202, unset)          0.973     0.973    clock
    SLICE_X33Y67         FDRE                                         r  sB_sig_reg[20]/C
  -------------------------------------------------------------------    -------------------
    SLICE_X33Y67         FDRE (Prop_fdre_C_Q)         0.456     1.429 r  sB_sig_reg[20]/Q
                         net (fo=2, routed)           0.818     2.247    sB_sig_reg_n_0_[20]
    SLICE_X33Y68         LUT4 (Prop_lut4_I1_O)        0.124     2.371 f  outReg[30]_i_10/O
                         net (fo=1, routed)           1.060     3.431    outReg[30]_i_10_n_0
    SLICE_X30Y67         LUT6 (Prop_lut6_I1_O)        0.124     3.555 f  outReg[30]_i_7/O
                         net (fo=9, routed)           0.364     3.919    outReg[30]_i_7_n_0
    SLICE_X30Y68         LUT2 (Prop_lut2_I1_O)        0.124     4.043 r  outReg[30]_i_3/O
                         net (fo=3, routed)           0.315     4.359    outReg[30]_i_3_n_0
    SLICE_X28Y68         LUT6 (Prop_lut6_I2_O)        0.124     4.483 r  outReg[21]_i_1/O
                         net (fo=22, routed)          0.776     5.259    outReg[21]_i_1_n_0
    SLICE_X31Y65         FDRE                                         r  outReg_reg[0]/R
  -------------------------------------------------------------------    -------------------

                         (clock sys_clk rise edge)    5.000     5.000 r  <hidden>
                                                      0.000     5.000 r  clock
                         net (fo=202, unset)          0.924     5.924    clock
    SLICE_X31Y65         FDRE                                         r  outReg_reg[0]/C
                         clock pessimism              0.000     5.924    <hidden>
                         clock uncertainty           -0.035     5.889    <hidden>
    SLICE_X31Y65         FDRE (Setup_fdre_C_R)       -0.429     5.460    outReg_reg[0]
  -------------------------------------------------------------------
                         required time                          5.460    <hidden>
                         arrival time                          -5.259    <hidden>
  -------------------------------------------------------------------
                         slack                                  0.201    <hidden>

Slack (MET) :             0.201ns  (required time - arrival time)
  Source:                 sB_sig_reg[20]/C
                            (rising edge-triggered cell FDRE clocked by sys_clk  {rise@0.000ns fall@2.500ns period=5.000ns})
  Destination:            outReg_reg[1]/R
                            (rising edge-triggered cell FDRE clocked by sys_clk  {rise@0.000ns fall@2.500ns period=5.000ns})
  Path Group:             sys_clk
  Path Type:              Setup (Max at Slow Process Corner)
  Requirement:            5.000ns  (sys_clk rise@5.000ns - sys_clk rise@0.000ns)
  Data Path Delay:        4.286ns  (logic 0.952ns (22.211%)  route 3.334ns (77.789%))
  Logic Levels:           4  (LUT2=1 LUT4=1 LUT6=2)
  Clock Path Skew:        -0.049ns (DCD - SCD + CPR)
    Destination Clock Delay (DCD):    0.924ns = ( 5.924 - 5.000 ) 
    Source Clock Delay      (SCD):    0.973ns
    Clock Pessimism Removal (CPR):    0.000ns
  Clock Uncertainty:      0.035ns  ((TSJ^2 + TIJ^2)^1/2 + DJ) / 2 + PE
    Total System Jitter     (TSJ):    0.071ns
    Total Input Jitter      (TIJ):    0.000ns
    Discrete Jitter          (DJ):    0.000ns
    Phase Error              (PE):    0.000ns

    Location             Delay type                Incr(ns)  Path(ns)    Netlist Resource(s)
  -------------------------------------------------------------------    -------------------
                         (clock sys_clk rise edge)    0.000     0.000 r  <hidden>
                                                      0.000     0.000 r  clock
                         net (fo=202, unset)          0.973     0.973    clock
    SLICE_X33Y67         FDRE                                         r  sB_sig_reg[20]/C
  -------------------------------------------------------------------    -------------------
    SLICE_X33Y67         FDRE (Prop_fdre_C_Q)         0.456     1.429 r  sB_sig_reg[20]/Q
                         net (fo=2, routed)           0.818     2.247    sB_sig_reg_n_0_[20]
    SLICE_X33Y68         LUT4 (Prop_lut4_I1_O)        0.124     2.371 f  outReg[30]_i_10/O
                         net (fo=1, routed)           1.060     3.431    outReg[30]_i_10_n_0
    SLICE_X30Y67         LUT6 (Prop_lut6_I1_O)        0.124     3.555 f  outReg[30]_i_7/O
                         net (fo=9, routed)           0.364     3.919    outReg[30]_i_7_n_0
    SLICE_X30Y68         LUT2 (Prop_lut2_I1_O)        0.124     4.043 r  outReg[30]_i_3/O
                         net (fo=3, routed)           0.315     4.359    outReg[30]_i_3_n_0
    SLICE_X28Y68         LUT6 (Prop_lut6_I2_O)        0.124     4.483 r  outReg[21]_i_1/O
                         net (fo=22, routed)          0.776     5.259    outReg[21]_i_1_n_0
    SLICE_X31Y65         FDRE                                         r  outReg_reg[1]/R
  -------------------------------------------------------------------    -------------------

                         (clock sys_clk rise edge)    5.000     5.000 r  <hidden>
                                                      0.000     5.000 r  clock
                         net (fo=202, unset)          0.924     5.924    clock
    SLICE_X31Y65         FDRE                                         r  outReg_reg[1]/C
                         clock pessimism              0.000     5.924    <hidden>
                         clock uncertainty           -0.035     5.889    <hidden>
    SLICE_X31Y65         FDRE (Setup_fdre_C_R)       -0.429     5.460    outReg_reg[1]
  -------------------------------------------------------------------
                         required time                          5.460    <hidden>
                         arrival time                          -5.259    <hidden>
  -------------------------------------------------------------------
                         slack                                  0.201    <hidden>

Slack (MET) :             0.201ns  (required time - arrival time)
  Source:                 sB_sig_reg[20]/C
                            (rising edge-triggered cell FDRE clocked by sys_clk  {rise@0.000ns fall@2.500ns period=5.000ns})
  Destination:            outReg_reg[2]/R
                            (rising edge-triggered cell FDRE clocked by sys_clk  {rise@0.000ns fall@2.500ns period=5.000ns})
  Path Group:             sys_clk
  Path Type:              Setup (Max at Slow Process Corner)
  Requirement:            5.000ns  (sys_clk rise@5.000ns - sys_clk rise@0.000ns)
  Data Path Delay:        4.286ns  (logic 0.952ns (22.211%)  route 3.334ns (77.789%))
  Logic Levels:           4  (LUT2=1 LUT4=1 LUT6=2)
  Clock Path Skew:        -0.049ns (DCD - SCD + CPR)
    Destination Clock Delay (DCD):    0.924ns = ( 5.924 - 5.000 ) 
    Source Clock Delay      (SCD):    0.973ns
    Clock Pessimism Removal (CPR):    0.000ns
  Clock Uncertainty:      0.035ns  ((TSJ^2 + TIJ^2)^1/2 + DJ) / 2 + PE
    Total System Jitter     (TSJ):    0.071ns
    Total Input Jitter      (TIJ):    0.000ns
    Discrete Jitter          (DJ):    0.000ns
    Phase Error              (PE):    0.000ns

    Location             Delay type                Incr(ns)  Path(ns)    Netlist Resource(s)
  -------------------------------------------------------------------    -------------------
                         (clock sys_clk rise edge)    0.000     0.000 r  <hidden>
                                                      0.000     0.000 r  clock
                         net (fo=202, unset)          0.973     0.973    clock
    SLICE_X33Y67         FDRE                                         r  sB_sig_reg[20]/C
  -------------------------------------------------------------------    -------------------
    SLICE_X33Y67         FDRE (Prop_fdre_C_Q)         0.456     1.429 r  sB_sig_reg[20]/Q
                         net (fo=2, routed)           0.818     2.247    sB_sig_reg_n_0_[20]
    SLICE_X33Y68         LUT4 (Prop_lut4_I1_O)        0.124     2.371 f  outReg[30]_i_10/O
                         net (fo=1, routed)           1.060     3.431    outReg[30]_i_10_n_0
    SLICE_X30Y67         LUT6 (Prop_lut6_I1_O)        0.124     3.555 f  outReg[30]_i_7/O
                         net (fo=9, routed)           0.364     3.919    outReg[30]_i_7_n_0
    SLICE_X30Y68         LUT2 (Prop_lut2_I1_O)        0.124     4.043 r  outReg[30]_i_3/O
                         net (fo=3, routed)           0.315     4.359    outReg[30]_i_3_n_0
    SLICE_X28Y68         LUT6 (Prop_lut6_I2_O)        0.124     4.483 r  outReg[21]_i_1/O
                         net (fo=22, routed)          0.776     5.259    outReg[21]_i_1_n_0
    SLICE_X31Y65         FDRE                                         r  outReg_reg[2]/R
  -------------------------------------------------------------------    -------------------

                         (clock sys_clk rise edge)    5.000     5.000 r  <hidden>
                                                      0.000     5.000 r  clock
                         net (fo=202, unset)          0.924     5.924    clock
    SLICE_X31Y65         FDRE                                         r  outReg_reg[2]/C
                         clock pessimism              0.000     5.924    <hidden>
                         clock uncertainty           -0.035     5.889    <hidden>
    SLICE_X31Y65         FDRE (Setup_fdre_C_R)       -0.429     5.460    outReg_reg[2]
  -------------------------------------------------------------------
                         required time                          5.460    <hidden>
                         arrival time                          -5.259    <hidden>
  -------------------------------------------------------------------
                         slack                                  0.201    <hidden>





Min Delay Paths
--------------------------------------------------------------------------------------
Slack (MET) :             0.098ns  (arrival time - required time)
  Source:                 sA_tempSig_r_1_reg[13]__0/C
                            (rising edge-triggered cell FDRE clocked by sys_clk  {rise@0.000ns fall@2.500ns period=5.000ns})
  Destination:            sA_tempSig_reg[13]__0/D
                            (rising edge-triggered cell FDRE clocked by sys_clk  {rise@0.000ns fall@2.500ns period=5.000ns})
  Path Group:             sys_clk
  Path Type:              Hold (Min at Fast Process Corner)
  Requirement:            0.000ns  (sys_clk rise@0.000ns - sys_clk rise@0.000ns)
  Data Path Delay:        0.195ns  (logic 0.141ns (72.269%)  route 0.054ns (27.731%))
  Logic Levels:           0  
  Clock Path Skew:        0.022ns (DCD - SCD - CPR)
    Destination Clock Delay (DCD):    0.432ns
    Source Clock Delay      (SCD):    0.410ns
    Clock Pessimism Removal (CPR):    -0.000ns

    Location             Delay type                Incr(ns)  Path(ns)    Netlist Resource(s)
  -------------------------------------------------------------------    -------------------
                         (clock sys_clk rise edge)    0.000     0.000 r  <hidden>
                                                      0.000     0.000 r  clock
                         net (fo=202, unset)          0.410     0.410    clock
    SLICE_X35Y63         FDRE                                         r  sA_tempSig_r_1_reg[13]__0/C
  -------------------------------------------------------------------    -------------------
    SLICE_X35Y63         FDRE (Prop_fdre_C_Q)         0.141     0.551 r  sA_tempSig_r_1_reg[13]__0/Q
                         net (fo=1, routed)           0.054     0.605    sA_tempSig_r_1_reg__0[13]
    SLICE_X34Y63         FDRE                                         r  sA_tempSig_reg[13]__0/D
  -------------------------------------------------------------------    -------------------

                         (clock sys_clk rise edge)    0.000     0.000 r  <hidden>
                                                      0.000     0.000 r  clock
                         net (fo=202, unset)          0.432     0.432    clock
    SLICE_X34Y63         FDRE                                         r  sA_tempSig_reg[13]__0/C
                         clock pessimism              0.000     0.432    <hidden>
    SLICE_X34Y63         FDRE (Hold_fdre_C_D)         0.076     0.508    sA_tempSig_reg[13]__0
  -------------------------------------------------------------------
                         required time                         -0.508    <hidden>
                         arrival time                           0.605    <hidden>
  -------------------------------------------------------------------
                         slack                                  0.098    <hidden>

Slack (MET) :             0.156ns  (arrival time - required time)
  Source:                 sA_tempSig_r_1_reg[16]/C
                            (rising edge-triggered cell FDRE clocked by sys_clk  {rise@0.000ns fall@2.500ns period=5.000ns})
  Destination:            sA_tempSig_reg[16]/D
                            (rising edge-triggered cell FDRE clocked by sys_clk  {rise@0.000ns fall@2.500ns period=5.000ns})
  Path Group:             sys_clk
  Path Type:              Hold (Min at Fast Process Corner)
  Requirement:            0.000ns  (sys_clk rise@0.000ns - sys_clk rise@0.000ns)
  Data Path Delay:        0.187ns  (logic 0.128ns (68.397%)  route 0.059ns (31.603%))
  Logic Levels:           0  
  Clock Path Skew:        0.022ns (DCD - SCD - CPR)
    Destination Clock Delay (DCD):    0.432ns
    Source Clock Delay      (SCD):    0.410ns
    Clock Pessimism Removal (CPR):    -0.000ns

    Location             Delay type                Incr(ns)  Path(ns)    Netlist Resource(s)
  -------------------------------------------------------------------    -------------------
                         (clock sys_clk rise edge)    0.000     0.000 r  <hidden>
                                                      0.000     0.000 r  clock
                         net (fo=202, unset)          0.410     0.410    clock
    SLICE_X35Y63         FDRE                                         r  sA_tempSig_r_1_reg[16]/C
  -------------------------------------------------------------------    -------------------
    SLICE_X35Y63         FDRE (Prop_fdre_C_Q)         0.128     0.538 r  sA_tempSig_r_1_reg[16]/Q
                         net (fo=1, routed)           0.059     0.597    sA_tempSig_r_1_reg__0[16]
    SLICE_X34Y63         FDRE                                         r  sA_tempSig_reg[16]/D
  -------------------------------------------------------------------    -------------------

                         (clock sys_clk rise edge)    0.000     0.000 r  <hidden>
                                                      0.000     0.000 r  clock
                         net (fo=202, unset)          0.432     0.432    clock
    SLICE_X34Y63         FDRE                                         r  sA_tempSig_reg[16]/C
                         clock pessimism              0.000     0.432    <hidden>
    SLICE_X34Y63         FDRE (Hold_fdre_C_D)         0.010     0.442    sA_tempSig_reg[16]
  -------------------------------------------------------------------
                         required time                         -0.442    <hidden>
                         arrival time                           0.597    <hidden>
  -------------------------------------------------------------------
                         slack                                  0.156    <hidden>

Slack (MET) :             0.162ns  (arrival time - required time)
  Source:                 sB_isNaN_reg/C
                            (rising edge-triggered cell FDRE clocked by sys_clk  {rise@0.000ns fall@2.500ns period=5.000ns})
  Destination:            outReg_reg[22]/D
                            (rising edge-triggered cell FDRE clocked by sys_clk  {rise@0.000ns fall@2.500ns period=5.000ns})
  Path Group:             sys_clk
  Path Type:              Hold (Min at Fast Process Corner)
  Requirement:            0.000ns  (sys_clk rise@0.000ns - sys_clk rise@0.000ns)
  Data Path Delay:        0.304ns  (logic 0.186ns (61.208%)  route 0.118ns (38.792%))
  Logic Levels:           1  (LUT6=1)
  Clock Path Skew:        0.022ns (DCD - SCD - CPR)
    Destination Clock Delay (DCD):    0.432ns
    Source Clock Delay      (SCD):    0.410ns
    Clock Pessimism Removal (CPR):    -0.000ns

    Location             Delay type                Incr(ns)  Path(ns)    Netlist Resource(s)
  -------------------------------------------------------------------    -------------------
                         (clock sys_clk rise edge)    0.000     0.000 r  <hidden>
                                                      0.000     0.000 r  clock
                         net (fo=202, unset)          0.410     0.410    clock
    SLICE_X28Y70         FDRE                                         r  sB_isNaN_reg/C
  -------------------------------------------------------------------    -------------------
    SLICE_X28Y70         FDRE (Prop_fdre_C_Q)         0.141     0.551 r  sB_isNaN_reg/Q
                         net (fo=11, routed)          0.118     0.669    sB_isNaN
    SLICE_X30Y70         LUT6 (Prop_lut6_I5_O)        0.045     0.714 r  outReg[22]_i_1/O
                         net (fo=1, routed)           0.000     0.714    outReg[22]_i_1_n_0
    SLICE_X30Y70         FDRE                                         r  outReg_reg[22]/D
  -------------------------------------------------------------------    -------------------

                         (clock sys_clk rise edge)    0.000     0.000 r  <hidden>
                                                      0.000     0.000 r  clock
                         net (fo=202, unset)          0.432     0.432    clock
    SLICE_X30Y70         FDRE                                         r  outReg_reg[22]/C
                         clock pessimism              0.000     0.432    <hidden>
    SLICE_X30Y70         FDRE (Hold_fdre_C_D)         0.120     0.552    outReg_reg[22]
  -------------------------------------------------------------------
                         required time                         -0.552    <hidden>
                         arrival time                           0.714    <hidden>
  -------------------------------------------------------------------
                         slack                                  0.162    <hidden>

Slack (MET) :             0.169ns  (arrival time - required time)
  Source:                 sA_tempSig_reg[13]__1/C
                            (rising edge-triggered cell FDRE clocked by sys_clk  {rise@0.000ns fall@2.500ns period=5.000ns})
  Destination:            sB_sig_reg[7]/D
                            (rising edge-triggered cell FDRE clocked by sys_clk  {rise@0.000ns fall@2.500ns period=5.000ns})
  Path Group:             sys_clk
  Path Type:              Hold (Min at Fast Process Corner)
  Requirement:            0.000ns  (sys_clk rise@0.000ns - sys_clk rise@0.000ns)
  Data Path Delay:        0.297ns  (logic 0.215ns (72.365%)  route 0.082ns (27.635%))
  Logic Levels:           1  (LUT3=1)
  Clock Path Skew:        0.022ns (DCD - SCD - CPR)
    Destination Clock Delay (DCD):    0.432ns
    Source Clock Delay      (SCD):    0.410ns
    Clock Pessimism Removal (CPR):    -0.000ns

    Location             Delay type                Incr(ns)  Path(ns)    Netlist Resource(s)
  -------------------------------------------------------------------    -------------------
                         (clock sys_clk rise edge)    0.000     0.000 r  <hidden>
                                                      0.000     0.000 r  clock
                         net (fo=202, unset)          0.410     0.410    clock
    SLICE_X32Y67         FDRE                                         r  sA_tempSig_reg[13]__1/C
  -------------------------------------------------------------------    -------------------
    SLICE_X32Y67         FDRE (Prop_fdre_C_Q)         0.164     0.574 r  sA_tempSig_reg[13]__1/Q
                         net (fo=2, routed)           0.082     0.656    sA_tempSig_reg[30]
    SLICE_X33Y67         LUT3 (Prop_lut3_I2_O)        0.051     0.707 r  sB_sig[7]_i_1/O
                         net (fo=1, routed)           0.000     0.707    sB_sig[7]_i_1_n_0
    SLICE_X33Y67         FDRE                                         r  sB_sig_reg[7]/D
  -------------------------------------------------------------------    -------------------

                         (clock sys_clk rise edge)    0.000     0.000 r  <hidden>
                                                      0.000     0.000 r  clock
                         net (fo=202, unset)          0.432     0.432    clock
    SLICE_X33Y67         FDRE                                         r  sB_sig_reg[7]/C
                         clock pessimism              0.000     0.432    <hidden>
    SLICE_X33Y67         FDRE (Hold_fdre_C_D)         0.107     0.539    sB_sig_reg[7]
  -------------------------------------------------------------------
                         required time                         -0.539    <hidden>
                         arrival time                           0.707    <hidden>
  -------------------------------------------------------------------
                         slack                                  0.169    <hidden>

Slack (MET) :             0.173ns  (arrival time - required time)
  Source:                 sA_tempExp_r_reg[3]/C
                            (rising edge-triggered cell FDRE clocked by sys_clk  {rise@0.000ns fall@2.500ns period=5.000ns})
  Destination:            sA_tempExp_r_1_reg[3]/D
                            (rising edge-triggered cell FDRE clocked by sys_clk  {rise@0.000ns fall@2.500ns period=5.000ns})
  Path Group:             sys_clk
  Path Type:              Hold (Min at Fast Process Corner)
  Requirement:            0.000ns  (sys_clk rise@0.000ns - sys_clk rise@0.000ns)
  Data Path Delay:        0.257ns  (logic 0.141ns (54.828%)  route 0.116ns (45.172%))
  Logic Levels:           0  
  Clock Path Skew:        0.022ns (DCD - SCD - CPR)
    Destination Clock Delay (DCD):    0.432ns
    Source Clock Delay      (SCD):    0.410ns
    Clock Pessimism Removal (CPR):    -0.000ns

    Location             Delay type                Incr(ns)  Path(ns)    Netlist Resource(s)
  -------------------------------------------------------------------    -------------------
                         (clock sys_clk rise edge)    0.000     0.000 r  <hidden>
                                                      0.000     0.000 r  clock
                         net (fo=202, unset)          0.410     0.410    clock
    SLICE_X27Y68         FDRE                                         r  sA_tempExp_r_reg[3]/C
  -------------------------------------------------------------------    -------------------
    SLICE_X27Y68         FDRE (Prop_fdre_C_Q)         0.141     0.551 r  sA_tempExp_r_reg[3]/Q
                         net (fo=1, routed)           0.116     0.667    sA_tempExp_r[3]
    SLICE_X26Y68         FDRE                                         r  sA_tempExp_r_1_reg[3]/D
  -------------------------------------------------------------------    -------------------

                         (clock sys_clk rise edge)    0.000     0.000 r  <hidden>
                                                      0.000     0.000 r  clock
                         net (fo=202, unset)          0.432     0.432    clock
    SLICE_X26Y68         FDRE                                         r  sA_tempExp_r_1_reg[3]/C
                         clock pessimism              0.000     0.432    <hidden>
    SLICE_X26Y68         FDRE (Hold_fdre_C_D)         0.063     0.495    sA_tempExp_r_1_reg[3]
  -------------------------------------------------------------------
                         required time                         -0.495    <hidden>
                         arrival time                           0.667    <hidden>
  -------------------------------------------------------------------
                         slack                                  0.173    <hidden>

Slack (MET) :             0.173ns  (arrival time - required time)
  Source:                 sA_tempExp_r_reg[4]/C
                            (rising edge-triggered cell FDRE clocked by sys_clk  {rise@0.000ns fall@2.500ns period=5.000ns})
  Destination:            sA_tempExp_r_1_reg[4]/D
                            (rising edge-triggered cell FDRE clocked by sys_clk  {rise@0.000ns fall@2.500ns period=5.000ns})
  Path Group:             sys_clk
  Path Type:              Hold (Min at Fast Process Corner)
  Requirement:            0.000ns  (sys_clk rise@0.000ns - sys_clk rise@0.000ns)
  Data Path Delay:        0.257ns  (logic 0.141ns (54.828%)  route 0.116ns (45.172%))
  Logic Levels:           0  
  Clock Path Skew:        0.022ns (DCD - SCD - CPR)
    Destination Clock Delay (DCD):    0.432ns
    Source Clock Delay      (SCD):    0.410ns
    Clock Pessimism Removal (CPR):    -0.000ns

    Location             Delay type                Incr(ns)  Path(ns)    Netlist Resource(s)
  -------------------------------------------------------------------    -------------------
                         (clock sys_clk rise edge)    0.000     0.000 r  <hidden>
                                                      0.000     0.000 r  clock
                         net (fo=202, unset)          0.410     0.410    clock
    SLICE_X27Y69         FDRE                                         r  sA_tempExp_r_reg[4]/C
  -------------------------------------------------------------------    -------------------
    SLICE_X27Y69         FDRE (Prop_fdre_C_Q)         0.141     0.551 r  sA_tempExp_r_reg[4]/Q
                         net (fo=1, routed)           0.116     0.667    sA_tempExp_r[4]
    SLICE_X26Y68         FDRE                                         r  sA_tempExp_r_1_reg[4]/D
  -------------------------------------------------------------------    -------------------

                         (clock sys_clk rise edge)    0.000     0.000 r  <hidden>
                                                      0.000     0.000 r  clock
                         net (fo=202, unset)          0.432     0.432    clock
    SLICE_X26Y68         FDRE                                         r  sA_tempExp_r_1_reg[4]/C
                         clock pessimism              0.000     0.432    <hidden>
    SLICE_X26Y68         FDRE (Hold_fdre_C_D)         0.063     0.495    sA_tempExp_r_1_reg[4]
  -------------------------------------------------------------------
                         required time                         -0.495    <hidden>
                         arrival time                           0.667    <hidden>
  -------------------------------------------------------------------
                         slack                                  0.173    <hidden>

Slack (MET) :             0.177ns  (arrival time - required time)
  Source:                 sA_tempExp_r_reg[8]/C
                            (rising edge-triggered cell FDRE clocked by sys_clk  {rise@0.000ns fall@2.500ns period=5.000ns})
  Destination:            sA_tempExp_r_1_reg[8]/D
                            (rising edge-triggered cell FDRE clocked by sys_clk  {rise@0.000ns fall@2.500ns period=5.000ns})
  Path Group:             sys_clk
  Path Type:              Hold (Min at Fast Process Corner)
  Requirement:            0.000ns  (sys_clk rise@0.000ns - sys_clk rise@0.000ns)
  Data Path Delay:        0.257ns  (logic 0.141ns (54.828%)  route 0.116ns (45.172%))
  Logic Levels:           0  
  Clock Path Skew:        0.022ns (DCD - SCD - CPR)
    Destination Clock Delay (DCD):    0.432ns
    Source Clock Delay      (SCD):    0.410ns
    Clock Pessimism Removal (CPR):    -0.000ns

    Location             Delay type                Incr(ns)  Path(ns)    Netlist Resource(s)
  -------------------------------------------------------------------    -------------------
                         (clock sys_clk rise edge)    0.000     0.000 r  <hidden>
                                                      0.000     0.000 r  clock
                         net (fo=202, unset)          0.410     0.410    clock
    SLICE_X27Y70         FDRE                                         r  sA_tempExp_r_reg[8]/C
  -------------------------------------------------------------------    -------------------
    SLICE_X27Y70         FDRE (Prop_fdre_C_Q)         0.141     0.551 r  sA_tempExp_r_reg[8]/Q
                         net (fo=1, routed)           0.116     0.667    sA_tempExp_r[8]
    SLICE_X26Y70         FDRE                                         r  sA_tempExp_r_1_reg[8]/D
  -------------------------------------------------------------------    -------------------

                         (clock sys_clk rise edge)    0.000     0.000 r  <hidden>
                                                      0.000     0.000 r  clock
                         net (fo=202, unset)          0.432     0.432    clock
    SLICE_X26Y70         FDRE                                         r  sA_tempExp_r_1_reg[8]/C
                         clock pessimism              0.000     0.432    <hidden>
    SLICE_X26Y70         FDRE (Hold_fdre_C_D)         0.059     0.491    sA_tempExp_r_1_reg[8]
  -------------------------------------------------------------------
                         required time                         -0.491    <hidden>
                         arrival time                           0.667    <hidden>
  -------------------------------------------------------------------
                         slack                                  0.177    <hidden>

Slack (MET) :             0.177ns  (arrival time - required time)
  Source:                 sA_tempExp_r_1_reg[0]/C
                            (rising edge-triggered cell FDRE clocked by sys_clk  {rise@0.000ns fall@2.500ns period=5.000ns})
  Destination:            sA_tempExp_reg[0]/D
                            (rising edge-triggered cell FDRE clocked by sys_clk  {rise@0.000ns fall@2.500ns period=5.000ns})
  Path Group:             sys_clk
  Path Type:              Hold (Min at Fast Process Corner)
  Requirement:            0.000ns  (sys_clk rise@0.000ns - sys_clk rise@0.000ns)
  Data Path Delay:        0.274ns  (logic 0.164ns (59.853%)  route 0.110ns (40.147%))
  Logic Levels:           0  
  Clock Path Skew:        0.022ns (DCD - SCD - CPR)
    Destination Clock Delay (DCD):    0.432ns
    Source Clock Delay      (SCD):    0.410ns
    Clock Pessimism Removal (CPR):    -0.000ns

    Location             Delay type                Incr(ns)  Path(ns)    Netlist Resource(s)
  -------------------------------------------------------------------    -------------------
                         (clock sys_clk rise edge)    0.000     0.000 r  <hidden>
                                                      0.000     0.000 r  clock
                         net (fo=202, unset)          0.410     0.410    clock
    SLICE_X26Y68         FDRE                                         r  sA_tempExp_r_1_reg[0]/C
  -------------------------------------------------------------------    -------------------
    SLICE_X26Y68         FDRE (Prop_fdre_C_Q)         0.164     0.574 r  sA_tempExp_r_1_reg[0]/Q
                         net (fo=1, routed)           0.110     0.684    sA_tempExp_r_1[0]
    SLICE_X27Y67         FDRE                                         r  sA_tempExp_reg[0]/D
  -------------------------------------------------------------------    -------------------

                         (clock sys_clk rise edge)    0.000     0.000 r  <hidden>
                                                      0.000     0.000 r  clock
                         net (fo=202, unset)          0.432     0.432    clock
    SLICE_X27Y67         FDRE                                         r  sA_tempExp_reg[0]/C
                         clock pessimism              0.000     0.432    <hidden>
    SLICE_X27Y67         FDRE (Hold_fdre_C_D)         0.075     0.507    sA_tempExp_reg[0]
  -------------------------------------------------------------------
                         required time                         -0.507    <hidden>
                         arrival time                           0.684    <hidden>
  -------------------------------------------------------------------
                         slack                                  0.177    <hidden>

Slack (MET) :             0.178ns  (arrival time - required time)
  Source:                 sA_tempSig_reg[13]__1/C
                            (rising edge-triggered cell FDRE clocked by sys_clk  {rise@0.000ns fall@2.500ns period=5.000ns})
  Destination:            sB_sig_reg[6]/D
                            (rising edge-triggered cell FDRE clocked by sys_clk  {rise@0.000ns fall@2.500ns period=5.000ns})
  Path Group:             sys_clk
  Path Type:              Hold (Min at Fast Process Corner)
  Requirement:            0.000ns  (sys_clk rise@0.000ns - sys_clk rise@0.000ns)
  Data Path Delay:        0.291ns  (logic 0.209ns (71.796%)  route 0.082ns (28.204%))
  Logic Levels:           1  (LUT3=1)
  Clock Path Skew:        0.022ns (DCD - SCD - CPR)
    Destination Clock Delay (DCD):    0.432ns
    Source Clock Delay      (SCD):    0.410ns
    Clock Pessimism Removal (CPR):    -0.000ns

    Location             Delay type                Incr(ns)  Path(ns)    Netlist Resource(s)
  -------------------------------------------------------------------    -------------------
                         (clock sys_clk rise edge)    0.000     0.000 r  <hidden>
                                                      0.000     0.000 r  clock
                         net (fo=202, unset)          0.410     0.410    clock
    SLICE_X32Y67         FDRE                                         r  sA_tempSig_reg[13]__1/C
  -------------------------------------------------------------------    -------------------
    SLICE_X32Y67         FDRE (Prop_fdre_C_Q)         0.164     0.574 r  sA_tempSig_reg[13]__1/Q
                         net (fo=2, routed)           0.082     0.656    sA_tempSig_reg[30]
    SLICE_X33Y67         LUT3 (Prop_lut3_I0_O)        0.045     0.701 r  sB_sig[6]_i_1/O
                         net (fo=1, routed)           0.000     0.701    sB_sig[6]_i_1_n_0
    SLICE_X33Y67         FDRE                                         r  sB_sig_reg[6]/D
  -------------------------------------------------------------------    -------------------

                         (clock sys_clk rise edge)    0.000     0.000 r  <hidden>
                                                      0.000     0.000 r  clock
                         net (fo=202, unset)          0.432     0.432    clock
    SLICE_X33Y67         FDRE                                         r  sB_sig_reg[6]/C
                         clock pessimism              0.000     0.432    <hidden>
    SLICE_X33Y67         FDRE (Hold_fdre_C_D)         0.092     0.524    sB_sig_reg[6]
  -------------------------------------------------------------------
                         required time                         -0.524    <hidden>
                         arrival time                           0.701    <hidden>
  -------------------------------------------------------------------
                         slack                                  0.178    <hidden>

Slack (MET) :             0.178ns  (arrival time - required time)
  Source:                 sA_tempSig_r_1_reg[15]/C
                            (rising edge-triggered cell FDRE clocked by sys_clk  {rise@0.000ns fall@2.500ns period=5.000ns})
  Destination:            sA_tempSig_reg[15]/D
                            (rising edge-triggered cell FDRE clocked by sys_clk  {rise@0.000ns fall@2.500ns period=5.000ns})
  Path Group:             sys_clk
  Path Type:              Hold (Min at Fast Process Corner)
  Requirement:            0.000ns  (sys_clk rise@0.000ns - sys_clk rise@0.000ns)
  Data Path Delay:        0.253ns  (logic 0.141ns (55.730%)  route 0.112ns (44.270%))
  Logic Levels:           0  
  Clock Path Skew:        0.022ns (DCD - SCD - CPR)
    Destination Clock Delay (DCD):    0.432ns
    Source Clock Delay      (SCD):    0.410ns
    Clock Pessimism Removal (CPR):    -0.000ns

    Location             Delay type                Incr(ns)  Path(ns)    Netlist Resource(s)
  -------------------------------------------------------------------    -------------------
                         (clock sys_clk rise edge)    0.000     0.000 r  <hidden>
                                                      0.000     0.000 r  clock
                         net (fo=202, unset)          0.410     0.410    clock
    SLICE_X35Y63         FDRE                                         r  sA_tempSig_r_1_reg[15]/C
  -------------------------------------------------------------------    -------------------
    SLICE_X35Y63         FDRE (Prop_fdre_C_Q)         0.141     0.551 r  sA_tempSig_r_1_reg[15]/Q
                         net (fo=1, routed)           0.112     0.663    sA_tempSig_r_1_reg__0[15]
    SLICE_X34Y63         FDRE                                         r  sA_tempSig_reg[15]/D
  -------------------------------------------------------------------    -------------------

                         (clock sys_clk rise edge)    0.000     0.000 r  <hidden>
                                                      0.000     0.000 r  clock
                         net (fo=202, unset)          0.432     0.432    clock
    SLICE_X34Y63         FDRE                                         r  sA_tempSig_reg[15]/C
                         clock pessimism              0.000     0.432    <hidden>
    SLICE_X34Y63         FDRE (Hold_fdre_C_D)         0.053     0.485    sA_tempSig_reg[15]
  -------------------------------------------------------------------
                         required time                         -0.485    <hidden>
                         arrival time                           0.663    <hidden>
  -------------------------------------------------------------------
                         slack                                  0.178    <hidden>





Pulse Width Checks
--------------------------------------------------------------------------------------
Clock Name:         sys_clk
Waveform(ns):       { 0.000 2.500 }
Period(ns):         5.000
Sources:            { clock }

Check Type        Corner  Lib Pin      Reference Pin  Required(ns)  Actual(ns)  Slack(ns)  Location      Pin
Min Period        n/a     DSP48E1/CLK  n/a            2.154         5.000       2.846      DSP48_X2Y26   sA_tempSig_r0/CLK
Min Period        n/a     DSP48E1/CLK  n/a            2.154         5.000       2.846      DSP48_X2Y25   sA_tempSig_r_1_reg/CLK
Min Period        n/a     DSP48E1/CLK  n/a            2.154         5.000       2.846      DSP48_X2Y24   sA_tempSig_r_reg/CLK
Min Period        n/a     FDRE/C       n/a            1.000         5.000       4.000      SLICE_X31Y65  outReg_reg[0]/C
Min Period        n/a     FDRE/C       n/a            1.000         5.000       4.000      SLICE_X31Y67  outReg_reg[10]/C
Min Period        n/a     FDRE/C       n/a            1.000         5.000       4.000      SLICE_X31Y67  outReg_reg[11]/C
Min Period        n/a     FDRE/C       n/a            1.000         5.000       4.000      SLICE_X31Y68  outReg_reg[12]/C
Min Period        n/a     FDRE/C       n/a            1.000         5.000       4.000      SLICE_X31Y68  outReg_reg[13]/C
Min Period        n/a     FDRE/C       n/a            1.000         5.000       4.000      SLICE_X31Y68  outReg_reg[14]/C
Min Period        n/a     FDRE/C       n/a            1.000         5.000       4.000      SLICE_X31Y68  outReg_reg[15]/C
Low Pulse Width   Slow    SRL16E/CLK   n/a            0.980         2.500       1.520      SLICE_X26Y72  sA_infInput_r_1_reg_srl2/CLK
Low Pulse Width   Fast    SRL16E/CLK   n/a            0.980         2.500       1.520      SLICE_X26Y72  sA_infInput_r_1_reg_srl2/CLK
Low Pulse Width   Slow    SRL16E/CLK   n/a            0.980         2.500       1.520      SLICE_X26Y72  sA_isNaN_r_1_reg_srl2/CLK
Low Pulse Width   Fast    SRL16E/CLK   n/a            0.980         2.500       1.520      SLICE_X26Y72  sA_isNaN_r_1_reg_srl2/CLK
Low Pulse Width   Slow    SRL16E/CLK   n/a            0.980         2.500       1.520      SLICE_X30Y69  sA_sign_reg_srl3/CLK
Low Pulse Width   Fast    SRL16E/CLK   n/a            0.980         2.500       1.520      SLICE_X30Y69  sA_sign_reg_srl3/CLK
Low Pulse Width   Slow    SRL16E/CLK   n/a            0.980         2.500       1.520      SLICE_X26Y72  sA_zeroInput_r_1_reg_srl2/CLK
Low Pulse Width   Fast    SRL16E/CLK   n/a            0.980         2.500       1.520      SLICE_X26Y72  sA_zeroInput_r_1_reg_srl2/CLK
Low Pulse Width   Slow    FDRE/C       n/a            0.500         2.500       2.000      SLICE_X31Y65  outReg_reg[0]/C
Low Pulse Width   Fast    FDRE/C       n/a            0.500         2.500       2.000      SLICE_X31Y65  outReg_reg[0]/C
High Pulse Width  Slow    SRL16E/CLK   n/a            0.980         2.500       1.520      SLICE_X26Y72  sA_infInput_r_1_reg_srl2/CLK
High Pulse Width  Fast    SRL16E/CLK   n/a            0.980         2.500       1.520      SLICE_X26Y72  sA_infInput_r_1_reg_srl2/CLK
High Pulse Width  Slow    SRL16E/CLK   n/a            0.980         2.500       1.520      SLICE_X26Y72  sA_isNaN_r_1_reg_srl2/CLK
High Pulse Width  Fast    SRL16E/CLK   n/a            0.980         2.500       1.520      SLICE_X26Y72  sA_isNaN_r_1_reg_srl2/CLK
High Pulse Width  Slow    SRL16E/CLK   n/a            0.980         2.500       1.520      SLICE_X30Y69  sA_sign_reg_srl3/CLK
High Pulse Width  Fast    SRL16E/CLK   n/a            0.980         2.500       1.520      SLICE_X30Y69  sA_sign_reg_srl3/CLK
High Pulse Width  Slow    SRL16E/CLK   n/a            0.980         2.500       1.520      SLICE_X26Y72  sA_zeroInput_r_1_reg_srl2/CLK
High Pulse Width  Fast    SRL16E/CLK   n/a            0.980         2.500       1.520      SLICE_X26Y72  sA_zeroInput_r_1_reg_srl2/CLK
High Pulse Width  Slow    FDRE/C       n/a            0.500         2.500       2.000      SLICE_X31Y65  outReg_reg[0]/C
High Pulse Width  Fast    FDRE/C       n/a            0.500         2.500       2.000      SLICE_X31Y65  outReg_reg[0]/C



