#-----------------------------------------------------------
# Vivado v2026.1 (64-bit)
# SW Build 6511674 on Tue Jun 16 11:01:26 MDT 2026
# IP Build 6504888 on Tue Jun 09 09:05:25 MDT 2026
# SharedData Build 6501428 on Mon Jun 08 17:34:18 MDT 2026
# Start of session at: Mon Sep 14 13:56:59 2026
# Process ID         : 2821795
# Current directory  : /home/leon/University/Bachelorarbeit/Analysis/fp32/d2/vivado_proj_fp32_d2_run01/bench_fp32_d2_run01.runs/impl_1
# Command line       : vivado -log FPMul.vdi -applog -product Vivado -messageDb vivado.pb -mode batch -source FPMul.tcl -notrace
# Log file           : /home/leon/University/Bachelorarbeit/Analysis/fp32/d2/vivado_proj_fp32_d2_run01/bench_fp32_d2_run01.runs/impl_1/FPMul.vdi
# Journal file       : /home/leon/University/Bachelorarbeit/Analysis/fp32/d2/vivado_proj_fp32_d2_run01/bench_fp32_d2_run01.runs/impl_1/vivado.jou
# Running On         : Nix-Los
# Platform           : unknown
# Operating System   : unknown
# Processor Detail   : AMD Ryzen 5 PRO 5650U with Radeon Graphics
# CPU Frequency      : 1111.720 MHz
# CPU Physical cores : 6
# CPU Logical cores  : 12
# Host memory        : 15526 MB
# Swap memory        : 0 MB
# Total Virtual      : 15526 MB
# Available Virtual  : 7183 MB
#-----------------------------------------------------------
source FPMul.tcl -notrace
