Copyright 1986-2022 Xilinx, Inc. All Rights Reserved. Copyright 2022-2026 Advanced Micro Devices, Inc. All Rights Reserved.
---------------------------------------------------------------------------------------------------------------------------------------------
| Tool Version : Vivado v.2026.1 (lin64) Build 6511674 Tue Jun 16 11:01:26 MDT 2026
| Date         : Sun Sep 13 17:16:53 2026
| Host         : Nix-Los running 64-bit unknown
| Command      : report_timing_summary -max_paths 10 -file ./reports_fp32_d1_run02/timing_summary.rpt
| Design       : FPMul
| Device       : 7z020-clg400
| Speed File   : -1  PRODUCTION 1.12 2019-11-22
| Design State : Routed
---------------------------------------------------------------------------------------------------------------------------------------------

Timing Summary Report

------------------------------------------------------------------------------------------------
| Timer Settings
| --------------
------------------------------------------------------------------------------------------------

  Enable Multi Corner Analysis               :  Yes
  Enable Pessimism Removal                   :  Yes
  Pessimism Removal Resolution               :  Nearest Common Node
  Enable Input Delay Default Clock           :  No
  Enable Preset / Clear Arcs                 :  No
  Disable Flight Delays                      :  No
  Ignore I/O Paths                           :  No
  Timing Early Launch at Borrowing Latches   :  No
  Borrow Time for Max Delay Exceptions       :  Yes
  Merge Timing Exceptions                    :  Yes
  Inter-SLR Compensation                     :  Conservative

  Corner  Analyze    Analyze    
  Name    Max Paths  Min Paths  
  ------  ---------  ---------  
  Slow    Yes        Yes        
  Fast    Yes        Yes        


------------------------------------------------------------------------------------------------
| Report Methodology
| ------------------
------------------------------------------------------------------------------------------------

No report available as report_methodology has not been run prior. Run report_methodology on the current design for the summary of methodology violations.



check_timing report

Table of Contents
-----------------
1. checking no_clock (0)
2. checking constant_clock (0)
3. checking pulse_width_clock (0)
4. checking unconstrained_internal_endpoints (0)
5. checking no_input_delay (64)
6. checking no_output_delay (32)
7. checking multiple_clock (0)
8. checking generated_clocks (0)
9. checking loops (0)
10. checking partial_input_delay (0)
11. checking partial_output_delay (0)
12. checking latch_loops (0)

1. checking no_clock (0)
------------------------
 There are 0 register/latch pins with no clock.


2. checking constant_clock (0)
------------------------------
 There are 0 register/latch pins with constant_clock.


3. checking pulse_width_clock (0)
---------------------------------
 There are 0 register/latch pins which need pulse_width check


4. checking unconstrained_internal_endpoints (0)
------------------------------------------------
 There are 0 pins that are not constrained for maximum delay.

 There are 0 pins that are not constrained for maximum delay due to constant clock.


5. checking no_input_delay (64)
-------------------------------
 There are 64 input ports with no input delay specified. (HIGH)

 There are 0 input ports with no input delay but user has a false path constraint.


6. checking no_output_delay (32)
--------------------------------
 There are 32 ports with no output delay specified. (HIGH)

 There are 0 ports with no output delay but user has a false path constraint

 There are 0 ports with no output delay but with a timing clock defined on it or propagating through it


7. checking multiple_clock (0)
------------------------------
 There are 0 register/latch pins with multiple clocks.


8. checking generated_clocks (0)
--------------------------------
 There are 0 generated clocks that are not connected to a clock source.


9. checking loops (0)
---------------------
 There are 0 combinational loops in the design.


10. checking partial_input_delay (0)
------------------------------------
 There are 0 input ports with partial input delay specified.


11. checking partial_output_delay (0)
-------------------------------------
 There are 0 ports with partial output delay specified.


12. checking latch_loops (0)
----------------------------
 There are 0 combinational latch loops in the design through latch input



------------------------------------------------------------------------------------------------
| Design Timing Summary
| ---------------------
------------------------------------------------------------------------------------------------

    WNS(ns)      TNS(ns)  TNS Failing Endpoints  TNS Total Endpoints      WHS(ns)      THS(ns)  THS Failing Endpoints  THS Total Endpoints     WPWS(ns)     TPWS(ns)  TPWS Failing Endpoints  TPWS Total Endpoints  
    -------      -------  ---------------------  -------------------      -------      -------  ---------------------  -------------------     --------     --------  ----------------------  --------------------  
      0.275        0.000                      0                  163        0.124        0.000                      0                  163        1.520        0.000                       0                   196  


All user specified timing constraints are met.


------------------------------------------------------------------------------------------------
| Clock Summary
| -------------
------------------------------------------------------------------------------------------------

Clock    Waveform(ns)         Period(ns)      Frequency(MHz)
-----    ------------         ----------      --------------
sys_clk  {0.000 2.500}        5.000           200.000         


------------------------------------------------------------------------------------------------
| Intra Clock Table
| -----------------
------------------------------------------------------------------------------------------------

Clock             WNS(ns)      TNS(ns)  TNS Failing Endpoints  TNS Total Endpoints      WHS(ns)      THS(ns)  THS Failing Endpoints  THS Total Endpoints     WPWS(ns)     TPWS(ns)  TPWS Failing Endpoints  TPWS Total Endpoints  
-----             -------      -------  ---------------------  -------------------      -------      -------  ---------------------  -------------------     --------     --------  ----------------------  --------------------  
sys_clk             0.275        0.000                      0                  163        0.124        0.000                      0                  163        1.520        0.000                       0                   196  


------------------------------------------------------------------------------------------------
| Inter Clock Table
| -----------------
------------------------------------------------------------------------------------------------

From Clock    To Clock          WNS(ns)      TNS(ns)  TNS Failing Endpoints  TNS Total Endpoints      WHS(ns)      THS(ns)  THS Failing Endpoints  THS Total Endpoints  
----------    --------          -------      -------  ---------------------  -------------------      -------      -------  ---------------------  -------------------  


------------------------------------------------------------------------------------------------
| Other Path Groups Table
| -----------------------
------------------------------------------------------------------------------------------------

Path Group    From Clock    To Clock          WNS(ns)      TNS(ns)  TNS Failing Endpoints  TNS Total Endpoints      WHS(ns)      THS(ns)  THS Failing Endpoints  THS Total Endpoints  
----------    ----------    --------          -------      -------  ---------------------  -------------------      -------      -------  ---------------------  -------------------  


------------------------------------------------------------------------------------------------
| Timing Details
| --------------
------------------------------------------------------------------------------------------------


---------------------------------------------------------------------------------------------------
From Clock:  sys_clk
  To Clock:  sys_clk

Setup :            0  Failing Endpoints,  Worst Slack        0.275ns,  Total Violation        0.000ns
Hold  :            0  Failing Endpoints,  Worst Slack        0.124ns,  Total Violation        0.000ns
PW    :            0  Failing Endpoints,  Worst Slack        1.520ns,  Total Violation        0.000ns
---------------------------------------------------------------------------------------------------


Max Delay Paths
--------------------------------------------------------------------------------------
Slack (MET) :             0.275ns  (required time - arrival time)
  Source:                 sB_sig_reg[13]/C
                            (rising edge-triggered cell FDRE clocked by sys_clk  {rise@0.000ns fall@2.500ns period=5.000ns})
  Destination:            outReg_reg[24]/S
                            (rising edge-triggered cell FDSE clocked by sys_clk  {rise@0.000ns fall@2.500ns period=5.000ns})
  Path Group:             sys_clk
  Path Type:              Setup (Max at Slow Process Corner)
  Requirement:            5.000ns  (sys_clk rise@5.000ns - sys_clk rise@0.000ns)
  Data Path Delay:        4.117ns  (logic 1.145ns (27.812%)  route 2.972ns (72.188%))
  Logic Levels:           4  (LUT2=1 LUT4=1 LUT6=2)
  Clock Path Skew:        -0.049ns (DCD - SCD + CPR)
    Destination Clock Delay (DCD):    0.924ns = ( 5.924 - 5.000 ) 
    Source Clock Delay      (SCD):    0.973ns
    Clock Pessimism Removal (CPR):    0.000ns
  Clock Uncertainty:      0.035ns  ((TSJ^2 + TIJ^2)^1/2 + DJ) / 2 + PE
    Total System Jitter     (TSJ):    0.071ns
    Total Input Jitter      (TIJ):    0.000ns
    Discrete Jitter          (DJ):    0.000ns
    Phase Error              (PE):    0.000ns

    Location             Delay type                Incr(ns)  Path(ns)    Netlist Resource(s)
  -------------------------------------------------------------------    -------------------
                         (clock sys_clk rise edge)    0.000     0.000 r  <hidden>
                                                      0.000     0.000 r  clock
                         net (fo=195, unset)          0.973     0.973    clock
    SLICE_X34Y61         FDRE                                         r  sB_sig_reg[13]/C
  -------------------------------------------------------------------    -------------------
    SLICE_X34Y61         FDRE (Prop_fdre_C_Q)         0.478     1.451 r  sB_sig_reg[13]/Q
                         net (fo=2, routed)           0.815     2.266    sB_sig_reg_n_0_[13]
    SLICE_X34Y62         LUT4 (Prop_lut4_I0_O)        0.295     2.561 f  outReg[30]_i_12/O
                         net (fo=1, routed)           0.983     3.544    outReg[30]_i_12_n_0
    SLICE_X32Y61         LUT6 (Prop_lut6_I3_O)        0.124     3.668 f  outReg[30]_i_7/O
                         net (fo=9, routed)           0.210     3.878    outReg[30]_i_7_n_0
    SLICE_X32Y61         LUT2 (Prop_lut2_I1_O)        0.124     4.002 r  outReg[30]_i_3/O
                         net (fo=3, routed)           0.455     4.457    outReg[30]_i_3_n_0
    SLICE_X34Y61         LUT6 (Prop_lut6_I0_O)        0.124     4.581 r  outReg[30]_i_1/O
                         net (fo=8, routed)           0.509     5.090    p_0_in2_out
    SLICE_X32Y60         FDSE                                         r  outReg_reg[24]/S
  -------------------------------------------------------------------    -------------------

                         (clock sys_clk rise edge)    5.000     5.000 r  <hidden>
                                                      0.000     5.000 r  clock
                         net (fo=195, unset)          0.924     5.924    clock
    SLICE_X32Y60         FDSE                                         r  outReg_reg[24]/C
                         clock pessimism              0.000     5.924    <hidden>
                         clock uncertainty           -0.035     5.889    <hidden>
    SLICE_X32Y60         FDSE (Setup_fdse_C_S)       -0.524     5.365    outReg_reg[24]
  -------------------------------------------------------------------
                         required time                          5.365    <hidden>
                         arrival time                          -5.090    <hidden>
  -------------------------------------------------------------------
                         slack                                  0.275    <hidden>

Slack (MET) :             0.275ns  (required time - arrival time)
  Source:                 sB_sig_reg[13]/C
                            (rising edge-triggered cell FDRE clocked by sys_clk  {rise@0.000ns fall@2.500ns period=5.000ns})
  Destination:            outReg_reg[26]/S
                            (rising edge-triggered cell FDSE clocked by sys_clk  {rise@0.000ns fall@2.500ns period=5.000ns})
  Path Group:             sys_clk
  Path Type:              Setup (Max at Slow Process Corner)
  Requirement:            5.000ns  (sys_clk rise@5.000ns - sys_clk rise@0.000ns)
  Data Path Delay:        4.117ns  (logic 1.145ns (27.812%)  route 2.972ns (72.188%))
  Logic Levels:           4  (LUT2=1 LUT4=1 LUT6=2)
  Clock Path Skew:        -0.049ns (DCD - SCD + CPR)
    Destination Clock Delay (DCD):    0.924ns = ( 5.924 - 5.000 ) 
    Source Clock Delay      (SCD):    0.973ns
    Clock Pessimism Removal (CPR):    0.000ns
  Clock Uncertainty:      0.035ns  ((TSJ^2 + TIJ^2)^1/2 + DJ) / 2 + PE
    Total System Jitter     (TSJ):    0.071ns
    Total Input Jitter      (TIJ):    0.000ns
    Discrete Jitter          (DJ):    0.000ns
    Phase Error              (PE):    0.000ns

    Location             Delay type                Incr(ns)  Path(ns)    Netlist Resource(s)
  -------------------------------------------------------------------    -------------------
                         (clock sys_clk rise edge)    0.000     0.000 r  <hidden>
                                                      0.000     0.000 r  clock
                         net (fo=195, unset)          0.973     0.973    clock
    SLICE_X34Y61         FDRE                                         r  sB_sig_reg[13]/C
  -------------------------------------------------------------------    -------------------
    SLICE_X34Y61         FDRE (Prop_fdre_C_Q)         0.478     1.451 r  sB_sig_reg[13]/Q
                         net (fo=2, routed)           0.815     2.266    sB_sig_reg_n_0_[13]
    SLICE_X34Y62         LUT4 (Prop_lut4_I0_O)        0.295     2.561 f  outReg[30]_i_12/O
                         net (fo=1, routed)           0.983     3.544    outReg[30]_i_12_n_0
    SLICE_X32Y61         LUT6 (Prop_lut6_I3_O)        0.124     3.668 f  outReg[30]_i_7/O
                         net (fo=9, routed)           0.210     3.878    outReg[30]_i_7_n_0
    SLICE_X32Y61         LUT2 (Prop_lut2_I1_O)        0.124     4.002 r  outReg[30]_i_3/O
                         net (fo=3, routed)           0.455     4.457    outReg[30]_i_3_n_0
    SLICE_X34Y61         LUT6 (Prop_lut6_I0_O)        0.124     4.581 r  outReg[30]_i_1/O
                         net (fo=8, routed)           0.509     5.090    p_0_in2_out
    SLICE_X32Y60         FDSE                                         r  outReg_reg[26]/S
  -------------------------------------------------------------------    -------------------

                         (clock sys_clk rise edge)    5.000     5.000 r  <hidden>
                                                      0.000     5.000 r  clock
                         net (fo=195, unset)          0.924     5.924    clock
    SLICE_X32Y60         FDSE                                         r  outReg_reg[26]/C
                         clock pessimism              0.000     5.924    <hidden>
                         clock uncertainty           -0.035     5.889    <hidden>
    SLICE_X32Y60         FDSE (Setup_fdse_C_S)       -0.524     5.365    outReg_reg[26]
  -------------------------------------------------------------------
                         required time                          5.365    <hidden>
                         arrival time                          -5.090    <hidden>
  -------------------------------------------------------------------
                         slack                                  0.275    <hidden>

Slack (MET) :             0.275ns  (required time - arrival time)
  Source:                 sB_sig_reg[13]/C
                            (rising edge-triggered cell FDRE clocked by sys_clk  {rise@0.000ns fall@2.500ns period=5.000ns})
  Destination:            outReg_reg[27]/S
                            (rising edge-triggered cell FDSE clocked by sys_clk  {rise@0.000ns fall@2.500ns period=5.000ns})
  Path Group:             sys_clk
  Path Type:              Setup (Max at Slow Process Corner)
  Requirement:            5.000ns  (sys_clk rise@5.000ns - sys_clk rise@0.000ns)
  Data Path Delay:        4.117ns  (logic 1.145ns (27.812%)  route 2.972ns (72.188%))
  Logic Levels:           4  (LUT2=1 LUT4=1 LUT6=2)
  Clock Path Skew:        -0.049ns (DCD - SCD + CPR)
    Destination Clock Delay (DCD):    0.924ns = ( 5.924 - 5.000 ) 
    Source Clock Delay      (SCD):    0.973ns
    Clock Pessimism Removal (CPR):    0.000ns
  Clock Uncertainty:      0.035ns  ((TSJ^2 + TIJ^2)^1/2 + DJ) / 2 + PE
    Total System Jitter     (TSJ):    0.071ns
    Total Input Jitter      (TIJ):    0.000ns
    Discrete Jitter          (DJ):    0.000ns
    Phase Error              (PE):    0.000ns

    Location             Delay type                Incr(ns)  Path(ns)    Netlist Resource(s)
  -------------------------------------------------------------------    -------------------
                         (clock sys_clk rise edge)    0.000     0.000 r  <hidden>
                                                      0.000     0.000 r  clock
                         net (fo=195, unset)          0.973     0.973    clock
    SLICE_X34Y61         FDRE                                         r  sB_sig_reg[13]/C
  -------------------------------------------------------------------    -------------------
    SLICE_X34Y61         FDRE (Prop_fdre_C_Q)         0.478     1.451 r  sB_sig_reg[13]/Q
                         net (fo=2, routed)           0.815     2.266    sB_sig_reg_n_0_[13]
    SLICE_X34Y62         LUT4 (Prop_lut4_I0_O)        0.295     2.561 f  outReg[30]_i_12/O
                         net (fo=1, routed)           0.983     3.544    outReg[30]_i_12_n_0
    SLICE_X32Y61         LUT6 (Prop_lut6_I3_O)        0.124     3.668 f  outReg[30]_i_7/O
                         net (fo=9, routed)           0.210     3.878    outReg[30]_i_7_n_0
    SLICE_X32Y61         LUT2 (Prop_lut2_I1_O)        0.124     4.002 r  outReg[30]_i_3/O
                         net (fo=3, routed)           0.455     4.457    outReg[30]_i_3_n_0
    SLICE_X34Y61         LUT6 (Prop_lut6_I0_O)        0.124     4.581 r  outReg[30]_i_1/O
                         net (fo=8, routed)           0.509     5.090    p_0_in2_out
    SLICE_X32Y60         FDSE                                         r  outReg_reg[27]/S
  -------------------------------------------------------------------    -------------------

                         (clock sys_clk rise edge)    5.000     5.000 r  <hidden>
                                                      0.000     5.000 r  clock
                         net (fo=195, unset)          0.924     5.924    clock
    SLICE_X32Y60         FDSE                                         r  outReg_reg[27]/C
                         clock pessimism              0.000     5.924    <hidden>
                         clock uncertainty           -0.035     5.889    <hidden>
    SLICE_X32Y60         FDSE (Setup_fdse_C_S)       -0.524     5.365    outReg_reg[27]
  -------------------------------------------------------------------
                         required time                          5.365    <hidden>
                         arrival time                          -5.090    <hidden>
  -------------------------------------------------------------------
                         slack                                  0.275    <hidden>

Slack (MET) :             0.275ns  (required time - arrival time)
  Source:                 sB_sig_reg[13]/C
                            (rising edge-triggered cell FDRE clocked by sys_clk  {rise@0.000ns fall@2.500ns period=5.000ns})
  Destination:            outReg_reg[28]/S
                            (rising edge-triggered cell FDSE clocked by sys_clk  {rise@0.000ns fall@2.500ns period=5.000ns})
  Path Group:             sys_clk
  Path Type:              Setup (Max at Slow Process Corner)
  Requirement:            5.000ns  (sys_clk rise@5.000ns - sys_clk rise@0.000ns)
  Data Path Delay:        4.117ns  (logic 1.145ns (27.812%)  route 2.972ns (72.188%))
  Logic Levels:           4  (LUT2=1 LUT4=1 LUT6=2)
  Clock Path Skew:        -0.049ns (DCD - SCD + CPR)
    Destination Clock Delay (DCD):    0.924ns = ( 5.924 - 5.000 ) 
    Source Clock Delay      (SCD):    0.973ns
    Clock Pessimism Removal (CPR):    0.000ns
  Clock Uncertainty:      0.035ns  ((TSJ^2 + TIJ^2)^1/2 + DJ) / 2 + PE
    Total System Jitter     (TSJ):    0.071ns
    Total Input Jitter      (TIJ):    0.000ns
    Discrete Jitter          (DJ):    0.000ns
    Phase Error              (PE):    0.000ns

    Location             Delay type                Incr(ns)  Path(ns)    Netlist Resource(s)
  -------------------------------------------------------------------    -------------------
                         (clock sys_clk rise edge)    0.000     0.000 r  <hidden>
                                                      0.000     0.000 r  clock
                         net (fo=195, unset)          0.973     0.973    clock
    SLICE_X34Y61         FDRE                                         r  sB_sig_reg[13]/C
  -------------------------------------------------------------------    -------------------
    SLICE_X34Y61         FDRE (Prop_fdre_C_Q)         0.478     1.451 r  sB_sig_reg[13]/Q
                         net (fo=2, routed)           0.815     2.266    sB_sig_reg_n_0_[13]
    SLICE_X34Y62         LUT4 (Prop_lut4_I0_O)        0.295     2.561 f  outReg[30]_i_12/O
                         net (fo=1, routed)           0.983     3.544    outReg[30]_i_12_n_0
    SLICE_X32Y61         LUT6 (Prop_lut6_I3_O)        0.124     3.668 f  outReg[30]_i_7/O
                         net (fo=9, routed)           0.210     3.878    outReg[30]_i_7_n_0
    SLICE_X32Y61         LUT2 (Prop_lut2_I1_O)        0.124     4.002 r  outReg[30]_i_3/O
                         net (fo=3, routed)           0.455     4.457    outReg[30]_i_3_n_0
    SLICE_X34Y61         LUT6 (Prop_lut6_I0_O)        0.124     4.581 r  outReg[30]_i_1/O
                         net (fo=8, routed)           0.509     5.090    p_0_in2_out
    SLICE_X32Y60         FDSE                                         r  outReg_reg[28]/S
  -------------------------------------------------------------------    -------------------

                         (clock sys_clk rise edge)    5.000     5.000 r  <hidden>
                                                      0.000     5.000 r  clock
                         net (fo=195, unset)          0.924     5.924    clock
    SLICE_X32Y60         FDSE                                         r  outReg_reg[28]/C
                         clock pessimism              0.000     5.924    <hidden>
                         clock uncertainty           -0.035     5.889    <hidden>
    SLICE_X32Y60         FDSE (Setup_fdse_C_S)       -0.524     5.365    outReg_reg[28]
  -------------------------------------------------------------------
                         required time                          5.365    <hidden>
                         arrival time                          -5.090    <hidden>
  -------------------------------------------------------------------
                         slack                                  0.275    <hidden>

Slack (MET) :             0.284ns  (required time - arrival time)
  Source:                 sB_sig_reg[13]/C
                            (rising edge-triggered cell FDRE clocked by sys_clk  {rise@0.000ns fall@2.500ns period=5.000ns})
  Destination:            outReg_reg[23]/S
                            (rising edge-triggered cell FDSE clocked by sys_clk  {rise@0.000ns fall@2.500ns period=5.000ns})
  Path Group:             sys_clk
  Path Type:              Setup (Max at Slow Process Corner)
  Requirement:            5.000ns  (sys_clk rise@5.000ns - sys_clk rise@0.000ns)
  Data Path Delay:        4.108ns  (logic 1.145ns (27.871%)  route 2.963ns (72.129%))
  Logic Levels:           4  (LUT2=1 LUT4=1 LUT6=2)
  Clock Path Skew:        -0.049ns (DCD - SCD + CPR)
    Destination Clock Delay (DCD):    0.924ns = ( 5.924 - 5.000 ) 
    Source Clock Delay      (SCD):    0.973ns
    Clock Pessimism Removal (CPR):    0.000ns
  Clock Uncertainty:      0.035ns  ((TSJ^2 + TIJ^2)^1/2 + DJ) / 2 + PE
    Total System Jitter     (TSJ):    0.071ns
    Total Input Jitter      (TIJ):    0.000ns
    Discrete Jitter          (DJ):    0.000ns
    Phase Error              (PE):    0.000ns

    Location             Delay type                Incr(ns)  Path(ns)    Netlist Resource(s)
  -------------------------------------------------------------------    -------------------
                         (clock sys_clk rise edge)    0.000     0.000 r  <hidden>
                                                      0.000     0.000 r  clock
                         net (fo=195, unset)          0.973     0.973    clock
    SLICE_X34Y61         FDRE                                         r  sB_sig_reg[13]/C
  -------------------------------------------------------------------    -------------------
    SLICE_X34Y61         FDRE (Prop_fdre_C_Q)         0.478     1.451 r  sB_sig_reg[13]/Q
                         net (fo=2, routed)           0.815     2.266    sB_sig_reg_n_0_[13]
    SLICE_X34Y62         LUT4 (Prop_lut4_I0_O)        0.295     2.561 f  outReg[30]_i_12/O
                         net (fo=1, routed)           0.983     3.544    outReg[30]_i_12_n_0
    SLICE_X32Y61         LUT6 (Prop_lut6_I3_O)        0.124     3.668 f  outReg[30]_i_7/O
                         net (fo=9, routed)           0.210     3.878    outReg[30]_i_7_n_0
    SLICE_X32Y61         LUT2 (Prop_lut2_I1_O)        0.124     4.002 r  outReg[30]_i_3/O
                         net (fo=3, routed)           0.455     4.457    outReg[30]_i_3_n_0
    SLICE_X34Y61         LUT6 (Prop_lut6_I0_O)        0.124     4.581 r  outReg[30]_i_1/O
                         net (fo=8, routed)           0.500     5.081    p_0_in2_out
    SLICE_X36Y61         FDSE                                         r  outReg_reg[23]/S
  -------------------------------------------------------------------    -------------------

                         (clock sys_clk rise edge)    5.000     5.000 r  <hidden>
                                                      0.000     5.000 r  clock
                         net (fo=195, unset)          0.924     5.924    clock
    SLICE_X36Y61         FDSE                                         r  outReg_reg[23]/C
                         clock pessimism              0.000     5.924    <hidden>
                         clock uncertainty           -0.035     5.889    <hidden>
    SLICE_X36Y61         FDSE (Setup_fdse_C_S)       -0.524     5.365    outReg_reg[23]
  -------------------------------------------------------------------
                         required time                          5.365    <hidden>
                         arrival time                          -5.081    <hidden>
  -------------------------------------------------------------------
                         slack                                  0.284    <hidden>

Slack (MET) :             0.284ns  (required time - arrival time)
  Source:                 sB_sig_reg[13]/C
                            (rising edge-triggered cell FDRE clocked by sys_clk  {rise@0.000ns fall@2.500ns period=5.000ns})
  Destination:            outReg_reg[25]/S
                            (rising edge-triggered cell FDSE clocked by sys_clk  {rise@0.000ns fall@2.500ns period=5.000ns})
  Path Group:             sys_clk
  Path Type:              Setup (Max at Slow Process Corner)
  Requirement:            5.000ns  (sys_clk rise@5.000ns - sys_clk rise@0.000ns)
  Data Path Delay:        4.108ns  (logic 1.145ns (27.871%)  route 2.963ns (72.129%))
  Logic Levels:           4  (LUT2=1 LUT4=1 LUT6=2)
  Clock Path Skew:        -0.049ns (DCD - SCD + CPR)
    Destination Clock Delay (DCD):    0.924ns = ( 5.924 - 5.000 ) 
    Source Clock Delay      (SCD):    0.973ns
    Clock Pessimism Removal (CPR):    0.000ns
  Clock Uncertainty:      0.035ns  ((TSJ^2 + TIJ^2)^1/2 + DJ) / 2 + PE
    Total System Jitter     (TSJ):    0.071ns
    Total Input Jitter      (TIJ):    0.000ns
    Discrete Jitter          (DJ):    0.000ns
    Phase Error              (PE):    0.000ns

    Location             Delay type                Incr(ns)  Path(ns)    Netlist Resource(s)
  -------------------------------------------------------------------    -------------------
                         (clock sys_clk rise edge)    0.000     0.000 r  <hidden>
                                                      0.000     0.000 r  clock
                         net (fo=195, unset)          0.973     0.973    clock
    SLICE_X34Y61         FDRE                                         r  sB_sig_reg[13]/C
  -------------------------------------------------------------------    -------------------
    SLICE_X34Y61         FDRE (Prop_fdre_C_Q)         0.478     1.451 r  sB_sig_reg[13]/Q
                         net (fo=2, routed)           0.815     2.266    sB_sig_reg_n_0_[13]
    SLICE_X34Y62         LUT4 (Prop_lut4_I0_O)        0.295     2.561 f  outReg[30]_i_12/O
                         net (fo=1, routed)           0.983     3.544    outReg[30]_i_12_n_0
    SLICE_X32Y61         LUT6 (Prop_lut6_I3_O)        0.124     3.668 f  outReg[30]_i_7/O
                         net (fo=9, routed)           0.210     3.878    outReg[30]_i_7_n_0
    SLICE_X32Y61         LUT2 (Prop_lut2_I1_O)        0.124     4.002 r  outReg[30]_i_3/O
                         net (fo=3, routed)           0.455     4.457    outReg[30]_i_3_n_0
    SLICE_X34Y61         LUT6 (Prop_lut6_I0_O)        0.124     4.581 r  outReg[30]_i_1/O
                         net (fo=8, routed)           0.500     5.081    p_0_in2_out
    SLICE_X36Y61         FDSE                                         r  outReg_reg[25]/S
  -------------------------------------------------------------------    -------------------

                         (clock sys_clk rise edge)    5.000     5.000 r  <hidden>
                                                      0.000     5.000 r  clock
                         net (fo=195, unset)          0.924     5.924    clock
    SLICE_X36Y61         FDSE                                         r  outReg_reg[25]/C
                         clock pessimism              0.000     5.924    <hidden>
                         clock uncertainty           -0.035     5.889    <hidden>
    SLICE_X36Y61         FDSE (Setup_fdse_C_S)       -0.524     5.365    outReg_reg[25]
  -------------------------------------------------------------------
                         required time                          5.365    <hidden>
                         arrival time                          -5.081    <hidden>
  -------------------------------------------------------------------
                         slack                                  0.284    <hidden>

Slack (MET) :             0.284ns  (required time - arrival time)
  Source:                 sB_sig_reg[13]/C
                            (rising edge-triggered cell FDRE clocked by sys_clk  {rise@0.000ns fall@2.500ns period=5.000ns})
  Destination:            outReg_reg[29]/S
                            (rising edge-triggered cell FDSE clocked by sys_clk  {rise@0.000ns fall@2.500ns period=5.000ns})
  Path Group:             sys_clk
  Path Type:              Setup (Max at Slow Process Corner)
  Requirement:            5.000ns  (sys_clk rise@5.000ns - sys_clk rise@0.000ns)
  Data Path Delay:        4.108ns  (logic 1.145ns (27.871%)  route 2.963ns (72.129%))
  Logic Levels:           4  (LUT2=1 LUT4=1 LUT6=2)
  Clock Path Skew:        -0.049ns (DCD - SCD + CPR)
    Destination Clock Delay (DCD):    0.924ns = ( 5.924 - 5.000 ) 
    Source Clock Delay      (SCD):    0.973ns
    Clock Pessimism Removal (CPR):    0.000ns
  Clock Uncertainty:      0.035ns  ((TSJ^2 + TIJ^2)^1/2 + DJ) / 2 + PE
    Total System Jitter     (TSJ):    0.071ns
    Total Input Jitter      (TIJ):    0.000ns
    Discrete Jitter          (DJ):    0.000ns
    Phase Error              (PE):    0.000ns

    Location             Delay type                Incr(ns)  Path(ns)    Netlist Resource(s)
  -------------------------------------------------------------------    -------------------
                         (clock sys_clk rise edge)    0.000     0.000 r  <hidden>
                                                      0.000     0.000 r  clock
                         net (fo=195, unset)          0.973     0.973    clock
    SLICE_X34Y61         FDRE                                         r  sB_sig_reg[13]/C
  -------------------------------------------------------------------    -------------------
    SLICE_X34Y61         FDRE (Prop_fdre_C_Q)         0.478     1.451 r  sB_sig_reg[13]/Q
                         net (fo=2, routed)           0.815     2.266    sB_sig_reg_n_0_[13]
    SLICE_X34Y62         LUT4 (Prop_lut4_I0_O)        0.295     2.561 f  outReg[30]_i_12/O
                         net (fo=1, routed)           0.983     3.544    outReg[30]_i_12_n_0
    SLICE_X32Y61         LUT6 (Prop_lut6_I3_O)        0.124     3.668 f  outReg[30]_i_7/O
                         net (fo=9, routed)           0.210     3.878    outReg[30]_i_7_n_0
    SLICE_X32Y61         LUT2 (Prop_lut2_I1_O)        0.124     4.002 r  outReg[30]_i_3/O
                         net (fo=3, routed)           0.455     4.457    outReg[30]_i_3_n_0
    SLICE_X34Y61         LUT6 (Prop_lut6_I0_O)        0.124     4.581 r  outReg[30]_i_1/O
                         net (fo=8, routed)           0.500     5.081    p_0_in2_out
    SLICE_X36Y61         FDSE                                         r  outReg_reg[29]/S
  -------------------------------------------------------------------    -------------------

                         (clock sys_clk rise edge)    5.000     5.000 r  <hidden>
                                                      0.000     5.000 r  clock
                         net (fo=195, unset)          0.924     5.924    clock
    SLICE_X36Y61         FDSE                                         r  outReg_reg[29]/C
                         clock pessimism              0.000     5.924    <hidden>
                         clock uncertainty           -0.035     5.889    <hidden>
    SLICE_X36Y61         FDSE (Setup_fdse_C_S)       -0.524     5.365    outReg_reg[29]
  -------------------------------------------------------------------
                         required time                          5.365    <hidden>
                         arrival time                          -5.081    <hidden>
  -------------------------------------------------------------------
                         slack                                  0.284    <hidden>

Slack (MET) :             0.284ns  (required time - arrival time)
  Source:                 sB_sig_reg[13]/C
                            (rising edge-triggered cell FDRE clocked by sys_clk  {rise@0.000ns fall@2.500ns period=5.000ns})
  Destination:            outReg_reg[30]/S
                            (rising edge-triggered cell FDSE clocked by sys_clk  {rise@0.000ns fall@2.500ns period=5.000ns})
  Path Group:             sys_clk
  Path Type:              Setup (Max at Slow Process Corner)
  Requirement:            5.000ns  (sys_clk rise@5.000ns - sys_clk rise@0.000ns)
  Data Path Delay:        4.108ns  (logic 1.145ns (27.871%)  route 2.963ns (72.129%))
  Logic Levels:           4  (LUT2=1 LUT4=1 LUT6=2)
  Clock Path Skew:        -0.049ns (DCD - SCD + CPR)
    Destination Clock Delay (DCD):    0.924ns = ( 5.924 - 5.000 ) 
    Source Clock Delay      (SCD):    0.973ns
    Clock Pessimism Removal (CPR):    0.000ns
  Clock Uncertainty:      0.035ns  ((TSJ^2 + TIJ^2)^1/2 + DJ) / 2 + PE
    Total System Jitter     (TSJ):    0.071ns
    Total Input Jitter      (TIJ):    0.000ns
    Discrete Jitter          (DJ):    0.000ns
    Phase Error              (PE):    0.000ns

    Location             Delay type                Incr(ns)  Path(ns)    Netlist Resource(s)
  -------------------------------------------------------------------    -------------------
                         (clock sys_clk rise edge)    0.000     0.000 r  <hidden>
                                                      0.000     0.000 r  clock
                         net (fo=195, unset)          0.973     0.973    clock
    SLICE_X34Y61         FDRE                                         r  sB_sig_reg[13]/C
  -------------------------------------------------------------------    -------------------
    SLICE_X34Y61         FDRE (Prop_fdre_C_Q)         0.478     1.451 r  sB_sig_reg[13]/Q
                         net (fo=2, routed)           0.815     2.266    sB_sig_reg_n_0_[13]
    SLICE_X34Y62         LUT4 (Prop_lut4_I0_O)        0.295     2.561 f  outReg[30]_i_12/O
                         net (fo=1, routed)           0.983     3.544    outReg[30]_i_12_n_0
    SLICE_X32Y61         LUT6 (Prop_lut6_I3_O)        0.124     3.668 f  outReg[30]_i_7/O
                         net (fo=9, routed)           0.210     3.878    outReg[30]_i_7_n_0
    SLICE_X32Y61         LUT2 (Prop_lut2_I1_O)        0.124     4.002 r  outReg[30]_i_3/O
                         net (fo=3, routed)           0.455     4.457    outReg[30]_i_3_n_0
    SLICE_X34Y61         LUT6 (Prop_lut6_I0_O)        0.124     4.581 r  outReg[30]_i_1/O
                         net (fo=8, routed)           0.500     5.081    p_0_in2_out
    SLICE_X36Y61         FDSE                                         r  outReg_reg[30]/S
  -------------------------------------------------------------------    -------------------

                         (clock sys_clk rise edge)    5.000     5.000 r  <hidden>
                                                      0.000     5.000 r  clock
                         net (fo=195, unset)          0.924     5.924    clock
    SLICE_X36Y61         FDSE                                         r  outReg_reg[30]/C
                         clock pessimism              0.000     5.924    <hidden>
                         clock uncertainty           -0.035     5.889    <hidden>
    SLICE_X36Y61         FDSE (Setup_fdse_C_S)       -0.524     5.365    outReg_reg[30]
  -------------------------------------------------------------------
                         required time                          5.365    <hidden>
                         arrival time                          -5.081    <hidden>
  -------------------------------------------------------------------
                         slack                                  0.284    <hidden>

Slack (MET) :             0.404ns  (required time - arrival time)
  Source:                 sB_sig_reg[13]/C
                            (rising edge-triggered cell FDRE clocked by sys_clk  {rise@0.000ns fall@2.500ns period=5.000ns})
  Destination:            outReg_reg[10]/R
                            (rising edge-triggered cell FDRE clocked by sys_clk  {rise@0.000ns fall@2.500ns period=5.000ns})
  Path Group:             sys_clk
  Path Type:              Setup (Max at Slow Process Corner)
  Requirement:            5.000ns  (sys_clk rise@5.000ns - sys_clk rise@0.000ns)
  Data Path Delay:        4.083ns  (logic 1.145ns (28.046%)  route 2.938ns (71.954%))
  Logic Levels:           4  (LUT2=1 LUT4=1 LUT6=2)
  Clock Path Skew:        -0.049ns (DCD - SCD + CPR)
    Destination Clock Delay (DCD):    0.924ns = ( 5.924 - 5.000 ) 
    Source Clock Delay      (SCD):    0.973ns
    Clock Pessimism Removal (CPR):    0.000ns
  Clock Uncertainty:      0.035ns  ((TSJ^2 + TIJ^2)^1/2 + DJ) / 2 + PE
    Total System Jitter     (TSJ):    0.071ns
    Total Input Jitter      (TIJ):    0.000ns
    Discrete Jitter          (DJ):    0.000ns
    Phase Error              (PE):    0.000ns

    Location             Delay type                Incr(ns)  Path(ns)    Netlist Resource(s)
  -------------------------------------------------------------------    -------------------
                         (clock sys_clk rise edge)    0.000     0.000 r  <hidden>
                                                      0.000     0.000 r  clock
                         net (fo=195, unset)          0.973     0.973    clock
    SLICE_X34Y61         FDRE                                         r  sB_sig_reg[13]/C
  -------------------------------------------------------------------    -------------------
    SLICE_X34Y61         FDRE (Prop_fdre_C_Q)         0.478     1.451 r  sB_sig_reg[13]/Q
                         net (fo=2, routed)           0.815     2.266    sB_sig_reg_n_0_[13]
    SLICE_X34Y62         LUT4 (Prop_lut4_I0_O)        0.295     2.561 f  outReg[30]_i_12/O
                         net (fo=1, routed)           0.983     3.544    outReg[30]_i_12_n_0
    SLICE_X32Y61         LUT6 (Prop_lut6_I3_O)        0.124     3.668 f  outReg[30]_i_7/O
                         net (fo=9, routed)           0.210     3.878    outReg[30]_i_7_n_0
    SLICE_X32Y61         LUT2 (Prop_lut2_I1_O)        0.124     4.002 r  outReg[30]_i_3/O
                         net (fo=3, routed)           0.317     4.319    outReg[30]_i_3_n_0
    SLICE_X32Y59         LUT6 (Prop_lut6_I2_O)        0.124     4.443 r  outReg[21]_i_1/O
                         net (fo=22, routed)          0.612     5.056    outReg[21]_i_1_n_0
    SLICE_X33Y59         FDRE                                         r  outReg_reg[10]/R
  -------------------------------------------------------------------    -------------------

                         (clock sys_clk rise edge)    5.000     5.000 r  <hidden>
                                                      0.000     5.000 r  clock
                         net (fo=195, unset)          0.924     5.924    clock
    SLICE_X33Y59         FDRE                                         r  outReg_reg[10]/C
                         clock pessimism              0.000     5.924    <hidden>
                         clock uncertainty           -0.035     5.889    <hidden>
    SLICE_X33Y59         FDRE (Setup_fdre_C_R)       -0.429     5.460    outReg_reg[10]
  -------------------------------------------------------------------
                         required time                          5.460    <hidden>
                         arrival time                          -5.056    <hidden>
  -------------------------------------------------------------------
                         slack                                  0.404    <hidden>

Slack (MET) :             0.404ns  (required time - arrival time)
  Source:                 sB_sig_reg[13]/C
                            (rising edge-triggered cell FDRE clocked by sys_clk  {rise@0.000ns fall@2.500ns period=5.000ns})
  Destination:            outReg_reg[11]/R
                            (rising edge-triggered cell FDRE clocked by sys_clk  {rise@0.000ns fall@2.500ns period=5.000ns})
  Path Group:             sys_clk
  Path Type:              Setup (Max at Slow Process Corner)
  Requirement:            5.000ns  (sys_clk rise@5.000ns - sys_clk rise@0.000ns)
  Data Path Delay:        4.083ns  (logic 1.145ns (28.046%)  route 2.938ns (71.954%))
  Logic Levels:           4  (LUT2=1 LUT4=1 LUT6=2)
  Clock Path Skew:        -0.049ns (DCD - SCD + CPR)
    Destination Clock Delay (DCD):    0.924ns = ( 5.924 - 5.000 ) 
    Source Clock Delay      (SCD):    0.973ns
    Clock Pessimism Removal (CPR):    0.000ns
  Clock Uncertainty:      0.035ns  ((TSJ^2 + TIJ^2)^1/2 + DJ) / 2 + PE
    Total System Jitter     (TSJ):    0.071ns
    Total Input Jitter      (TIJ):    0.000ns
    Discrete Jitter          (DJ):    0.000ns
    Phase Error              (PE):    0.000ns

    Location             Delay type                Incr(ns)  Path(ns)    Netlist Resource(s)
  -------------------------------------------------------------------    -------------------
                         (clock sys_clk rise edge)    0.000     0.000 r  <hidden>
                                                      0.000     0.000 r  clock
                         net (fo=195, unset)          0.973     0.973    clock
    SLICE_X34Y61         FDRE                                         r  sB_sig_reg[13]/C
  -------------------------------------------------------------------    -------------------
    SLICE_X34Y61         FDRE (Prop_fdre_C_Q)         0.478     1.451 r  sB_sig_reg[13]/Q
                         net (fo=2, routed)           0.815     2.266    sB_sig_reg_n_0_[13]
    SLICE_X34Y62         LUT4 (Prop_lut4_I0_O)        0.295     2.561 f  outReg[30]_i_12/O
                         net (fo=1, routed)           0.983     3.544    outReg[30]_i_12_n_0
    SLICE_X32Y61         LUT6 (Prop_lut6_I3_O)        0.124     3.668 f  outReg[30]_i_7/O
                         net (fo=9, routed)           0.210     3.878    outReg[30]_i_7_n_0
    SLICE_X32Y61         LUT2 (Prop_lut2_I1_O)        0.124     4.002 r  outReg[30]_i_3/O
                         net (fo=3, routed)           0.317     4.319    outReg[30]_i_3_n_0
    SLICE_X32Y59         LUT6 (Prop_lut6_I2_O)        0.124     4.443 r  outReg[21]_i_1/O
                         net (fo=22, routed)          0.612     5.056    outReg[21]_i_1_n_0
    SLICE_X33Y59         FDRE                                         r  outReg_reg[11]/R
  -------------------------------------------------------------------    -------------------

                         (clock sys_clk rise edge)    5.000     5.000 r  <hidden>
                                                      0.000     5.000 r  clock
                         net (fo=195, unset)          0.924     5.924    clock
    SLICE_X33Y59         FDRE                                         r  outReg_reg[11]/C
                         clock pessimism              0.000     5.924    <hidden>
                         clock uncertainty           -0.035     5.889    <hidden>
    SLICE_X33Y59         FDRE (Setup_fdre_C_R)       -0.429     5.460    outReg_reg[11]
  -------------------------------------------------------------------
                         required time                          5.460    <hidden>
                         arrival time                          -5.056    <hidden>
  -------------------------------------------------------------------
                         slack                                  0.404    <hidden>





Min Delay Paths
--------------------------------------------------------------------------------------
Slack (MET) :             0.124ns  (arrival time - required time)
  Source:                 sA_tempSig_reg[36]/C
                            (rising edge-triggered cell FDRE clocked by sys_clk  {rise@0.000ns fall@2.500ns period=5.000ns})
  Destination:            sB_sig_reg[13]/D
                            (rising edge-triggered cell FDRE clocked by sys_clk  {rise@0.000ns fall@2.500ns period=5.000ns})
  Path Group:             sys_clk
  Path Type:              Hold (Min at Fast Process Corner)
  Requirement:            0.000ns  (sys_clk rise@0.000ns - sys_clk rise@0.000ns)
  Data Path Delay:        0.276ns  (logic 0.189ns (68.452%)  route 0.087ns (31.548%))
  Logic Levels:           1  (LUT3=1)
  Clock Path Skew:        0.022ns (DCD - SCD - CPR)
    Destination Clock Delay (DCD):    0.432ns
    Source Clock Delay      (SCD):    0.410ns
    Clock Pessimism Removal (CPR):    -0.000ns

    Location             Delay type                Incr(ns)  Path(ns)    Netlist Resource(s)
  -------------------------------------------------------------------    -------------------
                         (clock sys_clk rise edge)    0.000     0.000 r  <hidden>
                                                      0.000     0.000 r  clock
                         net (fo=195, unset)          0.410     0.410    clock
    SLICE_X35Y61         FDRE                                         r  sA_tempSig_reg[36]/C
  -------------------------------------------------------------------    -------------------
    SLICE_X35Y61         FDRE (Prop_fdre_C_Q)         0.141     0.551 r  sA_tempSig_reg[36]/Q
                         net (fo=2, routed)           0.087     0.638    sA_tempSig_reg_n_0_[36]
    SLICE_X34Y61         LUT3 (Prop_lut3_I2_O)        0.048     0.686 r  sB_sig[13]_i_1/O
                         net (fo=1, routed)           0.000     0.686    sB_sig[13]_i_1_n_0
    SLICE_X34Y61         FDRE                                         r  sB_sig_reg[13]/D
  -------------------------------------------------------------------    -------------------

                         (clock sys_clk rise edge)    0.000     0.000 r  <hidden>
                                                      0.000     0.000 r  clock
                         net (fo=195, unset)          0.432     0.432    clock
    SLICE_X34Y61         FDRE                                         r  sB_sig_reg[13]/C
                         clock pessimism              0.000     0.432    <hidden>
    SLICE_X34Y61         FDRE (Hold_fdre_C_D)         0.131     0.563    sB_sig_reg[13]
  -------------------------------------------------------------------
                         required time                         -0.563    <hidden>
                         arrival time                           0.686    <hidden>
  -------------------------------------------------------------------
                         slack                                  0.124    <hidden>

Slack (MET) :             0.128ns  (arrival time - required time)
  Source:                 sA_tempSig_reg[28]/C
                            (rising edge-triggered cell FDRE clocked by sys_clk  {rise@0.000ns fall@2.500ns period=5.000ns})
  Destination:            sB_sig_reg[5]/D
                            (rising edge-triggered cell FDRE clocked by sys_clk  {rise@0.000ns fall@2.500ns period=5.000ns})
  Path Group:             sys_clk
  Path Type:              Hold (Min at Fast Process Corner)
  Requirement:            0.000ns  (sys_clk rise@0.000ns - sys_clk rise@0.000ns)
  Data Path Delay:        0.280ns  (logic 0.189ns (67.475%)  route 0.091ns (32.525%))
  Logic Levels:           1  (LUT3=1)
  Clock Path Skew:        0.022ns (DCD - SCD - CPR)
    Destination Clock Delay (DCD):    0.432ns
    Source Clock Delay      (SCD):    0.410ns
    Clock Pessimism Removal (CPR):    -0.000ns

    Location             Delay type                Incr(ns)  Path(ns)    Netlist Resource(s)
  -------------------------------------------------------------------    -------------------
                         (clock sys_clk rise edge)    0.000     0.000 r  <hidden>
                                                      0.000     0.000 r  clock
                         net (fo=195, unset)          0.410     0.410    clock
    SLICE_X35Y59         FDRE                                         r  sA_tempSig_reg[28]/C
  -------------------------------------------------------------------    -------------------
    SLICE_X35Y59         FDRE (Prop_fdre_C_Q)         0.141     0.551 r  sA_tempSig_reg[28]/Q
                         net (fo=2, routed)           0.091     0.642    sA_tempSig_reg_n_0_[28]
    SLICE_X34Y59         LUT3 (Prop_lut3_I2_O)        0.048     0.690 r  sB_sig[5]_i_1/O
                         net (fo=1, routed)           0.000     0.690    sB_sig[5]_i_1_n_0
    SLICE_X34Y59         FDRE                                         r  sB_sig_reg[5]/D
  -------------------------------------------------------------------    -------------------

                         (clock sys_clk rise edge)    0.000     0.000 r  <hidden>
                                                      0.000     0.000 r  clock
                         net (fo=195, unset)          0.432     0.432    clock
    SLICE_X34Y59         FDRE                                         r  sB_sig_reg[5]/C
                         clock pessimism              0.000     0.432    <hidden>
    SLICE_X34Y59         FDRE (Hold_fdre_C_D)         0.131     0.563    sB_sig_reg[5]
  -------------------------------------------------------------------
                         required time                         -0.563    <hidden>
                         arrival time                           0.690    <hidden>
  -------------------------------------------------------------------
                         slack                                  0.128    <hidden>

Slack (MET) :             0.132ns  (arrival time - required time)
  Source:                 sA_tempSig_reg[36]/C
                            (rising edge-triggered cell FDRE clocked by sys_clk  {rise@0.000ns fall@2.500ns period=5.000ns})
  Destination:            sB_sig_reg[12]/D
                            (rising edge-triggered cell FDRE clocked by sys_clk  {rise@0.000ns fall@2.500ns period=5.000ns})
  Path Group:             sys_clk
  Path Type:              Hold (Min at Fast Process Corner)
  Requirement:            0.000ns  (sys_clk rise@0.000ns - sys_clk rise@0.000ns)
  Data Path Delay:        0.273ns  (logic 0.186ns (68.106%)  route 0.087ns (31.894%))
  Logic Levels:           1  (LUT3=1)
  Clock Path Skew:        0.022ns (DCD - SCD - CPR)
    Destination Clock Delay (DCD):    0.432ns
    Source Clock Delay      (SCD):    0.410ns
    Clock Pessimism Removal (CPR):    -0.000ns

    Location             Delay type                Incr(ns)  Path(ns)    Netlist Resource(s)
  -------------------------------------------------------------------    -------------------
                         (clock sys_clk rise edge)    0.000     0.000 r  <hidden>
                                                      0.000     0.000 r  clock
                         net (fo=195, unset)          0.410     0.410    clock
    SLICE_X35Y61         FDRE                                         r  sA_tempSig_reg[36]/C
  -------------------------------------------------------------------    -------------------
    SLICE_X35Y61         FDRE (Prop_fdre_C_Q)         0.141     0.551 r  sA_tempSig_reg[36]/Q
                         net (fo=2, routed)           0.087     0.638    sA_tempSig_reg_n_0_[36]
    SLICE_X34Y61         LUT3 (Prop_lut3_I0_O)        0.045     0.683 r  sB_sig[12]_i_1/O
                         net (fo=1, routed)           0.000     0.683    sB_sig[12]_i_1_n_0
    SLICE_X34Y61         FDRE                                         r  sB_sig_reg[12]/D
  -------------------------------------------------------------------    -------------------

                         (clock sys_clk rise edge)    0.000     0.000 r  <hidden>
                                                      0.000     0.000 r  clock
                         net (fo=195, unset)          0.432     0.432    clock
    SLICE_X34Y61         FDRE                                         r  sB_sig_reg[12]/C
                         clock pessimism              0.000     0.432    <hidden>
    SLICE_X34Y61         FDRE (Hold_fdre_C_D)         0.120     0.552    sB_sig_reg[12]
  -------------------------------------------------------------------
                         required time                         -0.552    <hidden>
                         arrival time                           0.683    <hidden>
  -------------------------------------------------------------------
                         slack                                  0.132    <hidden>

Slack (MET) :             0.135ns  (arrival time - required time)
  Source:                 sA_tempSig_reg[28]/C
                            (rising edge-triggered cell FDRE clocked by sys_clk  {rise@0.000ns fall@2.500ns period=5.000ns})
  Destination:            sB_sig_reg[4]/D
                            (rising edge-triggered cell FDRE clocked by sys_clk  {rise@0.000ns fall@2.500ns period=5.000ns})
  Path Group:             sys_clk
  Path Type:              Hold (Min at Fast Process Corner)
  Requirement:            0.000ns  (sys_clk rise@0.000ns - sys_clk rise@0.000ns)
  Data Path Delay:        0.277ns  (logic 0.186ns (67.123%)  route 0.091ns (32.877%))
  Logic Levels:           1  (LUT3=1)
  Clock Path Skew:        0.022ns (DCD - SCD - CPR)
    Destination Clock Delay (DCD):    0.432ns
    Source Clock Delay      (SCD):    0.410ns
    Clock Pessimism Removal (CPR):    -0.000ns

    Location             Delay type                Incr(ns)  Path(ns)    Netlist Resource(s)
  -------------------------------------------------------------------    -------------------
                         (clock sys_clk rise edge)    0.000     0.000 r  <hidden>
                                                      0.000     0.000 r  clock
                         net (fo=195, unset)          0.410     0.410    clock
    SLICE_X35Y59         FDRE                                         r  sA_tempSig_reg[28]/C
  -------------------------------------------------------------------    -------------------
    SLICE_X35Y59         FDRE (Prop_fdre_C_Q)         0.141     0.551 r  sA_tempSig_reg[28]/Q
                         net (fo=2, routed)           0.091     0.642    sA_tempSig_reg_n_0_[28]
    SLICE_X34Y59         LUT3 (Prop_lut3_I0_O)        0.045     0.687 r  sB_sig[4]_i_1/O
                         net (fo=1, routed)           0.000     0.687    sB_sig[4]_i_1_n_0
    SLICE_X34Y59         FDRE                                         r  sB_sig_reg[4]/D
  -------------------------------------------------------------------    -------------------

                         (clock sys_clk rise edge)    0.000     0.000 r  <hidden>
                                                      0.000     0.000 r  clock
                         net (fo=195, unset)          0.432     0.432    clock
    SLICE_X34Y59         FDRE                                         r  sB_sig_reg[4]/C
                         clock pessimism              0.000     0.432    <hidden>
    SLICE_X34Y59         FDRE (Hold_fdre_C_D)         0.121     0.553    sB_sig_reg[4]
  -------------------------------------------------------------------
                         required time                         -0.553    <hidden>
                         arrival time                           0.687    <hidden>
  -------------------------------------------------------------------
                         slack                                  0.135    <hidden>

Slack (MET) :             0.139ns  (arrival time - required time)
  Source:                 sA_tempSig_reg[31]/C
                            (rising edge-triggered cell FDRE clocked by sys_clk  {rise@0.000ns fall@2.500ns period=5.000ns})
  Destination:            sB_sig_reg[7]/D
                            (rising edge-triggered cell FDRE clocked by sys_clk  {rise@0.000ns fall@2.500ns period=5.000ns})
  Path Group:             sys_clk
  Path Type:              Hold (Min at Fast Process Corner)
  Requirement:            0.000ns  (sys_clk rise@0.000ns - sys_clk rise@0.000ns)
  Data Path Delay:        0.291ns  (logic 0.190ns (65.239%)  route 0.101ns (34.761%))
  Logic Levels:           1  (LUT3=1)
  Clock Path Skew:        0.022ns (DCD - SCD - CPR)
    Destination Clock Delay (DCD):    0.432ns
    Source Clock Delay      (SCD):    0.410ns
    Clock Pessimism Removal (CPR):    -0.000ns

    Location             Delay type                Incr(ns)  Path(ns)    Netlist Resource(s)
  -------------------------------------------------------------------    -------------------
                         (clock sys_clk rise edge)    0.000     0.000 r  <hidden>
                                                      0.000     0.000 r  clock
                         net (fo=195, unset)          0.410     0.410    clock
    SLICE_X35Y59         FDRE                                         r  sA_tempSig_reg[31]/C
  -------------------------------------------------------------------    -------------------
    SLICE_X35Y59         FDRE (Prop_fdre_C_Q)         0.141     0.551 r  sA_tempSig_reg[31]/Q
                         net (fo=2, routed)           0.101     0.652    sA_tempSig_reg_n_0_[31]
    SLICE_X34Y59         LUT3 (Prop_lut3_I0_O)        0.049     0.701 r  sB_sig[7]_i_1/O
                         net (fo=1, routed)           0.000     0.701    sB_sig[7]_i_1_n_0
    SLICE_X34Y59         FDRE                                         r  sB_sig_reg[7]/D
  -------------------------------------------------------------------    -------------------

                         (clock sys_clk rise edge)    0.000     0.000 r  <hidden>
                                                      0.000     0.000 r  clock
                         net (fo=195, unset)          0.432     0.432    clock
    SLICE_X34Y59         FDRE                                         r  sB_sig_reg[7]/C
                         clock pessimism              0.000     0.432    <hidden>
    SLICE_X34Y59         FDRE (Hold_fdre_C_D)         0.131     0.563    sB_sig_reg[7]
  -------------------------------------------------------------------
                         required time                         -0.563    <hidden>
                         arrival time                           0.701    <hidden>
  -------------------------------------------------------------------
                         slack                                  0.139    <hidden>

Slack (MET) :             0.144ns  (arrival time - required time)
  Source:                 sA_tempSig_reg[24]/C
                            (rising edge-triggered cell FDRE clocked by sys_clk  {rise@0.000ns fall@2.500ns period=5.000ns})
  Destination:            sB_sig_reg[1]/D
                            (rising edge-triggered cell FDRE clocked by sys_clk  {rise@0.000ns fall@2.500ns period=5.000ns})
  Path Group:             sys_clk
  Path Type:              Hold (Min at Fast Process Corner)
  Requirement:            0.000ns  (sys_clk rise@0.000ns - sys_clk rise@0.000ns)
  Data Path Delay:        0.285ns  (logic 0.186ns (65.194%)  route 0.099ns (34.806%))
  Logic Levels:           1  (LUT3=1)
  Clock Path Skew:        0.022ns (DCD - SCD - CPR)
    Destination Clock Delay (DCD):    0.432ns
    Source Clock Delay      (SCD):    0.410ns
    Clock Pessimism Removal (CPR):    -0.000ns

    Location             Delay type                Incr(ns)  Path(ns)    Netlist Resource(s)
  -------------------------------------------------------------------    -------------------
                         (clock sys_clk rise edge)    0.000     0.000 r  <hidden>
                                                      0.000     0.000 r  clock
                         net (fo=195, unset)          0.410     0.410    clock
    SLICE_X35Y58         FDRE                                         r  sA_tempSig_reg[24]/C
  -------------------------------------------------------------------    -------------------
    SLICE_X35Y58         FDRE (Prop_fdre_C_Q)         0.141     0.551 r  sA_tempSig_reg[24]/Q
                         net (fo=2, routed)           0.099     0.650    sA_tempSig_reg_n_0_[24]
    SLICE_X34Y58         LUT3 (Prop_lut3_I2_O)        0.045     0.695 r  sB_sig[1]_i_1/O
                         net (fo=1, routed)           0.000     0.695    sB_sig[1]_i_1_n_0
    SLICE_X34Y58         FDRE                                         r  sB_sig_reg[1]/D
  -------------------------------------------------------------------    -------------------

                         (clock sys_clk rise edge)    0.000     0.000 r  <hidden>
                                                      0.000     0.000 r  clock
                         net (fo=195, unset)          0.432     0.432    clock
    SLICE_X34Y58         FDRE                                         r  sB_sig_reg[1]/C
                         clock pessimism              0.000     0.432    <hidden>
    SLICE_X34Y58         FDRE (Hold_fdre_C_D)         0.120     0.552    sB_sig_reg[1]
  -------------------------------------------------------------------
                         required time                         -0.552    <hidden>
                         arrival time                           0.695    <hidden>
  -------------------------------------------------------------------
                         slack                                  0.144    <hidden>

Slack (MET) :             0.148ns  (arrival time - required time)
  Source:                 sA_isNaN_reg/C
                            (rising edge-triggered cell FDRE clocked by sys_clk  {rise@0.000ns fall@2.500ns period=5.000ns})
  Destination:            sB_isNaN_reg/D
                            (rising edge-triggered cell FDRE clocked by sys_clk  {rise@0.000ns fall@2.500ns period=5.000ns})
  Path Group:             sys_clk
  Path Type:              Hold (Min at Fast Process Corner)
  Requirement:            0.000ns  (sys_clk rise@0.000ns - sys_clk rise@0.000ns)
  Data Path Delay:        0.260ns  (logic 0.209ns (80.352%)  route 0.051ns (19.648%))
  Logic Levels:           1  (LUT3=1)
  Clock Path Skew:        0.022ns (DCD - SCD - CPR)
    Destination Clock Delay (DCD):    0.432ns
    Source Clock Delay      (SCD):    0.410ns
    Clock Pessimism Removal (CPR):    -0.000ns

    Location             Delay type                Incr(ns)  Path(ns)    Netlist Resource(s)
  -------------------------------------------------------------------    -------------------
                         (clock sys_clk rise edge)    0.000     0.000 r  <hidden>
                                                      0.000     0.000 r  clock
                         net (fo=195, unset)          0.410     0.410    clock
    SLICE_X30Y62         FDRE                                         r  sA_isNaN_reg/C
  -------------------------------------------------------------------    -------------------
    SLICE_X30Y62         FDRE (Prop_fdre_C_Q)         0.164     0.574 r  sA_isNaN_reg/Q
                         net (fo=1, routed)           0.051     0.625    sA_isNaN
    SLICE_X31Y62         LUT3 (Prop_lut3_I2_O)        0.045     0.670 r  sB_isNaN_i_1/O
                         net (fo=1, routed)           0.000     0.670    sB_isNaN0
    SLICE_X31Y62         FDRE                                         r  sB_isNaN_reg/D
  -------------------------------------------------------------------    -------------------

                         (clock sys_clk rise edge)    0.000     0.000 r  <hidden>
                                                      0.000     0.000 r  clock
                         net (fo=195, unset)          0.432     0.432    clock
    SLICE_X31Y62         FDRE                                         r  sB_isNaN_reg/C
                         clock pessimism              0.000     0.432    <hidden>
    SLICE_X31Y62         FDRE (Hold_fdre_C_D)         0.091     0.523    sB_isNaN_reg
  -------------------------------------------------------------------
                         required time                         -0.523    <hidden>
                         arrival time                           0.670    <hidden>
  -------------------------------------------------------------------
                         slack                                  0.148    <hidden>

Slack (MET) :             0.181ns  (arrival time - required time)
  Source:                 sA_tempExp_r_reg[7]/C
                            (rising edge-triggered cell FDRE clocked by sys_clk  {rise@0.000ns fall@2.500ns period=5.000ns})
  Destination:            sA_tempExp_reg[7]/D
                            (rising edge-triggered cell FDRE clocked by sys_clk  {rise@0.000ns fall@2.500ns period=5.000ns})
  Path Group:             sys_clk
  Path Type:              Hold (Min at Fast Process Corner)
  Requirement:            0.000ns  (sys_clk rise@0.000ns - sys_clk rise@0.000ns)
  Data Path Delay:        0.280ns  (logic 0.164ns (58.537%)  route 0.116ns (41.463%))
  Logic Levels:           0  
  Clock Path Skew:        0.022ns (DCD - SCD - CPR)
    Destination Clock Delay (DCD):    0.432ns
    Source Clock Delay      (SCD):    0.410ns
    Clock Pessimism Removal (CPR):    -0.000ns

    Location             Delay type                Incr(ns)  Path(ns)    Netlist Resource(s)
  -------------------------------------------------------------------    -------------------
                         (clock sys_clk rise edge)    0.000     0.000 r  <hidden>
                                                      0.000     0.000 r  clock
                         net (fo=195, unset)          0.410     0.410    clock
    SLICE_X30Y59         FDRE                                         r  sA_tempExp_r_reg[7]/C
  -------------------------------------------------------------------    -------------------
    SLICE_X30Y59         FDRE (Prop_fdre_C_Q)         0.164     0.574 r  sA_tempExp_r_reg[7]/Q
                         net (fo=1, routed)           0.116     0.690    sA_tempExp_r[7]
    SLICE_X31Y59         FDRE                                         r  sA_tempExp_reg[7]/D
  -------------------------------------------------------------------    -------------------

                         (clock sys_clk rise edge)    0.000     0.000 r  <hidden>
                                                      0.000     0.000 r  clock
                         net (fo=195, unset)          0.432     0.432    clock
    SLICE_X31Y59         FDRE                                         r  sA_tempExp_reg[7]/C
                         clock pessimism              0.000     0.432    <hidden>
    SLICE_X31Y59         FDRE (Hold_fdre_C_D)         0.078     0.510    sA_tempExp_reg[7]
  -------------------------------------------------------------------
                         required time                         -0.510    <hidden>
                         arrival time                           0.690    <hidden>
  -------------------------------------------------------------------
                         slack                                  0.181    <hidden>

Slack (MET) :             0.182ns  (arrival time - required time)
  Source:                 sA_tempSig_reg[30]/C
                            (rising edge-triggered cell FDRE clocked by sys_clk  {rise@0.000ns fall@2.500ns period=5.000ns})
  Destination:            sB_sig_reg[6]/D
                            (rising edge-triggered cell FDRE clocked by sys_clk  {rise@0.000ns fall@2.500ns period=5.000ns})
  Path Group:             sys_clk
  Path Type:              Hold (Min at Fast Process Corner)
  Requirement:            0.000ns  (sys_clk rise@0.000ns - sys_clk rise@0.000ns)
  Data Path Delay:        0.324ns  (logic 0.186ns (57.389%)  route 0.138ns (42.611%))
  Logic Levels:           1  (LUT3=1)
  Clock Path Skew:        0.022ns (DCD - SCD - CPR)
    Destination Clock Delay (DCD):    0.432ns
    Source Clock Delay      (SCD):    0.410ns
    Clock Pessimism Removal (CPR):    -0.000ns

    Location             Delay type                Incr(ns)  Path(ns)    Netlist Resource(s)
  -------------------------------------------------------------------    -------------------
                         (clock sys_clk rise edge)    0.000     0.000 r  <hidden>
                                                      0.000     0.000 r  clock
                         net (fo=195, unset)          0.410     0.410    clock
    SLICE_X35Y59         FDRE                                         r  sA_tempSig_reg[30]/C
  -------------------------------------------------------------------    -------------------
    SLICE_X35Y59         FDRE (Prop_fdre_C_Q)         0.141     0.551 r  sA_tempSig_reg[30]/Q
                         net (fo=2, routed)           0.138     0.689    sA_tempSig_reg_n_0_[30]
    SLICE_X34Y59         LUT3 (Prop_lut3_I0_O)        0.045     0.734 r  sB_sig[6]_i_1/O
                         net (fo=1, routed)           0.000     0.734    sB_sig[6]_i_1_n_0
    SLICE_X34Y59         FDRE                                         r  sB_sig_reg[6]/D
  -------------------------------------------------------------------    -------------------

                         (clock sys_clk rise edge)    0.000     0.000 r  <hidden>
                                                      0.000     0.000 r  clock
                         net (fo=195, unset)          0.432     0.432    clock
    SLICE_X34Y59         FDRE                                         r  sB_sig_reg[6]/C
                         clock pessimism              0.000     0.432    <hidden>
    SLICE_X34Y59         FDRE (Hold_fdre_C_D)         0.121     0.553    sB_sig_reg[6]
  -------------------------------------------------------------------
                         required time                         -0.553    <hidden>
                         arrival time                           0.734    <hidden>
  -------------------------------------------------------------------
                         slack                                  0.182    <hidden>

Slack (MET) :             0.187ns  (arrival time - required time)
  Source:                 sA_tempExp_r_reg[3]/C
                            (rising edge-triggered cell FDRE clocked by sys_clk  {rise@0.000ns fall@2.500ns period=5.000ns})
  Destination:            sA_tempExp_reg[3]/D
                            (rising edge-triggered cell FDRE clocked by sys_clk  {rise@0.000ns fall@2.500ns period=5.000ns})
  Path Group:             sys_clk
  Path Type:              Hold (Min at Fast Process Corner)
  Requirement:            0.000ns  (sys_clk rise@0.000ns - sys_clk rise@0.000ns)
  Data Path Delay:        0.280ns  (logic 0.164ns (58.537%)  route 0.116ns (41.463%))
  Logic Levels:           0  
  Clock Path Skew:        0.022ns (DCD - SCD - CPR)
    Destination Clock Delay (DCD):    0.432ns
    Source Clock Delay      (SCD):    0.410ns
    Clock Pessimism Removal (CPR):    -0.000ns

    Location             Delay type                Incr(ns)  Path(ns)    Netlist Resource(s)
  -------------------------------------------------------------------    -------------------
                         (clock sys_clk rise edge)    0.000     0.000 r  <hidden>
                                                      0.000     0.000 r  clock
                         net (fo=195, unset)          0.410     0.410    clock
    SLICE_X30Y58         FDRE                                         r  sA_tempExp_r_reg[3]/C
  -------------------------------------------------------------------    -------------------
    SLICE_X30Y58         FDRE (Prop_fdre_C_Q)         0.164     0.574 r  sA_tempExp_r_reg[3]/Q
                         net (fo=1, routed)           0.116     0.690    sA_tempExp_r[3]
    SLICE_X31Y58         FDRE                                         r  sA_tempExp_reg[3]/D
  -------------------------------------------------------------------    -------------------

                         (clock sys_clk rise edge)    0.000     0.000 r  <hidden>
                                                      0.000     0.000 r  clock
                         net (fo=195, unset)          0.432     0.432    clock
    SLICE_X31Y58         FDRE                                         r  sA_tempExp_reg[3]/C
                         clock pessimism              0.000     0.432    <hidden>
    SLICE_X31Y58         FDRE (Hold_fdre_C_D)         0.072     0.504    sA_tempExp_reg[3]
  -------------------------------------------------------------------
                         required time                         -0.504    <hidden>
                         arrival time                           0.690    <hidden>
  -------------------------------------------------------------------
                         slack                                  0.187    <hidden>





Pulse Width Checks
--------------------------------------------------------------------------------------
Clock Name:         sys_clk
Waveform(ns):       { 0.000 2.500 }
Period(ns):         5.000
Sources:            { clock }

Check Type        Corner  Lib Pin      Reference Pin  Required(ns)  Actual(ns)  Slack(ns)  Location      Pin
Min Period        n/a     DSP48E1/CLK  n/a            2.154         5.000       2.846      DSP48_X2Y24   sA_tempSig_r_reg/CLK
Min Period        n/a     FDRE/C       n/a            1.000         5.000       4.000      SLICE_X33Y57  outReg_reg[0]/C
Min Period        n/a     FDRE/C       n/a            1.000         5.000       4.000      SLICE_X33Y59  outReg_reg[10]/C
Min Period        n/a     FDRE/C       n/a            1.000         5.000       4.000      SLICE_X33Y59  outReg_reg[11]/C
Min Period        n/a     FDRE/C       n/a            1.000         5.000       4.000      SLICE_X33Y60  outReg_reg[12]/C
Min Period        n/a     FDRE/C       n/a            1.000         5.000       4.000      SLICE_X33Y60  outReg_reg[13]/C
Min Period        n/a     FDRE/C       n/a            1.000         5.000       4.000      SLICE_X33Y60  outReg_reg[14]/C
Min Period        n/a     FDRE/C       n/a            1.000         5.000       4.000      SLICE_X33Y60  outReg_reg[15]/C
Min Period        n/a     FDRE/C       n/a            1.000         5.000       4.000      SLICE_X33Y61  outReg_reg[16]/C
Min Period        n/a     FDRE/C       n/a            1.000         5.000       4.000      SLICE_X33Y61  outReg_reg[17]/C
Low Pulse Width   Slow    SRL16E/CLK   n/a            0.980         2.500       1.520      SLICE_X34Y65  sA_sign_reg_srl2/CLK
Low Pulse Width   Fast    SRL16E/CLK   n/a            0.980         2.500       1.520      SLICE_X34Y65  sA_sign_reg_srl2/CLK
Low Pulse Width   Slow    FDRE/C       n/a            0.500         2.500       2.000      SLICE_X33Y57  outReg_reg[0]/C
Low Pulse Width   Fast    FDRE/C       n/a            0.500         2.500       2.000      SLICE_X33Y57  outReg_reg[0]/C
Low Pulse Width   Slow    FDRE/C       n/a            0.500         2.500       2.000      SLICE_X33Y59  outReg_reg[10]/C
Low Pulse Width   Fast    FDRE/C       n/a            0.500         2.500       2.000      SLICE_X33Y59  outReg_reg[10]/C
Low Pulse Width   Slow    FDRE/C       n/a            0.500         2.500       2.000      SLICE_X33Y59  outReg_reg[11]/C
Low Pulse Width   Fast    FDRE/C       n/a            0.500         2.500       2.000      SLICE_X33Y59  outReg_reg[11]/C
Low Pulse Width   Slow    FDRE/C       n/a            0.500         2.500       2.000      SLICE_X33Y60  outReg_reg[12]/C
Low Pulse Width   Fast    FDRE/C       n/a            0.500         2.500       2.000      SLICE_X33Y60  outReg_reg[12]/C
High Pulse Width  Slow    SRL16E/CLK   n/a            0.980         2.500       1.520      SLICE_X34Y65  sA_sign_reg_srl2/CLK
High Pulse Width  Fast    SRL16E/CLK   n/a            0.980         2.500       1.520      SLICE_X34Y65  sA_sign_reg_srl2/CLK
High Pulse Width  Slow    FDRE/C       n/a            0.500         2.500       2.000      SLICE_X33Y57  outReg_reg[0]/C
High Pulse Width  Fast    FDRE/C       n/a            0.500         2.500       2.000      SLICE_X33Y57  outReg_reg[0]/C
High Pulse Width  Slow    FDRE/C       n/a            0.500         2.500       2.000      SLICE_X33Y59  outReg_reg[10]/C
High Pulse Width  Fast    FDRE/C       n/a            0.500         2.500       2.000      SLICE_X33Y59  outReg_reg[10]/C
High Pulse Width  Slow    FDRE/C       n/a            0.500         2.500       2.000      SLICE_X33Y59  outReg_reg[11]/C
High Pulse Width  Fast    FDRE/C       n/a            0.500         2.500       2.000      SLICE_X33Y59  outReg_reg[11]/C
High Pulse Width  Slow    FDRE/C       n/a            0.500         2.500       2.000      SLICE_X33Y60  outReg_reg[12]/C
High Pulse Width  Fast    FDRE/C       n/a            0.500         2.500       2.000      SLICE_X33Y60  outReg_reg[12]/C



